19:53:49.744 T:1937461264   DEBUG: CMMALRenderer::RenderUpdate - MMAL: clear:0 flags:0 alpha:255 source:0 omvb:0x59c34238 mmal:0x59cc9818 mflags:0 len:1451520 data:0x151c enc:I42S
2020-09-24
19:53:49.747 T:1395348352   DEBUG: CMMALPool::Configure pool:0x496510d0 1280x720 (1344x720) pix:-1 size:0 fmt:I42S
2020-09-24
19:53:49.747 T:1395348352   DEBUG: CAddonVideoCodec: GetPicture::VC_PICTURE with pts 7507499 1280x720 (1280x720) 1.777778 0x53a17000:1452864 offset:0,967680,968352, stride:1344,1344,1344
2020-09-24
19:53:49.761 T:1250947968   DEBUG: CMMALRenderer::Process - debug vsync:2732655 queue:1 fps:23.98/23.98/59.94 inc:0.400000 diff:-0.600000
2020-09-24
19:53:49.761 T:1937461264   DEBUG: CMMALRenderer::RenderUpdate - MMAL: clear:0 flags:0 alpha:255 source:0 omvb:0x59c34238 mmal:0x59cc9818 mflags:0 skipping
2020-09-24
19:53:49.777 T:1250947968   DEBUG: CMMALRenderer::Process - debug vsync:2732656 queue:1 fps:23.98/23.98/59.94 inc:0.400000 diff:-0.200000
2020-09-24
19:53:49.777 T:1937461264   DEBUG: CMMALRenderer::RenderUpdate - MMAL: clear:0 flags:0 alpha:255 source:0 omvb:0x59c34238 mmal:0x59cc9818 mflags:0 skipping
2020-09-24
19:53:49.781 T:1395348352   DEBUG: CMMALPool::Configure pool:0x496510d0 1280x720 (1344x720) pix:-1 size:0 fmt:I42S
2020-09-24
19:53:49.781 T:1395348352   DEBUG: CAddonVideoCodec: GetPicture::VC_PICTURE with pts 7549208 1280x720 (1280x720) 1.777778 0x4bf96000:1452864 offset:0,967680,968352, stride:1344,1344,1344
2020-09-24
19:53:49.794 T:1250947968   DEBUG: CMMALRenderer::Process - debug vsync:2732657 queue:1 fps:23.98/23.98/59.94 inc:0.400000 diff:0.200000
2020-09-24
19:53:49.794 T:1250947968   DEBUG: CMMALRenderer::Process - omvb:0x59c34238 mmal:0x59cc9818 vsync:2732657 queue:0 diff:-0.800000
2020-09-24
19:53:49.796 T:1937461264   DEBUG: CMMALRenderer::Update
2020-09-24
19:53:49.800 T:1937461264   DEBUG: CMMALRenderer::RenderUpdate - MMAL: clear:0 flags:0 alpha:255 source:1 omvb:0x59fdd288 mmal:0x59cc99f0 mflags:0 len:1451520 data:0x151d enc:I42S
2020-09-24
19:53:49.810 T:1250947968   DEBUG: CMMALRenderer::Process - debug vsync:2732658 queue:1 fps:23.98/23.98/59.94 inc:0.400000 diff:-0.400000
2020-09-24
19:53:49.811 T:1937461264   DEBUG: CMMALRenderer::RenderUpdate - MMAL: clear:0 flags:0 alpha:255 source:1 omvb:0x59fdd288 mmal:0x59cc99f0 mflags:0 skipping
2020-09-24
19:53:49.827 T:1250947968   DEBUG: CMMALRenderer::Process - debug vsync:2732659 queue:1 fps:23.98/23.98/59.94 inc:0.400000 diff:0.000000
2020-09-24
19:53:49.827 T:1250947968   DEBUG: CMMALRenderer::Process - omvb:0x59fdd288 mmal:0x59cc99f0 vsync:2732659 queue:0 diff:-1.000000
2020-09-24
19:53:49.827 T:1937461264   DEBUG: CMMALRenderer::RenderUpdate - MMAL: clear:0 flags:0 alpha:255 source:2 omvb:0x59f6d630 mmal:0x59cc9bc8 mflags:0 len:1451520 data:0xe3a enc:I42S
2020-09-24
19:53:49.831 T:1395348352   DEBUG: CMMALPool::Configure pool:0x496510d0 1280x720 (1344x720) pix:-1 size:0 fmt:I42S
2020-09-24
19:53:49.832 T:1395348352   DEBUG: CAddonVideoCodec: GetPicture::VC_PICTURE with pts 7590916 1280x720 (1280x720) 1.777778 0x4be33000:1452864 offset:0,967680,968352, stride:1344,1344,1344
2020-09-24
19:53:49.844 T:1250947968   DEBUG: CMMALRenderer::Process - debug vsync:2732660 queue:1 fps:23.98/23.98/59.94 inc:0.400000 diff:-0.600000
2020-09-24
19:53:49.844 T:1937461264   DEBUG: CMMALRenderer::RenderUpdate - MMAL: clear:0 flags:0 alpha:255 source:2 omvb:0x59f6d630 mmal:0x59cc9bc8 mflags:0 skipping
2020-09-24
19:53:49.848 T:1395348352   DEBUG: CMMALPool::Configure pool:0x496510d0 1280x720 (1344x720) pix:-1 size:0 fmt:I42S
2020-09-24
19:53:49.848 T:1395348352   DEBUG: CAddonVideoCodec: GetPicture::VC_PICTURE with pts 7632624 1280x720 (1280x720) 1.777778 0x4b89d000:1452864 offset:0,967680,968352, stride:1344,1344,1344
2020-09-24
19:53:49.860 T:1250947968   DEBUG: CMMALRenderer::Process - debug vsync:2732661 queue:1 fps:23.98/23.98/59.94 inc:0.400000 diff:-0.200000
2020-09-24
19:53:49.861 T:1937461264   DEBUG: CMMALRenderer::RenderUpdate - MMAL: clear:0 flags:0 alpha:255 source:2 omvb:0x59f6d630 mmal:0x59cc9bc8 mflags:0 skipping
2020-09-24
19:53:49.877 T:1250947968   DEBUG: CMMALRenderer::Process - debug vsync:2732662 queue:1 fps:23.98/23.98/59.94 inc:0.400000 diff:0.200000
2020-09-24
19:53:49.877 T:1250947968   DEBUG: CMMALRenderer::Process - omvb:0x59f6d630 mmal:0x59cc9bc8 vsync:2732662 queue:0 diff:-0.800000
2020-09-24
19:53:49.877 T:1937461264   DEBUG: CMMALRenderer::RenderUpdate - MMAL: clear:0 flags:0 alpha:255 source:3 omvb:0x496fd0e8 mmal:0x59cc9da0 mflags:0 len:1451520 data:0x11a9 enc:I42S
2020-09-24
19:53:49.894 T:1250947968   DEBUG: CMMALRenderer::Process - debug vsync:2732663 queue:1 fps:23.98/23.98/59.94 inc:0.400000 diff:-0.400000
2020-09-24
19:53:49.894 T:1937461264   DEBUG: CMMALRenderer::RenderUpdate - MMAL: clear:0 flags:0 alpha:255 source:3 omvb:0x496fd0e8 mmal:0x59cc9da0 mflags:0 skipping
2020-09-24
19:53:49.899 T:1395348352   DEBUG: CMMALPool::Configure pool:0x496510d0 1280x720 (1344x720) pix:-1 size:0 fmt:I42S
2020-09-24
19:53:49.899 T:1395348352   DEBUG: CAddonVideoCodec: GetPicture::VC_PICTURE with pts 7674333 1280x720 (1280x720) 1.777778 0x4b73a000:1452864 offset:0,967680,968352, stride:1344,1344,1344
2020-09-24
19:53:49.911 T:1250947968   DEBUG: CMMALRenderer::Process - debug vsync:2732664 queue:1 fps:23.98/23.98/59.94 inc:0.400000 diff:0.000000
2020-09-24
19:53:49.912 T:1250947968   DEBUG: CMMALRenderer::Process - omvb:0x496fd0e8 mmal:0x59cc9da0 vsync:2732664 queue:0 diff:-1.000000
2020-09-24
19:53:49.915 T:1937461264   DEBUG: CMMALRenderer::Update
2020-09-24
19:53:49.920 T:1937461264   DEBUG: CMMALRenderer::RenderUpdate - MMAL: clear:0 flags:0 alpha:255 source:4 omvb:0x4965d7e8 mmal:0x59cc9f78 mflags:0 len:1451520 data:0x6e1 enc:I42S
2020-09-24
19:53:49.927 T:1250947968   DEBUG: CMMALRenderer::Process - debug vsync:2732665 queue:1 fps:23.98/23.98/59.94 inc:0.400000 diff:-0.600000
2020-09-24
19:53:49.928 T:1937461264   DEBUG: CMMALRenderer::RenderUpdate - MMAL: clear:0 flags:0 alpha:255 source:4 omvb:0x4965d7e8 mmal:0x59cc9f78 mflags:0 skipping
2020-09-24
19:53:49.934 T:1395348352   DEBUG: CMMALPool::Configure pool:0x496510d0 1280x720 (1344x720) pix:-1 size:0 fmt:I42S
2020-09-24
19:53:49.934 T:1395348352   DEBUG: CAddonVideoCodec: GetPicture::VC_PICTURE with pts 7716041 1280x720 (1280x720) 1.777778 0x4b5d7000:1452864 offset:0,967680,968352, stride:1344,1344,1344
2020-09-24
19:53:49.944 T:1250947968   DEBUG: CMMALRenderer::Process - debug vsync:2732666 queue:1 fps:23.98/23.98/59.94 inc:0.400000 diff:-0.200000
2020-09-24
19:53:49.944 T:1937461264   DEBUG: CMMALRenderer::RenderUpdate - MMAL: clear:0 flags:0 alpha:255 source:4 omvb:0x4965d7e8 mmal:0x59cc9f78 mflags:0 skipping
2020-09-24
19:53:49.961 T:1250947968   DEBUG: CMMALRenderer::Process - debug vsync:2732667 queue:1 fps:23.98/23.98/59.94 inc:0.400000 diff:0.200000
2020-09-24
19:53:49.961 T:1250947968   DEBUG: CMMALRenderer::Process - omvb:0x4965d7e8 mmal:0x59cc9f78 vsync:2732667 queue:0 diff:-0.800000
2020-09-24
19:53:49.961 T:1937461264   DEBUG: CMMALRenderer::RenderUpdate - MMAL: clear:0 flags:0 alpha:255 source:5 omvb:0x5a750630 mmal:0x59cca150 mflags:0 len:1451520 data:0xd07 enc:I42S
2020-09-24
19:53:49.977 T:1250947968   DEBUG: CMMALRenderer::Process - debug vsync:2732668 queue:1 fps:23.98/23.98/59.94 inc:0.400000 diff:-0.400000
2020-09-24
19:53:49.978 T:1937461264   DEBUG: CMMALRenderer::RenderUpdate - MMAL: clear:0 flags:0 alpha:255 source:5 omvb:0x5a750630 mmal:0x59cca150 mflags:0 skipping
2020-09-24
19:53:49.987 T:1395348352   DEBUG: CMMALPool::Configure pool:0x496510d0 1280x720 (1344x720) pix:-1 size:0 fmt:I42S
2020-09-24
19:53:49.987 T:1395348352   DEBUG: CAddonVideoCodec: GetPicture::VC_PICTURE with pts 7757749 1280x720 (1280x720) 1.777778 0x4b474000:1452864 offset:0,967680,968352, stride:1344,1344,1344
2020-09-24
19:53:49.994 T:1250947968   DEBUG: CMMALRenderer::Process - debug vsync:2732669 queue:1 fps:23.98/23.98/59.94 inc:0.400000 diff:0.000000
2020-09-24
19:53:49.994 T:1250947968   DEBUG: CMMALRenderer::Process - omvb:0x5a750630 mmal:0x59cca150 vsync:2732669 queue:0 diff:-1.000000
2020-09-24
19:53:49.995 T:1937461264   DEBUG: CMMALRenderer::RenderUpdate - MMAL: clear:0 flags:0 alpha:255 source:0 omvb:0x59f77f10 mmal:0x59cca328 mflags:0 len:1451520 data:0x10ed enc:I42S
2020-09-24
19:53:50.011 T:1250947968   DEBUG: CMMALRenderer::Process - debug vsync:2732670 queue:1 fps:23.98/23.98/59.94 inc:0.400000 diff:-0.600000
2020-09-24
19:53:50.011 T:1937461264   DEBUG: CMMALRenderer::RenderUpdate - MMAL: clear:0 flags:0 alpha:255 source:0 omvb:0x59f77f10 mmal:0x59cca328 mflags:0 skipping
2020-09-24
19:53:50.015 T:1319814016   DEBUG: CurlFile::ParseAndCorrectUrl() adding custom header option 'Range: bytes=335569-368377'
2020-09-24
19:53:50.015 T:1319814016   DEBUG: CurlFile::ParseAndCorrectUrl() adding custom header option 'connection: keep-alive'
2020-09-24
19:53:50.016 T:1319814016   DEBUG: CurlFile::Open(0x49628640) https://ipv4-c001-pmi001-conectabalear-isp.1.oca.nflxvideo.net/?o=AQMl7uxkT_CKXzx825KECO9vMFQMxsIu1ZjjtPOhXUsbofG-o3s0DUiTwS54yrxg0dUCzmP7duoO4hLYhhq3fwbb3V1R40D42vkKd-YMeFA5RiCtcGT0rWoosBC8o69sdW-Tu9fRJzO-yQRxvqiilF__sg8usDnG0zFE3g&v=5&e=1601010902&t=dNbMj-dXfvL9S_eDTO7hsb5lpYM
2020-09-24
19:53:50.016 T:1395348352   DEBUG: CMMALPool::Configure pool:0x496510d0 1280x720 (1344x720) pix:-1 size:0 fmt:I42S
2020-09-24
19:53:50.016 T:1395348352   DEBUG: CAddonVideoCodec: GetPicture::VC_PICTURE with pts 7799458 1280x720 (1280x720) 1.777778 0x4b311000:1452864 offset:0,967680,968352, stride:1344,1344,1344
2020-09-24
19:53:50.025 T:1319814016   DEBUG: AddOnLog: InputStream Adaptive: Download https://ipv4-c001-pmi001-conectabalear-isp.1.oca.nflxvideo.net/?o=AQMl7uxkT_CKXzx825KECO9vMFQMxsIu1ZjjtPOhXUsbofG-o3s0DUiTwS54yrxg0dUCzmP7duoO4hLYhhq3fwbb3V1R40D42vkKd-YMeFA5RiCtcGT0rWoosBC8o69sdW-Tu9fRJzO-yQRxvqiilF__sg8usDnG0zFE3g&v=5&e=1601010902&t=dNbMj-dXfvL9S_eDTO7hsb5lpYM finished, avg speed: 5058265.23byte/s, current speed: 4101125.00byte/s
2020-09-24
19:53:50.027 T:1250947968   DEBUG: CMMALRenderer::Process - debug vsync:2732671 queue:1 fps:23.98/23.98/59.94 inc:0.400000 diff:-0.200000
2020-09-24
19:53:50.030 T:1937461264   DEBUG: CMMALRenderer::Update
2020-09-24
19:53:50.034 T:1937461264   DEBUG: CMMALRenderer::RenderUpdate - MMAL: clear:0 flags:0 alpha:255 source:0 omvb:0x59f77f10 mmal:0x59cca328 mflags:0 skipping
2020-09-24
19:53:50.044 T:1250947968   DEBUG: CMMALRenderer::Process - debug vsync:2732672 queue:1 fps:23.98/23.98/59.94 inc:0.400000 diff:0.200000
2020-09-24
19:53:50.044 T:1250947968   DEBUG: CMMALRenderer::Process - omvb:0x59f77f10 mmal:0x59cca328 vsync:2732672 queue:0 diff:-0.800000
2020-09-24
19:53:50.044 T:1937461264   DEBUG: CMMALRenderer::RenderUpdate - MMAL: clear:0 flags:0 alpha:255 source:1 omvb:0x59f137a0 mmal:0x59cca500 mflags:0 len:1451520 data:0xd3a enc:I42S
2020-09-24
19:53:50.060 T:1250947968   DEBUG: CMMALRenderer::Process - debug vsync:2732673 queue:1 fps:23.98/23.98/59.94 inc:0.400000 diff:-0.400000
2020-09-24
19:53:50.061 T:1937461264   DEBUG: CMMALRenderer::RenderUpdate - MMAL: clear:0 flags:0 alpha:255 source:1 omvb:0x59f137a0 mmal:0x59cca500 mflags:0 skipping
2020-09-24
19:53:50.064 T:1395348352   DEBUG: CMMALPool::Configure pool:0x496510d0 1280x720 (1344x720) pix:-1 size:0 fmt:I42S
2020-09-24
19:53:50.064 T:1395348352   DEBUG: CAddonVideoCodec: GetPicture::VC_PICTURE with pts 7841166 1280x720 (1280x720) 1.777778 0x4b1ae000:1452864 offset:0,967680,968352, stride:1344,1344,1344
2020-09-24
19:53:50.077 T:1250947968   DEBUG: CMMALRenderer::Process - debug vsync:2732674 queue:1 fps:23.98/23.98/59.94 inc:0.400000 diff:0.000000
2020-09-24
19:53:50.077 T:1250947968   DEBUG: CMMALRenderer::Process - omvb:0x59f137a0 mmal:0x59cca500 vsync:2732674 queue:0 diff:-1.000000
2020-09-24
19:53:50.078 T:1937461264   DEBUG: CMMALRenderer::RenderUpdate - MMAL: clear:0 flags:0 alpha:255 source:2 omvb:0x4964de50 mmal:0x59cca6d8 mflags:0 len:1451520 data:0x10e6 enc:I42S
2020-09-24
19:53:50.094 T:1250947968   DEBUG: CMMALRenderer::Process - debug vsync:2732675 queue:1 fps:23.98/23.98/59.94 inc:0.400000 diff:-0.600000
2020-09-24
19:53:50.094 T:1937461264   DEBUG: CMMALRenderer::RenderUpdate - MMAL: clear:0 flags:0 alpha:255 source:2 omvb:0x4964de50 mmal:0x59cca6d8 mflags:0 skipping
2020-09-24
19:53:50.098 T:1395348352   DEBUG: CMMALPool::Configure pool:0x496510d0 1280x720 (1344x720) pix:-1 size:0 fmt:I42S
2020-09-24
19:53:50.098 T:1395348352   DEBUG: CAddonVideoCodec: GetPicture::VC_PICTURE with pts 7882875 1280x720 (1280x720) 1.777778 0x4b04b000:1452864 offset:0,967680,968352, stride:1344,1344,1344
2020-09-24
19:53:50.111 T:1250947968   DEBUG: CMMALRenderer::Process - debug vsync:2732676 queue:1 fps:23.98/23.98/59.94 inc:0.400000 diff:-0.200000
2020-09-24
19:53:50.111 T:1937461264   DEBUG: CMMALRenderer::RenderUpdate - MMAL: clear:0 flags:0 alpha:255 source:2 omvb:0x4964de50 mmal:0x59cca6d8 mflags:0 skipping
2020-09-24
19:53:50.127 T:1250947968   DEBUG: CMMALRenderer::Process - debug vsync:2732677 queue:1 fps:23.98/23.98/59.94 inc:0.400000 diff:0.200000
2020-09-24
19:53:50.127 T:1250947968   DEBUG: CMMALRenderer::Process - omvb:0x4964de50 mmal:0x59cca6d8 vsync:2732677 queue:0 diff:-0.800000
2020-09-24
19:53:50.128 T:1937461264   DEBUG: CMMALRenderer::RenderUpdate - MMAL: clear:0 flags:0 alpha:255 source:3 omvb:0x55e5e280 mmal:0x59cc78c0 mflags:0 len:1451520 data:0xc34 enc:I42S
2020-09-24
19:53:50.144 T:1250947968   DEBUG: CMMALRenderer::Process - debug vsync:2732678 queue:1 fps:23.98/23.98/59.94 inc:0.400000 diff:-0.400000
2020-09-24
19:53:50.146 T:1937461264   DEBUG: CMMALRenderer::Update
2020-09-24
19:53:50.152 T:1937461264   DEBUG: CMMALRenderer::RenderUpdate - MMAL: clear:0 flags:0 alpha:255 source:3 omvb:0x55e5e280 mmal:0x59cc78c0 mflags:0 skipping
2020-09-24
19:53:50.154 T:1395348352   DEBUG: CMMALPool::Configure pool:0x496510d0 1280x720 (1344x720) pix:-1 size:0 fmt:I42S
2020-09-24
19:53:50.155 T:1395348352   DEBUG: CAddonVideoCodec: GetPicture::VC_PICTURE with pts 7924583 1280x720 (1280x720) 1.777778 0x4aad7000:1452864 offset:0,967680,968352, stride:1344,1344,1344
2020-09-24
19:53:50.161 T:1250947968   DEBUG: CMMALRenderer::Process - debug vsync:2732679 queue:1 fps:23.98/23.98/59.94 inc:0.400000 diff:0.000000
2020-09-24
19:53:50.161 T:1250947968   DEBUG: CMMALRenderer::Process - omvb:0x55e5e280 mmal:0x59cc78c0 vsync:2732679 queue:0 diff:-1.000000
2020-09-24
19:53:50.161 T:1937461264   DEBUG: CMMALRenderer::RenderUpdate - MMAL: clear:0 flags:0 alpha:255 source:4 omvb:0x710ba120 mmal:0x59cc7a98 mflags:0 len:1451520 data:0x1515 enc:I42S
2020-09-24
19:53:50.177 T:1250947968   DEBUG: CMMALRenderer::Process - debug vsync:2732680 queue:1 fps:23.98/23.98/59.94 inc:0.400000 diff:-0.600000
2020-09-24
19:53:50.178 T:1937461264   DEBUG: CMMALRenderer::RenderUpdate - MMAL: clear:0 flags:0 alpha:255 source:4 omvb:0x710ba120 mmal:0x59cc7a98 mflags:0 skipping
2020-09-24
19:53:50.181 T:1395348352   DEBUG: CMMALPool::Configure pool:0x496510d0 1280x720 (1344x720) pix:-1 size:0 fmt:I42S
2020-09-24
19:53:50.181 T:1395348352   DEBUG: CAddonVideoCodec: GetPicture::VC_PICTURE with pts 7966291 1280x720 (1280x720) 1.777778 0x4ad9d000:1452864 offset:0,967680,968352, stride:1344,1344,1344
2020-09-24
19:53:50.194 T:1250947968   DEBUG: CMMALRenderer::Process - debug vsync:2732681 queue:1 fps:23.98/23.98/59.94 inc:0.400000 diff:-0.200000
2020-09-24
19:53:50.194 T:1937461264   DEBUG: CMMALRenderer::RenderUpdate - MMAL: clear:0 flags:0 alpha:255 source:4 omvb:0x710ba120 mmal:0x59cc7a98 mflags:0 skipping
2020-09-24
19:53:50.211 T:1250947968   DEBUG: CMMALRenderer::Process - debug vsync:2732682 queue:1 fps:23.98/23.98/59.94 inc:0.400000 diff:0.200000
2020-09-24
19:53:50.211 T:1250947968   DEBUG: CMMALRenderer::Process - omvb:0x710ba120 mmal:0x59cc7a98 vsync:2732682 queue:0 diff:-0.800000
2020-09-24
19:53:50.211 T:1937461264   DEBUG: CMMALRenderer::RenderUpdate - MMAL: clear:0 flags:0 alpha:255 source:5 omvb:0x59f00b20 mmal:0x59cc7c70 mflags:0 len:1451520 data:0xd16 enc:I42S
2020-09-24
19:53:50.227 T:1250947968   DEBUG: CMMALRenderer::Process - debug vsync:2732683 queue:1 fps:23.98/23.98/59.94 inc:0.400000 diff:-0.400000
2020-09-24
19:53:50.228 T:1937461264   DEBUG: CMMALRenderer::RenderUpdate - MMAL: clear:0 flags:0 alpha:255 source:5 omvb:0x59f00b20 mmal:0x59cc7c70 mflags:0 skipping
2020-09-24
19:53:50.236 T:1395348352   DEBUG: CMMALPool::Configure pool:0x496510d0 1280x720 (1344x720) pix:-1 size:0 fmt:I42S
2020-09-24
19:53:50.236 T:1395348352   DEBUG: CAddonVideoCodec: GetPicture::VC_PICTURE with pts 8008000 1280x720 (1280x720) 1.777778 0x4ac3a000:1452864 offset:0,967680,968352, stride:1344,1344,1344
2020-09-24
19:53:50.244 T:1250947968   DEBUG: CMMALRenderer::Process - debug vsync:2732684 queue:1 fps:23.98/23.98/59.94 inc:0.400000 diff:0.000000
2020-09-24
19:53:50.244 T:1250947968   DEBUG: CMMALRenderer::Process - omvb:0x59f00b20 mmal:0x59cc7c70 vsync:2732684 queue:0 diff:-1.000000
2020-09-24
19:53:50.244 T:1937461264   DEBUG: CMMALRenderer::RenderUpdate - MMAL: clear:0 flags:0 alpha:255 source:0 omvb:0x59c34480 mmal:0x59cc7e48 mflags:0 len:1451520 data:0xcf2 enc:I42S
2020-09-24
19:53:50.261 T:1250947968   DEBUG: CMMALRenderer::Process - debug vsync:2732685 queue:1 fps:23.98/23.98/59.94 inc:0.400000 diff:-0.600000
2020-09-24
19:53:50.263 T:1937461264   DEBUG: CMMALRenderer::Update
2020-09-24
19:53:50.267 T:1395348352   DEBUG: CMMALPool::Configure pool:0x496510d0 1280x720 (1344x720) pix:-1 size:0 fmt:I42S
2020-09-24
19:53:50.267 T:1395348352   DEBUG: CAddonVideoCodec: GetPicture::VC_PICTURE with pts 8049708 1280x720 (1280x720) 1.777778 0x53a17000:1452864 offset:0,967680,968352, stride:1344,1344,1344
2020-09-24
19:53:50.268 T:1937461264   DEBUG: CMMALRenderer::RenderUpdate - MMAL: clear:0 flags:0 alpha:255 source:0 omvb:0x59c34480 mmal:0x59cc7e48 mflags:0 skipping
2020-09-24
19:53:50.277 T:1250947968   DEBUG: CMMALRenderer::Process - debug vsync:2732686 queue:1 fps:23.98/23.98/59.94 inc:0.400000 diff:-0.200000
2020-09-24
19:53:50.278 T:1937461264   DEBUG: CMMALRenderer::RenderUpdate - MMAL: clear:0 flags:0 alpha:255 source:0 omvb:0x59c34480 mmal:0x59cc7e48 mflags:0 skipping
2020-09-24
19:53:50.294 T:1250947968   DEBUG: CMMALRenderer::Process - debug vsync:2732687 queue:1 fps:23.98/23.98/59.94 inc:0.400000 diff:0.200000
2020-09-24
19:53:50.294 T:1250947968   DEBUG: CMMALRenderer::Process - omvb:0x59c34480 mmal:0x59cc7e48 vsync:2732687 queue:0 diff:-0.800000
2020-09-24
19:53:50.294 T:1937461264   DEBUG: CMMALRenderer::RenderUpdate - MMAL: clear:0 flags:0 alpha:255 source:1 omvb:0x59c34238 mmal:0x59cc8020 mflags:0 len:1451520 data:0x151c enc:I42S
2020-09-24
19:53:50.311 T:1250947968   DEBUG: CMMALRenderer::Process - debug vsync:2732688 queue:1 fps:23.98/23.98/59.94 inc:0.400000 diff:-0.400000
2020-09-24
19:53:50.311 T:1937461264   DEBUG: CMMALRenderer::RenderUpdate - MMAL: clear:0 flags:0 alpha:255 source:1 omvb:0x59c34238 mmal:0x59cc8020 mflags:0 skipping
2020-09-24
19:53:50.315 T:1395348352   DEBUG: CMMALPool::Configure pool:0x496510d0 1280x720 (1344x720) pix:-1 size:0 fmt:I42S
2020-09-24
19:53:50.315 T:1395348352   DEBUG: CAddonVideoCodec: GetPicture::VC_PICTURE with pts 8091416 1280x720 (1280x720) 1.777778 0x4bf96000:1452864 offset:0,967680,968352, stride:1344,1344,1344
2020-09-24
19:53:50.327 T:1250947968   DEBUG: CMMALRenderer::Process - debug vsync:2732689 queue:1 fps:23.98/23.98/59.94 inc:0.400000 diff:0.000000
2020-09-24
19:53:50.328 T:1250947968   DEBUG: CMMALRenderer::Process - omvb:0x59c34238 mmal:0x59cc8020 vsync:2732689 queue:0 diff:-1.000000
2020-09-24
19:53:50.328 T:1937461264   DEBUG: CMMALRenderer::RenderUpdate - MMAL: clear:0 flags:0 alpha:255 source:2 omvb:0x59fdd288 mmal:0x59cc81f8 mflags:0 len:1451520 data:0x151d enc:I42S
2020-09-24
19:53:50.344 T:1250947968   DEBUG: CMMALRenderer::Process - debug vsync:2732690 queue:1 fps:23.98/23.98/59.94 inc:0.400000 diff:-0.600000
2020-09-24
19:53:50.344 T:1937461264   DEBUG: CMMALRenderer::RenderUpdate - MMAL: clear:0 flags:0 alpha:255 source:2 omvb:0x59fdd288 mmal:0x59cc81f8 mflags:0 skipping
2020-09-24
19:53:50.361 T:1250947968   DEBUG: CMMALRenderer::Process - debug vsync:2732691 queue:1 fps:23.98/23.98/59.94 inc:0.400000 diff:-0.200000
2020-09-24
19:53:50.361 T:1937461264   DEBUG: CMMALRenderer::RenderUpdate - MMAL: clear:0 flags:0 alpha:255 source:2 omvb:0x59fdd288 mmal:0x59cc81f8 mflags:0 skipping
2020-09-24
19:53:50.367 T:1395348352   DEBUG: CMMALPool::Configure pool:0x496510d0 1280x720 (1344x720) pix:-1 size:0 fmt:I42S
2020-09-24
19:53:50.367 T:1395348352   DEBUG: CAddonVideoCodec: GetPicture::VC_PICTURE with pts 8133125 1280x720 (1280x720) 1.777778 0x4be33000:1452864 offset:0,967680,968352, stride:1344,1344,1344
2020-09-24
19:53:50.377 T:1250947968   DEBUG: CMMALRenderer::Process - debug vsync:2732692 queue:1 fps:23.98/23.98/59.94 inc:0.400000 diff:0.200000
2020-09-24
19:53:50.378 T:1250947968   DEBUG: CMMALRenderer::Process - omvb:0x59fdd288 mmal:0x59cc81f8 vsync:2732692 queue:0 diff:-0.800000
2020-09-24
19:53:50.379 T:1937461264   DEBUG: CMMALRenderer::Update
2020-09-24
19:53:50.384 T:1937461264   DEBUG: CMMALRenderer::RenderUpdate - MMAL: clear:0 flags:0 alpha:255 source:3 omvb:0x59f6d630 mmal:0x59cc83d0 mflags:0 len:1451520 data:0xe3a enc:I42S
2020-09-24
19:53:50.394 T:1250947968   DEBUG: CMMALRenderer::Process - debug vsync:2732693 queue:1 fps:23.98/23.98/59.94 inc:0.400000 diff:-0.400000
2020-09-24
19:53:50.394 T:1937461264   DEBUG: CMMALRenderer::RenderUpdate - MMAL: clear:0 flags:0 alpha:255 source:3 omvb:0x59f6d630 mmal:0x59cc83d0 mflags:0 skipping
2020-09-24
19:53:50.396 T:1927279488   DEBUG: CLibInputPointer::ProcessMotionAbsolute - event.type: 3, event.motion.x: 185, event.motion.y: 748
2020-09-24
19:53:50.406 T:1927279488   DEBUG: CLibInputPointer::ProcessMotionAbsolute - event.type: 3, event.motion.x: 189, event.motion.y: 744
2020-09-24
19:53:50.411 T:1250947968   DEBUG: CMMALRenderer::Process - debug vsync:2732694 queue:1 fps:23.98/23.98/59.94 inc:0.400000 diff:0.000000
2020-09-24
19:53:50.411 T:1250947968   DEBUG: CMMALRenderer::Process - omvb:0x59f6d630 mmal:0x59cc83d0 vsync:2732694 queue:0 diff:-1.000000
2020-09-24
19:53:50.411 T:1937461264   DEBUG: CMMALRenderer::RenderUpdate - MMAL: clear:0 flags:0 alpha:255 source:4 omvb:0x496fd0e8 mmal:0x59cc85a8 mflags:0 len:1451520 data:0x11a9 enc:I42S
2020-09-24
19:53:50.417 T:1927279488   DEBUG: CLibInputPointer::ProcessMotionAbsolute - event.type: 3, event.motion.x: 192, event.motion.y: 739
2020-09-24
19:53:50.418 T:1395348352   DEBUG: CMMALPool::Configure pool:0x496510d0 1280x720 (1344x720) pix:-1 size:0 fmt:I42S
2020-09-24
19:53:50.418 T:1395348352   DEBUG: CAddonVideoCodec: GetPicture::VC_PICTURE with pts 8174833 1280x720 (1280x720) 1.777778 0x4b89d000:1452864 offset:0,967680,968352, stride:1344,1344,1344
2020-09-24
19:53:50.428 T:1250947968   DEBUG: CMMALRenderer::Process - debug vsync:2732695 queue:1 fps:23.98/23.98/59.94 inc:0.400000 diff:-0.600000
2020-09-24
19:53:50.428 T:1937461264   DEBUG: CMMALRenderer::RenderUpdate - MMAL: clear:0 flags:0 alpha:255 source:4 omvb:0x496fd0e8 mmal:0x59cc85a8 mflags:0 skipping
2020-09-24
19:53:50.428 T:1927279488   DEBUG: CLibInputPointer::ProcessMotionAbsolute - event.type: 3, event.motion.x: 194, event.motion.y: 738
2020-09-24
19:53:50.444 T:1250947968   DEBUG: CMMALRenderer::Process - debug vsync:2732696 queue:1 fps:23.98/23.98/59.94 inc:0.400000 diff:-0.200000
2020-09-24
19:53:50.444 T:1937461264   DEBUG: CMMALRenderer::RenderUpdate - MMAL: clear:0 flags:0 alpha:255 source:4 omvb:0x496fd0e8 mmal:0x59cc85a8 mflags:0 skipping
2020-09-24
19:53:50.450 T:1927279488   DEBUG: CLibInputPointer::ProcessMotionAbsolute - event.type: 3, event.motion.x: 197, event.motion.y: 735
2020-09-24
19:53:50.451 T:1927279488   DEBUG: CLibInputPointer::ProcessMotionAbsolute - event.type: 3, event.motion.x: 197, event.motion.y: 727
2020-09-24
19:53:50.452 T:1395348352   DEBUG: CMMALPool::Configure pool:0x496510d0 1280x720 (1344x720) pix:-1 size:0 fmt:I42S
2020-09-24
19:53:50.452 T:1395348352   DEBUG: CAddonVideoCodec: GetPicture::VC_PICTURE with pts 8216541 1280x720 (1280x720) 1.777778 0x4b73a000:1452864 offset:0,967680,968352, stride:1344,1344,1344
2020-09-24
19:53:50.461 T:1250947968   DEBUG: CMMALRenderer::Process - debug vsync:2732697 queue:1 fps:23.98/23.98/59.94 inc:0.400000 diff:0.200000
2020-09-24
19:53:50.461 T:1250947968   DEBUG: CMMALRenderer::Process - omvb:0x496fd0e8 mmal:0x59cc85a8 vsync:2732697 queue:0 diff:-0.800000
2020-09-24
19:53:50.461 T:1937461264   DEBUG: CMMALRenderer::RenderUpdate - MMAL: clear:0 flags:0 alpha:255 source:5 omvb:0x4965d7e8 mmal:0x59cc8780 mflags:0 len:1451520 data:0x6e1 enc:I42S
2020-09-24
19:53:50.462 T:1927279488   DEBUG: CLibInputPointer::ProcessMotionAbsolute - event.type: 3, event.motion.x: 200, event.motion.y: 720
2020-09-24
19:53:50.473 T:1927279488   DEBUG: CLibInputPointer::ProcessMotionAbsolute - event.type: 3, event.motion.x: 201, event.motion.y: 708
2020-09-24
19:53:50.478 T:1250947968   DEBUG: CMMALRenderer::Process - debug vsync:2732698 queue:1 fps:23.98/23.98/59.94 inc:0.400000 diff:-0.400000
2020-09-24
19:53:50.478 T:1937461264   DEBUG: CMMALRenderer::RenderUpdate - MMAL: clear:0 flags:0 alpha:255 source:5 omvb:0x4965d7e8 mmal:0x59cc8780 mflags:0 skipping
2020-09-24
19:53:50.485 T:1927279488   DEBUG: CLibInputPointer::ProcessMotionAbsolute - event.type: 3, event.motion.x: 203, event.motion.y: 693
2020-09-24
19:53:50.494 T:1250947968   DEBUG: CMMALRenderer::Process - debug vsync:2732699 queue:1 fps:23.98/23.98/59.94 inc:0.400000 diff:0.000000
2020-09-24
19:53:50.494 T:1250947968   DEBUG: CMMALRenderer::Process - omvb:0x4965d7e8 mmal:0x59cc8780 vsync:2732699 queue:0 diff:-1.000000
2020-09-24
19:53:50.496 T:1927279488   DEBUG: CLibInputPointer::ProcessMotionAbsolute - event.type: 3, event.motion.x: 205, event.motion.y: 684
2020-09-24
19:53:50.496 T:1937461264   DEBUG: CMMALRenderer::Update
2020-09-24
19:53:50.499 T:1395348352   DEBUG: CMMALPool::Configure pool:0x496510d0 1280x720 (1344x720) pix:-1 size:0 fmt:I42S
2020-09-24
19:53:50.499 T:1395348352   DEBUG: CAddonVideoCodec: GetPicture::VC_PICTURE with pts 8258249 1280x720 (1280x720) 1.777778 0x4b5d7000:1452864 offset:0,967680,968352, stride:1344,1344,1344
2020-09-24
19:53:50.501 T:1937461264   DEBUG: CMMALRenderer::RenderUpdate - MMAL: clear:0 flags:0 alpha:255 source:0 omvb:0x5a750630 mmal:0x59cc8958 mflags:0 len:1451520 data:0xd07 enc:I42S
2020-09-24
19:53:50.508 T:1927279488   DEBUG: CLibInputPointer::ProcessMotionAbsolute - event.type: 3, event.motion.x: 206, event.motion.y: 676
2020-09-24
19:53:50.511 T:1250947968   DEBUG: CMMALRenderer::Process - debug vsync:2732700 queue:1 fps:23.98/23.98/59.94 inc:0.400000 diff:-0.600000
2020-09-24
19:53:50.511 T:1937461264   DEBUG: CMMALRenderer::RenderUpdate - MMAL: clear:0 flags:0 alpha:255 source:0 omvb:0x5a750630 mmal:0x59cc8958 mflags:0 skipping
2020-09-24
19:53:50.518 T:1927279488   DEBUG: CLibInputPointer::ProcessMotionAbsolute - event.type: 3, event.motion.x: 206, event.motion.y: 670
2020-09-24
19:53:50.528 T:1250947968   DEBUG: CMMALRenderer::Process - debug vsync:2732701 queue:1 fps:23.98/23.98/59.94 inc:0.400000 diff:-0.200000
2020-09-24
19:53:50.528 T:1937461264   DEBUG: CMMALRenderer::RenderUpdate - MMAL: clear:0 flags:0 alpha:255 source:0 omvb:0x5a750630 mmal:0x59cc8958 mflags:0 skipping
2020-09-24
19:53:50.529 T:1927279488   DEBUG: CLibInputPointer::ProcessMotionAbsolute - event.type: 3, event.motion.x: 206, event.motion.y: 667
2020-09-24
19:53:50.535 T:1395348352   DEBUG: CMMALPool::Configure pool:0x496510d0 1280x720 (1344x720) pix:-1 size:0 fmt:I42S
2020-09-24
19:53:50.536 T:1395348352   DEBUG: CAddonVideoCodec: GetPicture::VC_PICTURE with pts 8299958 1280x720 (1280x720) 1.777778 0x4b474000:1452864 offset:0,967680,968352, stride:1344,1344,1344
2020-09-24
19:53:50.541 T:1927279488   DEBUG: CLibInputPointer::ProcessMotionAbsolute - event.type: 3, event.motion.x: 206, event.motion.y: 666
2020-09-24
19:53:50.544 T:1250947968   DEBUG: CMMALRenderer::Process - debug vsync:2732702 queue:1 fps:23.98/23.98/59.94 inc:0.400000 diff:0.200000
2020-09-24
19:53:50.545 T:1250947968   DEBUG: CMMALRenderer::Process - omvb:0x5a750630 mmal:0x59cc8958 vsync:2732702 queue:0 diff:-0.800000
2020-09-24
19:53:50.545 T:1937461264   DEBUG: CMMALRenderer::RenderUpdate - MMAL: clear:0 flags:0 alpha:255 source:1 omvb:0x59f77f10 mmal:0x59cc8b30 mflags:0 len:1451520 data:0x10ed enc:I42S
2020-09-24
19:53:50.552 T:1927279488   DEBUG: CLibInputPointer::ProcessMotionAbsolute - event.type: 3, event.motion.x: 206, event.motion.y: 663
2020-09-24
19:53:50.561 T:1250947968   DEBUG: CMMALRenderer::Process - debug vsync:2732703 queue:1 fps:23.98/23.98/59.94 inc:0.400000 diff:-0.400000
2020-09-24
19:53:50.561 T:1937461264   DEBUG: CMMALRenderer::RenderUpdate - MMAL: clear:0 flags:0 alpha:255 source:1 omvb:0x59f77f10 mmal:0x59cc8b30 mflags:0 skipping
2020-09-24
19:53:50.563 T:1927279488   DEBUG: CLibInputPointer::ProcessMotionAbsolute - event.type: 3, event.motion.x: 206, event.motion.y: 658
2020-09-24
19:53:50.578 T:1250947968   DEBUG: CMMALRenderer::Process - debug vsync:2732704 queue:1 fps:23.98/23.98/59.94 inc:0.400000 diff:0.000000
2020-09-24
19:53:50.578 T:1250947968   DEBUG: CMMALRenderer::Process - omvb:0x59f77f10 mmal:0x59cc8b30 vsync:2732704 queue:0 diff:-1.000000
2020-09-24
19:53:50.578 T:1937461264   DEBUG: CMMALRenderer::RenderUpdate - MMAL: clear:0 flags:0 alpha:255 source:2 omvb:0x59f137a0 mmal:0x59cc8d08 mflags:0 len:1451520 data:0xd3a enc:I42S
2020-09-24
19:53:50.582 T:1395348352   DEBUG: CMMALPool::Configure pool:0x496510d0 1280x720 (1344x720) pix:-1 size:0 fmt:I42S
2020-09-24
19:53:50.582 T:1395348352   DEBUG: CAddonVideoCodec: GetPicture::VC_PICTURE with pts 8341666 1280x720 (1280x720) 1.777778 0x4b311000:1452864 offset:0,967680,968352, stride:1344,1344,1344
2020-09-24
19:53:50.594 T:1250947968   DEBUG: CMMALRenderer::Process - debug vsync:2732705 queue:1 fps:23.98/23.98/59.94 inc:0.400000 diff:-0.600000
2020-09-24
19:53:50.594 T:1937461264   DEBUG: CMMALRenderer::RenderUpdate - MMAL: clear:0 flags:0 alpha:255 source:2 omvb:0x59f137a0 mmal:0x59cc8d08 mflags:0 skipping
2020-09-24
19:53:50.595 T:1927279488   DEBUG: CLibInputPointer::ProcessMotionAbsolute - event.type: 3, event.motion.x: 209, event.motion.y: 651
2020-09-24
19:53:50.597 T:1927279488   DEBUG: CLibInputPointer::ProcessMotionAbsolute - event.type: 3, event.motion.x: 209, event.motion.y: 648
2020-09-24
19:53:50.598 T:1395348352   DEBUG: CMMALPool::Configure pool:0x496510d0 1280x720 (1344x720) pix:-1 size:0 fmt:I42S
2020-09-24
19:53:50.599 T:1395348352   DEBUG: CAddonVideoCodec: GetPicture::VC_PICTURE with pts 8383374 1280x720 (1280x720) 1.777778 0x4b1ae000:1452864 offset:0,967680,968352, stride:1344,1344,1344
2020-09-24
19:53:50.608 T:1927279488   DEBUG: CLibInputPointer::ProcessMotionAbsolute - event.type: 3, event.motion.x: 211, event.motion.y: 646
2020-09-24
19:53:50.611 T:1250947968   DEBUG: CMMALRenderer::Process - debug vsync:2732706 queue:1 fps:23.98/23.98/59.94 inc:0.400000 diff:-0.200000
2020-09-24
19:53:50.615 T:1937461264   DEBUG: CMMALRenderer::Update
2020-09-24
19:53:50.619 T:1927279488   DEBUG: CLibInputPointer::ProcessMotionAbsolute - event.type: 3, event.motion.x: 211, event.motion.y: 645
2020-09-24
19:53:50.623 T:1937461264   DEBUG: CMMALRenderer::RenderUpdate - MMAL: clear:0 flags:0 alpha:255 source:2 omvb:0x59f137a0 mmal:0x59cc8d08 mflags:0 skipping
2020-09-24
19:53:50.628 T:1250947968   DEBUG: CMMALRenderer::Process - debug vsync:2732707 queue:1 fps:23.98/23.98/59.94 inc:0.400000 diff:0.200000
2020-09-24
19:53:50.628 T:1250947968   DEBUG: CMMALRenderer::Process - omvb:0x59f137a0 mmal:0x59cc8d08 vsync:2732707 queue:0 diff:-0.800000
2020-09-24
19:53:50.628 T:1937461264   DEBUG: CMMALRenderer::RenderUpdate - MMAL: clear:0 flags:0 alpha:255 source:3 omvb:0x4964de50 mmal:0x59cc8ee0 mflags:0 len:1451520 data:0x10e6 enc:I42S
2020-09-24
19:53:50.631 T:1927279488   DEBUG: CLibInputPointer::ProcessMotionAbsolute - event.type: 3, event.motion.x: 211, event.motion.y: 643
2020-09-24
19:53:50.644 T:1250947968   DEBUG: CMMALRenderer::Process - debug vsync:2732708 queue:1 fps:23.98/23.98/59.94 inc:0.400000 diff:-0.400000
2020-09-24
19:53:50.645 T:1937461264   DEBUG: CMMALRenderer::RenderUpdate - MMAL: clear:0 flags:0 alpha:255 source:3 omvb:0x4964de50 mmal:0x59cc8ee0 mflags:0 skipping
2020-09-24
19:53:50.661 T:1250947968   DEBUG: CMMALRenderer::Process - debug vsync:2732709 queue:1 fps:23.98/23.98/59.94 inc:0.400000 diff:0.000000
2020-09-24
19:53:50.661 T:1250947968   DEBUG: CMMALRenderer::Process - omvb:0x4964de50 mmal:0x59cc8ee0 vsync:2732709 queue:0 diff:-1.000000
2020-09-24
19:53:50.661 T:1937461264   DEBUG: CMMALRenderer::RenderUpdate - MMAL: clear:0 flags:0 alpha:255 source:4 omvb:0x55e5e280 mmal:0x59cc90b8 mflags:0 len:1451520 data:0xc34 enc:I42S
2020-09-24
19:53:50.667 T:1395348352   DEBUG: CMMALPool::Configure pool:0x496510d0 1280x720 (1344x720) pix:-1 size:0 fmt:I42S
2020-09-24
19:53:50.667 T:1395348352   DEBUG: CAddonVideoCodec: GetPicture::VC_PICTURE with pts 8425083 1280x720 (1280x720) 1.777778 0x4b04b000:1452864 offset:0,967680,968352, stride:1344,1344,1344
2020-09-24
19:53:50.678 T:1250947968   DEBUG: CMMALRenderer::Process - debug vsync:2732710 queue:1 fps:23.98/23.98/59.94 inc:0.400000 diff:-0.600000
2020-09-24
19:53:50.678 T:1937461264   DEBUG: CMMALRenderer::RenderUpdate - MMAL: clear:0 flags:0 alpha:255 source:4 omvb:0x55e5e280 mmal:0x59cc90b8 mflags:0 skipping
2020-09-24
19:53:50.694 T:1250947968   DEBUG: CMMALRenderer::Process - debug vsync:2732711 queue:1 fps:23.98/23.98/59.94 inc:0.400000 diff:-0.200000
2020-09-24
19:53:50.695 T:1937461264   DEBUG: CMMALRenderer::RenderUpdate - MMAL: clear:0 flags:0 alpha:255 source:4 omvb:0x55e5e280 mmal:0x59cc90b8 mflags:0 skipping
2020-09-24
19:53:50.698 T:1395348352   DEBUG: CMMALPool::Configure pool:0x496510d0 1280x720 (1344x720) pix:-1 size:0 fmt:I42S
2020-09-24
19:53:50.699 T:1395348352   DEBUG: CAddonVideoCodec: GetPicture::VC_PICTURE with pts 8466791 1280x720 (1280x720) 1.777778 0x4aad7000:1452864 offset:0,967680,968352, stride:1344,1344,1344
2020-09-24
19:53:50.700 T:1927279488   DEBUG: CLibInputPointer::ProcessMotionAbsolute - event.type: 3, event.motion.x: 212, event.motion.y: 643
2020-09-24
19:53:50.711 T:1250947968   DEBUG: CMMALRenderer::Process - debug vsync:2732712 queue:1 fps:23.98/23.98/59.94 inc:0.400000 diff:0.200000
2020-09-24
19:53:50.711 T:1250947968   DEBUG: CMMALRenderer::Process - omvb:0x55e5e280 mmal:0x59cc90b8 vsync:2732712 queue:0 diff:-0.800000
2020-09-24
19:53:50.712 T:1937461264   DEBUG: CMMALRenderer::RenderUpdate - MMAL: clear:0 flags:0 alpha:255 source:5 omvb:0x710ba120 mmal:0x59cc9290 mflags:0 len:1451520 data:0x1515 enc:I42S
2020-09-24
19:53:50.728 T:1250947968   DEBUG: CMMALRenderer::Process - debug vsync:2732713 queue:1 fps:23.98/23.98/59.94 inc:0.400000 diff:-0.400000
2020-09-24
19:53:50.731 T:1937461264   DEBUG: CMMALRenderer::Update
2020-09-24
19:53:50.736 T:1395348352   DEBUG: CMMALPool::Configure pool:0x496510d0 1280x720 (1344x720) pix:-1 size:0 fmt:I42S
2020-09-24
19:53:50.737 T:1395348352   DEBUG: CAddonVideoCodec: GetPicture::VC_PICTURE with pts 8508499 1280x720 (1280x720) 1.777778 0x4ad9d000:1452864 offset:0,967680,968352, stride:1344,1344,1344
2020-09-24
19:53:50.737 T:1937461264   DEBUG: CMMALRenderer::RenderUpdate - MMAL: clear:0 flags:0 alpha:255 source:5 omvb:0x710ba120 mmal:0x59cc9290 mflags:0 skipping
2020-09-24
19:53:50.742 T:1536807808   DEBUG: [plugin.video.netflix (0)] Executing JSON-RPC: {"params": {"playerid": 1, "properties": ["audiostreams", "currentaudiostream", "currentvideostream", "subtitles", "currentsubtitle", "subtitleenabled", "percentage", "time"]}, "jsonrpc": "2.0", "method": "Player.GetProperties", "id": 1}
2020-09-24
19:53:50.745 T:1250947968   DEBUG: CMMALRenderer::Process - debug vsync:2732714 queue:1 fps:23.98/23.98/59.94 inc:0.400000 diff:0.000000
2020-09-24
19:53:50.749 T:1250947968   DEBUG: CMMALRenderer::Process - omvb:0x710ba120 mmal:0x59cc9290 vsync:2732714 queue:0 diff:-1.000000
2020-09-24
19:53:50.750 T:1937461264   DEBUG: CMMALRenderer::RenderUpdate - MMAL: clear:0 flags:0 alpha:255 source:0 omvb:0x59f00b20 mmal:0x59cc9468 mflags:0 len:1451520 data:0xd16 enc:I42S
2020-09-24
19:53:50.752 T:1536807808   DEBUG: [plugin.video.netflix (0)] Notifying all action managers of call_on_tick (data={u'currentaudiostream': {u'index': 4, u'name': u'AAC ', u'language': u'es-Spain', u'channels': 2, u'codec': u'aac', u'bitrate': 131072}, u'currentvideostream': {u'index': 0, u'name': u'', u'language': u'unk', u'height': 720, u'width': 1280, u'codec': u'h264'}, u'elapsed_seconds': 8, u'time': {u'hours': 0, u'seconds': 8, u'minutes': 0, u'milliseconds': 46}, u'subtitleenabled': True, u'percentage': 0.23765504360198975, u'currentsubtitle': {u'index': 5, u'name': u'', u'language': u'es-Spain'}, u'audiostreams': [{u'index': 0, u'name': u'AAC ', u'language': u'ger', u'channels': 2, u'codec': u'aac', u'bitrate': 131072}, {u'index': 1, u'name': u'AAC ', u'language': u'eng', u'channels': 2, u'codec': u'aac', u'bitrate': 131072}, {u'index': 2, u'name': u'AAC ', u'language': u'eng', u'channels': 2, u'codec': u'aac', u'bitrate': 131072}, {u'index': 3, u'name': u'AAC ', u'language': u'spa', u'channels': 2, u'codec': u'aac', u'bitrate': 131072}, {u'index': 4, u'name': u'AAC ', u'language': u'es-Spain', u'channels': 2, u'codec': u'aac', u'bitrate': 131072}, {u'index': 5, u'name': u'AAC ', u'language': u'fre', u'channels': 2, u'codec': u'aac', u'bitrate': 131072}, {u'index': 6, u'name': u'AAC ', u'language': u'ita', u'channels': 2, u'codec': u'aac', u'bitrate': 131072}], u'subtitles': [{u'index': 0, u'name': u'', u'language': u'ara'}, {u'index': 1, u'name': u'', u'language': u'ger'}, {u'index': 2, u'name': u'', u'language': u'eng'}, {u'index': 3, u'name': u'', u'language': u'eng'}, {u'index': 4, u'name': u'', u'language': u'spa'}, {u'index': 5, u'name': u'', u'language': u'es-Spain'}, {u'index': 6, u'name': u'', u'language': u'es-Spain'}, {u'index': 7, u'name': u'', u'language': u'es-Spain'}, {u'index': 8, u'name': u'', u'language': u'fre'}, {u'index': 9, u'name': u'', u'language': u'fre'}, {u'index': 10, u'name': u'', u'language': u'ita'}, {u'index': 11, u'name': u'', u'language': u'rum'}]})
2020-09-24
19:53:50.765 T:1250947968   DEBUG: CMMALRenderer::Process - debug vsync:2732715 queue:1 fps:23.98/23.98/59.94 inc:0.400000 diff:-0.600000
2020-09-24
19:53:50.765 T:1937461264   DEBUG: CMMALRenderer::RenderUpdate - MMAL: clear:0 flags:0 alpha:255 source:0 omvb:0x59f00b20 mmal:0x59cc9468 mflags:0 skipping
2020-09-24
19:53:50.777 T:1927279488   DEBUG: CLibInputPointer::ProcessMotionAbsolute - event.type: 3, event.motion.x: 214, event.motion.y: 643
2020-09-24
19:53:50.778 T:1250947968   DEBUG: CMMALRenderer::Process - debug vsync:2732716 queue:1 fps:23.98/23.98/59.94 inc:0.400000 diff:-0.200000
2020-09-24
19:53:50.778 T:1937461264   DEBUG: CMMALRenderer::RenderUpdate - MMAL: clear:0 flags:0 alpha:255 source:0 omvb:0x59f00b20 mmal:0x59cc9468 mflags:0 skipping
2020-09-24
19:53:50.782 T:1395348352   DEBUG: CMMALPool::Configure pool:0x496510d0 1280x720 (1344x720) pix:-1 size:0 fmt:I42S
2020-09-24
19:53:50.782 T:1395348352   DEBUG: CAddonVideoCodec: GetPicture::VC_PICTURE with pts 8550208 1280x720 (1280x720) 1.777778 0x4ac3a000:1452864 offset:0,967680,968352, stride:1344,1344,1344
2020-09-24
19:53:50.788 T:1927279488   DEBUG: CLibInputPointer::ProcessMotionAbsolute - event.type: 3, event.motion.x: 214, event.motion.y: 645
2020-09-24
19:53:50.794 T:1250947968   DEBUG: CMMALRenderer::Process - debug vsync:2732717 queue:1 fps:23.98/23.98/59.94 inc:0.400000 diff:0.200000
2020-09-24
19:53:50.795 T:1250947968   DEBUG: CMMALRenderer::Process - omvb:0x59f00b20 mmal:0x59cc9468 vsync:2732717 queue:0 diff:-0.800000
2020-09-24
19:53:50.795 T:1937461264   DEBUG: CMMALRenderer::RenderUpdate - MMAL: clear:0 flags:0 alpha:255 source:1 omvb:0x59c34480 mmal:0x59cc9640 mflags:0 len:1451520 data:0xcf2 enc:I42S
2020-09-24
19:53:50.800 T:1927279488   DEBUG: CLibInputPointer::ProcessMotionAbsolute - event.type: 3, event.motion.x: 212, event.motion.y: 645
2020-09-24
19:53:50.811 T:1250947968   DEBUG: CMMALRenderer::Process - debug vsync:2732718 queue:1 fps:23.98/23.98/59.94 inc:0.400000 diff:-0.400000
2020-09-24
19:53:50.812 T:1937461264   DEBUG: CMMALRenderer::RenderUpdate - MMAL: clear:0 flags:0 alpha:255 source:1 omvb:0x59c34480 mmal:0x59cc9640 mflags:0 skipping
2020-09-24
19:53:50.828 T:1250947968   DEBUG: CMMALRenderer::Process - debug vsync:2732719 queue:1 fps:23.98/23.98/59.94 inc:0.400000 diff:0.000000
2020-09-24
19:53:50.828 T:1250947968   DEBUG: CMMALRenderer::Process - omvb:0x59c34480 mmal:0x59cc9640 vsync:2732719 queue:0 diff:-1.000000
2020-09-24
19:53:50.828 T:1937461264   DEBUG: CMMALRenderer::RenderUpdate - MMAL: clear:0 flags:0 alpha:255 source:2 omvb:0x59c34238 mmal:0x59cc9818 mflags:0 len:1451520 data:0x151c enc:I42S
2020-09-24
19:53:50.831 T:1395348352   DEBUG: CMMALPool::Configure pool:0x496510d0 1280x720 (1344x720) pix:-1 size:0 fmt:I42S
2020-09-24
19:53:50.831 T:1395348352   DEBUG: CAddonVideoCodec: GetPicture::VC_PICTURE with pts 8591916 1280x720 (1280x720) 1.777778 0x53a17000:1452864 offset:0,967680,968352, stride:1344,1344,1344
2020-09-24
19:53:50.844 T:1250947968   DEBUG: CMMALRenderer::Process - debug vsync:2732720 queue:1 fps:23.98/23.98/59.94 inc:0.400000 diff:-0.600000
2020-09-24
19:53:50.846 T:1937461264   DEBUG: CMMALRenderer::Update
2020-09-24
19:53:50.851 T:1395348352   DEBUG: CMMALPool::Configure pool:0x496510d0 1280x720 (1344x720) pix:-1 size:0 fmt:I42S
2020-09-24
19:53:50.851 T:1395348352   DEBUG: CAddonVideoCodec: GetPicture::VC_PICTURE with pts 8633625 1280x720 (1280x720) 1.777778 0x4bf96000:1452864 offset:0,967680,968352, stride:1344,1344,1344
2020-09-24
19:53:50.853 T:1937461264   DEBUG: CMMALRenderer::RenderUpdate - MMAL: clear:0 flags:0 alpha:255 source:2 omvb:0x59c34238 mmal:0x59cc9818 mflags:0 skipping
2020-09-24
19:53:50.861 T:1250947968   DEBUG: CMMALRenderer::Process - debug vsync:2732721 queue:1 fps:23.98/23.98/59.94 inc:0.400000 diff:-0.200000
2020-09-24
19:53:50.861 T:1937461264   DEBUG: CMMALRenderer::RenderUpdate - MMAL: clear:0 flags:0 alpha:255 source:2 omvb:0x59c34238 mmal:0x59cc9818 mflags:0 skipping
2020-09-24
19:53:50.878 T:1250947968   DEBUG: CMMALRenderer::Process - debug vsync:2732722 queue:1 fps:23.98/23.98/59.94 inc:0.400000 diff:0.200000
2020-09-24
19:53:50.878 T:1250947968   DEBUG: CMMALRenderer::Process - omvb:0x59c34238 mmal:0x59cc9818 vsync:2732722 queue:0 diff:-0.800000
2020-09-24
19:53:50.879 T:1937461264   DEBUG: CMMALRenderer::RenderUpdate - MMAL: clear:0 flags:0 alpha:255 source:3 omvb:0x59fdd288 mmal:0x59cc99f0 mflags:0 len:1451520 data:0x151d enc:I42S
2020-09-24
19:53:50.895 T:1937461264   DEBUG: CMMALRenderer::RenderUpdate - MMAL: clear:0 flags:0 alpha:255 source:3 omvb:0x59fdd288 mmal:0x59cc99f0 mflags:0 skipping
2020-09-24
19:53:50.895 T:1250947968   DEBUG: CMMALRenderer::Process - debug vsync:2732723 queue:1 fps:23.98/23.98/59.94 inc:0.400000 diff:-0.400000
2020-09-24
19:53:50.911 T:1250947968   DEBUG: CMMALRenderer::Process - debug vsync:2732724 queue:1 fps:23.98/23.98/59.94 inc:0.400000 diff:0.000000
2020-09-24
19:53:50.911 T:1250947968   DEBUG: CMMALRenderer::Process - omvb:0x59fdd288 mmal:0x59cc99f0 vsync:2732724 queue:0 diff:-1.000000
2020-09-24
19:53:50.912 T:1937461264   DEBUG: CMMALRenderer::RenderUpdate - MMAL: clear:0 flags:0 alpha:255 source:4 omvb:0x59f6d630 mmal:0x59cc9bc8 mflags:0 len:1451520 data:0xe3a enc:I42S
2020-09-24
19:53:50.915 T:1395348352   DEBUG: CMMALPool::Configure pool:0x496510d0 1280x720 (1344x720) pix:-1 size:0 fmt:I42S
2020-09-24
19:53:50.915 T:1395348352   DEBUG: CAddonVideoCodec: GetPicture::VC_PICTURE with pts 8675333 1280x720 (1280x720) 1.777778 0x4be33000:1452864 offset:0,967680,968352, stride:1344,1344,1344
2020-09-24
19:53:50.920 T:1927279488   DEBUG: CLibInputPointer::ProcessMotionAbsolute - event.type: 3, event.motion.x: 214, event.motion.y: 645
2020-09-24
19:53:50.928 T:1250947968   DEBUG: CMMALRenderer::Process - debug vsync:2732725 queue:1 fps:23.98/23.98/59.94 inc:0.400000 diff:-0.600000
2020-09-24
19:53:50.928 T:1937461264   DEBUG: CMMALRenderer::RenderUpdate - MMAL: clear:0 flags:0 alpha:255 source:4 omvb:0x59f6d630 mmal:0x59cc9bc8 mflags:0 skipping
2020-09-24
19:53:50.945 T:1250947968   DEBUG: CMMALRenderer::Process - debug vsync:2732726 queue:1 fps:23.98/23.98/59.94 inc:0.400000 diff:-0.200000
2020-09-24
19:53:50.945 T:1937461264   DEBUG: CMMALRenderer::RenderUpdate - MMAL: clear:0 flags:0 alpha:255 source:4 omvb:0x59f6d630 mmal:0x59cc9bc8 mflags:0 skipping
2020-09-24
19:53:50.950 T:1395348352   DEBUG: CMMALPool::Configure pool:0x496510d0 1280x720 (1344x720) pix:-1 size:0 fmt:I42S
2020-09-24
19:53:50.950 T:1395348352   DEBUG: CAddonVideoCodec: GetPicture::VC_PICTURE with pts 8717041 1280x720 (1280x720) 1.777778 0x4b89d000:1452864 offset:0,967680,968352, stride:1344,1344,1344
2020-09-24
19:53:50.961 T:1250947968   DEBUG: CMMALRenderer::Process - debug vsync:2732727 queue:1 fps:23.98/23.98/59.94 inc:0.400000 diff:0.200000
2020-09-24
19:53:50.961 T:1250947968   DEBUG: CMMALRenderer::Process - omvb:0x59f6d630 mmal:0x59cc9bc8 vsync:2732727 queue:0 diff:-0.800000
2020-09-24
19:53:50.963 T:1937461264   DEBUG: CMMALRenderer::Update
2020-09-24
19:53:50.964 T:1937461264   DEBUG: CMMALRenderer::RenderUpdate - MMAL: clear:0 flags:0 alpha:255 source:5 omvb:0x496fd0e8 mmal:0x59cc9da0 mflags:0 len:1451520 data:0x11a9 enc:I42S
2020-09-24
19:53:50.978 T:1250947968   DEBUG: CMMALRenderer::Process - debug vsync:2732728 queue:1 fps:23.98/23.98/59.94 inc:0.400000 diff:-0.400000
2020-09-24
19:53:50.978 T:1937461264   DEBUG: CMMALRenderer::RenderUpdate - MMAL: clear:0 flags:0 alpha:255 source:5 omvb:0x496fd0e8 mmal:0x59cc9da0 mflags:0 skipping
2020-09-24
19:53:50.980 T:1927279488   DEBUG: libinput: event0  - debounce state: DEBOUNCE_STATE_IS_UP  DEBOUNCE_EVENT_OTHERBUTTON  DEBOUNCE_STATE_IS_UP
2020-09-24
19:53:50.980 T:1927279488   DEBUG: libinput: event0  - debounce state: DEBOUNCE_STATE_IS_UP  DEBOUNCE_EVENT_PRESS  DEBOUNCE_STATE_DOWN_WAITING
2020-09-24
19:53:50.980 T:1927279488   DEBUG: CLibInputPointer::ProcessButton - event.type: 4, event.button.button: 3, event.button.x: 214, event.button.y: 645
2020-09-24
19:53:50.995 T:1250947968   DEBUG: CMMALRenderer::Process - debug vsync:2732729 queue:1 fps:23.98/23.98/59.94 inc:0.400000 diff:0.000000
2020-09-24
19:53:50.995 T:1250947968   DEBUG: CMMALRenderer::Process - omvb:0x496fd0e8 mmal:0x59cc9da0 vsync:2732729 queue:0 diff:-1.000000
2020-09-24
19:53:50.995 T:1937461264   DEBUG: CMMALRenderer::RenderUpdate - MMAL: clear:0 flags:0 alpha:255 source:0 omvb:0x4965d7e8 mmal:0x59cc9f78 mflags:0 len:1451520 data:0x6e1 enc:I42S
2020-09-24
19:53:50.998 T:1395348352   DEBUG: CMMALPool::Configure pool:0x496510d0 1280x720 (1344x720) pix:-1 size:0 fmt:I42S
2020-09-24
19:53:50.998 T:1395348352   DEBUG: CAddonVideoCodec: GetPicture::VC_PICTURE with pts 8758750 1280x720 (1280x720) 1.777778 0x4b73a000:1452864 offset:0,967680,968352, stride:1344,1344,1344
2020-09-24
19:53:51.005 T:1927279488   DEBUG: libinput: event0  - debounce state: DEBOUNCE_STATE_DOWN_WAITING  DEBOUNCE_EVENT_TIMEOUT  DEBOUNCE_STATE_IS_DOWN
2020-09-24
19:53:51.011 T:1250947968   DEBUG: CMMALRenderer::Process - debug vsync:2732730 queue:1 fps:23.98/23.98/59.94 inc:0.400000 diff:-0.600000
2020-09-24
19:53:51.012 T:1937461264   DEBUG: CMMALRenderer::RenderUpdate - MMAL: clear:0 flags:0 alpha:255 source:0 omvb:0x4965d7e8 mmal:0x59cc9f78 mflags:0 skipping
2020-09-24
19:53:51.028 T:1250947968   DEBUG: CMMALRenderer::Process - debug vsync:2732731 queue:1 fps:23.98/23.98/59.94 inc:0.400000 diff:-0.200000
2020-09-24
19:53:51.028 T:1937461264   DEBUG: CMMALRenderer::RenderUpdate - MMAL: clear:0 flags:0 alpha:255 source:0 omvb:0x4965d7e8 mmal:0x59cc9f78 mflags:0 skipping
2020-09-24
19:53:51.032 T:1395348352   DEBUG: CMMALPool::Configure pool:0x496510d0 1280x720 (1344x720) pix:-1 size:0 fmt:I42S
2020-09-24
19:53:51.032 T:1395348352   DEBUG: CAddonVideoCodec: GetPicture::VC_PICTURE with pts 8800458 1280x720 (1280x720) 1.777778 0x4b5d7000:1452864 offset:0,967680,968352, stride:1344,1344,1344
2020-09-24
19:53:51.045 T:1250947968   DEBUG: CMMALRenderer::Process - debug vsync:2732732 queue:1 fps:23.98/23.98/59.94 inc:0.400000 diff:0.200000
2020-09-24
19:53:51.045 T:1250947968   DEBUG: CMMALRenderer::Process - omvb:0x4965d7e8 mmal:0x59cc9f78 vsync:2732732 queue:0 diff:-0.800000
2020-09-24
19:53:51.045 T:1937461264   DEBUG: CMMALRenderer::RenderUpdate - MMAL: clear:0 flags:0 alpha:255 source:1 omvb:0x5a750630 mmal:0x59cca150 mflags:0 len:1451520 data:0xd07 enc:I42S
2020-09-24
19:53:51.061 T:1250947968   DEBUG: CMMALRenderer::Process - debug vsync:2732733 queue:1 fps:23.98/23.98/59.94 inc:0.400000 diff:-0.400000
2020-09-24
19:53:51.061 T:1937461264   DEBUG: CMMALRenderer::RenderUpdate - MMAL: clear:0 flags:0 alpha:255 source:1 omvb:0x5a750630 mmal:0x59cca150 mflags:0 skipping
2020-09-24
19:53:51.065 T:1395348352   DEBUG: CMMALPool::Configure pool:0x496510d0 1280x720 (1344x720) pix:-1 size:0 fmt:I42S
2020-09-24
19:53:51.065 T:1395348352   DEBUG: CAddonVideoCodec: GetPicture::VC_PICTURE with pts 8842166 1280x720 (1280x720) 1.777778 0x4b474000:1452864 offset:0,967680,968352, stride:1344,1344,1344
2020-09-24
19:53:51.070 T:1927279488   DEBUG: libinput: event0  - debounce state: DEBOUNCE_STATE_IS_DOWN  DEBOUNCE_EVENT_RELEASE  DEBOUNCE_STATE_RELEASE_WAITING
2020-09-24
19:53:51.070 T:1927279488   DEBUG: CLibInputPointer::ProcessButton - event.type: 5, event.button.button: 3, event.button.x: 214, event.button.y: 645
2020-09-24
19:53:51.078 T:1250947968   DEBUG: CMMALRenderer::Process - debug vsync:2732734 queue:1 fps:23.98/23.98/59.94 inc:0.400000 diff:0.000000
2020-09-24
19:53:51.078 T:1937461264   DEBUG: ProcessMouse: trying mouse action rightclick
2020-09-24
