20:03:51.309 T:1937461264   DEBUG: CMMALRenderer::RenderUpdate - MMAL: clear:0 flags:0 alpha:255 source:2 omvb:0x57930c48 mmal:0x579a7dd8 mflags:0 skipping
2020-09-24
20:03:51.313 T:1927279488   DEBUG: CLibInputPointer::ProcessMotionAbsolute - event.type: 3, event.motion.x: 240, event.motion.y: 576
2020-09-24
20:03:51.317 T:1282691968   DEBUG: CMMALRenderer::Process - debug vsync:2768681 queue:1 fps:23.98/23.98/59.94 inc:0.400000 diff:-0.200000
2020-09-24
20:03:51.317 T:1937461264   DEBUG: CMMALRenderer::RenderUpdate - MMAL: clear:0 flags:0 alpha:255 source:2 omvb:0x57930c48 mmal:0x579a7dd8 mflags:0 skipping
2020-09-24
20:03:51.320 T:1370170240   DEBUG: CMMALPool::Configure pool:0x547da3e0 1280x720 (1344x720) pix:-1 size:0 fmt:I42S
2020-09-24
20:03:51.320 T:1370170240   DEBUG: CAddonVideoCodec: GetPicture::VC_PICTURE with pts 6131124 1280x720 (1280x720) 1.777778 0x4b311000:1452864 offset:0,967680,968352, stride:1344,1344,1344
2020-09-24
20:03:51.324 T:1927279488   DEBUG: CLibInputPointer::ProcessMotionAbsolute - event.type: 3, event.motion.x: 240, event.motion.y: 581
2020-09-24
20:03:51.333 T:1282691968   DEBUG: CMMALRenderer::Process - debug vsync:2768682 queue:1 fps:23.98/23.98/59.94 inc:0.400000 diff:0.200000
2020-09-24
20:03:51.334 T:1282691968   DEBUG: CMMALRenderer::Process - omvb:0x57930c48 mmal:0x579a7dd8 vsync:2768682 queue:0 diff:-0.800000
2020-09-24
20:03:51.336 T:1927279488   DEBUG: CLibInputPointer::ProcessMotionAbsolute - event.type: 3, event.motion.x: 238, event.motion.y: 585
2020-09-24
20:03:51.337 T:1536807808   DEBUG: [plugin.video.netflix (0)] Executing JSON-RPC: {"params": {"playerid": 1, "properties": ["audiostreams", "currentaudiostream", "currentvideostream", "subtitles", "currentsubtitle", "subtitleenabled", "percentage", "time"]}, "jsonrpc": "2.0", "method": "Player.GetProperties", "id": 1}
2020-09-24
20:03:51.341 T:1536807808   DEBUG: [plugin.video.netflix (0)] Notifying all action managers of call_on_tick (data={u'currentaudiostream': {u'index': 2, u'name': u'AAC ', u'language': u'eng', u'channels': 2, u'codec': u'aac', u'bitrate': 131072}, u'currentvideostream': {u'index': 0, u'name': u'', u'language': u'unk', u'height': 720, u'width': 1280, u'codec': u'h264'}, u'elapsed_seconds': 5, u'time': {u'hours': 0, u'seconds': 5, u'minutes': 0, u'milliseconds': 770}, u'subtitleenabled': True, u'percentage': 0.18416853249073029, u'currentsubtitle': {u'index': 2, u'name': u'', u'language': u'eng'}, u'audiostreams': [{u'index': 0, u'name': u'AAC ', u'language': u'ger', u'channels': 2, u'codec': u'aac', u'bitrate': 131072}, {u'index': 1, u'name': u'AAC ', u'language': u'eng', u'channels': 2, u'codec': u'aac', u'bitrate': 131072}, {u'index': 2, u'name': u'AAC ', u'language': u'eng', u'channels': 2, u'codec': u'aac', u'bitrate': 131072}, {u'index': 3, u'name': u'AAC ', u'language': u'spa', u'channels': 2, u'codec': u'aac', u'bitrate': 131072}, {u'index': 4, u'name': u'AAC ', u'language': u'es-Spain', u'channels': 2, u'codec': u'aac', u'bitrate': 131072}, {u'index': 5, u'name': u'AAC ', u'language': u'fre', u'channels': 2, u'codec': u'aac', u'bitrate': 131072}, {u'index': 6, u'name': u'AAC ', u'language': u'ita', u'channels': 2, u'codec': u'aac', u'bitrate': 131072}], u'subtitles': [{u'index': 0, u'name': u'', u'language': u'ara'}, {u'index': 1, u'name': u'', u'language': u'ger'}, {u'index': 2, u'name': u'', u'language': u'eng'}, {u'index': 3, u'name': u'', u'language': u'eng'}, {u'index': 4, u'name': u'', u'language': u'spa'}, {u'index': 5, u'name': u'', u'language': u'es-Spain'}, {u'index': 6, u'name': u'', u'language': u'es-Spain'}, {u'index': 7, u'name': u'', u'language': u'es-Spain'}, {u'index': 8, u'name': u'', u'language': u'fre'}, {u'index': 9, u'name': u'', u'language': u'fre'}, {u'index': 10, u'name': u'', u'language': u'ita'}, {u'index': 11, u'name': u'', u'language': u'rum'}]})
2020-09-24
20:03:51.343 T:1937461264   DEBUG: CMMALRenderer::RenderUpdate - MMAL: clear:0 flags:0 alpha:255 source:3 omvb:0x5478f478 mmal:0x579a7fb0 mflags:0 len:1451520 data:0x1019 enc:I42S
2020-09-24
20:03:51.347 T:1927279488   DEBUG: CLibInputPointer::ProcessMotionAbsolute - event.type: 3, event.motion.x: 237, event.motion.y: 590
2020-09-24
20:03:51.350 T:1282691968   DEBUG: CMMALRenderer::Process - debug vsync:2768683 queue:1 fps:23.98/23.98/59.94 inc:0.400000 diff:-0.400000
2020-09-24
20:03:51.351 T:1937461264   DEBUG: CMMALRenderer::RenderUpdate - MMAL: clear:0 flags:0 alpha:255 source:3 omvb:0x5478f478 mmal:0x579a7fb0 mflags:0 skipping
2020-09-24
20:03:51.359 T:1927279488   DEBUG: CLibInputPointer::ProcessMotionAbsolute - event.type: 3, event.motion.x: 237, event.motion.y: 596
2020-09-24
20:03:51.367 T:1282691968   DEBUG: CMMALRenderer::Process - debug vsync:2768684 queue:1 fps:23.98/23.98/59.94 inc:0.400000 diff:0.000000
2020-09-24
20:03:51.367 T:1282691968   DEBUG: CMMALRenderer::Process - omvb:0x5478f478 mmal:0x579a7fb0 vsync:2768684 queue:0 diff:-1.000000
2020-09-24
20:03:51.367 T:1937461264   DEBUG: CMMALRenderer::RenderUpdate - MMAL: clear:0 flags:0 alpha:255 source:4 omvb:0x710bd050 mmal:0x579a8188 mflags:0 len:1451520 data:0x10e0 enc:I42S
2020-09-24
20:03:51.370 T:1927279488   DEBUG: CLibInputPointer::ProcessMotionAbsolute - event.type: 3, event.motion.x: 235, event.motion.y: 602
2020-09-24
20:03:51.372 T:1370170240   DEBUG: CMMALPool::Configure pool:0x547da3e0 1280x720 (1344x720) pix:-1 size:0 fmt:I42S
2020-09-24
20:03:51.372 T:1370170240   DEBUG: CAddonVideoCodec: GetPicture::VC_PICTURE with pts 6172833 1280x720 (1280x720) 1.777778 0x4c746000:1452864 offset:0,967680,968352, stride:1344,1344,1344
2020-09-24
20:03:51.381 T:1927279488   DEBUG: CLibInputPointer::ProcessMotionAbsolute - event.type: 3, event.motion.x: 235, event.motion.y: 606
2020-09-24
20:03:51.384 T:1282691968   DEBUG: CMMALRenderer::Process - debug vsync:2768685 queue:1 fps:23.98/23.98/59.94 inc:0.400000 diff:-0.600000
2020-09-24
20:03:51.385 T:1937461264   DEBUG: ------ Window Init (DialogSeekBar.xml) ------
2020-09-24
20:03:51.387 T:1937461264   DEBUG: CMMALRenderer::Update
2020-09-24
20:03:51.392 T:1370170240   DEBUG: CMMALPool::Configure pool:0x547da3e0 1280x720 (1344x720) pix:-1 size:0 fmt:I42S
2020-09-24
20:03:51.392 T:1370170240   DEBUG: CAddonVideoCodec: GetPicture::VC_PICTURE with pts 6214541 1280x720 (1280x720) 1.777778 0x4bde2000:1452864 offset:0,967680,968352, stride:1344,1344,1344
2020-09-24
20:03:51.394 T:1927279488   DEBUG: CLibInputPointer::ProcessMotionAbsolute - event.type: 3, event.motion.x: 232, event.motion.y: 609
2020-09-24
20:03:51.400 T:1282691968   DEBUG: CMMALRenderer::Process - debug vsync:2768686 queue:1 fps:23.98/23.98/59.94 inc:0.400000 diff:-0.200000
2020-09-24
20:03:51.403 T:1927279488   DEBUG: CLibInputPointer::ProcessMotionAbsolute - event.type: 3, event.motion.x: 232, event.motion.y: 611
2020-09-24
20:03:51.410 T:1937461264   DEBUG: ------ Window Deinit (Custom_1109_TopBarOverlay.xml) ------
2020-09-24
20:03:51.410 T:1937461264   DEBUG: CMMALRenderer::RenderUpdate - MMAL: clear:0 flags:0 alpha:255 source:4 omvb:0x710bd050 mmal:0x579a8188 mflags:0 skipping
2020-09-24
20:03:51.411 T:1937461264   DEBUG: CMMALRenderer::RenderUpdate - MMAL: clear:0 flags:0 alpha:255 source:5 omvb:0x547793e0 mmal:0x579a8360 mflags:0 len:1451520 data:0x10d8 enc:I42S
2020-09-24
20:03:51.414 T:1927279488   DEBUG: CLibInputPointer::ProcessMotionAbsolute - event.type: 3, event.motion.x: 231, event.motion.y: 612
2020-09-24
20:03:51.417 T:1282691968   DEBUG: CMMALRenderer::Process - debug vsync:2768687 queue:2 fps:23.98/23.98/59.94 inc:0.400000 diff:0.200000
2020-09-24
20:03:51.417 T:1282691968   DEBUG: CMMALRenderer::Process - omvb:0x710bd050 mmal:0x579a8188 vsync:2768687 queue:1 diff:-0.800000
2020-09-24
20:03:51.417 T:1937461264   DEBUG: CMMALRenderer::RenderUpdate - MMAL: clear:0 flags:0 alpha:255 source:5 omvb:0x547793e0 mmal:0x579a8360 mflags:0 skipping
2020-09-24
20:03:51.426 T:1927279488   DEBUG: CLibInputPointer::ProcessMotionAbsolute - event.type: 3, event.motion.x: 231, event.motion.y: 614
2020-09-24
20:03:51.434 T:1282691968   DEBUG: CMMALRenderer::Process - debug vsync:2768688 queue:1 fps:23.98/23.98/59.94 inc:0.400000 diff:-0.400000
2020-09-24
20:03:51.434 T:1937461264   DEBUG: CMMALRenderer::RenderUpdate - MMAL: clear:0 flags:0 alpha:255 source:5 omvb:0x547793e0 mmal:0x579a8360 mflags:0 skipping
2020-09-24
20:03:51.437 T:1370170240   DEBUG: CMMALPool::Configure pool:0x547da3e0 1280x720 (1344x720) pix:-1 size:0 fmt:I42S
2020-09-24
20:03:51.437 T:1370170240   DEBUG: CAddonVideoCodec: GetPicture::VC_PICTURE with pts 6256249 1280x720 (1280x720) 1.777778 0x4b89d000:1452864 offset:0,967680,968352, stride:1344,1344,1344
2020-09-24
20:03:51.437 T:1927279488   DEBUG: CLibInputPointer::ProcessMotionAbsolute - event.type: 3, event.motion.x: 229, event.motion.y: 618
2020-09-24
20:03:51.448 T:1927279488   DEBUG: CLibInputPointer::ProcessMotionAbsolute - event.type: 3, event.motion.x: 229, event.motion.y: 622
2020-09-24
20:03:51.450 T:1282691968   DEBUG: CMMALRenderer::Process - debug vsync:2768689 queue:1 fps:23.98/23.98/59.94 inc:0.400000 diff:0.000000
2020-09-24
20:03:51.450 T:1282691968   DEBUG: CMMALRenderer::Process - omvb:0x547793e0 mmal:0x579a8360 vsync:2768689 queue:0 diff:-1.000000
2020-09-24
20:03:51.450 T:1937461264   DEBUG: CMMALRenderer::RenderUpdate - MMAL: clear:0 flags:0 alpha:255 source:0 omvb:0x5ffa4fc0 mmal:0x579a8538 mflags:0 len:1451520 data:0x6b6 enc:I42S
2020-09-24
20:03:51.459 T:1927279488   DEBUG: CLibInputPointer::ProcessMotionAbsolute - event.type: 3, event.motion.x: 228, event.motion.y: 628
2020-09-24
20:03:51.467 T:1282691968   DEBUG: CMMALRenderer::Process - debug vsync:2768690 queue:1 fps:23.98/23.98/59.94 inc:0.400000 diff:-0.600000
2020-09-24
20:03:51.467 T:1937461264   DEBUG: CMMALRenderer::RenderUpdate - MMAL: clear:0 flags:0 alpha:255 source:0 omvb:0x5ffa4fc0 mmal:0x579a8538 mflags:0 skipping
2020-09-24
20:03:51.471 T:1927279488   DEBUG: CLibInputPointer::ProcessMotionAbsolute - event.type: 3, event.motion.x: 228, event.motion.y: 634
2020-09-24
20:03:51.482 T:1927279488   DEBUG: CLibInputPointer::ProcessMotionAbsolute - event.type: 3, event.motion.x: 228, event.motion.y: 639
2020-09-24
20:03:51.483 T:1282691968   DEBUG: CMMALRenderer::Process - debug vsync:2768691 queue:1 fps:23.98/23.98/59.94 inc:0.400000 diff:-0.200000
2020-09-24
20:03:51.484 T:1937461264   DEBUG: CMMALRenderer::RenderUpdate - MMAL: clear:0 flags:0 alpha:255 source:0 omvb:0x5ffa4fc0 mmal:0x579a8538 mflags:0 skipping
2020-09-24
20:03:51.487 T:1370170240   DEBUG: CMMALPool::Configure pool:0x547da3e0 1280x720 (1344x720) pix:-1 size:0 fmt:I42S
2020-09-24
20:03:51.487 T:1370170240   DEBUG: CAddonVideoCodec: GetPicture::VC_PICTURE with pts 6297958 1280x720 (1280x720) 1.777778 0x4b5d7000:1452864 offset:0,967680,968352, stride:1344,1344,1344
2020-09-24
20:03:51.500 T:1282691968   DEBUG: CMMALRenderer::Process - debug vsync:2768692 queue:1 fps:23.98/23.98/59.94 inc:0.400000 diff:0.200000
2020-09-24
20:03:51.500 T:1282691968   DEBUG: CMMALRenderer::Process - omvb:0x5ffa4fc0 mmal:0x579a8538 vsync:2768692 queue:0 diff:-0.800000
2020-09-24
20:03:51.500 T:1937461264   DEBUG: CMMALRenderer::RenderUpdate - MMAL: clear:0 flags:0 alpha:255 source:1 omvb:0x4bcc85b0 mmal:0x579a8710 mflags:0 len:1451520 data:0x9b1 enc:I42S
2020-09-24
20:03:51.502 T:1927279488   DEBUG: CLibInputPointer::ProcessMotionAbsolute - event.type: 3, event.motion.x: 226, event.motion.y: 642
2020-09-24
20:03:51.505 T:1927279488   DEBUG: CLibInputPointer::ProcessMotionAbsolute - event.type: 3, event.motion.x: 226, event.motion.y: 645
2020-09-24
20:03:51.516 T:1927279488   DEBUG: CLibInputPointer::ProcessMotionAbsolute - event.type: 3, event.motion.x: 225, event.motion.y: 645
2020-09-24
20:03:51.517 T:1282691968   DEBUG: CMMALRenderer::Process - debug vsync:2768693 queue:1 fps:23.98/23.98/59.94 inc:0.400000 diff:-0.400000
2020-09-24
20:03:51.518 T:1937461264   DEBUG: ------ Window Init (Custom_1109_TopBarOverlay.xml) ------
2020-09-24
20:03:51.520 T:1937461264   DEBUG: CMMALRenderer::Update
2020-09-24
20:03:51.525 T:1370170240   DEBUG: CMMALPool::Configure pool:0x547da3e0 1280x720 (1344x720) pix:-1 size:0 fmt:I42S
2020-09-24
20:03:51.525 T:1370170240   DEBUG: CAddonVideoCodec: GetPicture::VC_PICTURE with pts 6339666 1280x720 (1280x720) 1.777778 0x4b73a000:1452864 offset:0,967680,968352, stride:1344,1344,1344
2020-09-24
20:03:51.527 T:1927279488   DEBUG: CLibInputPointer::ProcessMotionAbsolute - event.type: 3, event.motion.x: 223, event.motion.y: 648
2020-09-24
20:03:51.528 T:1937461264   DEBUG: CMMALRenderer::RenderUpdate - MMAL: clear:0 flags:0 alpha:255 source:1 omvb:0x4bcc85b0 mmal:0x579a8710 mflags:0 skipping
2020-09-24
20:03:51.534 T:1282691968   DEBUG: CMMALRenderer::Process - debug vsync:2768694 queue:1 fps:23.98/23.98/59.94 inc:0.400000 diff:0.000000
2020-09-24
20:03:51.535 T:1282691968   DEBUG: CMMALRenderer::Process - omvb:0x4bcc85b0 mmal:0x579a8710 vsync:2768694 queue:0 diff:-1.000000
2020-09-24
20:03:51.535 T:1937461264   DEBUG: CMMALRenderer::RenderUpdate - MMAL: clear:0 flags:0 alpha:255 source:2 omvb:0x6ad76b88 mmal:0x579a88e8 mflags:0 len:1451520 data:0x9db enc:I42S
2020-09-24
20:03:51.538 T:1927279488   DEBUG: CLibInputPointer::ProcessMotionAbsolute - event.type: 3, event.motion.x: 222, event.motion.y: 651
2020-09-24
20:03:51.549 T:1927279488   DEBUG: CLibInputPointer::ProcessMotionAbsolute - event.type: 3, event.motion.x: 222, event.motion.y: 652
2020-09-24
20:03:51.550 T:1282691968   DEBUG: CMMALRenderer::Process - debug vsync:2768695 queue:1 fps:23.98/23.98/59.94 inc:0.400000 diff:-0.600000
2020-09-24
20:03:51.551 T:1937461264   DEBUG: CMMALRenderer::RenderUpdate - MMAL: clear:0 flags:0 alpha:255 source:2 omvb:0x6ad76b88 mmal:0x579a88e8 mflags:0 skipping
2020-09-24
20:03:51.561 T:1927279488   DEBUG: CLibInputPointer::ProcessMotionAbsolute - event.type: 3, event.motion.x: 222, event.motion.y: 657
2020-09-24
20:03:51.567 T:1282691968   DEBUG: CMMALRenderer::Process - debug vsync:2768696 queue:1 fps:23.98/23.98/59.94 inc:0.400000 diff:-0.200000
2020-09-24
20:03:51.567 T:1937461264   DEBUG: CMMALRenderer::RenderUpdate - MMAL: clear:0 flags:0 alpha:255 source:2 omvb:0x6ad76b88 mmal:0x579a88e8 mflags:0 skipping
2020-09-24
20:03:51.572 T:1927279488   DEBUG: CLibInputPointer::ProcessMotionAbsolute - event.type: 3, event.motion.x: 220, event.motion.y: 660
2020-09-24
20:03:51.580 T:1370170240   DEBUG: CMMALPool::Configure pool:0x547da3e0 1280x720 (1344x720) pix:-1 size:0 fmt:I42S
2020-09-24
20:03:51.580 T:1370170240   DEBUG: CAddonVideoCodec: GetPicture::VC_PICTURE with pts 6381374 1280x720 (1280x720) 1.777778 0x4d29c000:1452864 offset:0,967680,968352, stride:1344,1344,1344
2020-09-24
20:03:51.583 T:1927279488   DEBUG: CLibInputPointer::ProcessMotionAbsolute - event.type: 3, event.motion.x: 220, event.motion.y: 663
2020-09-24
20:03:51.584 T:1282691968   DEBUG: CMMALRenderer::Process - debug vsync:2768697 queue:1 fps:23.98/23.98/59.94 inc:0.400000 diff:0.200000
2020-09-24
20:03:51.584 T:1282691968   DEBUG: CMMALRenderer::Process - omvb:0x6ad76b88 mmal:0x579a88e8 vsync:2768697 queue:0 diff:-0.800000
2020-09-24
20:03:51.584 T:1937461264   DEBUG: CMMALRenderer::RenderUpdate - MMAL: clear:0 flags:0 alpha:255 source:3 omvb:0x5a85ec80 mmal:0x579a8ac0 mflags:0 len:1451520 data:0xc81 enc:I42S
2020-09-24
20:03:51.594 T:1927279488   DEBUG: CLibInputPointer::ProcessMotionAbsolute - event.type: 3, event.motion.x: 220, event.motion.y: 666
2020-09-24
20:03:51.600 T:1282691968   DEBUG: CMMALRenderer::Process - debug vsync:2768698 queue:1 fps:23.98/23.98/59.94 inc:0.400000 diff:-0.400000
2020-09-24
20:03:51.601 T:1937461264   DEBUG: CMMALRenderer::RenderUpdate - MMAL: clear:0 flags:0 alpha:255 source:3 omvb:0x5a85ec80 mmal:0x579a8ac0 mflags:0 skipping
2020-09-24
20:03:51.606 T:1927279488   DEBUG: CLibInputPointer::ProcessMotionAbsolute - event.type: 3, event.motion.x: 219, event.motion.y: 669
2020-09-24
20:03:51.617 T:1927279488   DEBUG: CLibInputPointer::ProcessMotionAbsolute - event.type: 3, event.motion.x: 217, event.motion.y: 669
2020-09-24
20:03:51.617 T:1282691968   DEBUG: CMMALRenderer::Process - debug vsync:2768699 queue:1 fps:23.98/23.98/59.94 inc:0.400000 diff:0.000000
2020-09-24
20:03:51.617 T:1282691968   DEBUG: CMMALRenderer::Process - omvb:0x5a85ec80 mmal:0x579a8ac0 vsync:2768699 queue:0 diff:-1.000000
2020-09-24
20:03:51.617 T:1937461264   DEBUG: CMMALRenderer::RenderUpdate - MMAL: clear:0 flags:0 alpha:255 source:4 omvb:0x54797440 mmal:0x579a8c98 mflags:0 len:1451520 data:0xd9a enc:I42S
2020-09-24
20:03:51.622 T:1370170240   DEBUG: CMMALPool::Configure pool:0x547da3e0 1280x720 (1344x720) pix:-1 size:0 fmt:I42S
2020-09-24
20:03:51.622 T:1370170240   DEBUG: CAddonVideoCodec: GetPicture::VC_PICTURE with pts 6423083 1280x720 (1280x720) 1.777778 0x4b474000:1452864 offset:0,967680,968352, stride:1344,1344,1344
2020-09-24
20:03:51.634 T:1282691968   DEBUG: CMMALRenderer::Process - debug vsync:2768700 queue:1 fps:23.98/23.98/59.94 inc:0.400000 diff:-0.600000
2020-09-24
20:03:51.636 T:1937461264   DEBUG: CMMALRenderer::Update
2020-09-24
20:03:51.640 T:1370170240   DEBUG: CMMALPool::Configure pool:0x547da3e0 1280x720 (1344x720) pix:-1 size:0 fmt:I42S
2020-09-24
20:03:51.641 T:1370170240   DEBUG: CAddonVideoCodec: GetPicture::VC_PICTURE with pts 6464791 1280x720 (1280x720) 1.777778 0x4ce35000:1452864 offset:0,967680,968352, stride:1344,1344,1344
2020-09-24
20:03:51.644 T:1937461264   DEBUG: CMMALRenderer::RenderUpdate - MMAL: clear:0 flags:0 alpha:255 source:4 omvb:0x54797440 mmal:0x579a8c98 mflags:0 skipping
2020-09-24
20:03:51.650 T:1282691968   DEBUG: CMMALRenderer::Process - debug vsync:2768701 queue:1 fps:23.98/23.98/59.94 inc:0.400000 diff:-0.200000
2020-09-24
20:03:51.651 T:1937461264   DEBUG: CMMALRenderer::RenderUpdate - MMAL: clear:0 flags:0 alpha:255 source:4 omvb:0x54797440 mmal:0x579a8c98 mflags:0 skipping
2020-09-24
20:03:51.667 T:1282691968   DEBUG: CMMALRenderer::Process - debug vsync:2768702 queue:1 fps:23.98/23.98/59.94 inc:0.400000 diff:0.200000
2020-09-24
20:03:51.667 T:1282691968   DEBUG: CMMALRenderer::Process - omvb:0x54797440 mmal:0x579a8c98 vsync:2768702 queue:0 diff:-0.800000
2020-09-24
20:03:51.668 T:1937461264   DEBUG: CMMALRenderer::RenderUpdate - MMAL: clear:0 flags:0 alpha:255 source:5 omvb:0x5799fa00 mmal:0x579a8e70 mflags:0 len:1451520 data:0xd9b enc:I42S
2020-09-24
20:03:51.681 T:1927279488   DEBUG: CLibInputPointer::ProcessMotionAbsolute - event.type: 3, event.motion.x: 214, event.motion.y: 684
2020-09-24
20:03:51.684 T:1282691968   DEBUG: CMMALRenderer::Process - debug vsync:2768703 queue:1 fps:23.98/23.98/59.94 inc:0.400000 diff:-0.400000
2020-09-24
20:03:51.684 T:1937461264   DEBUG: CMMALRenderer::RenderUpdate - MMAL: clear:0 flags:0 alpha:255 source:5 omvb:0x5799fa00 mmal:0x579a8e70 mflags:0 skipping
2020-09-24
20:03:51.696 T:1927279488   DEBUG: CLibInputPointer::ProcessMotionAbsolute - event.type: 3, event.motion.x: 214, event.motion.y: 685
2020-09-24
20:03:51.700 T:1282691968   DEBUG: CMMALRenderer::Process - debug vsync:2768704 queue:1 fps:23.98/23.98/59.94 inc:0.400000 diff:0.000000
2020-09-24
20:03:51.700 T:1282691968   DEBUG: CMMALRenderer::Process - omvb:0x5799fa00 mmal:0x579a8e70 vsync:2768704 queue:0 diff:-1.000000
2020-09-24
20:03:51.701 T:1937461264   DEBUG: CMMALRenderer::RenderUpdate - MMAL: clear:0 flags:0 alpha:255 source:0 omvb:0x540d79c8 mmal:0x579a9220 mflags:0 len:1451520 data:0x1197 enc:I42S
2020-09-24
20:03:51.704 T:1370170240   DEBUG: CMMALPool::Configure pool:0x547da3e0 1280x720 (1344x720) pix:-1 size:0 fmt:I42S
2020-09-24
20:03:51.704 T:1370170240   DEBUG: CAddonVideoCodec: GetPicture::VC_PICTURE with pts 6506500 1280x720 (1280x720) 1.777778 0x4ccd2000:1452864 offset:0,967680,968352, stride:1344,1344,1344
2020-09-24
20:03:51.717 T:1282691968   DEBUG: CMMALRenderer::Process - debug vsync:2768705 queue:1 fps:23.98/23.98/59.94 inc:0.400000 diff:-0.600000
2020-09-24
20:03:51.717 T:1937461264   DEBUG: CMMALRenderer::RenderUpdate - MMAL: clear:0 flags:0 alpha:255 source:0 omvb:0x540d79c8 mmal:0x579a9220 mflags:0 skipping
2020-09-24
20:03:51.734 T:1282691968   DEBUG: CMMALRenderer::Process - debug vsync:2768706 queue:1 fps:23.98/23.98/59.94 inc:0.400000 diff:-0.200000
2020-09-24
20:03:51.734 T:1937461264   DEBUG: CMMALRenderer::RenderUpdate - MMAL: clear:0 flags:0 alpha:255 source:0 omvb:0x540d79c8 mmal:0x579a9220 mflags:0 skipping
2020-09-24
20:03:51.738 T:1370170240   DEBUG: CMMALPool::Configure pool:0x547da3e0 1280x720 (1344x720) pix:-1 size:0 fmt:I42S
2020-09-24
20:03:51.738 T:1370170240   DEBUG: CAddonVideoCodec: GetPicture::VC_PICTURE with pts 6548208 1280x720 (1280x720) 1.777778 0x4cb6f000:1452864 offset:0,967680,968352, stride:1344,1344,1344
2020-09-24
20:03:51.750 T:1282691968   DEBUG: CMMALRenderer::Process - debug vsync:2768707 queue:1 fps:23.98/23.98/59.94 inc:0.400000 diff:0.200000
2020-09-24
20:03:51.751 T:1282691968   DEBUG: CMMALRenderer::Process - omvb:0x540d79c8 mmal:0x579a9220 vsync:2768707 queue:0 diff:-0.800000
2020-09-24
20:03:51.752 T:1937461264   DEBUG: CMMALRenderer::Update
2020-09-24
20:03:51.758 T:1937461264   DEBUG: CMMALRenderer::RenderUpdate - MMAL: clear:0 flags:0 alpha:255 source:1 omvb:0x498df1c8 mmal:0x579a9048 mflags:0 len:1451520 data:0x1196 enc:I42S
2020-09-24
20:03:51.758 T:1927279488   DEBUG: CLibInputPointer::ProcessMotionAbsolute - event.type: 3, event.motion.x: 213, event.motion.y: 685
2020-09-24
20:03:51.767 T:1282691968   DEBUG: CMMALRenderer::Process - debug vsync:2768708 queue:1 fps:23.98/23.98/59.94 inc:0.400000 diff:-0.400000
2020-09-24
20:03:51.767 T:1937461264   DEBUG: CMMALRenderer::RenderUpdate - MMAL: clear:0 flags:0 alpha:255 source:1 omvb:0x498df1c8 mmal:0x579a9048 mflags:0 skipping
2020-09-24
20:03:51.784 T:1282691968   DEBUG: CMMALRenderer::Process - debug vsync:2768709 queue:1 fps:23.98/23.98/59.94 inc:0.400000 diff:0.000000
2020-09-24
20:03:51.784 T:1282691968   DEBUG: CMMALRenderer::Process - omvb:0x498df1c8 mmal:0x579a9048 vsync:2768709 queue:0 diff:-1.000000
2020-09-24
20:03:51.784 T:1937461264   DEBUG: CMMALRenderer::RenderUpdate - MMAL: clear:0 flags:0 alpha:255 source:2 omvb:0x59c6ca20 mmal:0x579a93f8 mflags:0 len:1451520 data:0x1150 enc:I42S
2020-09-24
20:03:51.787 T:1370170240   DEBUG: CMMALPool::Configure pool:0x547da3e0 1280x720 (1344x720) pix:-1 size:0 fmt:I42S
2020-09-24
20:03:51.787 T:1370170240   DEBUG: CAddonVideoCodec: GetPicture::VC_PICTURE with pts 6589916 1280x720 (1280x720) 1.777778 0x4ca0c000:1452864 offset:0,967680,968352, stride:1344,1344,1344
2020-09-24
20:03:51.801 T:1282691968   DEBUG: CMMALRenderer::Process - debug vsync:2768710 queue:1 fps:23.98/23.98/59.94 inc:0.400000 diff:-0.600000
2020-09-24
20:03:51.801 T:1937461264   DEBUG: CMMALRenderer::RenderUpdate - MMAL: clear:0 flags:0 alpha:255 source:2 omvb:0x59c6ca20 mmal:0x579a93f8 mflags:0 skipping
2020-09-24
20:03:51.808 T:1927279488   DEBUG: CLibInputPointer::ProcessMotionAbsolute - event.type: 3, event.motion.x: 211, event.motion.y: 685
2020-09-24
20:03:51.817 T:1282691968   DEBUG: CMMALRenderer::Process - debug vsync:2768711 queue:1 fps:23.98/23.98/59.94 inc:0.400000 diff:-0.200000
2020-09-24
20:03:51.818 T:1937461264   DEBUG: CMMALRenderer::RenderUpdate - MMAL: clear:0 flags:0 alpha:255 source:2 omvb:0x59c6ca20 mmal:0x579a93f8 mflags:0 skipping
2020-09-24
20:03:51.823 T:1370170240   DEBUG: CMMALPool::Configure pool:0x547da3e0 1280x720 (1344x720) pix:-1 size:0 fmt:I42S
2020-09-24
20:03:51.823 T:1370170240   DEBUG: CAddonVideoCodec: GetPicture::VC_PICTURE with pts 6631625 1280x720 (1280x720) 1.777778 0x4c8a9000:1452864 offset:0,967680,968352, stride:1344,1344,1344
2020-09-24
20:03:51.834 T:1282691968   DEBUG: CMMALRenderer::Process - debug vsync:2768712 queue:1 fps:23.98/23.98/59.94 inc:0.400000 diff:0.200000
2020-09-24
20:03:51.834 T:1282691968   DEBUG: CMMALRenderer::Process - omvb:0x59c6ca20 mmal:0x579a93f8 vsync:2768712 queue:0 diff:-0.800000
2020-09-24
20:03:51.834 T:1937461264   DEBUG: CMMALRenderer::RenderUpdate - MMAL: clear:0 flags:0 alpha:255 source:3 omvb:0x57930c48 mmal:0x579a95d0 mflags:0 len:1451520 data:0x4ed enc:I42S
2020-09-24
20:03:51.851 T:1282691968   DEBUG: CMMALRenderer::Process - debug vsync:2768713 queue:1 fps:23.98/23.98/59.94 inc:0.400000 diff:-0.400000
2020-09-24
20:03:51.851 T:1937461264   DEBUG: CMMALRenderer::RenderUpdate - MMAL: clear:0 flags:0 alpha:255 source:3 omvb:0x57930c48 mmal:0x579a95d0 mflags:0 skipping
2020-09-24
20:03:51.867 T:1282691968   DEBUG: CMMALRenderer::Process - debug vsync:2768714 queue:1 fps:23.98/23.98/59.94 inc:0.400000 diff:0.000000
2020-09-24
20:03:51.868 T:1282691968   DEBUG: CMMALRenderer::Process - omvb:0x57930c48 mmal:0x579a95d0 vsync:2768714 queue:0 diff:-1.000000
2020-09-24
20:03:51.870 T:1937461264   DEBUG: CMMALRenderer::Update
2020-09-24
20:03:51.872 T:1370170240   DEBUG: CMMALPool::Configure pool:0x547da3e0 1280x720 (1344x720) pix:-1 size:0 fmt:I42S
2020-09-24
20:03:51.872 T:1370170240   DEBUG: CAddonVideoCodec: GetPicture::VC_PICTURE with pts 6673333 1280x720 (1280x720) 1.777778 0x4b311000:1452864 offset:0,967680,968352, stride:1344,1344,1344
2020-09-24
20:03:51.879 T:1937461264   DEBUG: CMMALRenderer::RenderUpdate - MMAL: clear:0 flags:0 alpha:255 source:4 omvb:0x5478f478 mmal:0x579a97a8 mflags:0 len:1451520 data:0x1019 enc:I42S
2020-09-24
20:03:51.884 T:1282691968   DEBUG: CMMALRenderer::Process - debug vsync:2768715 queue:1 fps:23.98/23.98/59.94 inc:0.400000 diff:-0.600000
2020-09-24
20:03:51.884 T:1937461264   DEBUG: CMMALRenderer::RenderUpdate - MMAL: clear:0 flags:0 alpha:255 source:4 omvb:0x5478f478 mmal:0x579a97a8 mflags:0 skipping
2020-09-24
20:03:51.890 T:1370170240   DEBUG: CMMALPool::Configure pool:0x547da3e0 1280x720 (1344x720) pix:-1 size:0 fmt:I42S
2020-09-24
20:03:51.891 T:1370170240   DEBUG: CAddonVideoCodec: GetPicture::VC_PICTURE with pts 6715041 1280x720 (1280x720) 1.777778 0x4c746000:1452864 offset:0,967680,968352, stride:1344,1344,1344
2020-09-24
20:03:51.901 T:1282691968   DEBUG: CMMALRenderer::Process - debug vsync:2768716 queue:1 fps:23.98/23.98/59.94 inc:0.400000 diff:-0.200000
2020-09-24
20:03:51.901 T:1937461264   DEBUG: CMMALRenderer::RenderUpdate - MMAL: clear:0 flags:0 alpha:255 source:4 omvb:0x5478f478 mmal:0x579a97a8 mflags:0 skipping
2020-09-24
20:03:51.909 T:1927279488   DEBUG: CLibInputPointer::ProcessMotionAbsolute - event.type: 3, event.motion.x: 211, event.motion.y: 687
2020-09-24
20:03:51.910 T:1927279488   DEBUG: libinput: event0  - debounce state: DEBOUNCE_STATE_IS_UP  DEBOUNCE_EVENT_PRESS  DEBOUNCE_STATE_DOWN_WAITING
2020-09-24
20:03:51.910 T:1927279488   DEBUG: CLibInputPointer::ProcessButton - event.type: 4, event.button.button: 3, event.button.x: 211, event.button.y: 687
2020-09-24
20:03:51.917 T:1282691968   DEBUG: CMMALRenderer::Process - debug vsync:2768717 queue:1 fps:23.98/23.98/59.94 inc:0.400000 diff:0.200000
2020-09-24
20:03:51.917 T:1282691968   DEBUG: CMMALRenderer::Process - omvb:0x5478f478 mmal:0x579a97a8 vsync:2768717 queue:0 diff:-0.800000
2020-09-24
20:03:51.917 T:1937461264   DEBUG: CMMALRenderer::RenderUpdate - MMAL: clear:0 flags:0 alpha:255 source:5 omvb:0x710bd050 mmal:0x579a9980 mflags:0 len:1451520 data:0x10e0 enc:I42S
2020-09-24
20:03:51.932 T:1927279488   DEBUG: CLibInputPointer::ProcessMotionAbsolute - event.type: 3, event.motion.x: 210, event.motion.y: 687
2020-09-24
20:03:51.934 T:1282691968   DEBUG: CMMALRenderer::Process - debug vsync:2768718 queue:1 fps:23.98/23.98/59.94 inc:0.400000 diff:-0.400000
2020-09-24
20:03:51.934 T:1937461264   DEBUG: CMMALRenderer::RenderUpdate - MMAL: clear:0 flags:0 alpha:255 source:5 omvb:0x710bd050 mmal:0x579a9980 mflags:0 skipping
2020-09-24
20:03:51.935 T:1927279488   DEBUG: libinput: event0  - debounce state: DEBOUNCE_STATE_DOWN_WAITING  DEBOUNCE_EVENT_TIMEOUT  DEBOUNCE_STATE_IS_DOWN
2020-09-24
20:03:51.951 T:1282691968   DEBUG: CMMALRenderer::Process - debug vsync:2768719 queue:1 fps:23.98/23.98/59.94 inc:0.400000 diff:0.000000
2020-09-24
20:03:51.951 T:1282691968   DEBUG: CMMALRenderer::Process - omvb:0x710bd050 mmal:0x579a9980 vsync:2768719 queue:0 diff:-1.000000
2020-09-24
20:03:51.951 T:1937461264   DEBUG: CMMALRenderer::RenderUpdate - MMAL: clear:0 flags:0 alpha:255 source:0 omvb:0x547793e0 mmal:0x579a9b58 mflags:0 len:1451520 data:0x10d8 enc:I42S
2020-09-24
20:03:51.954 T:1370170240   DEBUG: CMMALPool::Configure pool:0x547da3e0 1280x720 (1344x720) pix:-1 size:0 fmt:I42S
2020-09-24
20:03:51.954 T:1370170240   DEBUG: CAddonVideoCodec: GetPicture::VC_PICTURE with pts 6756750 1280x720 (1280x720) 1.777778 0x4bde2000:1452864 offset:0,967680,968352, stride:1344,1344,1344
2020-09-24
20:03:51.967 T:1282691968   DEBUG: CMMALRenderer::Process - debug vsync:2768720 queue:1 fps:23.98/23.98/59.94 inc:0.400000 diff:-0.600000
2020-09-24
20:03:51.967 T:1937461264   DEBUG: CMMALRenderer::RenderUpdate - MMAL: clear:0 flags:0 alpha:255 source:0 omvb:0x547793e0 mmal:0x579a9b58 mflags:0 skipping
2020-09-24
20:03:51.972 T:1370170240   DEBUG: CMMALPool::Configure pool:0x547da3e0 1280x720 (1344x720) pix:-1 size:0 fmt:I42S
2020-09-24
20:03:51.972 T:1370170240   DEBUG: CAddonVideoCodec: GetPicture::VC_PICTURE with pts 6798458 1280x720 (1280x720) 1.777778 0x4b89d000:1452864 offset:0,967680,968352, stride:1344,1344,1344
2020-09-24
20:03:51.984 T:1282691968   DEBUG: CMMALRenderer::Process - debug vsync:2768721 queue:1 fps:23.98/23.98/59.94 inc:0.400000 diff:-0.200000
2020-09-24
20:03:51.986 T:1937461264   DEBUG: CMMALRenderer::Update
2020-09-24
20:03:51.993 T:1937461264   DEBUG: CMMALRenderer::RenderUpdate - MMAL: clear:0 flags:0 alpha:255 source:0 omvb:0x547793e0 mmal:0x579a9b58 mflags:0 skipping
2020-09-24
20:03:52.002 T:1937461264   DEBUG: CMMALRenderer::RenderUpdate - MMAL: clear:0 flags:0 alpha:255 source:1 omvb:0x5ffa4fc0 mmal:0x579a6d40 mflags:0 len:1451520 data:0x6b6 enc:I42S
2020-09-24
20:03:52.003 T:1282691968   DEBUG: CMMALRenderer::Process - debug vsync:2768722 queue:2 fps:23.98/23.98/59.94 inc:0.400000 diff:0.200000
2020-09-24
20:03:52.003 T:1282691968   DEBUG: CMMALRenderer::Process - omvb:0x547793e0 mmal:0x579a9b58 vsync:2768722 queue:1 diff:-0.800000
2020-09-24
20:03:52.017 T:1282691968   DEBUG: CMMALRenderer::Process - debug vsync:2768723 queue:1 fps:23.98/23.98/59.94 inc:0.400000 diff:-0.400000
2020-09-24
20:03:52.018 T:1937461264   DEBUG: CMMALRenderer::RenderUpdate - MMAL: clear:0 flags:0 alpha:255 source:1 omvb:0x5ffa4fc0 mmal:0x579a6d40 mflags:0 skipping
2020-09-24
20:03:52.018 T:1927279488   DEBUG: libinput: event0  - debounce state: DEBOUNCE_STATE_IS_DOWN  DEBOUNCE_EVENT_RELEASE  DEBOUNCE_STATE_RELEASE_WAITING
2020-09-24
20:03:52.018 T:1927279488   DEBUG: CLibInputPointer::ProcessButton - event.type: 5, event.button.button: 3, event.button.x: 210, event.button.y: 687
2020-09-24
20:03:52.030 T:1927279488   DEBUG: libinput: event0  - debounce state: DEBOUNCE_STATE_RELEASE_WAITING  DEBOUNCE_EVENT_TIMEOUT_SHORT  DEBOUNCE_STATE_RELEASED
2020-09-24
20:03:52.034 T:1282691968   DEBUG: CMMALRenderer::Process - debug vsync:2768724 queue:1 fps:23.98/23.98/59.94 inc:0.400000 diff:0.000000
2020-09-24
20:03:52.034 T:1282691968   DEBUG: CMMALRenderer::Process - omvb:0x5ffa4fc0 mmal:0x579a6d40 vsync:2768724 queue:0 diff:-1.000000
2020-09-24
20:03:52.034 T:1937461264   DEBUG: ProcessMouse: trying mouse action rightclick
2020-09-24
20:03:52.034 T:1937461264   DEBUG: CMMALRenderer::RenderUpdate - MMAL: clear:0 flags:0 alpha:255 source:2 omvb:0x4bcc85b0 mmal:0x579a6f18 mflags:0 len:1451520 data:0x9b1 enc:I42S
2020-09-24
20:03:52.037 T:1370170240   DEBUG: CMMALPool::Configure pool:0x547da3e0 1280x720 (1344x720) pix:-1 size:0 fmt:I42S
2020-09-24
20:03:52.037 T:1370170240   DEBUG: CAddonVideoCodec: GetPicture::VC_PICTURE with pts 6840166 1280x720 (1280x720) 1.777778 0x4b5d7000:1452864 offset:0,967680,968352, stride:1344,1344,1344
2020-09-24
20:03:52.043 T:1927279488   DEBUG: libinput: event0  - debounce state: DEBOUNCE_STATE_RELEASED  DEBOUNCE_EVENT_TIMEOUT  DEBOUNCE_STATE_IS_UP
2020-09-24
20:03:52.051 T:1282691968   DEBUG: CMMALRenderer::Process - debug vsync:2768725 queue:1 fps:23.98/23.98/59.94 inc:0.400000 diff:-0.600000
2020-09-24
20:03:52.051 T:1937461264   DEBUG: CMMALRenderer::RenderUpdate - MMAL: clear:0 flags:0 alpha:255 source:2 omvb:0x4bcc85b0 mmal:0x579a6f18 mflags:0 skipping
2020-09-24
20:03:52.067 T:1282691968   DEBUG: CMMALRenderer::Process - debug vsync:2768726 queue:1 fps:23.98/23.98/59.94 inc:0.400000 diff:-0.200000
2020-09-24
20:03:52.067 T:1937461264   DEBUG: CMMALRenderer::RenderUpdate - MMAL: clear:0 flags:0 alpha:255 source:2 omvb:0x4bcc85b0 mmal:0x579a6f18 mflags:0 skipping
2020-09-24
20:03:52.084 T:1282691968   DEBUG: CMMALRenderer::Process - debug vsync:2768727 queue:1 fps:23.98/23.98/59.94 inc:0.400000 diff:0.200000
2020-09-24
20:03:52.084 T:1282691968   DEBUG: CMMALRenderer::Process - omvb:0x4bcc85b0 mmal:0x579a6f18 vsync:2768727 queue:0 diff:-0.800000
2020-09-24
20:03:52.084 T:1937461264   DEBUG: CMMALRenderer::RenderUpdate - MMAL: clear:0 flags:0 alpha:255 source:3 omvb:0x6ad76b88 mmal:0x579a70f0 mflags:0 len:1451520 data:0x9db enc:I42S
2020-09-24
20:03:52.091 T:1370170240   DEBUG: CMMALPool::Configure pool:0x547da3e0 1280x720 (1344x720) pix:-1 size:0 fmt:I42S
2020-09-24
20:03:52.091 T:1370170240   DEBUG: CAddonVideoCodec: GetPicture::VC_PICTURE with pts 6881874 1280x720 (1280x720) 1.777778 0x4b73a000:1452864 offset:0,967680,968352, stride:1344,1344,1344
2020-09-24
20:03:52.101 T:1282691968   DEBUG: CMMALRenderer::Process - debug vsync:2768728 queue:1 fps:23.98/23.98/59.94 inc:0.400000 diff:-0.400000
2020-09-24
20:03:52.103 T:1937461264   DEBUG: CMMALRenderer::Update
2020-09-24
20:03:52.107 T:1370170240   DEBUG: CMMALPool::Configure pool:0x547da3e0 1280x720 (1344x720) pix:-1 size:0 fmt:I42S
2020-09-24
20:03:52.108 T:1370170240   DEBUG: CAddonVideoCodec: GetPicture::VC_PICTURE with pts 6923583 1280x720 (1280x720) 1.777778 0x4d29c000:1452864 offset:0,967680,968352, stride:1344,1344,1344
2020-09-24
20:03:52.108 T:1937461264   DEBUG: CMMALRenderer::RenderUpdate - MMAL: clear:0 flags:0 alpha:255 source:3 omvb:0x6ad76b88 mmal:0x579a70f0 mflags:0 skipping
2020-09-24
20:03:52.117 T:1282691968   DEBUG: CMMALRenderer::Process - debug vsync:2768729 queue:1 fps:23.98/23.98/59.94 inc:0.400000 diff:0.000000
2020-09-24
20:03:52.118 T:1282691968   DEBUG: CMMALRenderer::Process - omvb:0x6ad76b88 mmal:0x579a70f0 vsync:2768729 queue:0 diff:-1.000000
2020-09-24
20:03:52.118 T:1937461264   DEBUG: CMMALRenderer::RenderUpdate - MMAL: clear:0 flags:0 alpha:255 source:4 omvb:0x5a85ec80 mmal:0x579a72c8 mflags:0 len:1451520 data:0xc81 enc:I42S
2020-09-24
20:03:52.134 T:1282691968   DEBUG: CMMALRenderer::Process - debug vsync:2768730 queue:1 fps:23.98/23.98/59.94 inc:0.400000 diff:-0.600000
2020-09-24
20:03:52.134 T:1937461264   DEBUG: CMMALRenderer::RenderUpdate - MMAL: clear:0 flags:0 alpha:255 source:4 omvb:0x5a85ec80 mmal:0x579a72c8 mflags:0 skipping
2020-09-24
20:03:52.143 T:1370170240   DEBUG: CMMALPool::Configure pool:0x547da3e0 1280x720 (1344x720) pix:-1 size:0 fmt:I42S
2020-09-24
20:03:52.143 T:1370170240   DEBUG: CAddonVideoCodec: GetPicture::VC_PICTURE with pts 6965291 1280x720 (1280x720) 1.777778 0x4b474000:1452864 offset:0,967680,968352, stride:1344,1344,1344
2020-09-24
20:03:52.152 T:1282691968   DEBUG: CMMALRenderer::Process - debug vsync:2768731 queue:1 fps:23.98/23.98/59.94 inc:0.400000 diff:-0.200000
2020-09-24
20:03:52.152 T:1937461264   DEBUG: CMMALRenderer::RenderUpdate - MMAL: clear:0 flags:0 alpha:255 source:4 omvb:0x5a85ec80 mmal:0x579a72c8 mflags:0 skipping
2020-09-24
20:03:52.167 T:1282691968   DEBUG: CMMALRenderer::Process - debug vsync:2768732 queue:1 fps:23.98/23.98/59.94 inc:0.400000 diff:0.200000
2020-09-24
20:03:52.168 T:1282691968   DEBUG: CMMALRenderer::Process - omvb:0x5a85ec80 mmal:0x579a72c8 vsync:2768732 queue:0 diff:-0.800000
2020-09-24
20:03:52.168 T:1937461264   DEBUG: CMMALRenderer::RenderUpdate - MMAL: clear:0 flags:0 alpha:255 source:5 omvb:0x54797440 mmal:0x579a74a0 mflags:0 len:1451520 data:0xd9a enc:I42S
2020-09-24
20:03:52.184 T:1282691968   DEBUG: CMMALRenderer::Process - debug vsync:2768733 queue:1 fps:23.98/23.98/59.94 inc:0.400000 diff:-0.400000
2020-09-24
20:03:52.184 T:1937461264   DEBUG: CMMALRenderer::RenderUpdate - MMAL: clear:0 flags:0 alpha:255 source:5 omvb:0x54797440 mmal:0x579a74a0 mflags:0 skipping
2020-09-24
20:03:52.188 T:1370170240   DEBUG: CMMALPool::Configure pool:0x547da3e0 1280x720 (1344x720) pix:-1 size:0 fmt:I42S
2020-09-24
20:03:52.188 T:1370170240   DEBUG: CAddonVideoCodec: GetPicture::VC_PICTURE with pts 7006999 1280x720 (1280x720) 1.777778 0x4ce35000:1452864 offset:0,967680,968352, stride:1344,1344,1344
2020-09-24
20:03:52.204 T:1282691968   DEBUG: CMMALRenderer::Process - debug vsync:2768734 queue:1 fps:23.98/23.98/59.94 inc:0.400000 diff:0.000000
2020-09-24
20:03:52.204 T:1282691968   DEBUG: CMMALRenderer::Process - omvb:0x54797440 mmal:0x579a74a0 vsync:2768734 queue:0 diff:-1.000000
2020-09-24
20:03:52.204 T:1937461264   DEBUG: CMMALRenderer::RenderUpdate - MMAL: clear:0 flags:0 alpha:255 source:0 omvb:0x5799fa00 mmal:0x579a7678 mflags:0 len:1451520 data:0xd9b enc:I42S
2020-09-24
20:03:52.217 T:1282691968   DEBUG: CMMALRenderer::Process - debug vsync:2768735 queue:1 fps:23.98/23.98/59.94 inc:0.400000 diff:-0.600000
2020-09-24
20:03:52.220 T:1937461264   DEBUG: CMMALRenderer::Update
2020-09-24
20:03:52.225 T:1370170240   DEBUG: CMMALPool::Configure pool:0x547da3e0 1280x720 (1344x720) pix:-1 size:0 fmt:I42S
2020-09-24
20:03:52.226 T:1370170240   DEBUG: CAddonVideoCodec: GetPicture::VC_PICTURE with pts 7048708 1280x720 (1280x720) 1.777778 0x4ccd2000:1452864 offset:0,967680,968352, stride:1344,1344,1344
2020-09-24
20:03:52.229 T:1937461264   DEBUG: CMMALRenderer::RenderUpdate - MMAL: clear:0 flags:0 alpha:255 source:0 omvb:0x5799fa00 mmal:0x579a7678 mflags:0 skipping
2020-09-24
20:03:52.234 T:1282691968   DEBUG: CMMALRenderer::Process - debug vsync:2768736 queue:1 fps:23.98/23.98/59.94 inc:0.400000 diff:-0.200000
2020-09-24
20:03:52.234 T:1937461264   DEBUG: CMMALRenderer::RenderUpdate - MMAL: clear:0 flags:0 alpha:255 source:0 omvb:0x5799fa00 mmal:0x579a7678 mflags:0 skipping
2020-09-24
20:03:52.251 T:1282691968   DEBUG: CMMALRenderer::Process - debug vsync:2768737 queue:1 fps:23.98/23.98/59.94 inc:0.400000 diff:0.200000
2020-09-24
20:03:52.251 T:1282691968   DEBUG: CMMALRenderer::Process - omvb:0x5799fa00 mmal:0x579a7678 vsync:2768737 queue:0 diff:-0.800000
2020-09-24
20:03:52.251 T:1937461264   DEBUG: CMMALRenderer::RenderUpdate - MMAL: clear:0 flags:0 alpha:255 source:1 omvb:0x540d79c8 mmal:0x579a7850 mflags:0 len:1451520 data:0x1197 enc:I42S
2020-09-24
20:03:52.268 T:1282691968   DEBUG: CMMALRenderer::Process - debug vsync:2768738 queue:1 fps:23.98/23.98/59.94 inc:0.400000 diff:-0.400000
2020-09-24
20:03:52.268 T:1937461264   DEBUG: CMMALRenderer::RenderUpdate - MMAL: clear:0 flags:0 alpha:255 source:1 omvb:0x540d79c8 mmal:0x579a7850 mflags:0 skipping
2020-09-24
20:03:52.284 T:1282691968   DEBUG: CMMALRenderer::Process - debug vsync:2768739 queue:1 fps:23.98/23.98/59.94 inc:0.400000 diff:0.000000
2020-09-24
20:03:52.284 T:1282691968   DEBUG: CMMALRenderer::Process - omvb:0x540d79c8 mmal:0x579a7850 vsync:2768739 queue:0 diff:-1.000000
2020-09-24
20:03:52.284 T:1937461264   DEBUG: CMMALRenderer::RenderUpdate - MMAL: clear:0 flags:0 alpha:255 source:2 omvb:0x498df1c8 mmal:0x579a7a28 mflags:0 len:1451520 data:0x1196 enc:I42S
2020-09-24
20:03:52.288 T:1370170240   DEBUG: CMMALPool::Configure pool:0x547da3e0 1280x720 (1344x720) pix:-1 size:0 fmt:I42S
2020-09-24
20:03:52.288 T:1370170240   DEBUG: CAddonVideoCodec: GetPicture::VC_PICTURE with pts 7090416 1280x720 (1280x720) 1.777778 0x4cb6f000:1452864 offset:0,967680,968352, stride:1344,1344,1344
2020-09-24
20:03:52.301 T:1282691968   DEBUG: CMMALRenderer::Process - debug vsync:2768740 queue:1 fps:23.98/23.98/59.94 inc:0.400000 diff:-0.600000
2020-09-24
20:03:52.301 T:1937461264   DEBUG: CMMALRenderer::RenderUpdate - MMAL: clear:0 flags:0 alpha:255 source:2 omvb:0x498df1c8 mmal:0x579a7a28 mflags:0 skipping
2020-09-24
20:03:52.318 T:1282691968   DEBUG: CMMALRenderer::Process - debug vsync:2768741 queue:1 fps:23.98/23.98/59.94 inc:0.400000 diff:-0.200000
2020-09-24
20:03:52.318 T:1937461264   DEBUG: CMMALRenderer::RenderUpdate - MMAL: clear:0 flags:0 alpha:255 source:2 omvb:0x498df1c8 mmal:0x579a7a28 mflags:0 skipping
2020-09-24
20:03:52.321 T:1370170240   DEBUG: CMMALPool::Configure pool:0x547da3e0 1280x720 (1344x720) pix:-1 size:0 fmt:I42S
2020-09-24
20:03:52.322 T:1370170240   DEBUG: CAddonVideoCodec: GetPicture::VC_PICTURE with pts 7132125 1280x720 (1280x720) 1.777778 0x4ca0c000:1452864 offset:0,967680,968352, stride:1344,1344,1344
2020-09-24
20:03:52.334 T:1282691968   DEBUG: CMMALRenderer::Process - debug vsync:2768742 queue:1 fps:23.98/23.98/59.94 inc:0.400000 diff:0.200000
2020-09-24
20:03:52.334 T:1282691968   DEBUG: CMMALRenderer::Process - omvb:0x498df1c8 mmal:0x579a7a28 vsync:2768742 queue:0 diff:-0.800000
2020-09-24
20:03:52.337 T:1937461264   DEBUG: CMMALRenderer::Update
2020-09-24
20:03:52.343 T:1536807808   DEBUG: [plugin.video.netflix (0)] Executing JSON-RPC: {"params": {"playerid": 1, "properties": ["audiostreams", "currentaudiostream", "currentvideostream", "subtitles", "currentsubtitle", "subtitleenabled", "percentage", "time"]}, "jsonrpc": "2.0", "method": "Player.GetProperties", "id": 1}
2020-09-24
20:03:52.346 T:1937461264   DEBUG: CMMALRenderer::RenderUpdate - MMAL: clear:0 flags:0 alpha:255 source:3 omvb:0x59c6ca20 mmal:0x579a7c00 mflags:0 len:1451520 data:0x1150 enc:I42S
2020-09-24
20:03:52.347 T:1927279488   DEBUG: CLibInputPointer::ProcessMotionAbsolute - event.type: 3, event.motion.x: 208, event.motion.y: 694
2020-09-24
20:03:52.347 T:1536807808   DEBUG: [plugin.video.netflix (0)] Notifying all action managers of call_on_tick (data={u'currentaudiostream': {u'index': 2, u'name': u'AAC ', u'language': u'eng', u'channels': 2, u'codec': u'aac', u'bitrate': 131072}, u'currentvideostream': {u'index': 0, u'name': u'', u'language': u'unk', u'height': 720, u'width': 1280, u'codec': u'h264'}, u'elapsed_seconds': 6, u'time': {u'hours': 0, u'seconds': 6, u'minutes': 0, u'milliseconds': 755}, u'subtitleenabled': True, u'percentage': 0.21560804545879364, u'currentsubtitle': {u'index': 2, u'name': u'', u'language': u'eng'}, u'audiostreams': [{u'index': 0, u'name': u'AAC ', u'language': u'ger', u'channels': 2, u'codec': u'aac', u'bitrate': 131072}, {u'index': 1, u'name': u'AAC ', u'language': u'eng', u'channels': 2, u'codec': u'aac', u'bitrate': 131072}, {u'index': 2, u'name': u'AAC ', u'language': u'eng', u'channels': 2, u'codec': u'aac', u'bitrate': 131072}, {u'index': 3, u'name': u'AAC ', u'language': u'spa', u'channels': 2, u'codec': u'aac', u'bitrate': 131072}, {u'index': 4, u'name': u'AAC ', u'language': u'es-Spain', u'channels': 2, u'codec': u'aac', u'bitrate': 131072}, {u'index': 5, u'name': u'AAC ', u'language': u'fre', u'channels': 2, u'codec': u'aac', u'bitrate': 131072}, {u'index': 6, u'name': u'AAC ', u'language': u'ita', u'channels': 2, u'codec': u'aac', u'bitrate': 131072}], u'subtitles': [{u'index': 0, u'name': u'', u'language': u'ara'}, {u'index': 1, u'name': u'', u'language': u'ger'}, {u'index': 2, u'name': u'', u'language': u'eng'}, {u'index': 3, u'name': u'', u'language': u'eng'}, {u'index': 4, u'name': u'', u'language': u'spa'}, {u'index': 5, u'name': u'', u'language': u'es-Spain'}, {u'index': 6, u'name': u'', u'language': u'es-Spain'}, {u'index': 7, u'name': u'', u'language': u'es-Spain'}, {u'index': 8, u'name': u'', u'language': u'fre'}, {u'index': 9, u'name': u'', u'language': u'fre'}, {u'index': 10, u'name': u'', u'language': u'ita'}, {u'index': 11, u'name': u'', u'language': u'rum'}]})
2020-09-24
20:03:52.351 T:1282691968   DEBUG: CMMALRenderer::Process - debug vsync:2768743 queue:1 fps:23.98/23.98/59.94 inc:0.400000 diff:-0.400000
2020-09-24
20:03:52.351 T:1937461264 WARNING: CGUIWindowManager - HandleAction - ignoring action 107, because topmost modal dialog closing animation is running
2020-09-24
20:03:52.351 T:1937461264   DEBUG: CMMALRenderer::RenderUpdate - MMAL: clear:0 flags:0 alpha:255 source:3 omvb:0x59c6ca20 mmal:0x579a7c00 mflags:0 skipping
2020-09-24
20:03:52.366 T:1927279488   DEBUG: CLibInputPointer::ProcessMotionAbsolute - event.type: 3, event.motion.x: 208, event.motion.y: 697
2020-09-24
20:03:52.367 T:1282691968   DEBUG: CMMALRenderer::Process - debug vsync:2768744 queue:1 fps:23.98/23.98/59.94 inc:0.400000 diff:0.000000
2020-09-24
20:03:52.368 T:1282691968   DEBUG: CMMALRenderer::Process - omvb:0x59c6ca20 mmal:0x579a7c00 vsync:2768744 queue:0 diff:-1.000000
2020-09-24
20:03:52.368 T:1937461264 WARNING: CGUIWindowManager - HandleAction - ignoring action 107, because topmost modal dialog closing animation is running
2020-09-24
20:03:52.368 T:1937461264   DEBUG: CMMALRenderer::RenderUpdate - MMAL: clear:0 flags:0 alpha:255 source:4 omvb:0x57930c48 mmal:0x579a7dd8 mflags:0 len:1451520 data:0x4ed enc:I42S
2020-09-24
20:03:52.371 T:1927279488   DEBUG: CLibInputPointer::ProcessMotionAbsolute - event.type: 3, event.motion.x: 207, event.motion.y: 697
2020-09-24
20:03:52.372 T:1370170240   DEBUG: CMMALPool::Configure pool:0x547da3e0 1280x720 (1344x720) pix:-1 size:0 fmt:I42S
2020-09-24
20:03:52.372 T:1370170240   DEBUG: CAddonVideoCodec: GetPicture::VC_PICTURE with pts 7173833 1280x720 (1280x720) 1.777778 0x4c8a9000:1452864 offset:0,967680,968352, stride:1344,1344,1344
2020-09-24
20:03:52.384 T:1282691968   DEBUG: CMMALRenderer::Process - debug vsync:2768745 queue:1 fps:23.98/23.98/59.94 inc:0.400000 diff:-0.600000
2020-09-24
20:03:52.384 T:1937461264 WARNING: CGUIWindowManager - HandleAction - ignoring action 107, because topmost modal dialog closing animation is running
2020-09-24
20:03:52.385 T:1937461264   DEBUG: CMMALRenderer::RenderUpdate - MMAL: clear:0 flags:0 alpha:255 source:4 omvb:0x57930c48 mmal:0x579a7dd8 mflags:0 skipping
2020-09-24
20:03:52.393 T:1927279488   DEBUG: CLibInputPointer::ProcessMotionAbsolute - event.type: 3, event.motion.x: 207, event.motion.y: 699
2020-09-24
20:03:52.401 T:1282691968   DEBUG: CMMALRenderer::Process - debug vsync:2768746 queue:1 fps:23.98/23.98/59.94 inc:0.400000 diff:-0.200000
2020-09-24
20:03:52.401 T:1937461264 WARNING: CGUIWindowManager - HandleAction - ignoring action 107, because topmost modal dialog closing animation is running
2020-09-24
20:03:52.401 T:1937461264   DEBUG: CMMALRenderer::RenderUpdate - MMAL: clear:0 flags:0 alpha:255 source:4 omvb:0x57930c48 mmal:0x579a7dd8 mflags:0 skipping
2020-09-24
20:03:52.406 T:1370170240   DEBUG: CMMALPool::Configure pool:0x547da3e0 1280x720 (1344x720) pix:-1 size:0 fmt:I42S
2020-09-24
20:03:52.406 T:1370170240   DEBUG: CAddonVideoCodec: GetPicture::VC_PICTURE with pts 7215541 1280x720 (1280x720) 1.777778 0x4b311000:1452864 offset:0,967680,968352, stride:1344,1344,1344
2020-09-24
20:03:52.418 T:1282691968   DEBUG: CMMALRenderer::Process - debug vsync:2768747 queue:1 fps:23.98/23.98/59.94 inc:0.400000 diff:0.200000
2020-09-24
20:03:52.418 T:1282691968   DEBUG: CMMALRenderer::Process - omvb:0x57930c48 mmal:0x579a7dd8 vsync:2768747 queue:0 diff:-0.800000
2020-09-24
20:03:52.418 T:1937461264   DEBUG: CMMALRenderer::RenderUpdate - MMAL: clear:0 flags:0 alpha:255 source:5 omvb:0x5478f478 mmal:0x579a7fb0 mflags:0 len:1451520 data:0x1019 enc:I42S
2020-09-24
20:03:52.418 T:1927279488   DEBUG: CLibInputPointer::ProcessMotionAbsolute - event.type: 3, event.motion.x: 205, event.motion.y: 699
2020-09-24
20:03:52.434 T:1282691968   DEBUG: CMMALRenderer::Process - debug vsync:2768748 queue:1 fps:23.98/23.98/59.94 inc:0.400000 diff:-0.400000
2020-09-24
20:03:52.434 T:1937461264 WARNING: CGUIWindowManager - HandleAction - ignoring action 107, because topmost modal dialog closing animation is running
2020-09-24
20:03:52.435 T:1937461264   DEBUG: CMMALRenderer::RenderUpdate - MMAL: clear:0 flags:0 alpha:255 source:5 omvb:0x5478f478 mmal:0x579a7fb0 mflags:0 skipping
2020-09-24
20:03:52.451 T:1282691968   DEBUG: CMMALRenderer::Process - debug vsync:2768749 queue:1 fps:23.98/23.98/59.94 inc:0.400000 diff:0.000000
2020-09-24
20:03:52.451 T:1282691968   DEBUG: CMMALRenderer::Process - omvb:0x5478f478 mmal:0x579a7fb0 vsync:2768749 queue:0 diff:-1.000000
2020-09-24
20:03:52.454 T:1937461264   DEBUG: CMMALRenderer::Update
2020-09-24
20:03:52.457 T:1370170240   DEBUG: CMMALPool::Configure pool:0x547da3e0 1280x720 (1344x720) pix:-1 size:0 fmt:I42S
2020-09-24
20:03:52.458 T:1370170240   DEBUG: CAddonVideoCodec: GetPicture::VC_PICTURE with pts 7257250 1280x720 (1280x720) 1.777778 0x4c746000:1452864 offset:0,967680,968352, stride:1344,1344,1344
2020-09-24
20:03:52.468 T:1282691968   DEBUG: CMMALRenderer::Process - debug vsync:2768750 queue:0 fps:23.98/23.98/59.94 inc:0.400000 diff:-0.600000
2020-09-24
20:03:52.471 T:1937461264   DEBUG: ------ Window Deinit (VideoOSD.xml) ------
2020-09-24
20:03:52.472 T:1937461264   DEBUG: ------ Window Deinit (DialogSeekBar.xml) ------
2020-09-24
20:03:52.473 T:1937461264   DEBUG: CMMALRenderer::RenderUpdate - MMAL: clear:0 flags:0 alpha:255 source:0 omvb:0x710bd050 mmal:0x579a8188 mflags:0 len:1451520 data:0x10e0 enc:I42S
2020-09-24
20:03:52.473 T:1937461264   DEBUG: CMMALRenderer::RenderUpdate - MMAL: clear:0 flags:0 alpha:255 source:0 omvb:0x710bd050 mmal:0x579a8188 mflags:0 skipping
2020-09-24
20:03:52.484 T:1282691968   DEBUG: CMMALRenderer::Process - debug vsync:2768751 queue:1 fps:23.98/23.98/59.94 inc:0.400000 diff:-0.200000
2020-09-24
20:03:52.485 T:1937461264   DEBUG: CMMALRenderer::RenderUpdate - MMAL: clear:0 flags:0 alpha:255 source:0 omvb:0x710bd050 mmal:0x579a8188 mflags:0 skipping
2020-09-24
20:03:52.485 T:1927279488   DEBUG: CLibInputPointer::ProcessMotionAbsolute - event.type: 3, event.motion.x: 204, event.motion.y: 706
2020-09-24
