20:03:48.815 T:1282691968   DEBUG: CMMALRenderer::Process - debug vsync:2768531 queue:1 fps:23.98/23.98/59.94 inc:0.400000 diff:-0.200000
2020-09-24
20:03:48.816 T:1937461264   DEBUG: CMMALRenderer::RenderUpdate - MMAL: clear:0 flags:0 alpha:255 source:2 omvb:0x4bcc85b0 mmal:0x579a6f18 mflags:0 skipping
2020-09-24
20:03:48.827 T:1370170240   DEBUG: CMMALPool::Configure pool:0x547da3e0 1280x720 (1344x720) pix:-1 size:0 fmt:I42S
2020-09-24
20:03:48.827 T:1370170240   DEBUG: CAddonVideoCodec: GetPicture::VC_PICTURE with pts 3628625 1280x720 (1280x720) 1.777778 0x4b73a000:1452864 offset:0,967680,968352, stride:1344,1344,1344
2020-09-24
20:03:48.832 T:1282691968   DEBUG: CMMALRenderer::Process - debug vsync:2768532 queue:1 fps:23.98/23.98/59.94 inc:0.400000 diff:0.200000
2020-09-24
20:03:48.832 T:1282691968   DEBUG: CMMALRenderer::Process - omvb:0x4bcc85b0 mmal:0x579a6f18 vsync:2768532 queue:0 diff:-0.800000
2020-09-24
20:03:48.832 T:1937461264   DEBUG: CMMALRenderer::RenderUpdate - MMAL: clear:0 flags:0 alpha:255 source:3 omvb:0x6ad76b88 mmal:0x579a70f0 mflags:0 len:1451520 data:0x9db enc:I42S
2020-09-24
20:03:48.848 T:1282691968   DEBUG: CMMALRenderer::Process - debug vsync:2768533 queue:1 fps:23.98/23.98/59.94 inc:0.400000 diff:-0.400000
2020-09-24
20:03:48.849 T:1937461264   DEBUG: CMMALRenderer::RenderUpdate - MMAL: clear:0 flags:0 alpha:255 source:3 omvb:0x6ad76b88 mmal:0x579a70f0 mflags:0 skipping
2020-09-24
20:03:48.865 T:1282691968   DEBUG: CMMALRenderer::Process - debug vsync:2768534 queue:1 fps:23.98/23.98/59.94 inc:0.400000 diff:0.000000
2020-09-24
20:03:48.865 T:1282691968   DEBUG: CMMALRenderer::Process - omvb:0x6ad76b88 mmal:0x579a70f0 vsync:2768534 queue:0 diff:-1.000000
2020-09-24
20:03:48.865 T:1937461264   DEBUG: CMMALRenderer::RenderUpdate - MMAL: clear:0 flags:0 alpha:255 source:4 omvb:0x5a85ec80 mmal:0x579a72c8 mflags:0 len:1451520 data:0xc81 enc:I42S
2020-09-24
20:03:48.875 T:1370170240   DEBUG: CMMALPool::Configure pool:0x547da3e0 1280x720 (1344x720) pix:-1 size:0 fmt:I42S
2020-09-24
20:03:48.875 T:1370170240   DEBUG: CAddonVideoCodec: GetPicture::VC_PICTURE with pts 3670333 1280x720 (1280x720) 1.777778 0x4d29c000:1452864 offset:0,967680,968352, stride:1344,1344,1344
2020-09-24
20:03:48.882 T:1282691968   DEBUG: CMMALRenderer::Process - debug vsync:2768535 queue:1 fps:23.98/23.98/59.94 inc:0.400000 diff:-0.600000
2020-09-24
20:03:48.882 T:1937461264   DEBUG: CMMALRenderer::RenderUpdate - MMAL: clear:0 flags:0 alpha:255 source:4 omvb:0x5a85ec80 mmal:0x579a72c8 mflags:0 skipping
2020-09-24
20:03:48.898 T:1282691968   DEBUG: CMMALRenderer::Process - debug vsync:2768536 queue:1 fps:23.98/23.98/59.94 inc:0.400000 diff:-0.200000
2020-09-24
20:03:48.901 T:1937461264   DEBUG: CMMALRenderer::Update
2020-09-24
20:03:48.909 T:1370170240   DEBUG: CMMALPool::Configure pool:0x547da3e0 1280x720 (1344x720) pix:-1 size:0 fmt:I42S
2020-09-24
20:03:48.909 T:1370170240   DEBUG: CAddonVideoCodec: GetPicture::VC_PICTURE with pts 3712041 1280x720 (1280x720) 1.777778 0x4b474000:1452864 offset:0,967680,968352, stride:1344,1344,1344
2020-09-24
20:03:48.910 T:1937461264   DEBUG: CMMALRenderer::RenderUpdate - MMAL: clear:0 flags:0 alpha:255 source:4 omvb:0x5a85ec80 mmal:0x579a72c8 mflags:0 skipping
2020-09-24
20:03:48.915 T:1282691968   DEBUG: CMMALRenderer::Process - debug vsync:2768537 queue:1 fps:23.98/23.98/59.94 inc:0.400000 diff:0.200000
2020-09-24
20:03:48.915 T:1282691968   DEBUG: CMMALRenderer::Process - omvb:0x5a85ec80 mmal:0x579a72c8 vsync:2768537 queue:0 diff:-0.800000
2020-09-24
20:03:48.915 T:1937461264   DEBUG: CMMALRenderer::RenderUpdate - MMAL: clear:0 flags:0 alpha:255 source:5 omvb:0x54797440 mmal:0x579a74a0 mflags:0 len:1451520 data:0xd9a enc:I42S
2020-09-24
20:03:48.932 T:1282691968   DEBUG: CMMALRenderer::Process - debug vsync:2768538 queue:1 fps:23.98/23.98/59.94 inc:0.400000 diff:-0.400000
2020-09-24
20:03:48.932 T:1937461264   DEBUG: CMMALRenderer::RenderUpdate - MMAL: clear:0 flags:0 alpha:255 source:5 omvb:0x54797440 mmal:0x579a74a0 mflags:0 skipping
2020-09-24
20:03:48.949 T:1282691968   DEBUG: CMMALRenderer::Process - debug vsync:2768539 queue:1 fps:23.98/23.98/59.94 inc:0.400000 diff:0.000000
2020-09-24
20:03:48.949 T:1282691968   DEBUG: CMMALRenderer::Process - omvb:0x54797440 mmal:0x579a74a0 vsync:2768539 queue:0 diff:-1.000000
2020-09-24
20:03:48.949 T:1937461264   DEBUG: CMMALRenderer::RenderUpdate - MMAL: clear:0 flags:0 alpha:255 source:0 omvb:0x5799fa00 mmal:0x579a7678 mflags:0 len:1451520 data:0xd9b enc:I42S
2020-09-24
20:03:48.958 T:1370170240   DEBUG: CMMALPool::Configure pool:0x547da3e0 1280x720 (1344x720) pix:-1 size:0 fmt:I42S
2020-09-24
20:03:48.959 T:1370170240   DEBUG: CAddonVideoCodec: GetPicture::VC_PICTURE with pts 3753750 1280x720 (1280x720) 1.777778 0x4ce35000:1452864 offset:0,967680,968352, stride:1344,1344,1344
2020-09-24
20:03:48.965 T:1282691968   DEBUG: CMMALRenderer::Process - debug vsync:2768540 queue:1 fps:23.98/23.98/59.94 inc:0.400000 diff:-0.600000
2020-09-24
20:03:48.965 T:1937461264   DEBUG: CMMALRenderer::RenderUpdate - MMAL: clear:0 flags:0 alpha:255 source:0 omvb:0x5799fa00 mmal:0x579a7678 mflags:0 skipping
2020-09-24
20:03:48.982 T:1282691968   DEBUG: CMMALRenderer::Process - debug vsync:2768541 queue:1 fps:23.98/23.98/59.94 inc:0.400000 diff:-0.200000
2020-09-24
20:03:48.982 T:1937461264   DEBUG: CMMALRenderer::RenderUpdate - MMAL: clear:0 flags:0 alpha:255 source:0 omvb:0x5799fa00 mmal:0x579a7678 mflags:0 skipping
2020-09-24
20:03:48.991 T:1370170240   DEBUG: CMMALPool::Configure pool:0x547da3e0 1280x720 (1344x720) pix:-1 size:0 fmt:I42S
2020-09-24
20:03:48.991 T:1370170240   DEBUG: CAddonVideoCodec: GetPicture::VC_PICTURE with pts 3795458 1280x720 (1280x720) 1.777778 0x4ccd2000:1452864 offset:0,967680,968352, stride:1344,1344,1344
2020-09-24
20:03:48.998 T:1282691968   DEBUG: CMMALRenderer::Process - debug vsync:2768542 queue:1 fps:23.98/23.98/59.94 inc:0.400000 diff:0.200000
2020-09-24
20:03:48.999 T:1282691968   DEBUG: CMMALRenderer::Process - omvb:0x5799fa00 mmal:0x579a7678 vsync:2768542 queue:0 diff:-0.800000
2020-09-24
20:03:48.999 T:1937461264   DEBUG: CMMALRenderer::RenderUpdate - MMAL: clear:0 flags:0 alpha:255 source:1 omvb:0x540d79c8 mmal:0x579a7850 mflags:0 len:1451520 data:0x1197 enc:I42S
2020-09-24
20:03:49.015 T:1282691968   DEBUG: CMMALRenderer::Process - debug vsync:2768543 queue:1 fps:23.98/23.98/59.94 inc:0.400000 diff:-0.400000
2020-09-24
20:03:49.022 T:1937461264   DEBUG: CMMALRenderer::Update
2020-09-24
20:03:49.025 T:1336599424   DEBUG: CurlFile::ParseAndCorrectUrl() adding custom header option 'Range: bytes=265230-297443'
2020-09-24
20:03:49.025 T:1336599424   DEBUG: CurlFile::ParseAndCorrectUrl() adding custom header option 'connection: keep-alive'
2020-09-24
20:03:49.025 T:1336599424   DEBUG: CurlFile::Open(0x6fccd510) https://ipv4-c001-pmi001-conectabalear-isp.1.oca.nflxvideo.net/?o=AQPqSE4OmtHPFvlbApn9rVo-Biu7wI6RMEdr2LOWNwz9NSURHADYDESE-6gQrBnz16wQx_pclTOw4sFQ9HctcMCHCM3Lq6gC2M152IpW1S4VxFJCHRocNNfv6BdLIZEDiguJ_0ytPsAEws1zan0i2LGshUVz5yCVINKmFg&v=5&e=1601013521&t=g8OMe0o5V0sn00r7X0jbR6zLxRY
2020-09-24
20:03:49.032 T:1282691968   DEBUG: CMMALRenderer::Process - debug vsync:2768544 queue:1 fps:23.98/23.98/59.94 inc:0.400000 diff:0.000000
2020-09-24
20:03:49.032 T:1282691968   DEBUG: CMMALRenderer::Process - omvb:0x540d79c8 mmal:0x579a7850 vsync:2768544 queue:0 diff:-1.000000
2020-09-24
20:03:49.033 T:1937461264   DEBUG: CMMALRenderer::RenderUpdate - MMAL: clear:0 flags:0 alpha:255 source:1 omvb:0x540d79c8 mmal:0x579a7850 mflags:0 skipping
2020-09-24
20:03:49.033 T:1937461264   DEBUG: CMMALRenderer::RenderUpdate - MMAL: clear:0 flags:0 alpha:255 source:2 omvb:0x498df1c8 mmal:0x579a7a28 mflags:0 len:1451520 data:0x1196 enc:I42S
2020-09-24
20:03:49.034 T:1370170240   DEBUG: CMMALPool::Configure pool:0x547da3e0 1280x720 (1344x720) pix:-1 size:0 fmt:I42S
2020-09-24
20:03:49.034 T:1370170240   DEBUG: CAddonVideoCodec: GetPicture::VC_PICTURE with pts 3837166 1280x720 (1280x720) 1.777778 0x4cb6f000:1452864 offset:0,967680,968352, stride:1344,1344,1344
2020-09-24
20:03:49.034 T:1336599424   DEBUG: AddOnLog: InputStream Adaptive: Download https://ipv4-c001-pmi001-conectabalear-isp.1.oca.nflxvideo.net/?o=AQPqSE4OmtHPFvlbApn9rVo-Biu7wI6RMEdr2LOWNwz9NSURHADYDESE-6gQrBnz16wQx_pclTOw4sFQ9HctcMCHCM3Lq6gC2M152IpW1S4VxFJCHRocNNfv6BdLIZEDiguJ_0ytPsAEws1zan0i2LGshUVz5yCVINKmFg&v=5&e=1601013521&t=g8OMe0o5V0sn00r7X0jbR6zLxRY finished, avg speed: 6046355.44byte/s, current speed: 4026750.00byte/s
2020-09-24
20:03:49.049 T:1282691968   DEBUG: CMMALRenderer::Process - debug vsync:2768545 queue:1 fps:23.98/23.98/59.94 inc:0.400000 diff:-0.600000
2020-09-24
20:03:49.049 T:1937461264   DEBUG: CMMALRenderer::RenderUpdate - MMAL: clear:0 flags:0 alpha:255 source:2 omvb:0x498df1c8 mmal:0x579a7a28 mflags:0 skipping
2020-09-24
20:03:49.065 T:1282691968   DEBUG: CMMALRenderer::Process - debug vsync:2768546 queue:1 fps:23.98/23.98/59.94 inc:0.400000 diff:-0.200000
2020-09-24
20:03:49.065 T:1937461264   DEBUG: CMMALRenderer::RenderUpdate - MMAL: clear:0 flags:0 alpha:255 source:2 omvb:0x498df1c8 mmal:0x579a7a28 mflags:0 skipping
2020-09-24
20:03:49.075 T:1370170240   DEBUG: CMMALPool::Configure pool:0x547da3e0 1280x720 (1344x720) pix:-1 size:0 fmt:I42S
2020-09-24
20:03:49.075 T:1370170240   DEBUG: CAddonVideoCodec: GetPicture::VC_PICTURE with pts 3878875 1280x720 (1280x720) 1.777778 0x4ca0c000:1452864 offset:0,967680,968352, stride:1344,1344,1344
2020-09-24
20:03:49.076 T:1427088256   DEBUG: CurlFile::ParseAndCorrectUrl() adding custom header option 'Range: bytes=332934-548492'
2020-09-24
20:03:49.076 T:1427088256   DEBUG: CurlFile::ParseAndCorrectUrl() adding custom header option 'connection: keep-alive'
2020-09-24
20:03:49.077 T:1427088256   DEBUG: CurlFile::Open(0x498b87d0) https://ipv4-c035-mad001-ix.1.oca.nflxvideo.net/?o=AQPqSE4OmtHPFvlfB5r5ql8-DSugh5SPPA43huuAYkSuPScfFAHOTh3a-a0ZqAXrnPpdzOIIrUPY-rAnxmMXfNawFu7phaEN3c4OradF1wAHxFNuFDEcJf3c5WIDEeB-4UiesECuMdNY2fJ9aics1s-t1R51vHaKO5yjEO7l&v=5&e=1601013521&t=AGSib3K_T8lKTByTXv8jufwEJew
2020-09-24
20:03:49.082 T:1282691968   DEBUG: CMMALRenderer::Process - debug vsync:2768547 queue:1 fps:23.98/23.98/59.94 inc:0.400000 diff:0.200000
2020-09-24
20:03:49.082 T:1282691968   DEBUG: CMMALRenderer::Process - omvb:0x498df1c8 mmal:0x579a7a28 vsync:2768547 queue:0 diff:-0.800000
2020-09-24
20:03:49.083 T:1937461264   DEBUG: CMMALRenderer::RenderUpdate - MMAL: clear:0 flags:0 alpha:255 source:3 omvb:0x59c6ca20 mmal:0x579a7c00 mflags:0 len:1451520 data:0x1150 enc:I42S
2020-09-24
20:03:49.099 T:1282691968   DEBUG: CMMALRenderer::Process - debug vsync:2768548 queue:1 fps:23.98/23.98/59.94 inc:0.400000 diff:-0.400000
2020-09-24
20:03:49.099 T:1937461264   DEBUG: CMMALRenderer::RenderUpdate - MMAL: clear:0 flags:0 alpha:255 source:3 omvb:0x59c6ca20 mmal:0x579a7c00 mflags:0 skipping
2020-09-24
20:03:49.115 T:1282691968   DEBUG: CMMALRenderer::Process - debug vsync:2768549 queue:1 fps:23.98/23.98/59.94 inc:0.400000 diff:0.000000
2020-09-24
20:03:49.115 T:1282691968   DEBUG: CMMALRenderer::Process - omvb:0x59c6ca20 mmal:0x579a7c00 vsync:2768549 queue:0 diff:-1.000000
2020-09-24
20:03:49.115 T:1937461264   DEBUG: CMMALRenderer::RenderUpdate - MMAL: clear:0 flags:0 alpha:255 source:4 omvb:0x57930c48 mmal:0x579a7dd8 mflags:0 len:1451520 data:0x4ed enc:I42S
2020-09-24
20:03:49.120 T:1427088256   DEBUG: AddOnLog: InputStream Adaptive: Download https://ipv4-c035-mad001-ix.1.oca.nflxvideo.net/?o=AQPqSE4OmtHPFvlfB5r5ql8-DSugh5SPPA43huuAYkSuPScfFAHOTh3a-a0ZqAXrnPpdzOIIrUPY-rAnxmMXfNawFu7phaEN3c4OradF1wAHxFNuFDEcJf3c5WIDEeB-4UiesECuMdNY2fJ9aics1s-t1R51vHaKO5yjEO7l&v=5&e=1601013521&t=AGSib3K_T8lKTByTXv8jufwEJew finished, avg speed: 5833925.38byte/s, current speed: 5013000.00byte/s
2020-09-24
20:03:49.124 T:1370170240   DEBUG: CMMALPool::Configure pool:0x547da3e0 1280x720 (1344x720) pix:-1 size:0 fmt:I42S
2020-09-24
20:03:49.124 T:1370170240   DEBUG: CAddonVideoCodec: GetPicture::VC_PICTURE with pts 3920583 1280x720 (1280x720) 1.777778 0x4c8a9000:1452864 offset:0,967680,968352, stride:1344,1344,1344
2020-09-24
20:03:49.132 T:1282691968   DEBUG: CMMALRenderer::Process - debug vsync:2768550 queue:1 fps:23.98/23.98/59.94 inc:0.400000 diff:-0.600000
2020-09-24
20:03:49.132 T:1937461264   DEBUG: CMMALRenderer::RenderUpdate - MMAL: clear:0 flags:0 alpha:255 source:4 omvb:0x57930c48 mmal:0x579a7dd8 mflags:0 skipping
2020-09-24
20:03:49.149 T:1282691968   DEBUG: CMMALRenderer::Process - debug vsync:2768551 queue:1 fps:23.98/23.98/59.94 inc:0.400000 diff:-0.200000
2020-09-24
20:03:49.151 T:1937461264   DEBUG: CMMALRenderer::Update
2020-09-24
20:03:49.159 T:1370170240   DEBUG: CMMALPool::Configure pool:0x547da3e0 1280x720 (1344x720) pix:-1 size:0 fmt:I42S
2020-09-24
20:03:49.159 T:1370170240   DEBUG: CAddonVideoCodec: GetPicture::VC_PICTURE with pts 3962291 1280x720 (1280x720) 1.777778 0x4b311000:1452864 offset:0,967680,968352, stride:1344,1344,1344
2020-09-24
20:03:49.164 T:1937461264   DEBUG: CMMALRenderer::RenderUpdate - MMAL: clear:0 flags:0 alpha:255 source:4 omvb:0x57930c48 mmal:0x579a7dd8 mflags:0 skipping
2020-09-24
20:03:49.165 T:1282691968   DEBUG: CMMALRenderer::Process - debug vsync:2768552 queue:1 fps:23.98/23.98/59.94 inc:0.400000 diff:0.200000
2020-09-24
20:03:49.166 T:1282691968   DEBUG: CMMALRenderer::Process - omvb:0x57930c48 mmal:0x579a7dd8 vsync:2768552 queue:0 diff:-0.800000
2020-09-24
20:03:49.166 T:1937461264   DEBUG: CMMALRenderer::RenderUpdate - MMAL: clear:0 flags:0 alpha:255 source:5 omvb:0x5478f478 mmal:0x579a7fb0 mflags:0 len:1451520 data:0x1019 enc:I42S
2020-09-24
20:03:49.182 T:1282691968   DEBUG: CMMALRenderer::Process - debug vsync:2768553 queue:1 fps:23.98/23.98/59.94 inc:0.400000 diff:-0.400000
2020-09-24
20:03:49.182 T:1937461264   DEBUG: CMMALRenderer::RenderUpdate - MMAL: clear:0 flags:0 alpha:255 source:5 omvb:0x5478f478 mmal:0x579a7fb0 mflags:0 skipping
2020-09-24
20:03:49.197 T:1370170240   DEBUG: CMMALPool::Configure pool:0x547da3e0 1280x720 (1344x720) pix:-1 size:0 fmt:I42S
2020-09-24
20:03:49.198 T:1370170240   DEBUG: CAddonVideoCodec: GetPicture::VC_PICTURE with pts 4004000 1280x720 (1280x720) 1.777778 0x4c746000:1452864 offset:0,967680,968352, stride:1344,1344,1344
2020-09-24
20:03:49.199 T:1927279488   DEBUG: CLibInputPointer::ProcessMotionAbsolute - event.type: 3, event.motion.x: 159, event.motion.y: 241
2020-09-24
20:03:49.199 T:1282691968   DEBUG: CMMALRenderer::Process - debug vsync:2768554 queue:1 fps:23.98/23.98/59.94 inc:0.400000 diff:0.000000
2020-09-24
20:03:49.199 T:1282691968   DEBUG: CMMALRenderer::Process - omvb:0x5478f478 mmal:0x579a7fb0 vsync:2768554 queue:0 diff:-1.000000
2020-09-24
20:03:49.199 T:1937461264   DEBUG: CMMALRenderer::RenderUpdate - MMAL: clear:0 flags:0 alpha:255 source:0 omvb:0x710bd050 mmal:0x579a8188 mflags:0 len:1451520 data:0x10e0 enc:I42S
2020-09-24
20:03:49.200 T:1927279488   DEBUG: CLibInputPointer::ProcessMotionAbsolute - event.type: 3, event.motion.x: 161, event.motion.y: 246
2020-09-24
20:03:49.209 T:1927279488   DEBUG: CLibInputPointer::ProcessMotionAbsolute - event.type: 3, event.motion.x: 164, event.motion.y: 249
2020-09-24
20:03:49.216 T:1282691968   DEBUG: CMMALRenderer::Process - debug vsync:2768555 queue:1 fps:23.98/23.98/59.94 inc:0.400000 diff:-0.600000
2020-09-24
20:03:49.216 T:1937461264   DEBUG: CMMALRenderer::RenderUpdate - MMAL: clear:0 flags:0 alpha:255 source:0 omvb:0x710bd050 mmal:0x579a8188 mflags:0 skipping
2020-09-24
20:03:49.222 T:1927279488   DEBUG: CLibInputPointer::ProcessMotionAbsolute - event.type: 3, event.motion.x: 167, event.motion.y: 256
2020-09-24
20:03:49.232 T:1927279488   DEBUG: CLibInputPointer::ProcessMotionAbsolute - event.type: 3, event.motion.x: 170, event.motion.y: 261
2020-09-24
20:03:49.232 T:1282691968   DEBUG: CMMALRenderer::Process - debug vsync:2768556 queue:1 fps:23.98/23.98/59.94 inc:0.400000 diff:-0.200000
2020-09-24
20:03:49.232 T:1937461264   DEBUG: CMMALRenderer::RenderUpdate - MMAL: clear:0 flags:0 alpha:255 source:0 omvb:0x710bd050 mmal:0x579a8188 mflags:0 skipping
2020-09-24
20:03:49.241 T:1370170240   DEBUG: CMMALPool::Configure pool:0x547da3e0 1280x720 (1344x720) pix:-1 size:0 fmt:I42S
2020-09-24
20:03:49.241 T:1370170240   DEBUG: CAddonVideoCodec: GetPicture::VC_PICTURE with pts 4045708 1280x720 (1280x720) 1.777778 0x4bde2000:1452864 offset:0,967680,968352, stride:1344,1344,1344
2020-09-24
20:03:49.243 T:1927279488   DEBUG: CLibInputPointer::ProcessMotionAbsolute - event.type: 3, event.motion.x: 173, event.motion.y: 267
2020-09-24
20:03:49.249 T:1282691968   DEBUG: CMMALRenderer::Process - debug vsync:2768557 queue:1 fps:23.98/23.98/59.94 inc:0.400000 diff:0.200000
2020-09-24
20:03:49.249 T:1282691968   DEBUG: CMMALRenderer::Process - omvb:0x710bd050 mmal:0x579a8188 vsync:2768557 queue:0 diff:-0.800000
2020-09-24
20:03:49.249 T:1937461264   DEBUG: CMMALRenderer::RenderUpdate - MMAL: clear:0 flags:0 alpha:255 source:1 omvb:0x547793e0 mmal:0x579a8360 mflags:0 len:1451520 data:0x10d8 enc:I42S
2020-09-24
20:03:49.265 T:1282691968   DEBUG: CMMALRenderer::Process - debug vsync:2768558 queue:1 fps:23.98/23.98/59.94 inc:0.400000 diff:-0.400000
2020-09-24
20:03:49.267 T:1937461264   DEBUG: ------ Window Init (Pointer.xml) ------
2020-09-24
20:03:49.267 T:1937461264   DEBUG: CMMALRenderer::Update
2020-09-24
20:03:49.276 T:1937461264   DEBUG: CMMALRenderer::RenderUpdate - MMAL: clear:0 flags:0 alpha:255 source:1 omvb:0x547793e0 mmal:0x579a8360 mflags:0 skipping
2020-09-24
20:03:49.282 T:1370170240   DEBUG: CMMALPool::Configure pool:0x547da3e0 1280x720 (1344x720) pix:-1 size:0 fmt:I42S
2020-09-24
20:03:49.282 T:1282691968   DEBUG: CMMALRenderer::Process - debug vsync:2768559 queue:1 fps:23.98/23.98/59.94 inc:0.400000 diff:0.000000
2020-09-24
20:03:49.282 T:1282691968   DEBUG: CMMALRenderer::Process - omvb:0x547793e0 mmal:0x579a8360 vsync:2768559 queue:0 diff:-1.000000
2020-09-24
20:03:49.283 T:1370170240   DEBUG: CAddonVideoCodec: GetPicture::VC_PICTURE with pts 4087416 1280x720 (1280x720) 1.777778 0x4b89d000:1452864 offset:0,967680,968352, stride:1344,1344,1344
2020-09-24
20:03:49.286 T:1937461264   DEBUG: CMMALRenderer::RenderUpdate - MMAL: clear:0 flags:0 alpha:255 source:2 omvb:0x5ffa4fc0 mmal:0x579a8538 mflags:0 len:1451520 data:0x6b6 enc:I42S
2020-09-24
20:03:49.299 T:1282691968   DEBUG: CMMALRenderer::Process - debug vsync:2768560 queue:1 fps:23.98/23.98/59.94 inc:0.400000 diff:-0.600000
2020-09-24
20:03:49.299 T:1937461264   DEBUG: CMMALRenderer::RenderUpdate - MMAL: clear:0 flags:0 alpha:255 source:2 omvb:0x5ffa4fc0 mmal:0x579a8538 mflags:0 skipping
2020-09-24
20:03:49.308 T:1370170240   DEBUG: CMMALPool::Configure pool:0x547da3e0 1280x720 (1344x720) pix:-1 size:0 fmt:I42S
2020-09-24
20:03:49.308 T:1370170240   DEBUG: CAddonVideoCodec: GetPicture::VC_PICTURE with pts 4129125 1280x720 (1280x720) 1.777778 0x4b5d7000:1452864 offset:0,967680,968352, stride:1344,1344,1344
2020-09-24
20:03:49.315 T:1282691968   DEBUG: CMMALRenderer::Process - debug vsync:2768561 queue:1 fps:23.98/23.98/59.94 inc:0.400000 diff:-0.200000
2020-09-24
20:03:49.316 T:1937461264   DEBUG: CMMALRenderer::RenderUpdate - MMAL: clear:0 flags:0 alpha:255 source:2 omvb:0x5ffa4fc0 mmal:0x579a8538 mflags:0 skipping
2020-09-24
20:03:49.316 T:1927279488   DEBUG: CLibInputPointer::ProcessMotionAbsolute - event.type: 3, event.motion.x: 186, event.motion.y: 287
2020-09-24
20:03:49.322 T:1927279488   DEBUG: CLibInputPointer::ProcessMotionAbsolute - event.type: 3, event.motion.x: 189, event.motion.y: 292
2020-09-24
20:03:49.327 T:1536807808   DEBUG: [plugin.video.netflix (0)] Executing JSON-RPC: {"params": {"playerid": 1, "properties": ["audiostreams", "currentaudiostream", "currentvideostream", "subtitles", "currentsubtitle", "subtitleenabled", "percentage", "time"]}, "jsonrpc": "2.0", "method": "Player.GetProperties", "id": 1}
2020-09-24
20:03:49.331 T:1536807808   DEBUG: [plugin.video.netflix (0)] Notifying all action managers of call_on_tick (data={u'currentaudiostream': {u'index': 2, u'name': u'AAC ', u'language': u'eng', u'channels': 2, u'codec': u'aac', u'bitrate': 131072}, u'currentvideostream': {u'index': 0, u'name': u'', u'language': u'unk', u'height': 720, u'width': 1280, u'codec': u'h264'}, u'elapsed_seconds': 3, u'time': {u'hours': 0, u'seconds': 3, u'minutes': 0, u'milliseconds': 790}, u'subtitleenabled': True, u'percentage': 0.12097031623125076, u'currentsubtitle': {u'index': 2, u'name': u'', u'language': u'eng'}, u'audiostreams': [{u'index': 0, u'name': u'AAC ', u'language': u'ger', u'channels': 2, u'codec': u'aac', u'bitrate': 131072}, {u'index': 1, u'name': u'AAC ', u'language': u'eng', u'channels': 2, u'codec': u'aac', u'bitrate': 131072}, {u'index': 2, u'name': u'AAC ', u'language': u'eng', u'channels': 2, u'codec': u'aac', u'bitrate': 131072}, {u'index': 3, u'name': u'AAC ', u'language': u'spa', u'channels': 2, u'codec': u'aac', u'bitrate': 131072}, {u'index': 4, u'name': u'AAC ', u'language': u'es-Spain', u'channels': 2, u'codec': u'aac', u'bitrate': 131072}, {u'index': 5, u'name': u'AAC ', u'language': u'fre', u'channels': 2, u'codec': u'aac', u'bitrate': 131072}, {u'index': 6, u'name': u'AAC ', u'language': u'ita', u'channels': 2, u'codec': u'aac', u'bitrate': 131072}], u'subtitles': [{u'index': 0, u'name': u'', u'language': u'ara'}, {u'index': 1, u'name': u'', u'language': u'ger'}, {u'index': 2, u'name': u'', u'language': u'eng'}, {u'index': 3, u'name': u'', u'language': u'eng'}, {u'index': 4, u'name': u'', u'language': u'spa'}, {u'index': 5, u'name': u'', u'language': u'es-Spain'}, {u'index': 6, u'name': u'', u'language': u'es-Spain'}, {u'index': 7, u'name': u'', u'language': u'es-Spain'}, {u'index': 8, u'name': u'', u'language': u'fre'}, {u'index': 9, u'name': u'', u'language': u'fre'}, {u'index': 10, u'name': u'', u'language': u'ita'}, {u'index': 11, u'name': u'', u'language': u'rum'}]})
2020-09-24
20:03:49.332 T:1282691968   DEBUG: CMMALRenderer::Process - debug vsync:2768562 queue:1 fps:23.98/23.98/59.94 inc:0.400000 diff:0.200000
2020-09-24
20:03:49.332 T:1282691968   DEBUG: CMMALRenderer::Process - omvb:0x5ffa4fc0 mmal:0x579a8538 vsync:2768562 queue:0 diff:-0.800000
2020-09-24
20:03:49.332 T:1937461264   DEBUG: CMMALRenderer::RenderUpdate - MMAL: clear:0 flags:0 alpha:255 source:3 omvb:0x4bcc85b0 mmal:0x579a8710 mflags:0 len:1451520 data:0x9b1 enc:I42S
2020-09-24
20:03:49.333 T:1927279488   DEBUG: CLibInputPointer::ProcessMotionAbsolute - event.type: 3, event.motion.x: 192, event.motion.y: 296
2020-09-24
20:03:49.345 T:1927279488   DEBUG: CLibInputPointer::ProcessMotionAbsolute - event.type: 3, event.motion.x: 195, event.motion.y: 304
2020-09-24
20:03:49.349 T:1282691968   DEBUG: CMMALRenderer::Process - debug vsync:2768563 queue:1 fps:23.98/23.98/59.94 inc:0.400000 diff:-0.400000
2020-09-24
20:03:49.349 T:1937461264   DEBUG: CMMALRenderer::RenderUpdate - MMAL: clear:0 flags:0 alpha:255 source:3 omvb:0x4bcc85b0 mmal:0x579a8710 mflags:0 skipping
2020-09-24
20:03:49.356 T:1927279488   DEBUG: CLibInputPointer::ProcessMotionAbsolute - event.type: 3, event.motion.x: 199, event.motion.y: 310
2020-09-24
20:03:49.365 T:1282691968   DEBUG: CMMALRenderer::Process - debug vsync:2768564 queue:1 fps:23.98/23.98/59.94 inc:0.400000 diff:0.000000
2020-09-24
20:03:49.365 T:1282691968   DEBUG: CMMALRenderer::Process - omvb:0x4bcc85b0 mmal:0x579a8710 vsync:2768564 queue:0 diff:-1.000000
2020-09-24
20:03:49.366 T:1937461264   DEBUG: CMMALRenderer::RenderUpdate - MMAL: clear:0 flags:0 alpha:255 source:4 omvb:0x6ad76b88 mmal:0x579a88e8 mflags:0 len:1451520 data:0x9db enc:I42S
2020-09-24
20:03:49.366 T:1927279488   DEBUG: CLibInputPointer::ProcessMotionAbsolute - event.type: 3, event.motion.x: 202, event.motion.y: 316
2020-09-24
20:03:49.373 T:1370170240   DEBUG: CMMALPool::Configure pool:0x547da3e0 1280x720 (1344x720) pix:-1 size:0 fmt:I42S
2020-09-24
20:03:49.374 T:1370170240   DEBUG: CAddonVideoCodec: GetPicture::VC_PICTURE with pts 4170833 1280x720 (1280x720) 1.777778 0x4b73a000:1452864 offset:0,967680,968352, stride:1344,1344,1344
2020-09-24
20:03:49.378 T:1927279488   DEBUG: CLibInputPointer::ProcessMotionAbsolute - event.type: 3, event.motion.x: 209, event.motion.y: 324
2020-09-24
20:03:49.382 T:1282691968   DEBUG: CMMALRenderer::Process - debug vsync:2768565 queue:1 fps:23.98/23.98/59.94 inc:0.400000 diff:-0.600000
2020-09-24
20:03:49.384 T:1937461264   DEBUG: CMMALRenderer::Update
2020-09-24
20:03:49.389 T:1927279488   DEBUG: CLibInputPointer::ProcessMotionAbsolute - event.type: 3, event.motion.x: 213, event.motion.y: 331
2020-09-24
20:03:49.390 T:1937461264   DEBUG: CMMALRenderer::RenderUpdate - MMAL: clear:0 flags:0 alpha:255 source:4 omvb:0x6ad76b88 mmal:0x579a88e8 mflags:0 skipping
2020-09-24
20:03:49.399 T:1282691968   DEBUG: CMMALRenderer::Process - debug vsync:2768566 queue:1 fps:23.98/23.98/59.94 inc:0.400000 diff:-0.200000
2020-09-24
20:03:49.399 T:1937461264   DEBUG: CMMALRenderer::RenderUpdate - MMAL: clear:0 flags:0 alpha:255 source:4 omvb:0x6ad76b88 mmal:0x579a88e8 mflags:0 skipping
2020-09-24
20:03:49.401 T:1927279488   DEBUG: CLibInputPointer::ProcessMotionAbsolute - event.type: 3, event.motion.x: 216, event.motion.y: 336
2020-09-24
20:03:49.405 T:1370170240   DEBUG: CMMALPool::Configure pool:0x547da3e0 1280x720 (1344x720) pix:-1 size:0 fmt:I42S
2020-09-24
20:03:49.405 T:1370170240   DEBUG: CAddonVideoCodec: GetPicture::VC_PICTURE with pts 4212541 1280x720 (1280x720) 1.777778 0x4d29c000:1452864 offset:0,967680,968352, stride:1344,1344,1344
2020-09-24
20:03:49.412 T:1927279488   DEBUG: CLibInputPointer::ProcessMotionAbsolute - event.type: 3, event.motion.x: 221, event.motion.y: 343
2020-09-24
20:03:49.415 T:1282691968   DEBUG: CMMALRenderer::Process - debug vsync:2768567 queue:1 fps:23.98/23.98/59.94 inc:0.400000 diff:0.200000
2020-09-24
20:03:49.416 T:1282691968   DEBUG: CMMALRenderer::Process - omvb:0x6ad76b88 mmal:0x579a88e8 vsync:2768567 queue:0 diff:-0.800000
2020-09-24
20:03:49.416 T:1937461264   DEBUG: CMMALRenderer::RenderUpdate - MMAL: clear:0 flags:0 alpha:255 source:5 omvb:0x5a85ec80 mmal:0x579a8ac0 mflags:0 len:1451520 data:0xc81 enc:I42S
2020-09-24
20:03:49.423 T:1927279488   DEBUG: CLibInputPointer::ProcessMotionAbsolute - event.type: 3, event.motion.x: 224, event.motion.y: 351
2020-09-24
20:03:49.432 T:1282691968   DEBUG: CMMALRenderer::Process - debug vsync:2768568 queue:1 fps:23.98/23.98/59.94 inc:0.400000 diff:-0.400000
2020-09-24
20:03:49.432 T:1937461264   DEBUG: CMMALRenderer::RenderUpdate - MMAL: clear:0 flags:0 alpha:255 source:5 omvb:0x5a85ec80 mmal:0x579a8ac0 mflags:0 skipping
2020-09-24
20:03:49.437 T:1370170240   DEBUG: CMMALPool::Configure pool:0x547da3e0 1280x720 (1344x720) pix:-1 size:0 fmt:I42S
2020-09-24
20:03:49.437 T:1370170240   DEBUG: CAddonVideoCodec: GetPicture::VC_PICTURE with pts 4254250 1280x720 (1280x720) 1.777778 0x4b474000:1452864 offset:0,967680,968352, stride:1344,1344,1344
2020-09-24
20:03:49.449 T:1282691968   DEBUG: CMMALRenderer::Process - debug vsync:2768569 queue:1 fps:23.98/23.98/59.94 inc:0.400000 diff:0.000000
2020-09-24
20:03:49.449 T:1282691968   DEBUG: CMMALRenderer::Process - omvb:0x5a85ec80 mmal:0x579a8ac0 vsync:2768569 queue:0 diff:-1.000000
2020-09-24
20:03:49.449 T:1937461264   DEBUG: CMMALRenderer::RenderUpdate - MMAL: clear:0 flags:0 alpha:255 source:0 omvb:0x54797440 mmal:0x579a8c98 mflags:0 len:1451520 data:0xd9a enc:I42S
2020-09-24
20:03:49.465 T:1282691968   DEBUG: CMMALRenderer::Process - debug vsync:2768570 queue:1 fps:23.98/23.98/59.94 inc:0.400000 diff:-0.600000
2020-09-24
20:03:49.466 T:1937461264   DEBUG: CMMALRenderer::RenderUpdate - MMAL: clear:0 flags:0 alpha:255 source:0 omvb:0x54797440 mmal:0x579a8c98 mflags:0 skipping
2020-09-24
20:03:49.471 T:1370170240   DEBUG: CMMALPool::Configure pool:0x547da3e0 1280x720 (1344x720) pix:-1 size:0 fmt:I42S
2020-09-24
20:03:49.472 T:1370170240   DEBUG: CAddonVideoCodec: GetPicture::VC_PICTURE with pts 4295958 1280x720 (1280x720) 1.777778 0x4ce35000:1452864 offset:0,967680,968352, stride:1344,1344,1344
2020-09-24
20:03:49.482 T:1282691968   DEBUG: CMMALRenderer::Process - debug vsync:2768571 queue:1 fps:23.98/23.98/59.94 inc:0.400000 diff:-0.200000
2020-09-24
20:03:49.483 T:1937461264   DEBUG: CMMALRenderer::RenderUpdate - MMAL: clear:0 flags:0 alpha:255 source:0 omvb:0x54797440 mmal:0x579a8c98 mflags:0 skipping
2020-09-24
20:03:49.499 T:1282691968   DEBUG: CMMALRenderer::Process - debug vsync:2768572 queue:1 fps:23.98/23.98/59.94 inc:0.400000 diff:0.200000
2020-09-24
20:03:49.499 T:1282691968   DEBUG: CMMALRenderer::Process - omvb:0x54797440 mmal:0x579a8c98 vsync:2768572 queue:0 diff:-0.800000
2020-09-24
20:03:49.500 T:1937461264   DEBUG: CMMALRenderer::Update
2020-09-24
20:03:49.502 T:1937461264   DEBUG: CMMALRenderer::RenderUpdate - MMAL: clear:0 flags:0 alpha:255 source:1 omvb:0x5799fa00 mmal:0x579a8e70 mflags:0 len:1451520 data:0xd9b enc:I42S
2020-09-24
20:03:49.502 T:1927279488   DEBUG: CLibInputPointer::ProcessMotionAbsolute - event.type: 3, event.motion.x: 237, event.motion.y: 376
2020-09-24
20:03:49.502 T:1927279488   DEBUG: CLibInputPointer::ProcessMotionAbsolute - event.type: 3, event.motion.x: 239, event.motion.y: 382
2020-09-24
20:03:49.513 T:1927279488   DEBUG: CLibInputPointer::ProcessMotionAbsolute - event.type: 3, event.motion.x: 242, event.motion.y: 386
2020-09-24
20:03:49.515 T:1282691968   DEBUG: CMMALRenderer::Process - debug vsync:2768573 queue:1 fps:23.98/23.98/59.94 inc:0.400000 diff:-0.400000
2020-09-24
20:03:49.516 T:1937461264   DEBUG: CMMALRenderer::RenderUpdate - MMAL: clear:0 flags:0 alpha:255 source:1 omvb:0x5799fa00 mmal:0x579a8e70 mflags:0 skipping
2020-09-24
20:03:49.524 T:1927279488   DEBUG: CLibInputPointer::ProcessMotionAbsolute - event.type: 3, event.motion.x: 243, event.motion.y: 391
2020-09-24
20:03:49.532 T:1282691968   DEBUG: CMMALRenderer::Process - debug vsync:2768574 queue:1 fps:23.98/23.98/59.94 inc:0.400000 diff:0.000000
2020-09-24
20:03:49.532 T:1282691968   DEBUG: CMMALRenderer::Process - omvb:0x5799fa00 mmal:0x579a8e70 vsync:2768574 queue:0 diff:-1.000000
2020-09-24
20:03:49.532 T:1937461264   DEBUG: CMMALRenderer::RenderUpdate - MMAL: clear:0 flags:0 alpha:255 source:2 omvb:0x540d79c8 mmal:0x579a9220 mflags:0 len:1451520 data:0x1197 enc:I42S
2020-09-24
20:03:49.537 T:1370170240   DEBUG: CMMALPool::Configure pool:0x547da3e0 1280x720 (1344x720) pix:-1 size:0 fmt:I42S
2020-09-24
20:03:49.537 T:1927279488   DEBUG: CLibInputPointer::ProcessMotionAbsolute - event.type: 3, event.motion.x: 245, event.motion.y: 395
2020-09-24
20:03:49.537 T:1370170240   DEBUG: CAddonVideoCodec: GetPicture::VC_PICTURE with pts 4337666 1280x720 (1280x720) 1.777778 0x4ccd2000:1452864 offset:0,967680,968352, stride:1344,1344,1344
2020-09-24
20:03:49.547 T:1927279488   DEBUG: CLibInputPointer::ProcessMotionAbsolute - event.type: 3, event.motion.x: 246, event.motion.y: 397
2020-09-24
20:03:49.549 T:1282691968   DEBUG: CMMALRenderer::Process - debug vsync:2768575 queue:1 fps:23.98/23.98/59.94 inc:0.400000 diff:-0.600000
2020-09-24
20:03:49.549 T:1937461264   DEBUG: CMMALRenderer::RenderUpdate - MMAL: clear:0 flags:0 alpha:255 source:2 omvb:0x540d79c8 mmal:0x579a9220 mflags:0 skipping
2020-09-24
20:03:49.558 T:1927279488   DEBUG: CLibInputPointer::ProcessMotionAbsolute - event.type: 3, event.motion.x: 249, event.motion.y: 401
2020-09-24
20:03:49.566 T:1282691968   DEBUG: CMMALRenderer::Process - debug vsync:2768576 queue:1 fps:23.98/23.98/59.94 inc:0.400000 diff:-0.200000
2020-09-24
20:03:49.566 T:1937461264   DEBUG: CMMALRenderer::RenderUpdate - MMAL: clear:0 flags:0 alpha:255 source:2 omvb:0x540d79c8 mmal:0x579a9220 mflags:0 skipping
2020-09-24
20:03:49.570 T:1927279488   DEBUG: CLibInputPointer::ProcessMotionAbsolute - event.type: 3, event.motion.x: 250, event.motion.y: 406
2020-09-24
20:03:49.572 T:1370170240   DEBUG: CMMALPool::Configure pool:0x547da3e0 1280x720 (1344x720) pix:-1 size:0 fmt:I42S
2020-09-24
20:03:49.572 T:1370170240   DEBUG: CAddonVideoCodec: GetPicture::VC_PICTURE with pts 4379375 1280x720 (1280x720) 1.777778 0x4cb6f000:1452864 offset:0,967680,968352, stride:1344,1344,1344
2020-09-24
20:03:49.580 T:1927279488   DEBUG: CLibInputPointer::ProcessMotionAbsolute - event.type: 3, event.motion.x: 252, event.motion.y: 410
2020-09-24
20:03:49.582 T:1282691968   DEBUG: CMMALRenderer::Process - debug vsync:2768577 queue:1 fps:23.98/23.98/59.94 inc:0.400000 diff:0.200000
2020-09-24
20:03:49.582 T:1282691968   DEBUG: CMMALRenderer::Process - omvb:0x540d79c8 mmal:0x579a9220 vsync:2768577 queue:0 diff:-0.800000
2020-09-24
20:03:49.583 T:1937461264   DEBUG: CMMALRenderer::RenderUpdate - MMAL: clear:0 flags:0 alpha:255 source:3 omvb:0x498df1c8 mmal:0x579a9048 mflags:0 len:1451520 data:0x1196 enc:I42S
2020-09-24
20:03:49.592 T:1927279488   DEBUG: CLibInputPointer::ProcessMotionAbsolute - event.type: 3, event.motion.x: 255, event.motion.y: 415
2020-09-24
20:03:49.599 T:1282691968   DEBUG: CMMALRenderer::Process - debug vsync:2768578 queue:1 fps:23.98/23.98/59.94 inc:0.400000 diff:-0.400000
2020-09-24
20:03:49.599 T:1937461264   DEBUG: CMMALRenderer::RenderUpdate - MMAL: clear:0 flags:0 alpha:255 source:3 omvb:0x498df1c8 mmal:0x579a9048 mflags:0 skipping
2020-09-24
20:03:49.616 T:1282691968   DEBUG: CMMALRenderer::Process - debug vsync:2768579 queue:1 fps:23.98/23.98/59.94 inc:0.400000 diff:0.000000
2020-09-24
20:03:49.616 T:1282691968   DEBUG: CMMALRenderer::Process - omvb:0x498df1c8 mmal:0x579a9048 vsync:2768579 queue:0 diff:-1.000000
2020-09-24
20:03:49.622 T:1370170240   DEBUG: CMMALPool::Configure pool:0x547da3e0 1280x720 (1344x720) pix:-1 size:0 fmt:I42S
2020-09-24
20:03:49.622 T:1370170240   DEBUG: CAddonVideoCodec: GetPicture::VC_PICTURE with pts 4421083 1280x720 (1280x720) 1.777778 0x4ca0c000:1452864 offset:0,967680,968352, stride:1344,1344,1344
2020-09-24
20:03:49.624 T:1937461264   DEBUG: CMMALRenderer::Update
2020-09-24
20:03:49.628 T:1937461264   DEBUG: CMMALRenderer::RenderUpdate - MMAL: clear:0 flags:0 alpha:255 source:4 omvb:0x59c6ca20 mmal:0x579a93f8 mflags:0 len:1451520 data:0x1150 enc:I42S
2020-09-24
20:03:49.632 T:1282691968   DEBUG: CMMALRenderer::Process - debug vsync:2768580 queue:1 fps:23.98/23.98/59.94 inc:0.400000 diff:-0.600000
2020-09-24
20:03:49.632 T:1937461264   DEBUG: CMMALRenderer::RenderUpdate - MMAL: clear:0 flags:0 alpha:255 source:4 omvb:0x59c6ca20 mmal:0x579a93f8 mflags:0 skipping
2020-09-24
20:03:49.639 T:1370170240   DEBUG: CMMALPool::Configure pool:0x547da3e0 1280x720 (1344x720) pix:-1 size:0 fmt:I42S
2020-09-24
20:03:49.639 T:1370170240   DEBUG: CAddonVideoCodec: GetPicture::VC_PICTURE with pts 4462791 1280x720 (1280x720) 1.777778 0x4c8a9000:1452864 offset:0,967680,968352, stride:1344,1344,1344
2020-09-24
20:03:49.649 T:1282691968   DEBUG: CMMALRenderer::Process - debug vsync:2768581 queue:1 fps:23.98/23.98/59.94 inc:0.400000 diff:-0.200000
2020-09-24
20:03:49.649 T:1937461264   DEBUG: CMMALRenderer::RenderUpdate - MMAL: clear:0 flags:0 alpha:255 source:4 omvb:0x59c6ca20 mmal:0x579a93f8 mflags:0 skipping
2020-09-24
20:03:49.665 T:1282691968   DEBUG: CMMALRenderer::Process - debug vsync:2768582 queue:1 fps:23.98/23.98/59.94 inc:0.400000 diff:0.200000
2020-09-24
20:03:49.666 T:1282691968   DEBUG: CMMALRenderer::Process - omvb:0x59c6ca20 mmal:0x579a93f8 vsync:2768582 queue:0 diff:-0.800000
2020-09-24
20:03:49.666 T:1937461264   DEBUG: CMMALRenderer::RenderUpdate - MMAL: clear:0 flags:0 alpha:255 source:5 omvb:0x57930c48 mmal:0x579a95d0 mflags:0 len:1451520 data:0x4ed enc:I42S
2020-09-24
20:03:49.667 T:1927279488   DEBUG: CLibInputPointer::ProcessMotionAbsolute - event.type: 3, event.motion.x: 262, event.motion.y: 437
2020-09-24
20:03:49.672 T:1927279488   DEBUG: CLibInputPointer::ProcessMotionAbsolute - event.type: 3, event.motion.x: 262, event.motion.y: 439
2020-09-24
20:03:49.682 T:1927279488   DEBUG: CLibInputPointer::ProcessMotionAbsolute - event.type: 3, event.motion.x: 264, event.motion.y: 442
2020-09-24
20:03:49.682 T:1282691968   DEBUG: CMMALRenderer::Process - debug vsync:2768583 queue:1 fps:23.98/23.98/59.94 inc:0.400000 diff:-0.400000
2020-09-24
20:03:49.683 T:1937461264   DEBUG: CMMALRenderer::RenderUpdate - MMAL: clear:0 flags:0 alpha:255 source:5 omvb:0x57930c48 mmal:0x579a95d0 mflags:0 skipping
2020-09-24
20:03:49.693 T:1927279488   DEBUG: CLibInputPointer::ProcessMotionAbsolute - event.type: 3, event.motion.x: 264, event.motion.y: 443
2020-09-24
20:03:49.699 T:1282691968   DEBUG: CMMALRenderer::Process - debug vsync:2768584 queue:1 fps:23.98/23.98/59.94 inc:0.400000 diff:0.000000
2020-09-24
20:03:49.699 T:1282691968   DEBUG: CMMALRenderer::Process - omvb:0x57930c48 mmal:0x579a95d0 vsync:2768584 queue:0 diff:-1.000000
2020-09-24
20:03:49.699 T:1937461264   DEBUG: CMMALRenderer::RenderUpdate - MMAL: clear:0 flags:0 alpha:255 source:0 omvb:0x5478f478 mmal:0x579a97a8 mflags:0 len:1451520 data:0x1019 enc:I42S
2020-09-24
20:03:49.705 T:1927279488   DEBUG: CLibInputPointer::ProcessMotionAbsolute - event.type: 3, event.motion.x: 264, event.motion.y: 445
2020-09-24
20:03:49.707 T:1370170240   DEBUG: CMMALPool::Configure pool:0x547da3e0 1280x720 (1344x720) pix:-1 size:0 fmt:I42S
2020-09-24
20:03:49.707 T:1370170240   DEBUG: CAddonVideoCodec: GetPicture::VC_PICTURE with pts 4504500 1280x720 (1280x720) 1.777778 0x4b311000:1452864 offset:0,967680,968352, stride:1344,1344,1344
2020-09-24
20:03:49.715 T:1927279488   DEBUG: CLibInputPointer::ProcessMotionAbsolute - event.type: 3, event.motion.x: 264, event.motion.y: 448
2020-09-24
20:03:49.716 T:1282691968   DEBUG: CMMALRenderer::Process - debug vsync:2768585 queue:1 fps:23.98/23.98/59.94 inc:0.400000 diff:-0.600000
2020-09-24
20:03:49.716 T:1937461264   DEBUG: CMMALRenderer::RenderUpdate - MMAL: clear:0 flags:0 alpha:255 source:0 omvb:0x5478f478 mmal:0x579a97a8 mflags:0 skipping
2020-09-24
20:03:49.727 T:1927279488   DEBUG: CLibInputPointer::ProcessMotionAbsolute - event.type: 3, event.motion.x: 264, event.motion.y: 451
2020-09-24
20:03:49.732 T:1282691968   DEBUG: CMMALRenderer::Process - debug vsync:2768586 queue:1 fps:23.98/23.98/59.94 inc:0.400000 diff:-0.200000
2020-09-24
20:03:49.735 T:1937461264   DEBUG: CMMALRenderer::Update
2020-09-24
20:03:49.737 T:1370170240   DEBUG: CMMALPool::Configure pool:0x547da3e0 1280x720 (1344x720) pix:-1 size:0 fmt:I42S
2020-09-24
20:03:49.737 T:1370170240   DEBUG: CAddonVideoCodec: GetPicture::VC_PICTURE with pts 4546208 1280x720 (1280x720) 1.777778 0x4c746000:1452864 offset:0,967680,968352, stride:1344,1344,1344
2020-09-24
20:03:49.739 T:1927279488   DEBUG: CLibInputPointer::ProcessMotionAbsolute - event.type: 3, event.motion.x: 264, event.motion.y: 453
2020-09-24
20:03:49.741 T:1937461264   DEBUG: CMMALRenderer::RenderUpdate - MMAL: clear:0 flags:0 alpha:255 source:0 omvb:0x5478f478 mmal:0x579a97a8 mflags:0 skipping
2020-09-24
20:03:49.749 T:1282691968   DEBUG: CMMALRenderer::Process - debug vsync:2768587 queue:1 fps:23.98/23.98/59.94 inc:0.400000 diff:0.200000
2020-09-24
20:03:49.750 T:1927279488   DEBUG: CLibInputPointer::ProcessMotionAbsolute - event.type: 3, event.motion.x: 264, event.motion.y: 456
2020-09-24
20:03:49.750 T:1282691968   DEBUG: CMMALRenderer::Process - omvb:0x5478f478 mmal:0x579a97a8 vsync:2768587 queue:0 diff:-0.800000
2020-09-24
20:03:49.750 T:1937461264   DEBUG: CMMALRenderer::RenderUpdate - MMAL: clear:0 flags:0 alpha:255 source:1 omvb:0x710bd050 mmal:0x579a9980 mflags:0 len:1451520 data:0x10e0 enc:I42S
2020-09-24
20:03:49.766 T:1282691968   DEBUG: CMMALRenderer::Process - debug vsync:2768588 queue:1 fps:23.98/23.98/59.94 inc:0.400000 diff:-0.400000
2020-09-24
20:03:49.766 T:1937461264   DEBUG: CMMALRenderer::RenderUpdate - MMAL: clear:0 flags:0 alpha:255 source:1 omvb:0x710bd050 mmal:0x579a9980 mflags:0 skipping
2020-09-24
20:03:49.782 T:1282691968   DEBUG: CMMALRenderer::Process - debug vsync:2768589 queue:1 fps:23.98/23.98/59.94 inc:0.400000 diff:0.000000
2020-09-24
20:03:49.782 T:1282691968   DEBUG: CMMALRenderer::Process - omvb:0x710bd050 mmal:0x579a9980 vsync:2768589 queue:0 diff:-1.000000
2020-09-24
20:03:49.783 T:1937461264   DEBUG: CMMALRenderer::RenderUpdate - MMAL: clear:0 flags:0 alpha:255 source:2 omvb:0x547793e0 mmal:0x579a9b58 mflags:0 len:1451520 data:0x10d8 enc:I42S
2020-09-24
20:03:49.786 T:1370170240   DEBUG: CMMALPool::Configure pool:0x547da3e0 1280x720 (1344x720) pix:-1 size:0 fmt:I42S
2020-09-24
20:03:49.786 T:1370170240   DEBUG: CAddonVideoCodec: GetPicture::VC_PICTURE with pts 4587916 1280x720 (1280x720) 1.777778 0x4bde2000:1452864 offset:0,967680,968352, stride:1344,1344,1344
2020-09-24
20:03:49.799 T:1282691968   DEBUG: CMMALRenderer::Process - debug vsync:2768590 queue:1 fps:23.98/23.98/59.94 inc:0.400000 diff:-0.600000
2020-09-24
20:03:49.799 T:1937461264   DEBUG: CMMALRenderer::RenderUpdate - MMAL: clear:0 flags:0 alpha:255 source:2 omvb:0x547793e0 mmal:0x579a9b58 mflags:0 skipping
2020-09-24
20:03:49.816 T:1282691968   DEBUG: CMMALRenderer::Process - debug vsync:2768591 queue:1 fps:23.98/23.98/59.94 inc:0.400000 diff:-0.200000
2020-09-24
20:03:49.816 T:1937461264   DEBUG: CMMALRenderer::RenderUpdate - MMAL: clear:0 flags:0 alpha:255 source:2 omvb:0x547793e0 mmal:0x579a9b58 mflags:0 skipping
2020-09-24
20:03:49.824 T:1370170240   DEBUG: CMMALPool::Configure pool:0x547da3e0 1280x720 (1344x720) pix:-1 size:0 fmt:I42S
2020-09-24
20:03:49.824 T:1370170240   DEBUG: CAddonVideoCodec: GetPicture::VC_PICTURE with pts 4629625 1280x720 (1280x720) 1.777778 0x4b89d000:1452864 offset:0,967680,968352, stride:1344,1344,1344
2020-09-24
20:03:49.824 T:1927279488   DEBUG: CLibInputPointer::ProcessMotionAbsolute - event.type: 3, event.motion.x: 261, event.motion.y: 503
2020-09-24
20:03:49.828 T:1927279488   DEBUG: CLibInputPointer::ProcessMotionAbsolute - event.type: 3, event.motion.x: 261, event.motion.y: 513
2020-09-24
20:03:49.832 T:1282691968   DEBUG: CMMALRenderer::Process - debug vsync:2768592 queue:1 fps:23.98/23.98/59.94 inc:0.400000 diff:0.200000
2020-09-24
20:03:49.832 T:1282691968   DEBUG: CMMALRenderer::Process - omvb:0x547793e0 mmal:0x579a9b58 vsync:2768592 queue:0 diff:-0.800000
2020-09-24
20:03:49.833 T:1937461264   DEBUG: CMMALRenderer::RenderUpdate - MMAL: clear:0 flags:0 alpha:255 source:3 omvb:0x5ffa4fc0 mmal:0x579a6d40 mflags:0 len:1451520 data:0x6b6 enc:I42S
2020-09-24
20:03:49.839 T:1927279488   DEBUG: CLibInputPointer::ProcessMotionAbsolute - event.type: 3, event.motion.x: 261, event.motion.y: 522
2020-09-24
20:03:49.849 T:1282691968   DEBUG: CMMALRenderer::Process - debug vsync:2768593 queue:1 fps:23.98/23.98/59.94 inc:0.400000 diff:-0.400000
2020-09-24
20:03:49.851 T:1937461264   DEBUG: CMMALRenderer::Update
2020-09-24
20:03:49.852 T:1927279488   DEBUG: CLibInputPointer::ProcessMotionAbsolute - event.type: 3, event.motion.x: 261, event.motion.y: 530
2020-09-24
20:03:49.857 T:1937461264   DEBUG: CMMALRenderer::RenderUpdate - MMAL: clear:0 flags:0 alpha:255 source:3 omvb:0x5ffa4fc0 mmal:0x579a6d40 mflags:0 skipping
2020-09-24
20:03:49.862 T:1927279488   DEBUG: CLibInputPointer::ProcessMotionAbsolute - event.type: 3, event.motion.x: 263, event.motion.y: 542
2020-09-24
20:03:49.864 T:1370170240   DEBUG: CMMALPool::Configure pool:0x547da3e0 1280x720 (1344x720) pix:-1 size:0 fmt:I42S
2020-09-24
20:03:49.864 T:1370170240   DEBUG: CAddonVideoCodec: GetPicture::VC_PICTURE with pts 4671333 1280x720 (1280x720) 1.777778 0x4b5d7000:1452864 offset:0,967680,968352, stride:1344,1344,1344
2020-09-24
20:03:49.866 T:1282691968   DEBUG: CMMALRenderer::Process - debug vsync:2768594 queue:1 fps:23.98/23.98/59.94 inc:0.400000 diff:0.000000
2020-09-24
20:03:49.866 T:1282691968   DEBUG: CMMALRenderer::Process - omvb:0x5ffa4fc0 mmal:0x579a6d40 vsync:2768594 queue:0 diff:-1.000000
2020-09-24
20:03:49.866 T:1937461264   DEBUG: CMMALRenderer::RenderUpdate - MMAL: clear:0 flags:0 alpha:255 source:4 omvb:0x4bcc85b0 mmal:0x579a6f18 mflags:0 len:1451520 data:0x9b1 enc:I42S
2020-09-24
20:03:49.874 T:1927279488   DEBUG: CLibInputPointer::ProcessMotionAbsolute - event.type: 3, event.motion.x: 263, event.motion.y: 557
2020-09-24
20:03:49.883 T:1282691968   DEBUG: CMMALRenderer::Process - debug vsync:2768595 queue:1 fps:23.98/23.98/59.94 inc:0.400000 diff:-0.600000
2020-09-24
20:03:49.883 T:1937461264   DEBUG: CMMALRenderer::RenderUpdate - MMAL: clear:0 flags:0 alpha:255 source:4 omvb:0x4bcc85b0 mmal:0x579a6f18 mflags:0 skipping
2020-09-24
20:03:49.884 T:1927279488   DEBUG: CLibInputPointer::ProcessMotionAbsolute - event.type: 3, event.motion.x: 264, event.motion.y: 566
2020-09-24
20:03:49.895 T:1927279488   DEBUG: CLibInputPointer::ProcessMotionAbsolute - event.type: 3, event.motion.x: 266, event.motion.y: 578
2020-09-24
20:03:49.899 T:1282691968   DEBUG: CMMALRenderer::Process - debug vsync:2768596 queue:1 fps:23.98/23.98/59.94 inc:0.400000 diff:-0.200000
2020-09-24
20:03:49.899 T:1937461264   DEBUG: CMMALRenderer::RenderUpdate - MMAL: clear:0 flags:0 alpha:255 source:4 omvb:0x4bcc85b0 mmal:0x579a6f18 mflags:0 skipping
2020-09-24
20:03:49.907 T:1927279488   DEBUG: CLibInputPointer::ProcessMotionAbsolute - event.type: 3, event.motion.x: 268, event.motion.y: 590
2020-09-24
20:03:49.908 T:1370170240   DEBUG: CMMALPool::Configure pool:0x547da3e0 1280x720 (1344x720) pix:-1 size:0 fmt:I42S
2020-09-24
20:03:49.909 T:1370170240   DEBUG: CAddonVideoCodec: GetPicture::VC_PICTURE with pts 4713041 1280x720 (1280x720) 1.777778 0x4b73a000:1452864 offset:0,967680,968352, stride:1344,1344,1344
2020-09-24
20:03:49.916 T:1282691968   DEBUG: CMMALRenderer::Process - debug vsync:2768597 queue:1 fps:23.98/23.98/59.94 inc:0.400000 diff:0.200000
2020-09-24
20:03:49.916 T:1282691968   DEBUG: CMMALRenderer::Process - omvb:0x4bcc85b0 mmal:0x579a6f18 vsync:2768597 queue:0 diff:-0.800000
2020-09-24
20:03:49.916 T:1937461264   DEBUG: CMMALRenderer::RenderUpdate - MMAL: clear:0 flags:0 alpha:255 source:5 omvb:0x6ad76b88 mmal:0x579a70f0 mflags:0 len:1451520 data:0x9db enc:I42S
2020-09-24
20:03:49.932 T:1282691968   DEBUG: CMMALRenderer::Process - debug vsync:2768598 queue:1 fps:23.98/23.98/59.94 inc:0.400000 diff:-0.400000
2020-09-24
20:03:49.933 T:1937461264   DEBUG: CMMALRenderer::RenderUpdate - MMAL: clear:0 flags:0 alpha:255 source:5 omvb:0x6ad76b88 mmal:0x579a70f0 mflags:0 skipping
2020-09-24
20:03:49.949 T:1282691968   DEBUG: CMMALRenderer::Process - debug vsync:2768599 queue:1 fps:23.98/23.98/59.94 inc:0.400000 diff:0.000000
2020-09-24
20:03:49.949 T:1282691968   DEBUG: CMMALRenderer::Process - omvb:0x6ad76b88 mmal:0x579a70f0 vsync:2768599 queue:0 diff:-1.000000
2020-09-24
20:03:49.950 T:1937461264   DEBUG: CMMALRenderer::RenderUpdate - MMAL: clear:0 flags:0 alpha:255 source:0 omvb:0x5a85ec80 mmal:0x579a72c8 mflags:0 len:1451520 data:0xc81 enc:I42S
2020-09-24
20:03:49.954 T:1370170240   DEBUG: CMMALPool::Configure pool:0x547da3e0 1280x720 (1344x720) pix:-1 size:0 fmt:I42S
2020-09-24
20:03:49.954 T:1370170240   DEBUG: CAddonVideoCodec: GetPicture::VC_PICTURE with pts 4754750 1280x720 (1280x720) 1.777778 0x4d29c000:1452864 offset:0,967680,968352, stride:1344,1344,1344
2020-09-24
20:03:49.966 T:1282691968   DEBUG: CMMALRenderer::Process - debug vsync:2768600 queue:1 fps:23.98/23.98/59.94 inc:0.400000 diff:-0.600000
2020-09-24
20:03:49.968 T:1937461264   DEBUG: CMMALRenderer::Update
2020-09-24
20:03:49.974 T:1370170240   DEBUG: CMMALPool::Configure pool:0x547da3e0 1280x720 (1344x720) pix:-1 size:0 fmt:I42S
2020-09-24
20:03:49.974 T:1370170240   DEBUG: CAddonVideoCodec: GetPicture::VC_PICTURE with pts 4796458 1280x720 (1280x720) 1.777778 0x4b474000:1452864 offset:0,967680,968352, stride:1344,1344,1344
2020-09-24
20:03:49.976 T:1937461264   DEBUG: CMMALRenderer::RenderUpdate - MMAL: clear:0 flags:0 alpha:255 source:0 omvb:0x5a85ec80 mmal:0x579a72c8 mflags:0 skipping
2020-09-24
20:03:49.980 T:1927279488   DEBUG: CLibInputPointer::ProcessMotionAbsolute - event.type: 3, event.motion.x: 270, event.motion.y: 680
2020-09-24
20:03:49.982 T:1282691968   DEBUG: CMMALRenderer::Process - debug vsync:2768601 queue:1 fps:23.98/23.98/59.94 inc:0.400000 diff:-0.200000
2020-09-24
20:03:49.983 T:1937461264   DEBUG: CMMALRenderer::RenderUpdate - MMAL: clear:0 flags:0 alpha:255 source:0 omvb:0x5a85ec80 mmal:0x579a72c8 mflags:0 skipping
2020-09-24
20:03:49.986 T:1927279488   DEBUG: CLibInputPointer::ProcessMotionAbsolute - event.type: 3, event.motion.x: 270, event.motion.y: 692
2020-09-24
20:03:49.997 T:1927279488   DEBUG: CLibInputPointer::ProcessMotionAbsolute - event.type: 3, event.motion.x: 268, event.motion.y: 698
2020-09-24
20:03:49.999 T:1282691968   DEBUG: CMMALRenderer::Process - debug vsync:2768602 queue:1 fps:23.98/23.98/59.94 inc:0.400000 diff:0.200000
2020-09-24
20:03:49.999 T:1282691968   DEBUG: CMMALRenderer::Process - omvb:0x5a85ec80 mmal:0x579a72c8 vsync:2768602 queue:0 diff:-0.800000
2020-09-24
20:03:49.999 T:1937461264   DEBUG: CMMALRenderer::RenderUpdate - MMAL: clear:0 flags:0 alpha:255 source:1 omvb:0x54797440 mmal:0x579a74a0 mflags:0 len:1451520 data:0xd9a enc:I42S
2020-09-24
20:03:50.008 T:1927279488   DEBUG: CLibInputPointer::ProcessMotionAbsolute - event.type: 3, event.motion.x: 268, event.motion.y: 702
2020-09-24
20:03:50.016 T:1282691968   DEBUG: CMMALRenderer::Process - debug vsync:2768603 queue:1 fps:23.98/23.98/59.94 inc:0.400000 diff:-0.400000
2020-09-24
20:03:50.016 T:1937461264   DEBUG: CMMALRenderer::RenderUpdate - MMAL: clear:0 flags:0 alpha:255 source:1 omvb:0x54797440 mmal:0x579a74a0 mflags:0 skipping
2020-09-24
20:03:50.019 T:1927279488   DEBUG: CLibInputPointer::ProcessMotionAbsolute - event.type: 3, event.motion.x: 268, event.motion.y: 707
2020-09-24
20:03:50.030 T:1927279488   DEBUG: CLibInputPointer::ProcessMotionAbsolute - event.type: 3, event.motion.x: 267, event.motion.y: 710
2020-09-24
20:03:50.032 T:1282691968   DEBUG: CMMALRenderer::Process - debug vsync:2768604 queue:1 fps:23.98/23.98/59.94 inc:0.400000 diff:0.000000
2020-09-24
