19:53:42.977 T:1395348352   DEBUG: CAddonVideoCodec: GetPicture::VC_PICTURE with pts 792458 1280x720 (1280x720) 1.777778 0x4b5d7000:1452864 offset:0,967680,968352, stride:1344,1344,1344
2020-09-24
19:53:42.989 T:1250947968   DEBUG: CMMALRenderer::Process - debug vsync:2732249 queue:0 fps:0.00/23.98/59.94 inc:1.000000 diff:1.000000
2020-09-24
19:53:42.989 T:1250947968   DEBUG: CMMALRenderer::Process - omvb:(nil) mmal:(nil) vsync:2732249 queue:0 diff:0.000000
2020-09-24
19:53:42.990 T:1937461264   DEBUG: CMMALRenderer::Update
2020-09-24
19:53:42.992 T:1937461264   DEBUG: CMMALRenderer::RenderUpdate - MMAL: clear:0 flags:0 alpha:255 source:0 omvb:0x4965d7e8 mmal:0x59cc8d08 mflags:0 skipping
2020-09-24
19:53:43.005 T:1250947968   DEBUG: CMMALRenderer::Process - debug vsync:2732250 queue:0 fps:0.00/23.98/59.94 inc:1.000000 diff:1.000000
2020-09-24
19:53:43.005 T:1250947968   DEBUG: CMMALRenderer::Process - omvb:(nil) mmal:(nil) vsync:2732250 queue:0 diff:0.000000
2020-09-24
19:53:43.005 T:1937461264   DEBUG: CMMALRenderer::RenderUpdate - MMAL: clear:0 flags:0 alpha:255 source:1 omvb:0x5a750630 mmal:0x59cc8ee0 mflags:0 len:1451520 data:0xd07 enc:I42S
2020-09-24
19:53:43.022 T:1250947968   DEBUG: CMMALRenderer::Process - debug vsync:2732251 queue:1 fps:0.00/23.98/59.94 inc:1.000000 diff:1.000000
2020-09-24
19:53:43.022 T:1250947968   DEBUG: CMMALRenderer::Process - omvb:0x5a750630 mmal:0x59cc8ee0 vsync:2732251 queue:0 diff:0.000000
2020-09-24
19:53:43.022 T:1937461264   DEBUG: CMMALRenderer::RenderUpdate - MMAL: clear:0 flags:0 alpha:255 source:1 omvb:0x5a750630 mmal:0x59cc8ee0 mflags:0 skipping
2020-09-24
19:53:43.037 T:1395348352   DEBUG: CMMALPool::Configure pool:0x496510d0 1280x720 (1344x720) pix:-1 size:0 fmt:I42S
2020-09-24
19:53:43.037 T:1395348352   DEBUG: CAddonVideoCodec: GetPicture::VC_PICTURE with pts 834166 1280x720 (1280x720) 1.777778 0x4b474000:1452864 offset:0,967680,968352, stride:1344,1344,1344
2020-09-24
19:53:43.039 T:1250947968   DEBUG: CMMALRenderer::Process - debug vsync:2732252 queue:0 fps:0.00/23.98/59.94 inc:1.000000 diff:1.000000
2020-09-24
19:53:43.039 T:1250947968   DEBUG: CMMALRenderer::Process - omvb:(nil) mmal:(nil) vsync:2732252 queue:0 diff:0.000000
2020-09-24
19:53:43.039 T:1937461264   DEBUG: CMMALRenderer::RenderUpdate - MMAL: clear:0 flags:0 alpha:255 source:2 omvb:0x59f77f10 mmal:0x59cc90b8 mflags:0 len:1451520 data:0x10ed enc:I42S
2020-09-24
19:53:43.055 T:1250947968   DEBUG: CMMALRenderer::Process - debug vsync:2732253 queue:1 fps:0.00/23.98/59.94 inc:1.000000 diff:1.000000
2020-09-24
19:53:43.056 T:1250947968   DEBUG: CMMALRenderer::Process - omvb:0x59f77f10 mmal:0x59cc90b8 vsync:2732253 queue:0 diff:0.000000
2020-09-24
19:53:43.056 T:1937461264   DEBUG: CMMALRenderer::RenderUpdate - MMAL: clear:0 flags:0 alpha:255 source:2 omvb:0x59f77f10 mmal:0x59cc90b8 mflags:0 skipping
2020-09-24
19:53:43.063 T:1395348352   DEBUG: CMMALPool::Configure pool:0x496510d0 1280x720 (1344x720) pix:-1 size:0 fmt:I42S
2020-09-24
19:53:43.063 T:1395348352   DEBUG: CAddonVideoCodec: GetPicture::VC_PICTURE with pts 875875 1280x720 (1280x720) 1.777778 0x4b311000:1452864 offset:0,967680,968352, stride:1344,1344,1344
2020-09-24
19:53:43.072 T:1937461264   DEBUG: CMMALRenderer::RenderUpdate - MMAL: clear:0 flags:0 alpha:255 source:2 omvb:0x59f77f10 mmal:0x59cc90b8 mflags:0 skipping
2020-09-24
19:53:43.073 T:1250947968   DEBUG: CMMALRenderer::Process - debug vsync:2732254 queue:0 fps:0.00/23.98/59.94 inc:1.000000 diff:1.000000
2020-09-24
19:53:43.074 T:1250947968   DEBUG: CMMALRenderer::Process - omvb:(nil) mmal:(nil) vsync:2732254 queue:0 diff:0.000000
2020-09-24
19:53:43.089 T:1250947968   DEBUG: CMMALRenderer::Process - debug vsync:2732255 queue:0 fps:0.00/23.98/59.94 inc:1.000000 diff:1.000000
2020-09-24
19:53:43.089 T:1250947968   DEBUG: CMMALRenderer::Process - omvb:(nil) mmal:(nil) vsync:2732255 queue:0 diff:0.000000
2020-09-24
19:53:43.090 T:1937461264   DEBUG: CMMALRenderer::RenderUpdate - MMAL: clear:0 flags:0 alpha:255 source:3 omvb:0x59f137a0 mmal:0x59cc9290 mflags:0 len:1451520 data:0xd3a enc:I42S
2020-09-24
19:53:43.105 T:1250947968   DEBUG: CMMALRenderer::Process - debug vsync:2732256 queue:1 fps:0.00/23.98/59.94 inc:1.000000 diff:1.000000
2020-09-24
19:53:43.105 T:1250947968   DEBUG: CMMALRenderer::Process - omvb:0x59f137a0 mmal:0x59cc9290 vsync:2732256 queue:0 diff:0.000000
2020-09-24
19:53:43.106 T:1937461264   DEBUG: ------ Window Deinit (Pointer.xml) ------
2020-09-24
19:53:43.107 T:1937461264   DEBUG: CMMALRenderer::Update
2020-09-24
19:53:43.111 T:1395348352   DEBUG: CMMALPool::Configure pool:0x496510d0 1280x720 (1344x720) pix:-1 size:0 fmt:I42S
2020-09-24
19:53:43.111 T:1395348352   DEBUG: CAddonVideoCodec: GetPicture::VC_PICTURE with pts 917583 1280x720 (1280x720) 1.777778 0x4b1ae000:1452864 offset:0,967680,968352, stride:1344,1344,1344
2020-09-24
19:53:43.112 T:1937461264   DEBUG: CMMALRenderer::RenderUpdate - MMAL: clear:0 flags:0 alpha:255 source:3 omvb:0x59f137a0 mmal:0x59cc9290 mflags:0 skipping
2020-09-24
19:53:43.122 T:1250947968   DEBUG: CMMALRenderer::Process - debug vsync:2732257 queue:0 fps:0.00/23.98/59.94 inc:1.000000 diff:1.000000
2020-09-24
19:53:43.122 T:1250947968   DEBUG: CMMALRenderer::Process - omvb:(nil) mmal:(nil) vsync:2732257 queue:0 diff:0.000000
2020-09-24
19:53:43.122 T:1937461264   DEBUG: CMMALRenderer::RenderUpdate - MMAL: clear:0 flags:0 alpha:255 source:4 omvb:0x4964de50 mmal:0x59cc9468 mflags:0 len:1451520 data:0x10e6 enc:I42S
2020-09-24
19:53:43.139 T:1937461264   DEBUG: CMMALRenderer::RenderUpdate - MMAL: clear:0 flags:0 alpha:255 source:4 omvb:0x4964de50 mmal:0x59cc9468 mflags:0 skipping
2020-09-24
19:53:43.139 T:1250947968   DEBUG: CMMALRenderer::Process - debug vsync:2732258 queue:1 fps:0.00/23.98/59.94 inc:1.000000 diff:1.000000
2020-09-24
19:53:43.139 T:1250947968   DEBUG: CMMALRenderer::Process - omvb:0x4964de50 mmal:0x59cc9468 vsync:2732258 queue:0 diff:0.000000
2020-09-24
19:53:43.143 T:1395348352   DEBUG: CMMALPool::Configure pool:0x496510d0 1280x720 (1344x720) pix:-1 size:0 fmt:I42S
2020-09-24
19:53:43.144 T:1395348352   DEBUG: CAddonVideoCodec: GetPicture::VC_PICTURE with pts 959291 1280x720 (1280x720) 1.777778 0x4b04b000:1452864 offset:0,967680,968352, stride:1344,1344,1344
2020-09-24
19:53:43.155 T:1250947968   DEBUG: CMMALRenderer::Process - debug vsync:2732259 queue:0 fps:0.00/23.98/59.94 inc:1.000000 diff:1.000000
2020-09-24
19:53:43.156 T:1250947968   DEBUG: CMMALRenderer::Process - omvb:(nil) mmal:(nil) vsync:2732259 queue:0 diff:0.000000
2020-09-24
19:53:43.159 T:1937461264   DEBUG: CMMALRenderer::RenderUpdate - MMAL: clear:0 flags:0 alpha:255 source:4 omvb:0x4964de50 mmal:0x59cc9468 mflags:0 skipping
2020-09-24
19:53:43.172 T:1250947968   DEBUG: CMMALRenderer::Process - debug vsync:2732260 queue:0 fps:0.00/23.98/59.94 inc:1.000000 diff:1.000000
2020-09-24
19:53:43.172 T:1250947968   DEBUG: CMMALRenderer::Process - omvb:(nil) mmal:(nil) vsync:2732260 queue:0 diff:0.000000
2020-09-24
19:53:43.172 T:1937461264   DEBUG: CMMALRenderer::RenderUpdate - MMAL: clear:0 flags:0 alpha:255 source:5 omvb:0x55e5e280 mmal:0x59cc9640 mflags:0 len:1451520 data:0xc34 enc:I42S
2020-09-24
19:53:43.189 T:1250947968   DEBUG: CMMALRenderer::Process - debug vsync:2732261 queue:1 fps:0.00/23.98/59.94 inc:1.000000 diff:1.000000
2020-09-24
19:53:43.189 T:1250947968   DEBUG: CMMALRenderer::Process - omvb:0x55e5e280 mmal:0x59cc9640 vsync:2732261 queue:0 diff:0.000000
2020-09-24
19:53:43.189 T:1937461264   DEBUG: CMMALRenderer::RenderUpdate - MMAL: clear:0 flags:0 alpha:255 source:5 omvb:0x55e5e280 mmal:0x59cc9640 mflags:0 skipping
2020-09-24
19:53:43.205 T:1250947968   DEBUG: CMMALRenderer::Process - debug vsync:2732262 queue:0 fps:0.00/23.98/59.94 inc:1.000000 diff:1.000000
2020-09-24
19:53:43.206 T:1250947968   DEBUG: CMMALRenderer::Process - omvb:(nil) mmal:(nil) vsync:2732262 queue:0 diff:0.000000
2020-09-24
19:53:43.206 T:1937461264   DEBUG: CMMALRenderer::RenderUpdate - MMAL: clear:0 flags:0 alpha:255 source:0 omvb:0x710ba120 mmal:0x59cc9818 mflags:0 len:1451520 data:0x1515 enc:I42S
2020-09-24
19:53:43.212 T:1395348352   DEBUG: CMMALPool::Configure pool:0x496510d0 1280x720 (1344x720) pix:-1 size:0 fmt:I42S
2020-09-24
19:53:43.212 T:1395348352   DEBUG: CAddonVideoCodec: GetPicture::VC_PICTURE with pts 1001000 1280x720 (1280x720) 1.777778 0x4ad9d000:1452864 offset:0,967680,968352, stride:1344,1344,1344
2020-09-24
19:53:43.222 T:1250947968   DEBUG: CMMALRenderer::Process - debug vsync:2732263 queue:1 fps:0.00/23.98/59.94 inc:1.000000 diff:1.000000
2020-09-24
19:53:43.222 T:1250947968   DEBUG: CMMALRenderer::Process - omvb:0x710ba120 mmal:0x59cc9818 vsync:2732263 queue:0 diff:0.000000
2020-09-24
19:53:43.223 T:1937461264   DEBUG: CMMALRenderer::Update
2020-09-24
19:53:43.228 T:1395348352   DEBUG: CMMALPool::Configure pool:0x496510d0 1280x720 (1344x720) pix:-1 size:0 fmt:I42S
2020-09-24
19:53:43.228 T:1395348352   DEBUG: CAddonVideoCodec: GetPicture::VC_PICTURE with pts 1042708 1280x720 (1280x720) 1.777778 0x4ac3a000:1452864 offset:0,967680,968352, stride:1344,1344,1344
2020-09-24
19:53:43.229 T:1937461264   DEBUG: CMMALRenderer::RenderUpdate - MMAL: clear:0 flags:0 alpha:255 source:0 omvb:0x710ba120 mmal:0x59cc9818 mflags:0 skipping
2020-09-24
19:53:43.239 T:1250947968   DEBUG: CMMALRenderer::Process - debug vsync:2732264 queue:0 fps:0.00/23.98/59.94 inc:1.000000 diff:1.000000
2020-09-24
19:53:43.239 T:1250947968   DEBUG: CMMALRenderer::Process - omvb:(nil) mmal:(nil) vsync:2732264 queue:0 diff:0.000000
2020-09-24
19:53:43.239 T:1937461264   DEBUG: CMMALRenderer::RenderUpdate - MMAL: clear:0 flags:0 alpha:255 source:0 omvb:0x710ba120 mmal:0x59cc9818 mflags:0 skipping
2020-09-24
19:53:43.256 T:1250947968   DEBUG: CMMALRenderer::Process - debug vsync:2732265 queue:0 fps:0.00/23.98/59.94 inc:1.000000 diff:1.000000
2020-09-24
19:53:43.256 T:1250947968   DEBUG: CMMALRenderer::Process - omvb:(nil) mmal:(nil) vsync:2732265 queue:0 diff:0.000000
2020-09-24
19:53:43.256 T:1937461264   DEBUG: CMMALRenderer::RenderUpdate - MMAL: clear:0 flags:0 alpha:255 source:1 omvb:0x59f00b20 mmal:0x59cc99f0 mflags:0 len:1451520 data:0xd16 enc:I42S
2020-09-24
19:53:43.272 T:1250947968   DEBUG: CMMALRenderer::Process - debug vsync:2732266 queue:1 fps:0.00/23.98/59.94 inc:1.000000 diff:1.000000
2020-09-24
19:53:43.272 T:1250947968   DEBUG: CMMALRenderer::Process - omvb:0x59f00b20 mmal:0x59cc99f0 vsync:2732266 queue:0 diff:0.000000
2020-09-24
19:53:43.273 T:1937461264   DEBUG: CMMALRenderer::RenderUpdate - MMAL: clear:0 flags:0 alpha:255 source:1 omvb:0x59f00b20 mmal:0x59cc99f0 mflags:0 skipping
2020-09-24
19:53:43.280 T:1395348352   DEBUG: CMMALPool::Configure pool:0x496510d0 1280x720 (1344x720) pix:-1 size:0 fmt:I42S
2020-09-24
19:53:43.280 T:1395348352   DEBUG: CAddonVideoCodec: GetPicture::VC_PICTURE with pts 1084416 1280x720 (1280x720) 1.777778 0x53a17000:1452864 offset:0,967680,968352, stride:1344,1344,1344
2020-09-24
19:53:43.285 T:1536807808   DEBUG: [plugin.video.netflix (0)] Trying to restore audio with stored data {u'index': 4, u'name': u'AAC ', u'language': u'es-Spain', u'channels': 2, u'codec': u'aac', u'bitrate': 131072}
2020-09-24
19:53:43.286 T:1536807808   DEBUG: [plugin.video.netflix (0)] Restored audio to {u'index': 4, u'name': u'AAC ', u'language': u'es-Spain', u'channels': 2, u'codec': u'aac', u'bitrate': 131072}
2020-09-24
19:53:43.286 T:1536807808   DEBUG: [plugin.video.netflix (0)] Trying to restore subtitle with stored data {u'index': 5, u'name': u'', u'language': u'es-Spain'}
2020-09-24
19:53:43.286 T:1536807808   DEBUG: [plugin.video.netflix (0)] Restored subtitle to {u'index': 5, u'name': u'', u'language': u'es-Spain'}
2020-09-24
19:53:43.286 T:1536807808   DEBUG: [plugin.video.netflix (0)] Trying to restore subtitleenabled with stored data True
2020-09-24
19:53:43.286 T:1536807808   DEBUG: [plugin.video.netflix (0)] Restored subtitleenabled to True
2020-09-24
19:53:43.289 T:1250947968   DEBUG: CMMALRenderer::Process - debug vsync:2732267 queue:0 fps:0.00/23.98/59.94 inc:1.000000 diff:1.000000
2020-09-24
19:53:43.289 T:1250947968   DEBUG: CMMALRenderer::Process - omvb:(nil) mmal:(nil) vsync:2732267 queue:0 diff:0.000000
2020-09-24
19:53:43.289 T:1937461264   DEBUG: CMMALRenderer::RenderUpdate - MMAL: clear:0 flags:0 alpha:255 source:2 omvb:0x59c34480 mmal:0x59cc9bc8 mflags:0 len:1451520 data:0xcf2 enc:I42S
2020-09-24
19:53:43.290 T:1386955648  NOTICE: Closing stream player 3
2020-09-24
19:53:43.290 T:1386955648   DEBUG: AddOnLog: InputStream Adaptive: EnableStream(1011: false)
2020-09-24
19:53:43.290 T:1386955648  NOTICE: Opening stream: 1014 source: 256
2020-09-24
19:53:43.290 T:1386955648   DEBUG: AddOnLog: InputStream Adaptive: OpenStream(1014)
2020-09-24
19:53:43.291 T:1386955648   DEBUG: AddOnLog: InputStream Adaptive: Selecting stream with conditions: w: 0, h: 0, bw: 4124698
2020-09-24
19:53:43.291 T:1386955648   DEBUG: CFileCache::Open - opening <> using cache
2020-09-24
19:53:43.292 T:1386955648   DEBUG: CurlFile::Open(0x54281380) https://ipv4-c001-pmi002-conectabalear-isp.1.oca.nflxvideo.net/?o=AQMl7uxkT_CKXzx_0JGED-xoOlsM2cU3i8S97OX0FRgTo_-2om12VBaRxCd81qQrh5gJ1iffbtJXhTjEqwneFizZ7H5lhyDSk74SKOBZahVpZB2hNDDqgA4t8zLbvMcPNnjctsCKIkPkojsaj-echUTpohQn6yiH3w&v=5&e=1601010902&t=iZ9s2aS_Ks4BvJ8bkzoKQbZCKTs
2020-09-24
19:53:43.292 T:1386955648    INFO: easy_acquire - Created session to https://ipv4-c001-pmi002-conectabalear-isp.1.oca.nflxvideo.net
2020-09-24
19:53:43.306 T:1250947968   DEBUG: CMMALRenderer::Process - debug vsync:2732268 queue:1 fps:0.00/23.98/59.94 inc:1.000000 diff:1.000000
2020-09-24
19:53:43.306 T:1250947968   DEBUG: CMMALRenderer::Process - omvb:0x59c34480 mmal:0x59cc9bc8 vsync:2732268 queue:0 diff:0.000000
2020-09-24
19:53:43.306 T:1937461264   DEBUG: CMMALRenderer::RenderUpdate - MMAL: clear:0 flags:0 alpha:255 source:2 omvb:0x59c34480 mmal:0x59cc9bc8 mflags:0 skipping
2020-09-24
19:53:43.311 T:1395348352   DEBUG: CMMALPool::Configure pool:0x496510d0 1280x720 (1344x720) pix:-1 size:0 fmt:I42S
2020-09-24
19:53:43.311 T:1395348352   DEBUG: CAddonVideoCodec: GetPicture::VC_PICTURE with pts 1126125 1280x720 (1280x720) 1.777778 0x4bf96000:1452864 offset:0,967680,968352, stride:1344,1344,1344
2020-09-24
19:53:43.322 T:1250947968   DEBUG: CMMALRenderer::Process - debug vsync:2732269 queue:0 fps:0.00/23.98/59.94 inc:1.000000 diff:1.000000
2020-09-24
19:53:43.322 T:1250947968   DEBUG: CMMALRenderer::Process - omvb:(nil) mmal:(nil) vsync:2732269 queue:0 diff:0.000000
2020-09-24
19:53:43.322 T:1937461264   DEBUG: CMMALRenderer::RenderUpdate - MMAL: clear:0 flags:0 alpha:255 source:2 omvb:0x59c34480 mmal:0x59cc9bc8 mflags:0 skipping
2020-09-24
19:53:43.340 T:1250947968   DEBUG: CMMALRenderer::Process - debug vsync:2732270 queue:0 fps:0.00/23.98/59.94 inc:1.000000 diff:1.000000
2020-09-24
19:53:43.340 T:1250947968   DEBUG: CMMALRenderer::Process - omvb:(nil) mmal:(nil) vsync:2732270 queue:0 diff:0.000000
2020-09-24
19:53:43.343 T:1937461264   DEBUG: CMMALRenderer::Update
2020-09-24
19:53:43.353 T:1937461264   DEBUG: CMMALRenderer::RenderUpdate - MMAL: clear:0 flags:0 alpha:255 source:3 omvb:0x59c34238 mmal:0x59cc9da0 mflags:0 len:1451520 data:0x151c enc:I42S
2020-09-24
19:53:43.356 T:1250947968   DEBUG: CMMALRenderer::Process - debug vsync:2732271 queue:1 fps:0.00/23.98/59.94 inc:1.000000 diff:1.000000
2020-09-24
19:53:43.357 T:1250947968   DEBUG: CMMALRenderer::Process - omvb:0x59c34238 mmal:0x59cc9da0 vsync:2732271 queue:0 diff:0.000000
2020-09-24
19:53:43.358 T:1937461264   DEBUG: CMMALRenderer::RenderUpdate - MMAL: clear:0 flags:0 alpha:255 source:3 omvb:0x59c34238 mmal:0x59cc9da0 mflags:0 skipping
2020-09-24
19:53:43.372 T:1250947968   DEBUG: CMMALRenderer::Process - debug vsync:2732272 queue:0 fps:0.00/23.98/59.94 inc:1.000000 diff:1.000000
2020-09-24
19:53:43.373 T:1250947968   DEBUG: CMMALRenderer::Process - omvb:(nil) mmal:(nil) vsync:2732272 queue:0 diff:0.000000
2020-09-24
19:53:43.373 T:1937461264   DEBUG: CMMALRenderer::RenderUpdate - MMAL: clear:0 flags:0 alpha:255 source:4 omvb:0x59fdd288 mmal:0x59cc9f78 mflags:0 len:1451520 data:0x151d enc:I42S
2020-09-24
19:53:43.377 T:1395348352   DEBUG: CMMALPool::Configure pool:0x496510d0 1280x720 (1344x720) pix:-1 size:0 fmt:I42S
2020-09-24
19:53:43.377 T:1395348352   DEBUG: CAddonVideoCodec: GetPicture::VC_PICTURE with pts 1167833 1280x720 (1280x720) 1.777778 0x4be33000:1452864 offset:0,967680,968352, stride:1344,1344,1344
2020-09-24
19:53:43.389 T:1250947968   DEBUG: CMMALRenderer::Process - debug vsync:2732273 queue:1 fps:0.00/23.98/59.94 inc:1.000000 diff:1.000000
2020-09-24
19:53:43.389 T:1250947968   DEBUG: CMMALRenderer::Process - omvb:0x59fdd288 mmal:0x59cc9f78 vsync:2732273 queue:0 diff:0.000000
2020-09-24
19:53:43.389 T:1937461264   DEBUG: CMMALRenderer::RenderUpdate - MMAL: clear:0 flags:0 alpha:255 source:4 omvb:0x59fdd288 mmal:0x59cc9f78 mflags:0 skipping
2020-09-24
19:53:43.398 T:1395348352   DEBUG: CMMALPool::Configure pool:0x496510d0 1280x720 (1344x720) pix:-1 size:0 fmt:I42S
2020-09-24
19:53:43.399 T:1395348352   DEBUG: CAddonVideoCodec: GetPicture::VC_PICTURE with pts 1209541 1280x720 (1280x720) 1.777778 0x4b89d000:1452864 offset:0,967680,968352, stride:1344,1344,1344
2020-09-24
19:53:43.400 T:1229976448   DEBUG: Thread FileCache start, auto delete: false
2020-09-24
19:53:43.401 T:1229976448    INFO: CFileCache::Process - Source read didn't return any data! Hit eof(?)
2020-09-24
19:53:43.406 T:1250947968   DEBUG: CMMALRenderer::Process - debug vsync:2732274 queue:0 fps:0.00/23.98/59.94 inc:1.000000 diff:1.000000
2020-09-24
19:53:43.406 T:1250947968   DEBUG: CMMALRenderer::Process - omvb:(nil) mmal:(nil) vsync:2732274 queue:0 diff:0.000000
2020-09-24
19:53:43.406 T:1937461264   DEBUG: CMMALRenderer::RenderUpdate - MMAL: clear:0 flags:0 alpha:255 source:4 omvb:0x59fdd288 mmal:0x59cc9f78 mflags:0 skipping
2020-09-24
19:53:43.422 T:1250947968   DEBUG: CMMALRenderer::Process - debug vsync:2732275 queue:0 fps:0.00/23.98/59.94 inc:1.000000 diff:1.000000
2020-09-24
19:53:43.423 T:1250947968   DEBUG: CMMALRenderer::Process - omvb:(nil) mmal:(nil) vsync:2732275 queue:0 diff:0.000000
2020-09-24
19:53:43.423 T:1937461264   DEBUG: CMMALRenderer::RenderUpdate - MMAL: clear:0 flags:0 alpha:255 source:5 omvb:0x496fd0e8 mmal:0x59cca150 mflags:0 len:1451520 data:0x11a9 enc:I42S
2020-09-24
19:53:43.440 T:1250947968   DEBUG: CMMALRenderer::Process - debug vsync:2732276 queue:1 fps:0.00/23.98/59.94 inc:1.000000 diff:1.000000
2020-09-24
19:53:43.440 T:1250947968   DEBUG: CMMALRenderer::Process - omvb:0x496fd0e8 mmal:0x59cca150 vsync:2732276 queue:0 diff:0.000000
2020-09-24
19:53:43.441 T:1937461264   DEBUG: CMMALRenderer::RenderUpdate - MMAL: clear:0 flags:0 alpha:255 source:5 omvb:0x496fd0e8 mmal:0x59cca150 mflags:0 skipping
2020-09-24
19:53:43.451 T:1386955648   DEBUG: AddOnLog: InputStream Adaptive: GetStream(1014)
2020-09-24
19:53:43.452 T:1229976448   DEBUG: Thread FileCache 1229976448 terminating
2020-09-24
19:53:43.456 T:1250947968   DEBUG: CMMALRenderer::Process - debug vsync:2732277 queue:0 fps:0.00/23.98/59.94 inc:1.000000 diff:1.000000
2020-09-24
19:53:43.456 T:1250947968   DEBUG: CMMALRenderer::Process - omvb:(nil) mmal:(nil) vsync:2732277 queue:0 diff:0.000000
2020-09-24
19:53:43.457 T:1937461264   DEBUG: CMMALRenderer::Update
2020-09-24
19:53:43.461 T:1395348352   DEBUG: CMMALPool::Configure pool:0x496510d0 1280x720 (1344x720) pix:-1 size:0 fmt:I42S
2020-09-24
19:53:43.461 T:1395348352   DEBUG: CAddonVideoCodec: GetPicture::VC_PICTURE with pts 1251250 1280x720 (1280x720) 1.777778 0x4b73a000:1452864 offset:0,967680,968352, stride:1344,1344,1344
2020-09-24
19:53:43.464 T:1937461264   DEBUG: CMMALRenderer::RenderUpdate - MMAL: clear:0 flags:0 alpha:255 source:0 omvb:0x4965d7e8 mmal:0x59cca328 mflags:0 len:1451520 data:0x6e1 enc:I42S
2020-09-24
19:53:43.473 T:1250947968   DEBUG: CMMALRenderer::Process - debug vsync:2732278 queue:1 fps:0.00/23.98/59.94 inc:1.000000 diff:1.000000
2020-09-24
19:53:43.473 T:1250947968   DEBUG: CMMALRenderer::Process - omvb:0x4965d7e8 mmal:0x59cca328 vsync:2732278 queue:0 diff:0.000000
2020-09-24
19:53:43.473 T:1937461264   DEBUG: CMMALRenderer::RenderUpdate - MMAL: clear:0 flags:0 alpha:255 source:0 omvb:0x4965d7e8 mmal:0x59cca328 mflags:0 skipping
2020-09-24
19:53:43.489 T:1250947968   DEBUG: CMMALRenderer::Process - debug vsync:2732279 queue:0 fps:0.00/23.98/59.94 inc:1.000000 diff:1.000000
2020-09-24
19:53:43.489 T:1250947968   DEBUG: CMMALRenderer::Process - omvb:(nil) mmal:(nil) vsync:2732279 queue:0 diff:0.000000
2020-09-24
19:53:43.489 T:1937461264   DEBUG: CMMALRenderer::RenderUpdate - MMAL: clear:0 flags:0 alpha:255 source:0 omvb:0x4965d7e8 mmal:0x59cca328 mflags:0 skipping
2020-09-24
19:53:43.493 T:1395348352   DEBUG: CMMALPool::Configure pool:0x496510d0 1280x720 (1344x720) pix:-1 size:0 fmt:I42S
2020-09-24
19:53:43.493 T:1395348352   DEBUG: CAddonVideoCodec: GetPicture::VC_PICTURE with pts 1292958 1280x720 (1280x720) 1.777778 0x4b5d7000:1452864 offset:0,967680,968352, stride:1344,1344,1344
2020-09-24
19:53:43.506 T:1250947968   DEBUG: CMMALRenderer::Process - debug vsync:2732280 queue:0 fps:0.00/23.98/59.94 inc:1.000000 diff:1.000000
2020-09-24
19:53:43.506 T:1250947968   DEBUG: CMMALRenderer::Process - omvb:(nil) mmal:(nil) vsync:2732280 queue:0 diff:0.000000
2020-09-24
19:53:43.506 T:1937461264   DEBUG: CMMALRenderer::RenderUpdate - MMAL: clear:0 flags:0 alpha:255 source:1 omvb:0x5a750630 mmal:0x59cca500 mflags:0 len:1451520 data:0xd07 enc:I42S
2020-09-24
19:53:43.522 T:1250947968   DEBUG: CMMALRenderer::Process - debug vsync:2732281 queue:1 fps:0.00/23.98/59.94 inc:1.000000 diff:1.000000
2020-09-24
19:53:43.523 T:1250947968   DEBUG: CMMALRenderer::Process - omvb:0x5a750630 mmal:0x59cca500 vsync:2732281 queue:0 diff:0.000000
2020-09-24
19:53:43.523 T:1937461264   DEBUG: CMMALRenderer::RenderUpdate - MMAL: clear:0 flags:0 alpha:255 source:1 omvb:0x5a750630 mmal:0x59cca500 mflags:0 skipping
2020-09-24
19:53:43.539 T:1250947968   DEBUG: CMMALRenderer::Process - debug vsync:2732282 queue:0 fps:0.00/23.98/59.94 inc:1.000000 diff:1.000000
2020-09-24
19:53:43.539 T:1250947968   DEBUG: CMMALRenderer::Process - omvb:(nil) mmal:(nil) vsync:2732282 queue:0 diff:0.000000
2020-09-24
19:53:43.539 T:1937461264   DEBUG: CMMALRenderer::RenderUpdate - MMAL: clear:0 flags:0 alpha:255 source:2 omvb:0x59f77f10 mmal:0x59cca6d8 mflags:0 len:1451520 data:0x10ed enc:I42S
2020-09-24
19:53:43.544 T:1395348352   DEBUG: CMMALPool::Configure pool:0x496510d0 1280x720 (1344x720) pix:-1 size:0 fmt:I42S
2020-09-24
19:53:43.544 T:1395348352   DEBUG: CAddonVideoCodec: GetPicture::VC_PICTURE with pts 1334666 1280x720 (1280x720) 1.777778 0x4b474000:1452864 offset:0,967680,968352, stride:1344,1344,1344
2020-09-24
19:53:43.556 T:1250947968   DEBUG: CMMALRenderer::Process - debug vsync:2732283 queue:1 fps:0.00/23.98/59.94 inc:1.000000 diff:1.000000
2020-09-24
19:53:43.556 T:1250947968   DEBUG: CMMALRenderer::Process - omvb:0x59f77f10 mmal:0x59cca6d8 vsync:2732283 queue:0 diff:0.000000
2020-09-24
19:53:43.556 T:1937461264   DEBUG: CMMALRenderer::RenderUpdate - MMAL: clear:0 flags:0 alpha:255 source:2 omvb:0x59f77f10 mmal:0x59cca6d8 mflags:0 skipping
2020-09-24
19:53:43.572 T:1250947968   DEBUG: CMMALRenderer::Process - debug vsync:2732284 queue:0 fps:0.00/23.98/59.94 inc:1.000000 diff:1.000000
2020-09-24
19:53:43.573 T:1250947968   DEBUG: CMMALRenderer::Process - omvb:(nil) mmal:(nil) vsync:2732284 queue:0 diff:0.000000
2020-09-24
19:53:43.574 T:1937461264   DEBUG: CMMALRenderer::Update
2020-09-24
19:53:43.577 T:1937461264   DEBUG: CMMALRenderer::RenderUpdate - MMAL: clear:0 flags:0 alpha:255 source:2 omvb:0x59f77f10 mmal:0x59cca6d8 mflags:0 skipping
2020-09-24
19:53:43.577 T:1395348352   DEBUG: CMMALPool::Configure pool:0x496510d0 1280x720 (1344x720) pix:-1 size:0 fmt:I42S
2020-09-24
19:53:43.577 T:1395348352   DEBUG: CAddonVideoCodec: GetPicture::VC_PICTURE with pts 1376375 1280x720 (1280x720) 1.777778 0x4b311000:1452864 offset:0,967680,968352, stride:1344,1344,1344
2020-09-24
19:53:43.589 T:1250947968   DEBUG: CMMALRenderer::Process - debug vsync:2732285 queue:0 fps:0.00/23.98/59.94 inc:1.000000 diff:1.000000
2020-09-24
19:53:43.589 T:1250947968   DEBUG: CMMALRenderer::Process - omvb:(nil) mmal:(nil) vsync:2732285 queue:0 diff:0.000000
2020-09-24
19:53:43.589 T:1937461264   DEBUG: CMMALRenderer::RenderUpdate - MMAL: clear:0 flags:0 alpha:255 source:3 omvb:0x59f137a0 mmal:0x59cc78c0 mflags:0 len:1451520 data:0xd3a enc:I42S
2020-09-24
19:53:43.606 T:1250947968   DEBUG: CMMALRenderer::Process - debug vsync:2732286 queue:1 fps:0.00/23.98/59.94 inc:1.000000 diff:1.000000
2020-09-24
19:53:43.606 T:1250947968   DEBUG: CMMALRenderer::Process - omvb:0x59f137a0 mmal:0x59cc78c0 vsync:2732286 queue:0 diff:0.000000
2020-09-24
19:53:43.607 T:1937461264   DEBUG: CMMALRenderer::RenderUpdate - MMAL: clear:0 flags:0 alpha:255 source:3 omvb:0x59f137a0 mmal:0x59cc78c0 mflags:0 skipping
2020-09-24
19:53:43.608 T:1304425344   DEBUG: CDVDClock::ErrorAdjust - CVideoPlayerAudio::OutputPacket - error:-30050.338242, adjusted:-30050.338242
2020-09-24
19:53:43.622 T:1250947968   DEBUG: CMMALRenderer::Process - debug vsync:2732287 queue:0 fps:0.00/23.98/59.94 inc:1.000000 diff:1.000000
2020-09-24
19:53:43.623 T:1250947968   DEBUG: CMMALRenderer::Process - omvb:(nil) mmal:(nil) vsync:2732287 queue:0 diff:0.000000
2020-09-24
19:53:43.623 T:1937461264   DEBUG: CMMALRenderer::RenderUpdate - MMAL: clear:0 flags:0 alpha:255 source:3 omvb:0x59f137a0 mmal:0x59cc78c0 mflags:0 skipping
2020-09-24
19:53:43.626 T:1395348352   DEBUG: CMMALPool::Configure pool:0x496510d0 1280x720 (1344x720) pix:-1 size:0 fmt:I42S
2020-09-24
19:53:43.626 T:1395348352   DEBUG: CAddonVideoCodec: GetPicture::VC_PICTURE with pts 1418083 1280x720 (1280x720) 1.777778 0x4b1ae000:1452864 offset:0,967680,968352, stride:1344,1344,1344
2020-09-24
19:53:43.639 T:1250947968   DEBUG: CMMALRenderer::Process - debug vsync:2732288 queue:0 fps:0.00/23.98/59.94 inc:1.000000 diff:1.000000
2020-09-24
19:53:43.639 T:1250947968   DEBUG: CMMALRenderer::Process - omvb:(nil) mmal:(nil) vsync:2732288 queue:0 diff:0.000000
2020-09-24
19:53:43.639 T:1937461264   DEBUG: CMMALRenderer::RenderUpdate - MMAL: clear:0 flags:0 alpha:255 source:3 omvb:0x59f137a0 mmal:0x59cc78c0 mflags:0 skipping
2020-09-24
19:53:43.656 T:1250947968   DEBUG: CMMALRenderer::Process - debug vsync:2732289 queue:0 fps:0.00/23.98/59.94 inc:1.000000 diff:1.000000
2020-09-24
19:53:43.656 T:1250947968   DEBUG: CMMALRenderer::Process - omvb:(nil) mmal:(nil) vsync:2732289 queue:0 diff:0.000000
2020-09-24
19:53:43.656 T:1937461264   DEBUG: CMMALRenderer::RenderUpdate - MMAL: clear:0 flags:0 alpha:255 source:4 omvb:0x4964de50 mmal:0x59cc7a98 mflags:0 len:1451520 data:0x10e6 enc:I42S
2020-09-24
19:53:43.673 T:1250947968   DEBUG: CMMALRenderer::Process - debug vsync:2732290 queue:1 fps:0.00/23.98/59.94 inc:1.000000 diff:1.000000
2020-09-24
19:53:43.673 T:1250947968   DEBUG: CMMALRenderer::Process - omvb:0x4964de50 mmal:0x59cc7a98 vsync:2732290 queue:0 diff:0.000000
2020-09-24
19:53:43.673 T:1937461264   DEBUG: CMMALRenderer::RenderUpdate - MMAL: clear:0 flags:0 alpha:255 source:4 omvb:0x4964de50 mmal:0x59cc7a98 mflags:0 skipping
2020-09-24
19:53:43.689 T:1250947968   DEBUG: CMMALRenderer::Process - debug vsync:2732291 queue:0 fps:0.00/23.98/59.94 inc:1.000000 diff:1.000000
2020-09-24
19:53:43.689 T:1250947968   DEBUG: CMMALRenderer::Process - omvb:(nil) mmal:(nil) vsync:2732291 queue:0 diff:0.000000
2020-09-24
19:53:43.690 T:1937461264   DEBUG: CMMALRenderer::Update
2020-09-24
19:53:43.693 T:1937461264   DEBUG: CMMALRenderer::RenderUpdate - MMAL: clear:0 flags:0 alpha:255 source:4 omvb:0x4964de50 mmal:0x59cc7a98 mflags:0 skipping
2020-09-24
19:53:43.693 T:1395348352   DEBUG: CMMALPool::Configure pool:0x496510d0 1280x720 (1344x720) pix:-1 size:0 fmt:I42S
2020-09-24
19:53:43.693 T:1395348352   DEBUG: CAddonVideoCodec: GetPicture::VC_PICTURE with pts 1459791 1280x720 (1280x720) 1.777778 0x4b04b000:1452864 offset:0,967680,968352, stride:1344,1344,1344
2020-09-24
19:53:43.706 T:1250947968   DEBUG: CMMALRenderer::Process - debug vsync:2732292 queue:0 fps:0.00/23.98/59.94 inc:1.000000 diff:1.000000
2020-09-24
19:53:43.706 T:1250947968   DEBUG: CMMALRenderer::Process - omvb:(nil) mmal:(nil) vsync:2732292 queue:0 diff:0.000000
2020-09-24
19:53:43.707 T:1937461264   DEBUG: CMMALRenderer::RenderUpdate - MMAL: clear:0 flags:0 alpha:255 source:5 omvb:0x55e5e280 mmal:0x59cc7c70 mflags:0 len:1451520 data:0xc34 enc:I42S
2020-09-24
19:53:43.723 T:1250947968   DEBUG: CMMALRenderer::Process - debug vsync:2732293 queue:1 fps:0.00/23.98/59.94 inc:1.000000 diff:1.000000
2020-09-24
19:53:43.723 T:1250947968   DEBUG: CMMALRenderer::Process - omvb:0x55e5e280 mmal:0x59cc7c70 vsync:2732293 queue:0 diff:0.000000
2020-09-24
19:53:43.723 T:1937461264   DEBUG: CMMALRenderer::RenderUpdate - MMAL: clear:0 flags:0 alpha:255 source:5 omvb:0x55e5e280 mmal:0x59cc7c70 mflags:0 skipping
2020-09-24
19:53:43.739 T:1250947968   DEBUG: CMMALRenderer::Process - debug vsync:2732294 queue:0 fps:0.00/23.98/59.94 inc:1.000000 diff:1.000000
2020-09-24
19:53:43.739 T:1250947968   DEBUG: CMMALRenderer::Process - omvb:(nil) mmal:(nil) vsync:2732294 queue:0 diff:0.000000
2020-09-24
19:53:43.740 T:1937461264   DEBUG: CMMALRenderer::RenderUpdate - MMAL: clear:0 flags:0 alpha:255 source:0 omvb:0x710ba120 mmal:0x59cc7e48 mflags:0 len:1451520 data:0x1515 enc:I42S
2020-09-24
19:53:43.745 T:1395348352   DEBUG: CMMALPool::Configure pool:0x496510d0 1280x720 (1344x720) pix:-1 size:0 fmt:I42S
2020-09-24
19:53:43.745 T:1395348352   DEBUG: CAddonVideoCodec: GetPicture::VC_PICTURE with pts 1501500 1280x720 (1280x720) 1.777778 0x4ad9d000:1452864 offset:0,967680,968352, stride:1344,1344,1344
2020-09-24
19:53:43.756 T:1250947968   DEBUG: CMMALRenderer::Process - debug vsync:2732295 queue:1 fps:0.00/23.98/59.94 inc:1.000000 diff:1.000000
2020-09-24
19:53:43.756 T:1250947968   DEBUG: CMMALRenderer::Process - omvb:0x710ba120 mmal:0x59cc7e48 vsync:2732295 queue:0 diff:0.000000
2020-09-24
19:53:43.757 T:1937461264   DEBUG: CMMALRenderer::RenderUpdate - MMAL: clear:0 flags:0 alpha:255 source:0 omvb:0x710ba120 mmal:0x59cc7e48 mflags:0 skipping
2020-09-24
19:53:43.773 T:1250947968   DEBUG: CMMALRenderer::Process - debug vsync:2732296 queue:0 fps:0.00/23.98/59.94 inc:1.000000 diff:1.000000
2020-09-24
19:53:43.773 T:1250947968   DEBUG: CMMALRenderer::Process - omvb:(nil) mmal:(nil) vsync:2732296 queue:0 diff:0.000000
2020-09-24
19:53:43.773 T:1937461264   DEBUG: CMMALRenderer::RenderUpdate - MMAL: clear:0 flags:0 alpha:255 source:0 omvb:0x710ba120 mmal:0x59cc7e48 mflags:0 skipping
2020-09-24
19:53:43.776 T:1395348352   DEBUG: CMMALPool::Configure pool:0x496510d0 1280x720 (1344x720) pix:-1 size:0 fmt:I42S
2020-09-24
19:53:43.777 T:1395348352   DEBUG: CAddonVideoCodec: GetPicture::VC_PICTURE with pts 1543208 1280x720 (1280x720) 1.777778 0x4ac3a000:1452864 offset:0,967680,968352, stride:1344,1344,1344
2020-09-24
19:53:43.789 T:1250947968   DEBUG: CMMALRenderer::Process - debug vsync:2732297 queue:0 fps:0.00/23.98/59.94 inc:1.000000 diff:1.000000
2020-09-24
19:53:43.789 T:1250947968   DEBUG: CMMALRenderer::Process - omvb:(nil) mmal:(nil) vsync:2732297 queue:0 diff:0.000000
2020-09-24
19:53:43.789 T:1937461264   DEBUG: CMMALRenderer::RenderUpdate - MMAL: clear:0 flags:0 alpha:255 source:1 omvb:0x59f00b20 mmal:0x59cc8020 mflags:0 len:1451520 data:0xd16 enc:I42S
2020-09-24
19:53:43.806 T:1250947968   DEBUG: CMMALRenderer::Process - debug vsync:2732298 queue:1 fps:0.00/23.98/59.94 inc:1.000000 diff:1.000000
2020-09-24
19:53:43.806 T:1250947968   DEBUG: CMMALRenderer::Process - omvb:0x59f00b20 mmal:0x59cc8020 vsync:2732298 queue:0 diff:0.000000
2020-09-24
19:53:43.808 T:1937461264   DEBUG: CMMALRenderer::Update
2020-09-24
19:53:43.813 T:1395348352   DEBUG: CMMALPool::Configure pool:0x496510d0 1280x720 (1344x720) pix:-1 size:0 fmt:I42S
2020-09-24
19:53:43.813 T:1395348352   DEBUG: CAddonVideoCodec: GetPicture::VC_PICTURE with pts 1584916 1280x720 (1280x720) 1.777778 0x53a17000:1452864 offset:0,967680,968352, stride:1344,1344,1344
2020-09-24
19:53:43.814 T:1937461264   DEBUG: CMMALRenderer::RenderUpdate - MMAL: clear:0 flags:0 alpha:255 source:1 omvb:0x59f00b20 mmal:0x59cc8020 mflags:0 skipping
2020-09-24
19:53:43.823 T:1250947968   DEBUG: CMMALRenderer::Process - debug vsync:2732299 queue:0 fps:0.00/23.98/59.94 inc:1.000000 diff:1.000000
2020-09-24
19:53:43.823 T:1250947968   DEBUG: CMMALRenderer::Process - omvb:(nil) mmal:(nil) vsync:2732299 queue:0 diff:0.000000
2020-09-24
19:53:43.823 T:1937461264   DEBUG: CMMALRenderer::RenderUpdate - MMAL: clear:0 flags:0 alpha:255 source:2 omvb:0x59c34480 mmal:0x59cc81f8 mflags:0 len:1451520 data:0xcf2 enc:I42S
2020-09-24
19:53:43.839 T:1250947968   DEBUG: CMMALRenderer::Process - debug vsync:2732300 queue:1 fps:0.00/23.98/59.94 inc:1.000000 diff:1.000000
2020-09-24
19:53:43.839 T:1250947968   DEBUG: CMMALRenderer::Process - omvb:0x59c34480 mmal:0x59cc81f8 vsync:2732300 queue:0 diff:0.000000
2020-09-24
19:53:43.840 T:1937461264   DEBUG: CMMALRenderer::RenderUpdate - MMAL: clear:0 flags:0 alpha:255 source:2 omvb:0x59c34480 mmal:0x59cc81f8 mflags:0 skipping
2020-09-24
19:53:43.856 T:1250947968   DEBUG: CMMALRenderer::Process - debug vsync:2732301 queue:0 fps:0.00/23.98/59.94 inc:1.000000 diff:1.000000
2020-09-24
19:53:43.856 T:1250947968   DEBUG: CMMALRenderer::Process - omvb:(nil) mmal:(nil) vsync:2732301 queue:0 diff:0.000000
2020-09-24
19:53:43.856 T:1937461264   DEBUG: CMMALRenderer::RenderUpdate - MMAL: clear:0 flags:0 alpha:255 source:2 omvb:0x59c34480 mmal:0x59cc81f8 mflags:0 skipping
2020-09-24
19:53:43.860 T:1395348352   DEBUG: CMMALPool::Configure pool:0x496510d0 1280x720 (1344x720) pix:-1 size:0 fmt:I42S
2020-09-24
19:53:43.860 T:1395348352   DEBUG: CAddonVideoCodec: GetPicture::VC_PICTURE with pts 1626625 1280x720 (1280x720) 1.777778 0x4bf96000:1452864 offset:0,967680,968352, stride:1344,1344,1344
2020-09-24
19:53:43.873 T:1250947968   DEBUG: CMMALRenderer::Process - debug vsync:2732302 queue:0 fps:0.00/23.98/59.94 inc:1.000000 diff:1.000000
2020-09-24
19:53:43.873 T:1250947968   DEBUG: CMMALRenderer::Process - omvb:(nil) mmal:(nil) vsync:2732302 queue:0 diff:0.000000
2020-09-24
19:53:43.873 T:1937461264   DEBUG: CMMALRenderer::RenderUpdate - MMAL: clear:0 flags:0 alpha:255 source:3 omvb:0x59c34238 mmal:0x59cc83d0 mflags:0 len:1451520 data:0x151c enc:I42S
2020-09-24
19:53:43.889 T:1250947968   DEBUG: CMMALRenderer::Process - debug vsync:2732303 queue:1 fps:0.00/23.98/59.94 inc:1.000000 diff:1.000000
2020-09-24
19:53:43.889 T:1250947968   DEBUG: CMMALRenderer::Process - omvb:0x59c34238 mmal:0x59cc83d0 vsync:2732303 queue:0 diff:0.000000
2020-09-24
19:53:43.890 T:1937461264   DEBUG: CMMALRenderer::RenderUpdate - MMAL: clear:0 flags:0 alpha:255 source:3 omvb:0x59c34238 mmal:0x59cc83d0 mflags:0 skipping
2020-09-24
19:53:43.906 T:1250947968   DEBUG: CMMALRenderer::Process - debug vsync:2732304 queue:0 fps:0.00/23.98/59.94 inc:1.000000 diff:1.000000
2020-09-24
19:53:43.906 T:1250947968   DEBUG: CMMALRenderer::Process - omvb:(nil) mmal:(nil) vsync:2732304 queue:0 diff:0.000000
2020-09-24
19:53:43.906 T:1937461264   DEBUG: CMMALRenderer::RenderUpdate - MMAL: clear:0 flags:0 alpha:255 source:4 omvb:0x59fdd288 mmal:0x59cc85a8 mflags:0 len:1451520 data:0x151d enc:I42S
2020-09-24
19:53:43.910 T:1395348352   DEBUG: CMMALPool::Configure pool:0x496510d0 1280x720 (1344x720) pix:-1 size:0 fmt:I42S
2020-09-24
19:53:43.910 T:1395348352   DEBUG: CAddonVideoCodec: GetPicture::VC_PICTURE with pts 1668333 1280x720 (1280x720) 1.777778 0x4be33000:1452864 offset:0,967680,968352, stride:1344,1344,1344
2020-09-24
19:53:43.923 T:1250947968   DEBUG: CMMALRenderer::Process - debug vsync:2732305 queue:1 fps:0.00/23.98/59.94 inc:1.000000 diff:1.000000
2020-09-24
19:53:43.923 T:1250947968   DEBUG: CMMALRenderer::Process - omvb:0x59fdd288 mmal:0x59cc85a8 vsync:2732305 queue:0 diff:0.000000
2020-09-24
19:53:43.923 T:1937461264   DEBUG: CMMALRenderer::Update
2020-09-24
19:53:43.924 T:1937461264   DEBUG: CMMALRenderer::RenderUpdate - MMAL: clear:0 flags:0 alpha:255 source:4 omvb:0x59fdd288 mmal:0x59cc85a8 mflags:0 skipping
2020-09-24
19:53:43.931 T:1395348352   DEBUG: CMMALPool::Configure pool:0x496510d0 1280x720 (1344x720) pix:-1 size:0 fmt:I42S
2020-09-24
19:53:43.931 T:1395348352   DEBUG: CAddonVideoCodec: GetPicture::VC_PICTURE with pts 1710041 1280x720 (1280x720) 1.777778 0x4b89d000:1452864 offset:0,967680,968352, stride:1344,1344,1344
2020-09-24
19:53:43.939 T:1250947968   DEBUG: CMMALRenderer::Process - debug vsync:2732306 queue:0 fps:0.00/23.98/59.94 inc:1.000000 diff:1.000000
2020-09-24
19:53:43.940 T:1250947968   DEBUG: CMMALRenderer::Process - omvb:(nil) mmal:(nil) vsync:2732306 queue:0 diff:0.000000
2020-09-24
19:53:43.943 T:1937461264   DEBUG: CMMALRenderer::RenderUpdate - MMAL: clear:0 flags:0 alpha:255 source:5 omvb:0x496fd0e8 mmal:0x59cc8780 mflags:0 len:1451520 data:0x11a9 enc:I42S
2020-09-24
19:53:43.956 T:1250947968   DEBUG: CMMALRenderer::Process - debug vsync:2732307 queue:1 fps:0.00/23.98/59.94 inc:1.000000 diff:1.000000
2020-09-24
19:53:43.956 T:1250947968   DEBUG: CMMALRenderer::Process - omvb:0x496fd0e8 mmal:0x59cc8780 vsync:2732307 queue:0 diff:0.000000
2020-09-24
19:53:43.956 T:1937461264   DEBUG: CMMALRenderer::RenderUpdate - MMAL: clear:0 flags:0 alpha:255 source:5 omvb:0x496fd0e8 mmal:0x59cc8780 mflags:0 skipping
2020-09-24
19:53:43.973 T:1250947968   DEBUG: CMMALRenderer::Process - debug vsync:2732308 queue:0 fps:0.00/23.98/59.94 inc:1.000000 diff:1.000000
2020-09-24
19:53:43.973 T:1250947968   DEBUG: CMMALRenderer::Process - omvb:(nil) mmal:(nil) vsync:2732308 queue:0 diff:0.000000
2020-09-24
19:53:43.973 T:1937461264   DEBUG: CMMALRenderer::RenderUpdate - MMAL: clear:0 flags:0 alpha:255 source:5 omvb:0x496fd0e8 mmal:0x59cc8780 mflags:0 skipping
2020-09-24
19:53:43.977 T:1395348352   DEBUG: CMMALPool::Configure pool:0x496510d0 1280x720 (1344x720) pix:-1 size:0 fmt:I42S
2020-09-24
19:53:43.977 T:1395348352   DEBUG: CAddonVideoCodec: GetPicture::VC_PICTURE with pts 1751750 1280x720 (1280x720) 1.777778 0x4b73a000:1452864 offset:0,967680,968352, stride:1344,1344,1344
2020-09-24
19:53:43.989 T:1250947968   DEBUG: CMMALRenderer::Process - debug vsync:2732309 queue:0 fps:0.00/23.98/59.94 inc:1.000000 diff:1.000000
2020-09-24
19:53:43.990 T:1250947968   DEBUG: CMMALRenderer::Process - omvb:(nil) mmal:(nil) vsync:2732309 queue:0 diff:0.000000
2020-09-24
19:53:43.990 T:1937461264   DEBUG: CMMALRenderer::RenderUpdate - MMAL: clear:0 flags:0 alpha:255 source:0 omvb:0x4965d7e8 mmal:0x59cc8958 mflags:0 len:1451520 data:0x6e1 enc:I42S
2020-09-24
19:53:44.006 T:1250947968   DEBUG: CMMALRenderer::Process - debug vsync:2732310 queue:1 fps:0.00/23.98/59.94 inc:1.000000 diff:1.000000
2020-09-24
19:53:44.006 T:1250947968   DEBUG: CMMALRenderer::Process - omvb:0x4965d7e8 mmal:0x59cc8958 vsync:2732310 queue:0 diff:0.000000
2020-09-24
19:53:44.007 T:1937461264   DEBUG: CMMALRenderer::RenderUpdate - MMAL: clear:0 flags:0 alpha:255 source:0 omvb:0x4965d7e8 mmal:0x59cc8958 mflags:0 skipping
2020-09-24
19:53:44.023 T:1250947968   DEBUG: CMMALRenderer::Process - debug vsync:2732311 queue:0 fps:0.00/23.98/59.94 inc:1.000000 diff:1.000000
2020-09-24
19:53:44.023 T:1250947968   DEBUG: CMMALRenderer::Process - omvb:(nil) mmal:(nil) vsync:2732311 queue:0 diff:0.000000
2020-09-24
19:53:44.023 T:1937461264   DEBUG: CMMALRenderer::RenderUpdate - MMAL: clear:0 flags:0 alpha:255 source:0 omvb:0x4965d7e8 mmal:0x59cc8958 mflags:0 skipping
2020-09-24
19:53:44.026 T:1395348352   DEBUG: CMMALPool::Configure pool:0x496510d0 1280x720 (1344x720) pix:-1 size:0 fmt:I42S
2020-09-24
19:53:44.026 T:1395348352   DEBUG: CAddonVideoCodec: GetPicture::VC_PICTURE with pts 1793458 1280x720 (1280x720) 1.777778 0x4b5d7000:1452864 offset:0,967680,968352, stride:1344,1344,1344
2020-09-24
19:53:44.039 T:1250947968   DEBUG: CMMALRenderer::Process - debug vsync:2732312 queue:0 fps:0.00/23.98/59.94 inc:1.000000 diff:1.000000
2020-09-24
19:53:44.039 T:1250947968   DEBUG: CMMALRenderer::Process - omvb:(nil) mmal:(nil) vsync:2732312 queue:0 diff:0.000000
2020-09-24
19:53:44.040 T:1937461264   DEBUG: CMMALRenderer::Update
2020-09-24
19:53:44.042 T:1937461264   DEBUG: CMMALRenderer::RenderUpdate - MMAL: clear:0 flags:0 alpha:255 source:1 omvb:0x5a750630 mmal:0x59cc8b30 mflags:0 len:1451520 data:0xd07 enc:I42S
2020-09-24
19:53:44.056 T:1250947968   DEBUG: CMMALRenderer::Process - debug vsync:2732313 queue:1 fps:0.00/23.98/59.94 inc:1.000000 diff:1.000000
2020-09-24
19:53:44.056 T:1250947968   DEBUG: CMMALRenderer::Process - omvb:0x5a750630 mmal:0x59cc8b30 vsync:2732313 queue:0 diff:0.000000
2020-09-24
19:53:44.057 T:1937461264   DEBUG: CMMALRenderer::RenderUpdate - MMAL: clear:0 flags:0 alpha:255 source:1 omvb:0x5a750630 mmal:0x59cc8b30 mflags:0 skipping
2020-09-24
19:53:44.059 T:1319814016   DEBUG: CurlFile::ParseAndCorrectUrl() adding custom header option 'Range: bytes=237840-270647'
2020-09-24
19:53:44.059 T:1319814016   DEBUG: CurlFile::ParseAndCorrectUrl() adding custom header option 'connection: keep-alive'
2020-09-24
19:53:44.059 T:1319814016   DEBUG: CurlFile::Open(0x49628640) https://ipv4-c001-pmi001-conectabalear-isp.1.oca.nflxvideo.net/?o=AQMl7uxkT_CKXzx825KECO9vMFQMxsIu1ZjjtPOhXUsbofG-o3s0DUiTwS54yrxg0dUCzmP7duoO4hLYhhq3fwbb3V1R40D42vkKd-YMeFA5RiCtcGT0rWoosBC8o69sdW-Tu9fRJzO-yQRxvqiilF__sg8usDnG0zFE3g&v=5&e=1601010902&t=dNbMj-dXfvL9S_eDTO7hsb5lpYM
2020-09-24
19:53:44.073 T:1250947968   DEBUG: CMMALRenderer::Process - debug vsync:2732314 queue:0 fps:0.00/23.98/59.94 inc:1.000000 diff:1.000000
2020-09-24
19:53:44.073 T:1250947968   DEBUG: CMMALRenderer::Process - omvb:(nil) mmal:(nil) vsync:2732314 queue:0 diff:0.000000
2020-09-24
19:53:44.077 T:1937461264   DEBUG: CMMALRenderer::RenderUpdate - MMAL: clear:0 flags:0 alpha:255 source:2 omvb:0x59f77f10 mmal:0x59cc8d08 mflags:0 len:1451520 data:0x10ed enc:I42S
2020-09-24
19:53:44.078 T:1395348352   DEBUG: CMMALPool::Configure pool:0x496510d0 1280x720 (1344x720) pix:-1 size:0 fmt:I42S
2020-09-24
19:53:44.078 T:1395348352   DEBUG: CAddonVideoCodec: GetPicture::VC_PICTURE with pts 1835166 1280x720 (1280x720) 1.777778 0x4b474000:1452864 offset:0,967680,968352, stride:1344,1344,1344
2020-09-24
19:53:44.079 T:1319814016   DEBUG: AddOnLog: InputStream Adaptive: Download https://ipv4-c001-pmi001-conectabalear-isp.1.oca.nflxvideo.net/?o=AQMl7uxkT_CKXzx825KECO9vMFQMxsIu1ZjjtPOhXUsbofG-o3s0DUiTwS54yrxg0dUCzmP7duoO4hLYhhq3fwbb3V1R40D42vkKd-YMeFA5RiCtcGT0rWoosBC8o69sdW-Tu9fRJzO-yQRxvqiilF__sg8usDnG0zFE3g&v=5&e=1601010902&t=dNbMj-dXfvL9S_eDTO7hsb5lpYM finished, avg speed: 4655484.87byte/s, current speed: 1726736.00byte/s
2020-09-24
19:53:44.089 T:1250947968   DEBUG: CMMALRenderer::Process - debug vsync:2732315 queue:1 fps:0.00/23.98/59.94 inc:1.000000 diff:1.000000
2020-09-24
19:53:44.090 T:1250947968   DEBUG: CMMALRenderer::Process - omvb:0x59f77f10 mmal:0x59cc8d08 vsync:2732315 queue:0 diff:0.000000
2020-09-24
19:53:44.090 T:1937461264   DEBUG: CMMALRenderer::RenderUpdate - MMAL: clear:0 flags:0 alpha:255 source:2 omvb:0x59f77f10 mmal:0x59cc8d08 mflags:0 skipping
2020-09-24
19:53:44.093 T:1395348352   DEBUG: CMMALPool::Configure pool:0x496510d0 1280x720 (1344x720) pix:-1 size:0 fmt:I42S
2020-09-24
19:53:44.094 T:1395348352   DEBUG: CAddonVideoCodec: GetPicture::VC_PICTURE with pts 1876875 1280x720 (1280x720) 1.777778 0x4b311000:1452864 offset:0,967680,968352, stride:1344,1344,1344
2020-09-24
19:53:44.106 T:1250947968   DEBUG: CMMALRenderer::Process - debug vsync:2732316 queue:0 fps:0.00/23.98/59.94 inc:1.000000 diff:1.000000
2020-09-24
19:53:44.106 T:1250947968   DEBUG: CMMALRenderer::Process - omvb:(nil) mmal:(nil) vsync:2732316 queue:0 diff:0.000000
2020-09-24
19:53:44.106 T:1937461264   DEBUG: CMMALRenderer::RenderUpdate - MMAL: clear:0 flags:0 alpha:255 source:2 omvb:0x59f77f10 mmal:0x59cc8d08 mflags:0 skipping
2020-09-24
19:53:44.123 T:1250947968   DEBUG: CMMALRenderer::Process - debug vsync:2732317 queue:0 fps:0.00/23.98/59.94 inc:1.000000 diff:1.000000
2020-09-24
19:53:44.123 T:1250947968   DEBUG: CMMALRenderer::Process - omvb:(nil) mmal:(nil) vsync:2732317 queue:0 diff:0.000000
2020-09-24
19:53:44.123 T:1937461264   DEBUG: CMMALRenderer::RenderUpdate - MMAL: clear:0 flags:0 alpha:255 source:3 omvb:0x59f137a0 mmal:0x59cc8ee0 mflags:0 len:1451520 data:0xd3a enc:I42S
2020-09-24
19:53:44.139 T:1250947968   DEBUG: CMMALRenderer::Process - debug vsync:2732318 queue:1 fps:0.00/23.98/59.94 inc:1.000000 diff:1.000000
2020-09-24
19:53:44.140 T:1250947968   DEBUG: CMMALRenderer::Process - omvb:0x59f137a0 mmal:0x59cc8ee0 vsync:2732318 queue:0 diff:0.000000
2020-09-24
19:53:44.140 T:1937461264   DEBUG: CMMALRenderer::RenderUpdate - MMAL: clear:0 flags:0 alpha:255 source:3 omvb:0x59f137a0 mmal:0x59cc8ee0 mflags:0 skipping
2020-09-24
19:53:44.156 T:1250947968   DEBUG: CMMALRenderer::Process - debug vsync:2732319 queue:0 fps:0.00/23.98/59.94 inc:1.000000 diff:1.000000
2020-09-24
19:53:44.156 T:1250947968   DEBUG: CMMALRenderer::Process - omvb:(nil) mmal:(nil) vsync:2732319 queue:0 diff:0.000000
2020-09-24
19:53:44.158 T:1937461264   DEBUG: CMMALRenderer::Update
2020-09-24
19:53:44.161 T:1395348352   DEBUG: CMMALPool::Configure pool:0x496510d0 1280x720 (1344x720) pix:-1 size:0 fmt:I42S
2020-09-24
19:53:44.161 T:1937461264   DEBUG: CMMALRenderer::RenderUpdate - MMAL: clear:0 flags:0 alpha:255 source:4 omvb:0x4964de50 mmal:0x59cc90b8 mflags:0 len:1451520 data:0x10e6 enc:I42S
2020-09-24
19:53:44.164 T:1395348352   DEBUG: CAddonVideoCodec: GetPicture::VC_PICTURE with pts 1918583 1280x720 (1280x720) 1.777778 0x4b1ae000:1452864 offset:0,967680,968352, stride:1344,1344,1344
2020-09-24
19:53:44.173 T:1250947968   DEBUG: CMMALRenderer::Process - debug vsync:2732320 queue:1 fps:0.00/23.98/59.94 inc:1.000000 diff:1.000000
2020-09-24
19:53:44.173 T:1250947968   DEBUG: CMMALRenderer::Process - omvb:0x4964de50 mmal:0x59cc90b8 vsync:2732320 queue:0 diff:0.000000
2020-09-24
19:53:44.173 T:1937461264   DEBUG: CMMALRenderer::RenderUpdate - MMAL: clear:0 flags:0 alpha:255 source:4 omvb:0x4964de50 mmal:0x59cc90b8 mflags:0 skipping
2020-09-24
19:53:44.190 T:1250947968   DEBUG: CMMALRenderer::Process - debug vsync:2732321 queue:0 fps:0.00/23.98/59.94 inc:1.000000 diff:1.000000
2020-09-24
19:53:44.190 T:1250947968   DEBUG: CMMALRenderer::Process - omvb:(nil) mmal:(nil) vsync:2732321 queue:0 diff:0.000000
2020-09-24
19:53:44.190 T:1937461264   DEBUG: CMMALRenderer::RenderUpdate - MMAL: clear:0 flags:0 alpha:255 source:4 omvb:0x4964de50 mmal:0x59cc90b8 mflags:0 skipping
2020-09-24
19:53:44.198 T:1395348352   DEBUG: CMMALPool::Configure pool:0x496510d0 1280x720 (1344x720) pix:-1 size:0 fmt:I42S
2020-09-24
19:53:44.198 T:1395348352   DEBUG: CAddonVideoCodec: GetPicture::VC_PICTURE with pts 1960291 1280x720 (1280x720) 1.777778 0x4b04b000:1452864 offset:0,967680,968352, stride:1344,1344,1344
2020-09-24
19:53:44.206 T:1250947968   DEBUG: CMMALRenderer::Process - debug vsync:2732322 queue:0 fps:0.00/23.98/59.94 inc:1.000000 diff:1.000000
2020-09-24
19:53:44.206 T:1250947968   DEBUG: CMMALRenderer::Process - omvb:(nil) mmal:(nil) vsync:2732322 queue:0 diff:0.000000
2020-09-24
19:53:44.207 T:1937461264   DEBUG: CMMALRenderer::RenderUpdate - MMAL: clear:0 flags:0 alpha:255 source:5 omvb:0x55e5e280 mmal:0x59cc9290 mflags:0 len:1451520 data:0xc34 enc:I42S
2020-09-24
19:53:44.223 T:1250947968   DEBUG: CMMALRenderer::Process - debug vsync:2732323 queue:1 fps:0.00/23.98/59.94 inc:1.000000 diff:1.000000
2020-09-24
19:53:44.223 T:1250947968   DEBUG: CMMALRenderer::Process - omvb:0x55e5e280 mmal:0x59cc9290 vsync:2732323 queue:0 diff:0.000000
2020-09-24
19:53:44.223 T:1937461264   DEBUG: CMMALRenderer::RenderUpdate - MMAL: clear:0 flags:0 alpha:255 source:5 omvb:0x55e5e280 mmal:0x59cc9290 mflags:0 skipping
2020-09-24
19:53:44.240 T:1250947968   DEBUG: CMMALRenderer::Process - debug vsync:2732324 queue:0 fps:0.00/23.98/59.94 inc:1.000000 diff:1.000000
2020-09-24
19:53:44.240 T:1250947968   DEBUG: CMMALRenderer::Process - omvb:(nil) mmal:(nil) vsync:2732324 queue:0 diff:0.000000
2020-09-24
19:53:44.240 T:1937461264   DEBUG: CMMALRenderer::RenderUpdate - MMAL: clear:0 flags:0 alpha:255 source:0 omvb:0x710ba120 mmal:0x59cc9468 mflags:0 len:1451520 data:0x1515 enc:I42S
2020-09-24
19:53:44.243 T:1395348352   DEBUG: CMMALPool::Configure pool:0x496510d0 1280x720 (1344x720) pix:-1 size:0 fmt:I42S
2020-09-24
19:53:44.243 T:1395348352   DEBUG: CAddonVideoCodec: GetPicture::VC_PICTURE with pts 2002000 1280x720 (1280x720) 1.777778 0x4ad9d000:1452864 offset:0,967680,968352, stride:1344,1344,1344
2020-09-24
19:53:44.256 T:1250947968   DEBUG: CMMALRenderer::Process - debug vsync:2732325 queue:1 fps:23.98/23.98/59.94 inc:0.400000 diff:0.400000
2020-09-24
19:53:44.257 T:1250947968   DEBUG: CMMALRenderer::Process - omvb:0x710ba120 mmal:0x59cc9468 vsync:2732325 queue:0 diff:-0.600000
2020-09-24
19:53:44.257 T:1937461264   DEBUG: CMMALRenderer::RenderUpdate - MMAL: clear:0 flags:0 alpha:255 source:0 omvb:0x710ba120 mmal:0x59cc9468 mflags:0 skipping
2020-09-24
19:53:44.273 T:1250947968   DEBUG: CMMALRenderer::Process - debug vsync:2732326 queue:0 fps:23.98/23.98/59.94 inc:0.400000 diff:-0.200000
2020-09-24
19:53:44.274 T:1937461264   DEBUG: CMMALRenderer::Update
2020-09-24
19:53:44.278 T:1937461264   DEBUG: CMMALRenderer::RenderUpdate - MMAL: clear:0 flags:0 alpha:255 source:0 omvb:0x710ba120 mmal:0x59cc9468 mflags:0 skipping
2020-09-24
19:53:44.278 T:1395348352   DEBUG: CMMALPool::Configure pool:0x496510d0 1280x720 (1344x720) pix:-1 size:0 fmt:I42S
2020-09-24
19:53:44.278 T:1395348352   DEBUG: CAddonVideoCodec: GetPicture::VC_PICTURE with pts 2043708 1280x720 (1280x720) 1.777778 0x4ac3a000:1452864 offset:0,967680,968352, stride:1344,1344,1344
2020-09-24
