19:53:45.697 T:1395348352   DEBUG: CMMALPool::Configure pool:0x496510d0 1280x720 (1344x720) pix:-1 size:0 fmt:I42S
2020-09-24
19:53:45.697 T:1395348352   DEBUG: CAddonVideoCodec: GetPicture::VC_PICTURE with pts 3461791 1280x720 (1280x720) 1.777778 0x4b311000:1452864 offset:0,967680,968352, stride:1344,1344,1344
2020-09-24
19:53:45.708 T:1250947968   DEBUG: CMMALRenderer::Process - debug vsync:2732412 queue:1 fps:23.98/23.98/59.94 inc:0.400000 diff:0.200000
2020-09-24
19:53:45.708 T:1250947968   DEBUG: CMMALRenderer::Process - omvb:0x59f77f10 mmal:0x59cca328 vsync:2732412 queue:0 diff:-0.800000
2020-09-24
19:53:45.709 T:1937461264   DEBUG: CMMALRenderer::RenderUpdate - MMAL: clear:0 flags:0 alpha:255 source:5 omvb:0x59f137a0 mmal:0x59cca500 mflags:0 len:1451520 data:0xd3a enc:I42S
2020-09-24
19:53:45.724 T:1250947968   DEBUG: CMMALRenderer::Process - debug vsync:2732413 queue:1 fps:23.98/23.98/59.94 inc:0.400000 diff:-0.400000
2020-09-24
19:53:45.724 T:1937461264   DEBUG: CMMALRenderer::RenderUpdate - MMAL: clear:0 flags:0 alpha:255 source:5 omvb:0x59f137a0 mmal:0x59cca500 mflags:0 skipping
2020-09-24
19:53:45.741 T:1250947968   DEBUG: CMMALRenderer::Process - debug vsync:2732414 queue:1 fps:23.98/23.98/59.94 inc:0.400000 diff:0.000000
2020-09-24
19:53:45.741 T:1250947968   DEBUG: CMMALRenderer::Process - omvb:0x59f137a0 mmal:0x59cca500 vsync:2732414 queue:0 diff:-1.000000
2020-09-24
19:53:45.741 T:1937461264   DEBUG: CMMALRenderer::RenderUpdate - MMAL: clear:0 flags:0 alpha:255 source:0 omvb:0x4964de50 mmal:0x59cca6d8 mflags:0 len:1451520 data:0x10e6 enc:I42S
2020-09-24
19:53:45.753 T:1395348352   DEBUG: CMMALPool::Configure pool:0x496510d0 1280x720 (1344x720) pix:-1 size:0 fmt:I42S
2020-09-24
19:53:45.753 T:1395348352   DEBUG: CAddonVideoCodec: GetPicture::VC_PICTURE with pts 3503500 1280x720 (1280x720) 1.777778 0x4b1ae000:1452864 offset:0,967680,968352, stride:1344,1344,1344
2020-09-24
19:53:45.757 T:1250947968   DEBUG: CMMALRenderer::Process - debug vsync:2732415 queue:1 fps:23.98/23.98/59.94 inc:0.400000 diff:-0.600000
2020-09-24
19:53:45.759 T:1937461264   DEBUG: CMMALRenderer::RenderUpdate - MMAL: clear:0 flags:0 alpha:255 source:0 omvb:0x4964de50 mmal:0x59cca6d8 mflags:0 skipping
2020-09-24
19:53:45.774 T:1250947968   DEBUG: CMMALRenderer::Process - debug vsync:2732416 queue:1 fps:23.98/23.98/59.94 inc:0.400000 diff:-0.200000
2020-09-24
19:53:45.774 T:1937461264   DEBUG: CMMALRenderer::RenderUpdate - MMAL: clear:0 flags:0 alpha:255 source:0 omvb:0x4964de50 mmal:0x59cca6d8 mflags:0 skipping
2020-09-24
19:53:45.786 T:1395348352   DEBUG: CMMALPool::Configure pool:0x496510d0 1280x720 (1344x720) pix:-1 size:0 fmt:I42S
2020-09-24
19:53:45.787 T:1395348352   DEBUG: CAddonVideoCodec: GetPicture::VC_PICTURE with pts 3545208 1280x720 (1280x720) 1.777778 0x4b04b000:1452864 offset:0,967680,968352, stride:1344,1344,1344
2020-09-24
19:53:45.791 T:1250947968   DEBUG: CMMALRenderer::Process - debug vsync:2732417 queue:1 fps:23.98/23.98/59.94 inc:0.400000 diff:0.200000
2020-09-24
19:53:45.791 T:1250947968   DEBUG: CMMALRenderer::Process - omvb:0x4964de50 mmal:0x59cca6d8 vsync:2732417 queue:0 diff:-0.800000
2020-09-24
19:53:45.794 T:1937461264   DEBUG: CMMALRenderer::Update
2020-09-24
19:53:45.804 T:1395348352   DEBUG: CMMALPool::Configure pool:0x496510d0 1280x720 (1344x720) pix:-1 size:0 fmt:I42S
2020-09-24
19:53:45.804 T:1395348352   DEBUG: CAddonVideoCodec: GetPicture::VC_PICTURE with pts 3586916 1280x720 (1280x720) 1.777778 0x4aad7000:1452864 offset:0,967680,968352, stride:1344,1344,1344
2020-09-24
19:53:45.808 T:1250947968   DEBUG: CMMALRenderer::Process - debug vsync:2732418 queue:0 fps:23.98/23.98/59.94 inc:0.400000 diff:-0.400000
2020-09-24
19:53:45.809 T:1937461264   DEBUG: CMMALRenderer::RenderUpdate - MMAL: clear:0 flags:0 alpha:255 source:1 omvb:0x55e5e280 mmal:0x59cc78c0 mflags:0 len:1451520 data:0xc34 enc:I42S
2020-09-24
19:53:45.810 T:1937461264   DEBUG: CMMALRenderer::RenderUpdate - MMAL: clear:0 flags:0 alpha:255 source:1 omvb:0x55e5e280 mmal:0x59cc78c0 mflags:0 skipping
2020-09-24
19:53:45.824 T:1250947968   DEBUG: CMMALRenderer::Process - debug vsync:2732419 queue:1 fps:23.98/23.98/59.94 inc:0.400000 diff:0.000000
2020-09-24
19:53:45.824 T:1250947968   DEBUG: CMMALRenderer::Process - omvb:0x55e5e280 mmal:0x59cc78c0 vsync:2732419 queue:0 diff:-1.000000
2020-09-24
19:53:45.824 T:1937461264   DEBUG: CMMALRenderer::RenderUpdate - MMAL: clear:0 flags:0 alpha:255 source:2 omvb:0x710ba120 mmal:0x59cc7a98 mflags:0 len:1451520 data:0x1515 enc:I42S
2020-09-24
19:53:45.841 T:1250947968   DEBUG: CMMALRenderer::Process - debug vsync:2732420 queue:1 fps:23.98/23.98/59.94 inc:0.400000 diff:-0.600000
2020-09-24
19:53:45.841 T:1937461264   DEBUG: CMMALRenderer::RenderUpdate - MMAL: clear:0 flags:0 alpha:255 source:2 omvb:0x710ba120 mmal:0x59cc7a98 mflags:0 skipping
2020-09-24
19:53:45.858 T:1250947968   DEBUG: CMMALRenderer::Process - debug vsync:2732421 queue:1 fps:23.98/23.98/59.94 inc:0.400000 diff:-0.200000
2020-09-24
19:53:45.859 T:1937461264   DEBUG: CMMALRenderer::RenderUpdate - MMAL: clear:0 flags:0 alpha:255 source:2 omvb:0x710ba120 mmal:0x59cc7a98 mflags:0 skipping
2020-09-24
19:53:45.868 T:1395348352   DEBUG: CMMALPool::Configure pool:0x496510d0 1280x720 (1344x720) pix:-1 size:0 fmt:I42S
2020-09-24
19:53:45.868 T:1395348352   DEBUG: CAddonVideoCodec: GetPicture::VC_PICTURE with pts 3628625 1280x720 (1280x720) 1.777778 0x4ad9d000:1452864 offset:0,967680,968352, stride:1344,1344,1344
2020-09-24
19:53:45.874 T:1250947968   DEBUG: CMMALRenderer::Process - debug vsync:2732422 queue:1 fps:23.98/23.98/59.94 inc:0.400000 diff:0.200000
2020-09-24
19:53:45.874 T:1250947968   DEBUG: CMMALRenderer::Process - omvb:0x710ba120 mmal:0x59cc7a98 vsync:2732422 queue:0 diff:-0.800000
2020-09-24
19:53:45.874 T:1937461264   DEBUG: CMMALRenderer::RenderUpdate - MMAL: clear:0 flags:0 alpha:255 source:3 omvb:0x59f00b20 mmal:0x59cc7c70 mflags:0 len:1451520 data:0xd16 enc:I42S
2020-09-24
19:53:45.891 T:1250947968   DEBUG: CMMALRenderer::Process - debug vsync:2732423 queue:1 fps:23.98/23.98/59.94 inc:0.400000 diff:-0.400000
2020-09-24
19:53:45.891 T:1937461264   DEBUG: CMMALRenderer::RenderUpdate - MMAL: clear:0 flags:0 alpha:255 source:3 omvb:0x59f00b20 mmal:0x59cc7c70 mflags:0 skipping
2020-09-24
19:53:45.901 T:1395348352   DEBUG: CMMALPool::Configure pool:0x496510d0 1280x720 (1344x720) pix:-1 size:0 fmt:I42S
2020-09-24
19:53:45.901 T:1395348352   DEBUG: CAddonVideoCodec: GetPicture::VC_PICTURE with pts 3670333 1280x720 (1280x720) 1.777778 0x4ac3a000:1452864 offset:0,967680,968352, stride:1344,1344,1344
2020-09-24
19:53:45.908 T:1250947968   DEBUG: CMMALRenderer::Process - debug vsync:2732424 queue:1 fps:23.98/23.98/59.94 inc:0.400000 diff:0.000000
2020-09-24
19:53:45.909 T:1250947968   DEBUG: CMMALRenderer::Process - omvb:0x59f00b20 mmal:0x59cc7c70 vsync:2732424 queue:0 diff:-1.000000
2020-09-24
19:53:45.909 T:1937461264   DEBUG: CMMALRenderer::RenderUpdate - MMAL: clear:0 flags:0 alpha:255 source:4 omvb:0x59c34480 mmal:0x59cc7e48 mflags:0 len:1451520 data:0xcf2 enc:I42S
2020-09-24
19:53:45.924 T:1250947968   DEBUG: CMMALRenderer::Process - debug vsync:2732425 queue:1 fps:23.98/23.98/59.94 inc:0.400000 diff:-0.600000
2020-09-24
19:53:45.927 T:1937461264   DEBUG: CMMALRenderer::Update
2020-09-24
19:53:45.937 T:1395348352   DEBUG: CMMALPool::Configure pool:0x496510d0 1280x720 (1344x720) pix:-1 size:0 fmt:I42S
2020-09-24
19:53:45.937 T:1395348352   DEBUG: CAddonVideoCodec: GetPicture::VC_PICTURE with pts 3712041 1280x720 (1280x720) 1.777778 0x53a17000:1452864 offset:0,967680,968352, stride:1344,1344,1344
2020-09-24
19:53:45.941 T:1250947968   DEBUG: CMMALRenderer::Process - debug vsync:2732426 queue:1 fps:23.98/23.98/59.94 inc:0.400000 diff:-0.200000
2020-09-24
19:53:45.942 T:1937461264   DEBUG: CMMALRenderer::RenderUpdate - MMAL: clear:0 flags:0 alpha:255 source:4 omvb:0x59c34480 mmal:0x59cc7e48 mflags:0 skipping
2020-09-24
19:53:45.959 T:1250947968   DEBUG: Previous line repeats 1 times.
2020-09-24
19:53:45.959 T:1250947968   DEBUG: CMMALRenderer::Process - debug vsync:2732427 queue:1 fps:23.98/23.98/59.94 inc:0.400000 diff:0.200000
2020-09-24
19:53:45.959 T:1250947968   DEBUG: CMMALRenderer::Process - omvb:0x59c34480 mmal:0x59cc7e48 vsync:2732427 queue:0 diff:-0.800000
2020-09-24
19:53:45.959 T:1937461264   DEBUG: CMMALRenderer::RenderUpdate - MMAL: clear:0 flags:0 alpha:255 source:5 omvb:0x59c34238 mmal:0x59cc8020 mflags:0 len:1451520 data:0x151c enc:I42S
2020-09-24
19:53:45.974 T:1250947968   DEBUG: CMMALRenderer::Process - debug vsync:2732428 queue:1 fps:23.98/23.98/59.94 inc:0.400000 diff:-0.400000
2020-09-24
19:53:45.975 T:1937461264   DEBUG: CMMALRenderer::RenderUpdate - MMAL: clear:0 flags:0 alpha:255 source:5 omvb:0x59c34238 mmal:0x59cc8020 mflags:0 skipping
2020-09-24
19:53:45.985 T:1395348352   DEBUG: CMMALPool::Configure pool:0x496510d0 1280x720 (1344x720) pix:-1 size:0 fmt:I42S
2020-09-24
19:53:45.985 T:1395348352   DEBUG: CAddonVideoCodec: GetPicture::VC_PICTURE with pts 3753750 1280x720 (1280x720) 1.777778 0x4bf96000:1452864 offset:0,967680,968352, stride:1344,1344,1344
2020-09-24
19:53:45.991 T:1250947968   DEBUG: CMMALRenderer::Process - debug vsync:2732429 queue:1 fps:23.98/23.98/59.94 inc:0.400000 diff:0.000000
2020-09-24
19:53:45.991 T:1250947968   DEBUG: CMMALRenderer::Process - omvb:0x59c34238 mmal:0x59cc8020 vsync:2732429 queue:0 diff:-1.000000
2020-09-24
19:53:45.991 T:1937461264   DEBUG: CMMALRenderer::RenderUpdate - MMAL: clear:0 flags:0 alpha:255 source:0 omvb:0x59fdd288 mmal:0x59cc81f8 mflags:0 len:1451520 data:0x151d enc:I42S
2020-09-24
19:53:46.008 T:1250947968   DEBUG: CMMALRenderer::Process - debug vsync:2732430 queue:1 fps:23.98/23.98/59.94 inc:0.400000 diff:-0.600000
2020-09-24
19:53:46.009 T:1937461264   DEBUG: CMMALRenderer::RenderUpdate - MMAL: clear:0 flags:0 alpha:255 source:0 omvb:0x59fdd288 mmal:0x59cc81f8 mflags:0 skipping
2020-09-24
19:53:46.018 T:1395348352   DEBUG: CMMALPool::Configure pool:0x496510d0 1280x720 (1344x720) pix:-1 size:0 fmt:I42S
2020-09-24
19:53:46.018 T:1395348352   DEBUG: CAddonVideoCodec: GetPicture::VC_PICTURE with pts 3795458 1280x720 (1280x720) 1.777778 0x4be33000:1452864 offset:0,967680,968352, stride:1344,1344,1344
2020-09-24
19:53:46.024 T:1250947968   DEBUG: CMMALRenderer::Process - debug vsync:2732431 queue:1 fps:23.98/23.98/59.94 inc:0.400000 diff:-0.200000
2020-09-24
19:53:46.024 T:1937461264   DEBUG: CMMALRenderer::RenderUpdate - MMAL: clear:0 flags:0 alpha:255 source:0 omvb:0x59fdd288 mmal:0x59cc81f8 mflags:0 skipping
2020-09-24
19:53:46.041 T:1250947968   DEBUG: CMMALRenderer::Process - debug vsync:2732432 queue:1 fps:23.98/23.98/59.94 inc:0.400000 diff:0.200000
2020-09-24
19:53:46.041 T:1250947968   DEBUG: CMMALRenderer::Process - omvb:0x59fdd288 mmal:0x59cc81f8 vsync:2732432 queue:0 diff:-0.800000
2020-09-24
19:53:46.042 T:1937461264   DEBUG: CMMALRenderer::RenderUpdate - MMAL: clear:0 flags:0 alpha:255 source:1 omvb:0x59f6d630 mmal:0x59cc83d0 mflags:0 len:1451520 data:0xe3a enc:I42S
2020-09-24
19:53:46.059 T:1250947968   DEBUG: CMMALRenderer::Process - debug vsync:2732433 queue:1 fps:23.98/23.98/59.94 inc:0.400000 diff:-0.400000
2020-09-24
19:53:46.061 T:1937461264   DEBUG: CMMALRenderer::Update
2020-09-24
19:53:46.067 T:1319814016   DEBUG: CurlFile::ParseAndCorrectUrl() adding custom header option 'Range: bytes=270648-302760'
2020-09-24
19:53:46.067 T:1319814016   DEBUG: CurlFile::ParseAndCorrectUrl() adding custom header option 'connection: keep-alive'
2020-09-24
19:53:46.068 T:1319814016   DEBUG: CurlFile::Open(0x49628640) https://ipv4-c001-pmi001-conectabalear-isp.1.oca.nflxvideo.net/?o=AQMl7uxkT_CKXzx825KECO9vMFQMxsIu1ZjjtPOhXUsbofG-o3s0DUiTwS54yrxg0dUCzmP7duoO4hLYhhq3fwbb3V1R40D42vkKd-YMeFA5RiCtcGT0rWoosBC8o69sdW-Tu9fRJzO-yQRxvqiilF__sg8usDnG0zFE3g&v=5&e=1601010902&t=dNbMj-dXfvL9S_eDTO7hsb5lpYM
2020-09-24
19:53:46.070 T:1937461264   DEBUG: CMMALRenderer::RenderUpdate - MMAL: clear:0 flags:0 alpha:255 source:1 omvb:0x59f6d630 mmal:0x59cc83d0 mflags:0 skipping
2020-09-24
19:53:46.071 T:1395348352   DEBUG: CMMALPool::Configure pool:0x496510d0 1280x720 (1344x720) pix:-1 size:0 fmt:I42S
2020-09-24
19:53:46.071 T:1395348352   DEBUG: CAddonVideoCodec: GetPicture::VC_PICTURE with pts 3837166 1280x720 (1280x720) 1.777778 0x4b89d000:1452864 offset:0,967680,968352, stride:1344,1344,1344
2020-09-24
19:53:46.075 T:1319814016   DEBUG: AddOnLog: InputStream Adaptive: Download https://ipv4-c001-pmi001-conectabalear-isp.1.oca.nflxvideo.net/?o=AQMl7uxkT_CKXzx825KECO9vMFQMxsIu1ZjjtPOhXUsbofG-o3s0DUiTwS54yrxg0dUCzmP7duoO4hLYhhq3fwbb3V1R40D42vkKd-YMeFA5RiCtcGT0rWoosBC8o69sdW-Tu9fRJzO-yQRxvqiilF__sg8usDnG0zFE3g&v=5&e=1601010902&t=dNbMj-dXfvL9S_eDTO7hsb5lpYM finished, avg speed: 5041623.34byte/s, current speed: 5352166.00byte/s
2020-09-24
19:53:46.075 T:1250947968   DEBUG: CMMALRenderer::Process - debug vsync:2732434 queue:1 fps:23.98/23.98/59.94 inc:0.400000 diff:0.000000
2020-09-24
19:53:46.075 T:1250947968   DEBUG: CMMALRenderer::Process - omvb:0x59f6d630 mmal:0x59cc83d0 vsync:2732434 queue:0 diff:-1.000000
2020-09-24
19:53:46.075 T:1937461264   DEBUG: CMMALRenderer::RenderUpdate - MMAL: clear:0 flags:0 alpha:255 source:2 omvb:0x496fd0e8 mmal:0x59cc85a8 mflags:0 len:1451520 data:0x11a9 enc:I42S
2020-09-24
19:53:46.091 T:1250947968   DEBUG: CMMALRenderer::Process - debug vsync:2732435 queue:1 fps:23.98/23.98/59.94 inc:0.400000 diff:-0.600000
2020-09-24
19:53:46.091 T:1937461264   DEBUG: CMMALRenderer::RenderUpdate - MMAL: clear:0 flags:0 alpha:255 source:2 omvb:0x496fd0e8 mmal:0x59cc85a8 mflags:0 skipping
2020-09-24
19:53:46.108 T:1250947968   DEBUG: CMMALRenderer::Process - debug vsync:2732436 queue:1 fps:23.98/23.98/59.94 inc:0.400000 diff:-0.200000
2020-09-24
19:53:46.109 T:1937461264   DEBUG: CMMALRenderer::RenderUpdate - MMAL: clear:0 flags:0 alpha:255 source:2 omvb:0x496fd0e8 mmal:0x59cc85a8 mflags:0 skipping
2020-09-24
19:53:46.119 T:1395348352   DEBUG: CMMALPool::Configure pool:0x496510d0 1280x720 (1344x720) pix:-1 size:0 fmt:I42S
2020-09-24
19:53:46.119 T:1395348352   DEBUG: CAddonVideoCodec: GetPicture::VC_PICTURE with pts 3878875 1280x720 (1280x720) 1.777778 0x4b73a000:1452864 offset:0,967680,968352, stride:1344,1344,1344
2020-09-24
19:53:46.124 T:1250947968   DEBUG: CMMALRenderer::Process - debug vsync:2732437 queue:1 fps:23.98/23.98/59.94 inc:0.400000 diff:0.200000
2020-09-24
19:53:46.124 T:1250947968   DEBUG: CMMALRenderer::Process - omvb:0x496fd0e8 mmal:0x59cc85a8 vsync:2732437 queue:0 diff:-0.800000
2020-09-24
19:53:46.125 T:1937461264   DEBUG: CMMALRenderer::RenderUpdate - MMAL: clear:0 flags:0 alpha:255 source:3 omvb:0x4965d7e8 mmal:0x59cc8780 mflags:0 len:1451520 data:0x6e1 enc:I42S
2020-09-24
19:53:46.141 T:1250947968   DEBUG: CMMALRenderer::Process - debug vsync:2732438 queue:1 fps:23.98/23.98/59.94 inc:0.400000 diff:-0.400000
2020-09-24
19:53:46.141 T:1937461264   DEBUG: CMMALRenderer::RenderUpdate - MMAL: clear:0 flags:0 alpha:255 source:3 omvb:0x4965d7e8 mmal:0x59cc8780 mflags:0 skipping
2020-09-24
19:53:46.150 T:1395348352   DEBUG: CMMALPool::Configure pool:0x496510d0 1280x720 (1344x720) pix:-1 size:0 fmt:I42S
2020-09-24
19:53:46.150 T:1395348352   DEBUG: CAddonVideoCodec: GetPicture::VC_PICTURE with pts 3920583 1280x720 (1280x720) 1.777778 0x4b5d7000:1452864 offset:0,967680,968352, stride:1344,1344,1344
2020-09-24
19:53:46.159 T:1250947968   DEBUG: CMMALRenderer::Process - debug vsync:2732439 queue:1 fps:23.98/23.98/59.94 inc:0.400000 diff:0.000000
2020-09-24
19:53:46.159 T:1250947968   DEBUG: CMMALRenderer::Process - omvb:0x4965d7e8 mmal:0x59cc8780 vsync:2732439 queue:0 diff:-1.000000
2020-09-24
19:53:46.159 T:1937461264   DEBUG: CMMALRenderer::RenderUpdate - MMAL: clear:0 flags:0 alpha:255 source:4 omvb:0x5a750630 mmal:0x59cc8958 mflags:0 len:1451520 data:0xd07 enc:I42S
2020-09-24
19:53:46.175 T:1250947968   DEBUG: CMMALRenderer::Process - debug vsync:2732440 queue:1 fps:23.98/23.98/59.94 inc:0.400000 diff:-0.600000
2020-09-24
19:53:46.179 T:1937461264   DEBUG: CMMALRenderer::Update
2020-09-24
19:53:46.191 T:1250947968   DEBUG: CMMALRenderer::Process - debug vsync:2732441 queue:1 fps:23.98/23.98/59.94 inc:0.400000 diff:-0.200000
2020-09-24
19:53:46.193 T:1937461264   DEBUG: CMMALRenderer::RenderUpdate - MMAL: clear:0 flags:0 alpha:255 source:4 omvb:0x5a750630 mmal:0x59cc8958 mflags:0 skipping
2020-09-24
19:53:46.194 T:1937461264   DEBUG: CMMALRenderer::RenderUpdate - MMAL: clear:0 flags:0 alpha:255 source:5 omvb:0x59f77f10 mmal:0x59cc8b30 mflags:0 len:1451520 data:0x10ed enc:I42S
2020-09-24
19:53:46.201 T:1395348352   DEBUG: CMMALPool::Configure pool:0x496510d0 1280x720 (1344x720) pix:-1 size:0 fmt:I42S
2020-09-24
19:53:46.201 T:1395348352   DEBUG: CAddonVideoCodec: GetPicture::VC_PICTURE with pts 3962291 1280x720 (1280x720) 1.777778 0x4b474000:1452864 offset:0,967680,968352, stride:1344,1344,1344
2020-09-24
19:53:46.209 T:1250947968   DEBUG: CMMALRenderer::Process - debug vsync:2732442 queue:2 fps:23.98/23.98/59.94 inc:0.400000 diff:0.200000
2020-09-24
19:53:46.209 T:1250947968   DEBUG: CMMALRenderer::Process - omvb:0x5a750630 mmal:0x59cc8958 vsync:2732442 queue:1 diff:-0.800000
2020-09-24
19:53:46.210 T:1937461264   DEBUG: CMMALRenderer::RenderUpdate - MMAL: clear:0 flags:0 alpha:255 source:5 omvb:0x59f77f10 mmal:0x59cc8b30 mflags:0 skipping
2020-09-24
19:53:46.217 T:1395348352   DEBUG: CMMALPool::Configure pool:0x496510d0 1280x720 (1344x720) pix:-1 size:0 fmt:I42S
2020-09-24
19:53:46.218 T:1395348352   DEBUG: CAddonVideoCodec: GetPicture::VC_PICTURE with pts 4004000 1280x720 (1280x720) 1.777778 0x4b311000:1452864 offset:0,967680,968352, stride:1344,1344,1344
2020-09-24
19:53:46.224 T:1250947968   DEBUG: CMMALRenderer::Process - debug vsync:2732443 queue:1 fps:23.98/23.98/59.94 inc:0.400000 diff:-0.400000
2020-09-24
19:53:46.225 T:1937461264   DEBUG: CMMALRenderer::RenderUpdate - MMAL: clear:0 flags:0 alpha:255 source:5 omvb:0x59f77f10 mmal:0x59cc8b30 mflags:0 skipping
2020-09-24
19:53:46.241 T:1250947968   DEBUG: CMMALRenderer::Process - debug vsync:2732444 queue:1 fps:23.98/23.98/59.94 inc:0.400000 diff:0.000000
2020-09-24
19:53:46.242 T:1250947968   DEBUG: CMMALRenderer::Process - omvb:0x59f77f10 mmal:0x59cc8b30 vsync:2732444 queue:0 diff:-1.000000
2020-09-24
19:53:46.242 T:1937461264   DEBUG: CMMALRenderer::RenderUpdate - MMAL: clear:0 flags:0 alpha:255 source:0 omvb:0x59f137a0 mmal:0x59cc8d08 mflags:0 len:1451520 data:0xd3a enc:I42S
2020-09-24
19:53:46.258 T:1250947968   DEBUG: CMMALRenderer::Process - debug vsync:2732445 queue:1 fps:23.98/23.98/59.94 inc:0.400000 diff:-0.600000
2020-09-24
19:53:46.258 T:1937461264   DEBUG: CMMALRenderer::RenderUpdate - MMAL: clear:0 flags:0 alpha:255 source:0 omvb:0x59f137a0 mmal:0x59cc8d08 mflags:0 skipping
2020-09-24
19:53:46.274 T:1250947968   DEBUG: CMMALRenderer::Process - debug vsync:2732446 queue:1 fps:23.98/23.98/59.94 inc:0.400000 diff:-0.200000
2020-09-24
19:53:46.275 T:1937461264   DEBUG: CMMALRenderer::RenderUpdate - MMAL: clear:0 flags:0 alpha:255 source:0 omvb:0x59f137a0 mmal:0x59cc8d08 mflags:0 skipping
2020-09-24
19:53:46.283 T:1395348352   DEBUG: CMMALPool::Configure pool:0x496510d0 1280x720 (1344x720) pix:-1 size:0 fmt:I42S
2020-09-24
19:53:46.283 T:1395348352   DEBUG: CAddonVideoCodec: GetPicture::VC_PICTURE with pts 4045708 1280x720 (1280x720) 1.777778 0x4b1ae000:1452864 offset:0,967680,968352, stride:1344,1344,1344
2020-09-24
19:53:46.291 T:1250947968   DEBUG: CMMALRenderer::Process - debug vsync:2732447 queue:1 fps:23.98/23.98/59.94 inc:0.400000 diff:0.200000
2020-09-24
19:53:46.291 T:1250947968   DEBUG: CMMALRenderer::Process - omvb:0x59f137a0 mmal:0x59cc8d08 vsync:2732447 queue:0 diff:-0.800000
2020-09-24
19:53:46.291 T:1937461264   DEBUG: CMMALRenderer::RenderUpdate - MMAL: clear:0 flags:0 alpha:255 source:1 omvb:0x4964de50 mmal:0x59cc8ee0 mflags:0 len:1451520 data:0x10e6 enc:I42S
2020-09-24
19:53:46.310 T:1250947968   DEBUG: CMMALRenderer::Process - debug vsync:2732448 queue:1 fps:23.98/23.98/59.94 inc:0.400000 diff:-0.400000
2020-09-24
19:53:46.314 T:1937461264   DEBUG: CMMALRenderer::Update
2020-09-24
19:53:46.324 T:1250947968   DEBUG: CMMALRenderer::Process - debug vsync:2732449 queue:1 fps:23.98/23.98/59.94 inc:0.400000 diff:0.000000
2020-09-24
19:53:46.325 T:1250947968   DEBUG: CMMALRenderer::Process - omvb:0x4964de50 mmal:0x59cc8ee0 vsync:2732449 queue:0 diff:-1.000000
2020-09-24
19:53:46.325 T:1937461264   DEBUG: CMMALRenderer::RenderUpdate - MMAL: clear:0 flags:0 alpha:255 source:1 omvb:0x4964de50 mmal:0x59cc8ee0 mflags:0 skipping
2020-09-24
19:53:46.326 T:1937461264   DEBUG: CMMALRenderer::RenderUpdate - MMAL: clear:0 flags:0 alpha:255 source:2 omvb:0x55e5e280 mmal:0x59cc90b8 mflags:0 len:1451520 data:0xc34 enc:I42S
2020-09-24
19:53:46.330 T:1395348352   DEBUG: CMMALPool::Configure pool:0x496510d0 1280x720 (1344x720) pix:-1 size:0 fmt:I42S
2020-09-24
19:53:46.331 T:1395348352   DEBUG: CAddonVideoCodec: GetPicture::VC_PICTURE with pts 4087416 1280x720 (1280x720) 1.777778 0x4b04b000:1452864 offset:0,967680,968352, stride:1344,1344,1344
2020-09-24
19:53:46.341 T:1250947968   DEBUG: CMMALRenderer::Process - debug vsync:2732450 queue:1 fps:23.98/23.98/59.94 inc:0.400000 diff:-0.600000
2020-09-24
19:53:46.341 T:1937461264   DEBUG: CMMALRenderer::RenderUpdate - MMAL: clear:0 flags:0 alpha:255 source:2 omvb:0x55e5e280 mmal:0x59cc90b8 mflags:0 skipping
2020-09-24
19:53:46.359 T:1250947968   DEBUG: CMMALRenderer::Process - debug vsync:2732451 queue:1 fps:23.98/23.98/59.94 inc:0.400000 diff:-0.200000
2020-09-24
19:53:46.359 T:1937461264   DEBUG: CMMALRenderer::RenderUpdate - MMAL: clear:0 flags:0 alpha:255 source:2 omvb:0x55e5e280 mmal:0x59cc90b8 mflags:0 skipping
2020-09-24
19:53:46.368 T:1395348352   DEBUG: CMMALPool::Configure pool:0x496510d0 1280x720 (1344x720) pix:-1 size:0 fmt:I42S
2020-09-24
19:53:46.369 T:1395348352   DEBUG: CAddonVideoCodec: GetPicture::VC_PICTURE with pts 4129125 1280x720 (1280x720) 1.777778 0x4aad7000:1452864 offset:0,967680,968352, stride:1344,1344,1344
2020-09-24
19:53:46.375 T:1250947968   DEBUG: CMMALRenderer::Process - debug vsync:2732452 queue:1 fps:23.98/23.98/59.94 inc:0.400000 diff:0.200000
2020-09-24
19:53:46.375 T:1250947968   DEBUG: CMMALRenderer::Process - omvb:0x55e5e280 mmal:0x59cc90b8 vsync:2732452 queue:0 diff:-0.800000
2020-09-24
19:53:46.375 T:1937461264   DEBUG: CMMALRenderer::RenderUpdate - MMAL: clear:0 flags:0 alpha:255 source:3 omvb:0x710ba120 mmal:0x59cc9290 mflags:0 len:1451520 data:0x1515 enc:I42S
2020-09-24
19:53:46.391 T:1250947968   DEBUG: CMMALRenderer::Process - debug vsync:2732453 queue:1 fps:23.98/23.98/59.94 inc:0.400000 diff:-0.400000
2020-09-24
19:53:46.391 T:1937461264   DEBUG: CMMALRenderer::RenderUpdate - MMAL: clear:0 flags:0 alpha:255 source:3 omvb:0x710ba120 mmal:0x59cc9290 mflags:0 skipping
2020-09-24
19:53:46.408 T:1250947968   DEBUG: CMMALRenderer::Process - debug vsync:2732454 queue:1 fps:23.98/23.98/59.94 inc:0.400000 diff:0.000000
2020-09-24
19:53:46.408 T:1250947968   DEBUG: CMMALRenderer::Process - omvb:0x710ba120 mmal:0x59cc9290 vsync:2732454 queue:0 diff:-1.000000
2020-09-24
19:53:46.409 T:1937461264   DEBUG: CMMALRenderer::RenderUpdate - MMAL: clear:0 flags:0 alpha:255 source:4 omvb:0x59f00b20 mmal:0x59cc9468 mflags:0 len:1451520 data:0xd16 enc:I42S
2020-09-24
19:53:46.415 T:1395348352   DEBUG: CMMALPool::Configure pool:0x496510d0 1280x720 (1344x720) pix:-1 size:0 fmt:I42S
2020-09-24
19:53:46.416 T:1395348352   DEBUG: CAddonVideoCodec: GetPicture::VC_PICTURE with pts 4170833 1280x720 (1280x720) 1.777778 0x4ad9d000:1452864 offset:0,967680,968352, stride:1344,1344,1344
2020-09-24
19:53:46.425 T:1250947968   DEBUG: CMMALRenderer::Process - debug vsync:2732455 queue:1 fps:23.98/23.98/59.94 inc:0.400000 diff:-0.600000
2020-09-24
19:53:46.425 T:1937461264   DEBUG: CMMALRenderer::RenderUpdate - MMAL: clear:0 flags:0 alpha:255 source:4 omvb:0x59f00b20 mmal:0x59cc9468 mflags:0 skipping
2020-09-24
19:53:46.441 T:1250947968   DEBUG: CMMALRenderer::Process - debug vsync:2732456 queue:1 fps:23.98/23.98/59.94 inc:0.400000 diff:-0.200000
2020-09-24
19:53:46.445 T:1937461264   DEBUG: CMMALRenderer::Update
2020-09-24
19:53:46.454 T:1395348352   DEBUG: CMMALPool::Configure pool:0x496510d0 1280x720 (1344x720) pix:-1 size:0 fmt:I42S
2020-09-24
19:53:46.455 T:1395348352   DEBUG: CAddonVideoCodec: GetPicture::VC_PICTURE with pts 4212541 1280x720 (1280x720) 1.777778 0x4ac3a000:1452864 offset:0,967680,968352, stride:1344,1344,1344
2020-09-24
19:53:46.457 T:1937461264   DEBUG: CMMALRenderer::RenderUpdate - MMAL: clear:0 flags:0 alpha:255 source:5 omvb:0x59c34480 mmal:0x59cc9640 mflags:0 len:1451520 data:0xcf2 enc:I42S
2020-09-24
19:53:46.459 T:1250947968   DEBUG: CMMALRenderer::Process - debug vsync:2732457 queue:2 fps:23.98/23.98/59.94 inc:0.400000 diff:0.200000
2020-09-24
19:53:46.459 T:1250947968   DEBUG: CMMALRenderer::Process - omvb:0x59f00b20 mmal:0x59cc9468 vsync:2732457 queue:1 diff:-0.800000
2020-09-24
19:53:46.459 T:1937461264   DEBUG: CMMALRenderer::RenderUpdate - MMAL: clear:0 flags:0 alpha:255 source:5 omvb:0x59c34480 mmal:0x59cc9640 mflags:0 skipping
2020-09-24
19:53:46.465 T:1395348352   DEBUG: CMMALPool::Configure pool:0x496510d0 1280x720 (1344x720) pix:-1 size:0 fmt:I42S
2020-09-24
19:53:46.465 T:1395348352   DEBUG: CAddonVideoCodec: GetPicture::VC_PICTURE with pts 4254250 1280x720 (1280x720) 1.777778 0x53a17000:1452864 offset:0,967680,968352, stride:1344,1344,1344
2020-09-24
19:53:46.475 T:1250947968   DEBUG: CMMALRenderer::Process - debug vsync:2732458 queue:1 fps:23.98/23.98/59.94 inc:0.400000 diff:-0.400000
2020-09-24
19:53:46.475 T:1937461264   DEBUG: CMMALRenderer::RenderUpdate - MMAL: clear:0 flags:0 alpha:255 source:5 omvb:0x59c34480 mmal:0x59cc9640 mflags:0 skipping
2020-09-24
19:53:46.491 T:1250947968   DEBUG: CMMALRenderer::Process - debug vsync:2732459 queue:1 fps:23.98/23.98/59.94 inc:0.400000 diff:0.000000
2020-09-24
19:53:46.491 T:1250947968   DEBUG: CMMALRenderer::Process - omvb:0x59c34480 mmal:0x59cc9640 vsync:2732459 queue:0 diff:-1.000000
2020-09-24
19:53:46.491 T:1937461264   DEBUG: CMMALRenderer::RenderUpdate - MMAL: clear:0 flags:0 alpha:255 source:0 omvb:0x59c34238 mmal:0x59cc9818 mflags:0 len:1451520 data:0x151c enc:I42S
2020-09-24
19:53:46.509 T:1250947968   DEBUG: CMMALRenderer::Process - debug vsync:2732460 queue:1 fps:23.98/23.98/59.94 inc:0.400000 diff:-0.600000
2020-09-24
19:53:46.510 T:1937461264   DEBUG: CMMALRenderer::RenderUpdate - MMAL: clear:0 flags:0 alpha:255 source:0 omvb:0x59c34238 mmal:0x59cc9818 mflags:0 skipping
2020-09-24
19:53:46.516 T:1395348352   DEBUG: CMMALPool::Configure pool:0x496510d0 1280x720 (1344x720) pix:-1 size:0 fmt:I42S
2020-09-24
19:53:46.516 T:1395348352   DEBUG: CAddonVideoCodec: GetPicture::VC_PICTURE with pts 4295958 1280x720 (1280x720) 1.777778 0x4bf96000:1452864 offset:0,967680,968352, stride:1344,1344,1344
2020-09-24
19:53:46.525 T:1250947968   DEBUG: CMMALRenderer::Process - debug vsync:2732461 queue:1 fps:23.98/23.98/59.94 inc:0.400000 diff:-0.200000
2020-09-24
19:53:46.525 T:1937461264   DEBUG: CMMALRenderer::RenderUpdate - MMAL: clear:0 flags:0 alpha:255 source:0 omvb:0x59c34238 mmal:0x59cc9818 mflags:0 skipping
2020-09-24
19:53:46.541 T:1250947968   DEBUG: CMMALRenderer::Process - debug vsync:2732462 queue:1 fps:23.98/23.98/59.94 inc:0.400000 diff:0.200000
2020-09-24
19:53:46.542 T:1250947968   DEBUG: CMMALRenderer::Process - omvb:0x59c34238 mmal:0x59cc9818 vsync:2732462 queue:0 diff:-0.800000
2020-09-24
19:53:46.542 T:1937461264   DEBUG: CMMALRenderer::RenderUpdate - MMAL: clear:0 flags:0 alpha:255 source:1 omvb:0x59fdd288 mmal:0x59cc99f0 mflags:0 len:1451520 data:0x151d enc:I42S
2020-09-24
19:53:46.559 T:1250947968   DEBUG: CMMALRenderer::Process - debug vsync:2732463 queue:1 fps:23.98/23.98/59.94 inc:0.400000 diff:-0.400000
2020-09-24
19:53:46.561 T:1937461264   DEBUG: CMMALRenderer::Update
2020-09-24
19:53:46.571 T:1937461264   DEBUG: CMMALRenderer::RenderUpdate - MMAL: clear:0 flags:0 alpha:255 source:1 omvb:0x59fdd288 mmal:0x59cc99f0 mflags:0 skipping
2020-09-24
19:53:46.572 T:1395348352   DEBUG: CMMALPool::Configure pool:0x496510d0 1280x720 (1344x720) pix:-1 size:0 fmt:I42S
2020-09-24
19:53:46.573 T:1395348352   DEBUG: CAddonVideoCodec: GetPicture::VC_PICTURE with pts 4337666 1280x720 (1280x720) 1.777778 0x4be33000:1452864 offset:0,967680,968352, stride:1344,1344,1344
2020-09-24
19:53:46.575 T:1250947968   DEBUG: CMMALRenderer::Process - debug vsync:2732464 queue:1 fps:23.98/23.98/59.94 inc:0.400000 diff:0.000000
2020-09-24
19:53:46.575 T:1250947968   DEBUG: CMMALRenderer::Process - omvb:0x59fdd288 mmal:0x59cc99f0 vsync:2732464 queue:0 diff:-1.000000
2020-09-24
19:53:46.575 T:1937461264   DEBUG: CMMALRenderer::RenderUpdate - MMAL: clear:0 flags:0 alpha:255 source:2 omvb:0x59f6d630 mmal:0x59cc9bc8 mflags:0 len:1451520 data:0xe3a enc:I42S
2020-09-24
19:53:46.591 T:1250947968   DEBUG: CMMALRenderer::Process - debug vsync:2732465 queue:1 fps:23.98/23.98/59.94 inc:0.400000 diff:-0.600000
2020-09-24
19:53:46.592 T:1937461264   DEBUG: CMMALRenderer::RenderUpdate - MMAL: clear:0 flags:0 alpha:255 source:2 omvb:0x59f6d630 mmal:0x59cc9bc8 mflags:0 skipping
2020-09-24
19:53:46.597 T:1395348352   DEBUG: CMMALPool::Configure pool:0x496510d0 1280x720 (1344x720) pix:-1 size:0 fmt:I42S
2020-09-24
19:53:46.597 T:1395348352   DEBUG: CAddonVideoCodec: GetPicture::VC_PICTURE with pts 4379375 1280x720 (1280x720) 1.777778 0x4b89d000:1452864 offset:0,967680,968352, stride:1344,1344,1344
2020-09-24
19:53:46.609 T:1250947968   DEBUG: CMMALRenderer::Process - debug vsync:2732466 queue:1 fps:23.98/23.98/59.94 inc:0.400000 diff:-0.200000
2020-09-24
19:53:46.609 T:1937461264   DEBUG: CMMALRenderer::RenderUpdate - MMAL: clear:0 flags:0 alpha:255 source:2 omvb:0x59f6d630 mmal:0x59cc9bc8 mflags:0 skipping
2020-09-24
19:53:46.625 T:1250947968   DEBUG: CMMALRenderer::Process - debug vsync:2732467 queue:1 fps:23.98/23.98/59.94 inc:0.400000 diff:0.200000
2020-09-24
19:53:46.625 T:1250947968   DEBUG: CMMALRenderer::Process - omvb:0x59f6d630 mmal:0x59cc9bc8 vsync:2732467 queue:0 diff:-0.800000
2020-09-24
19:53:46.625 T:1937461264   DEBUG: CMMALRenderer::RenderUpdate - MMAL: clear:0 flags:0 alpha:255 source:3 omvb:0x496fd0e8 mmal:0x59cc9da0 mflags:0 len:1451520 data:0x11a9 enc:I42S
2020-09-24
19:53:46.641 T:1250947968   DEBUG: CMMALRenderer::Process - debug vsync:2732468 queue:1 fps:23.98/23.98/59.94 inc:0.400000 diff:-0.400000
2020-09-24
19:53:46.642 T:1937461264   DEBUG: CMMALRenderer::RenderUpdate - MMAL: clear:0 flags:0 alpha:255 source:3 omvb:0x496fd0e8 mmal:0x59cc9da0 mflags:0 skipping
2020-09-24
19:53:46.649 T:1395348352   DEBUG: CMMALPool::Configure pool:0x496510d0 1280x720 (1344x720) pix:-1 size:0 fmt:I42S
2020-09-24
19:53:46.649 T:1395348352   DEBUG: CAddonVideoCodec: GetPicture::VC_PICTURE with pts 4421083 1280x720 (1280x720) 1.777778 0x4b73a000:1452864 offset:0,967680,968352, stride:1344,1344,1344
2020-09-24
19:53:46.658 T:1250947968   DEBUG: CMMALRenderer::Process - debug vsync:2732469 queue:1 fps:23.98/23.98/59.94 inc:0.400000 diff:0.000000
2020-09-24
19:53:46.658 T:1250947968   DEBUG: CMMALRenderer::Process - omvb:0x496fd0e8 mmal:0x59cc9da0 vsync:2732469 queue:0 diff:-1.000000
2020-09-24
19:53:46.658 T:1937461264   DEBUG: CMMALRenderer::RenderUpdate - MMAL: clear:0 flags:0 alpha:255 source:4 omvb:0x4965d7e8 mmal:0x59cc9f78 mflags:0 len:1451520 data:0x6e1 enc:I42S
2020-09-24
19:53:46.669 T:1927279488   DEBUG: CLibInputPointer::ProcessMotionAbsolute - event.type: 3, event.motion.x: 52, event.motion.y: 624
2020-09-24
19:53:46.671 T:1927279488   DEBUG: CLibInputPointer::ProcessMotionAbsolute - event.type: 3, event.motion.x: 75, event.motion.y: 622
2020-09-24
19:53:46.675 T:1250947968   DEBUG: CMMALRenderer::Process - debug vsync:2732470 queue:1 fps:23.98/23.98/59.94 inc:0.400000 diff:-0.600000
2020-09-24
19:53:46.676 T:1937461264   DEBUG: ------ Window Init (Pointer.xml) ------
2020-09-24
19:53:46.677 T:1937461264   DEBUG: CMMALRenderer::Update
2020-09-24
19:53:46.682 T:1927279488   DEBUG: CLibInputPointer::ProcessMotionAbsolute - event.type: 3, event.motion.x: 96, event.motion.y: 622
2020-09-24
19:53:46.682 T:1395348352   DEBUG: CMMALPool::Configure pool:0x496510d0 1280x720 (1344x720) pix:-1 size:0 fmt:I42S
2020-09-24
19:53:46.683 T:1395348352   DEBUG: CAddonVideoCodec: GetPicture::VC_PICTURE with pts 4462791 1280x720 (1280x720) 1.777778 0x4b5d7000:1452864 offset:0,967680,968352, stride:1344,1344,1344
2020-09-24
19:53:46.685 T:1937461264   DEBUG: CMMALRenderer::RenderUpdate - MMAL: clear:0 flags:0 alpha:255 source:4 omvb:0x4965d7e8 mmal:0x59cc9f78 mflags:0 skipping
2020-09-24
19:53:46.691 T:1250947968   DEBUG: CMMALRenderer::Process - debug vsync:2732471 queue:1 fps:23.98/23.98/59.94 inc:0.400000 diff:-0.200000
2020-09-24
19:53:46.692 T:1937461264   DEBUG: CMMALRenderer::RenderUpdate - MMAL: clear:0 flags:0 alpha:255 source:4 omvb:0x4965d7e8 mmal:0x59cc9f78 mflags:0 skipping
2020-09-24
19:53:46.693 T:1927279488   DEBUG: CLibInputPointer::ProcessMotionAbsolute - event.type: 3, event.motion.x: 119, event.motion.y: 620
2020-09-24
19:53:46.704 T:1927279488   DEBUG: CLibInputPointer::ProcessMotionAbsolute - event.type: 3, event.motion.x: 142, event.motion.y: 620
2020-09-24
19:53:46.710 T:1250947968   DEBUG: CMMALRenderer::Process - debug vsync:2732472 queue:1 fps:23.98/23.98/59.94 inc:0.400000 diff:0.200000
2020-09-24
19:53:46.710 T:1250947968   DEBUG: CMMALRenderer::Process - omvb:0x4965d7e8 mmal:0x59cc9f78 vsync:2732472 queue:0 diff:-0.800000
2020-09-24
19:53:46.710 T:1937461264   DEBUG: CMMALRenderer::RenderUpdate - MMAL: clear:0 flags:0 alpha:255 source:5 omvb:0x5a750630 mmal:0x59cca150 mflags:0 len:1451520 data:0xd07 enc:I42S
2020-09-24
19:53:46.715 T:1927279488   DEBUG: CLibInputPointer::ProcessMotionAbsolute - event.type: 3, event.motion.x: 160, event.motion.y: 620
2020-09-24
19:53:46.725 T:1250947968   DEBUG: CMMALRenderer::Process - debug vsync:2732473 queue:1 fps:23.98/23.98/59.94 inc:0.400000 diff:-0.400000
2020-09-24
19:53:46.725 T:1937461264   DEBUG: CMMALRenderer::RenderUpdate - MMAL: clear:0 flags:0 alpha:255 source:5 omvb:0x5a750630 mmal:0x59cca150 mflags:0 skipping
2020-09-24
19:53:46.727 T:1927279488   DEBUG: CLibInputPointer::ProcessMotionAbsolute - event.type: 3, event.motion.x: 177, event.motion.y: 620
2020-09-24
19:53:46.741 T:1250947968   DEBUG: CMMALRenderer::Process - debug vsync:2732474 queue:1 fps:23.98/23.98/59.94 inc:0.400000 diff:0.000000
2020-09-24
19:53:46.741 T:1250947968   DEBUG: CMMALRenderer::Process - omvb:0x5a750630 mmal:0x59cca150 vsync:2732474 queue:0 diff:-1.000000
2020-09-24
19:53:46.742 T:1937461264   DEBUG: CMMALRenderer::RenderUpdate - MMAL: clear:0 flags:0 alpha:255 source:0 omvb:0x59f77f10 mmal:0x59cca328 mflags:0 len:1451520 data:0x10ed enc:I42S
2020-09-24
19:53:46.749 T:1395348352   DEBUG: CMMALPool::Configure pool:0x496510d0 1280x720 (1344x720) pix:-1 size:0 fmt:I42S
2020-09-24
19:53:46.749 T:1395348352   DEBUG: CAddonVideoCodec: GetPicture::VC_PICTURE with pts 4504500 1280x720 (1280x720) 1.777778 0x4b474000:1452864 offset:0,967680,968352, stride:1344,1344,1344
2020-09-24
19:53:46.759 T:1250947968   DEBUG: CMMALRenderer::Process - debug vsync:2732475 queue:1 fps:23.98/23.98/59.94 inc:0.400000 diff:-0.600000
2020-09-24
19:53:46.759 T:1937461264   DEBUG: CMMALRenderer::RenderUpdate - MMAL: clear:0 flags:0 alpha:255 source:0 omvb:0x59f77f10 mmal:0x59cca328 mflags:0 skipping
2020-09-24
19:53:46.763 T:1395348352   DEBUG: CMMALPool::Configure pool:0x496510d0 1280x720 (1344x720) pix:-1 size:0 fmt:I42S
2020-09-24
19:53:46.764 T:1395348352   DEBUG: CAddonVideoCodec: GetPicture::VC_PICTURE with pts 4546208 1280x720 (1280x720) 1.777778 0x4b311000:1452864 offset:0,967680,968352, stride:1344,1344,1344
2020-09-24
19:53:46.776 T:1250947968   DEBUG: CMMALRenderer::Process - debug vsync:2732476 queue:1 fps:23.98/23.98/59.94 inc:0.400000 diff:-0.200000
2020-09-24
19:53:46.776 T:1937461264   DEBUG: CMMALRenderer::RenderUpdate - MMAL: clear:0 flags:0 alpha:255 source:0 omvb:0x59f77f10 mmal:0x59cca328 mflags:0 skipping
2020-09-24
19:53:46.791 T:1250947968   DEBUG: CMMALRenderer::Process - debug vsync:2732477 queue:1 fps:23.98/23.98/59.94 inc:0.400000 diff:0.200000
2020-09-24
19:53:46.792 T:1250947968   DEBUG: CMMALRenderer::Process - omvb:0x59f77f10 mmal:0x59cca328 vsync:2732477 queue:0 diff:-0.800000
2020-09-24
19:53:46.794 T:1937461264   DEBUG: CMMALRenderer::Update
2020-09-24
19:53:46.799 T:1927279488   DEBUG: CLibInputPointer::ProcessMotionAbsolute - event.type: 3, event.motion.x: 296, event.motion.y: 605
2020-09-24
19:53:46.799 T:1927279488   DEBUG: CLibInputPointer::ProcessMotionAbsolute - event.type: 3, event.motion.x: 330, event.motion.y: 600
2020-09-24
19:53:46.802 T:1937461264   DEBUG: CMMALRenderer::RenderUpdate - MMAL: clear:0 flags:0 alpha:255 source:1 omvb:0x59f137a0 mmal:0x59cca500 mflags:0 len:1451520 data:0xd3a enc:I42S
2020-09-24
19:53:46.806 T:1927279488   DEBUG: CLibInputPointer::ProcessMotionAbsolute - event.type: 3, event.motion.x: 368, event.motion.y: 595
2020-09-24
19:53:46.809 T:1250947968   DEBUG: CMMALRenderer::Process - debug vsync:2732478 queue:1 fps:23.98/23.98/59.94 inc:0.400000 diff:-0.400000
2020-09-24
19:53:46.809 T:1937461264   DEBUG: CMMALRenderer::RenderUpdate - MMAL: clear:0 flags:0 alpha:255 source:1 omvb:0x59f137a0 mmal:0x59cca500 mflags:0 skipping
2020-09-24
19:53:46.817 T:1927279488   DEBUG: CLibInputPointer::ProcessMotionAbsolute - event.type: 3, event.motion.x: 402, event.motion.y: 588
2020-09-24
19:53:46.825 T:1250947968   DEBUG: CMMALRenderer::Process - debug vsync:2732479 queue:1 fps:23.98/23.98/59.94 inc:0.400000 diff:0.000000
2020-09-24
19:53:46.825 T:1250947968   DEBUG: CMMALRenderer::Process - omvb:0x59f137a0 mmal:0x59cca500 vsync:2732479 queue:0 diff:-1.000000
2020-09-24
19:53:46.825 T:1937461264   DEBUG: CMMALRenderer::RenderUpdate - MMAL: clear:0 flags:0 alpha:255 source:2 omvb:0x4964de50 mmal:0x59cca6d8 mflags:0 len:1451520 data:0x10e6 enc:I42S
2020-09-24
19:53:46.828 T:1927279488   DEBUG: CLibInputPointer::ProcessMotionAbsolute - event.type: 3, event.motion.x: 440, event.motion.y: 580
2020-09-24
19:53:46.831 T:1395348352   DEBUG: CMMALPool::Configure pool:0x496510d0 1280x720 (1344x720) pix:-1 size:0 fmt:I42S
2020-09-24
19:53:46.831 T:1395348352   DEBUG: CAddonVideoCodec: GetPicture::VC_PICTURE with pts 4587916 1280x720 (1280x720) 1.777778 0x4b1ae000:1452864 offset:0,967680,968352, stride:1344,1344,1344
2020-09-24
19:53:46.839 T:1927279488   DEBUG: CLibInputPointer::ProcessMotionAbsolute - event.type: 3, event.motion.x: 478, event.motion.y: 575
2020-09-24
19:53:46.842 T:1250947968   DEBUG: CMMALRenderer::Process - debug vsync:2732480 queue:1 fps:23.98/23.98/59.94 inc:0.400000 diff:-0.600000
2020-09-24
19:53:46.842 T:1937461264   DEBUG: CMMALRenderer::RenderUpdate - MMAL: clear:0 flags:0 alpha:255 source:2 omvb:0x4964de50 mmal:0x59cca6d8 mflags:0 skipping
2020-09-24
19:53:46.850 T:1927279488   DEBUG: CLibInputPointer::ProcessMotionAbsolute - event.type: 3, event.motion.x: 508, event.motion.y: 570
2020-09-24
19:53:46.859 T:1250947968   DEBUG: CMMALRenderer::Process - debug vsync:2732481 queue:1 fps:23.98/23.98/59.94 inc:0.400000 diff:-0.200000
2020-09-24
19:53:46.860 T:1937461264   DEBUG: CMMALRenderer::RenderUpdate - MMAL: clear:0 flags:0 alpha:255 source:2 omvb:0x4964de50 mmal:0x59cca6d8 mflags:0 skipping
2020-09-24
19:53:46.863 T:1395348352   DEBUG: CMMALPool::Configure pool:0x496510d0 1280x720 (1344x720) pix:-1 size:0 fmt:I42S
2020-09-24
19:53:46.863 T:1395348352   DEBUG: CAddonVideoCodec: GetPicture::VC_PICTURE with pts 4629625 1280x720 (1280x720) 1.777778 0x4b04b000:1452864 offset:0,967680,968352, stride:1344,1344,1344
2020-09-24
19:53:46.875 T:1250947968   DEBUG: CMMALRenderer::Process - debug vsync:2732482 queue:1 fps:23.98/23.98/59.94 inc:0.400000 diff:0.200000
2020-09-24
19:53:46.875 T:1250947968   DEBUG: CMMALRenderer::Process - omvb:0x4964de50 mmal:0x59cca6d8 vsync:2732482 queue:0 diff:-0.800000
2020-09-24
19:53:46.875 T:1937461264   DEBUG: CMMALRenderer::RenderUpdate - MMAL: clear:0 flags:0 alpha:255 source:3 omvb:0x55e5e280 mmal:0x59cc78c0 mflags:0 len:1451520 data:0xc34 enc:I42S
2020-09-24
19:53:46.892 T:1250947968   DEBUG: CMMALRenderer::Process - debug vsync:2732483 queue:1 fps:23.98/23.98/59.94 inc:0.400000 diff:-0.400000
2020-09-24
19:53:46.892 T:1937461264   DEBUG: CMMALRenderer::RenderUpdate - MMAL: clear:0 flags:0 alpha:255 source:3 omvb:0x55e5e280 mmal:0x59cc78c0 mflags:0 skipping
2020-09-24
19:53:46.908 T:1250947968   DEBUG: CMMALRenderer::Process - debug vsync:2732484 queue:1 fps:23.98/23.98/59.94 inc:0.400000 diff:0.000000
2020-09-24
19:53:46.909 T:1250947968   DEBUG: CMMALRenderer::Process - omvb:0x55e5e280 mmal:0x59cc78c0 vsync:2732484 queue:0 diff:-1.000000
2020-09-24
19:53:46.913 T:1395348352   DEBUG: CMMALPool::Configure pool:0x496510d0 1280x720 (1344x720) pix:-1 size:0 fmt:I42S
2020-09-24
19:53:46.913 T:1395348352   DEBUG: CAddonVideoCodec: GetPicture::VC_PICTURE with pts 4671333 1280x720 (1280x720) 1.777778 0x4aad7000:1452864 offset:0,967680,968352, stride:1344,1344,1344
2020-09-24
19:53:46.915 T:1937461264   DEBUG: CMMALRenderer::Update
2020-09-24
19:53:46.922 T:1927279488   DEBUG: CLibInputPointer::ProcessMotionAbsolute - event.type: 3, event.motion.x: 599, event.motion.y: 549
2020-09-24
19:53:46.922 T:1927279488   DEBUG: CLibInputPointer::ProcessMotionAbsolute - event.type: 3, event.motion.x: 616, event.motion.y: 545
2020-09-24
19:53:46.924 T:1937461264   DEBUG: CMMALRenderer::RenderUpdate - MMAL: clear:0 flags:0 alpha:255 source:4 omvb:0x710ba120 mmal:0x59cc7a98 mflags:0 len:1451520 data:0x1515 enc:I42S
2020-09-24
19:53:46.925 T:1250947968   DEBUG: CMMALRenderer::Process - debug vsync:2732485 queue:1 fps:23.98/23.98/59.94 inc:0.400000 diff:-0.600000
2020-09-24
19:53:46.925 T:1937461264   DEBUG: CMMALRenderer::RenderUpdate - MMAL: clear:0 flags:0 alpha:255 source:4 omvb:0x710ba120 mmal:0x59cc7a98 mflags:0 skipping
2020-09-24
19:53:46.929 T:1927279488   DEBUG: CLibInputPointer::ProcessMotionAbsolute - event.type: 3, event.motion.x: 626, event.motion.y: 541
2020-09-24
19:53:46.940 T:1927279488   DEBUG: CLibInputPointer::ProcessMotionAbsolute - event.type: 3, event.motion.x: 635, event.motion.y: 538
2020-09-24
19:53:46.942 T:1250947968   DEBUG: CMMALRenderer::Process - debug vsync:2732486 queue:1 fps:23.98/23.98/59.94 inc:0.400000 diff:-0.200000
2020-09-24
19:53:46.942 T:1937461264   DEBUG: CMMALRenderer::RenderUpdate - MMAL: clear:0 flags:0 alpha:255 source:4 omvb:0x710ba120 mmal:0x59cc7a98 mflags:0 skipping
2020-09-24
19:53:46.945 T:1395348352   DEBUG: CMMALPool::Configure pool:0x496510d0 1280x720 (1344x720) pix:-1 size:0 fmt:I42S
2020-09-24
19:53:46.946 T:1395348352   DEBUG: CAddonVideoCodec: GetPicture::VC_PICTURE with pts 4713041 1280x720 (1280x720) 1.777778 0x4ad9d000:1452864 offset:0,967680,968352, stride:1344,1344,1344
2020-09-24
19:53:46.952 T:1927279488   DEBUG: CLibInputPointer::ProcessMotionAbsolute - event.type: 3, event.motion.x: 641, event.motion.y: 537
2020-09-24
19:53:46.959 T:1250947968   DEBUG: CMMALRenderer::Process - debug vsync:2732487 queue:1 fps:23.98/23.98/59.94 inc:0.400000 diff:0.200000
2020-09-24
19:53:46.960 T:1250947968   DEBUG: CMMALRenderer::Process - omvb:0x710ba120 mmal:0x59cc7a98 vsync:2732487 queue:0 diff:-0.800000
2020-09-24
19:53:46.960 T:1937461264   DEBUG: CMMALRenderer::RenderUpdate - MMAL: clear:0 flags:0 alpha:255 source:5 omvb:0x59f00b20 mmal:0x59cc7c70 mflags:0 len:1451520 data:0xd16 enc:I42S
2020-09-24
19:53:46.975 T:1250947968   DEBUG: CMMALRenderer::Process - debug vsync:2732488 queue:1 fps:23.98/23.98/59.94 inc:0.400000 diff:-0.400000
2020-09-24
19:53:46.976 T:1937461264   DEBUG: CMMALRenderer::RenderUpdate - MMAL: clear:0 flags:0 alpha:255 source:5 omvb:0x59f00b20 mmal:0x59cc7c70 mflags:0 skipping
2020-09-24
19:53:46.992 T:1250947968   DEBUG: CMMALRenderer::Process - debug vsync:2732489 queue:1 fps:23.98/23.98/59.94 inc:0.400000 diff:0.000000
2020-09-24
19:53:46.992 T:1250947968   DEBUG: CMMALRenderer::Process - omvb:0x59f00b20 mmal:0x59cc7c70 vsync:2732489 queue:0 diff:-1.000000
2020-09-24
19:53:46.992 T:1937461264   DEBUG: CMMALRenderer::RenderUpdate - MMAL: clear:0 flags:0 alpha:255 source:0 omvb:0x59c34480 mmal:0x59cc7e48 mflags:0 len:1451520 data:0xcf2 enc:I42S
2020-09-24
19:53:46.999 T:1395348352   DEBUG: CMMALPool::Configure pool:0x496510d0 1280x720 (1344x720) pix:-1 size:0 fmt:I42S
2020-09-24
19:53:46.999 T:1395348352   DEBUG: CAddonVideoCodec: GetPicture::VC_PICTURE with pts 4754750 1280x720 (1280x720) 1.777778 0x4ac3a000:1452864 offset:0,967680,968352, stride:1344,1344,1344
2020-09-24
19:53:47.009 T:1250947968   DEBUG: CMMALRenderer::Process - debug vsync:2732490 queue:1 fps:23.98/23.98/59.94 inc:0.400000 diff:-0.600000
2020-09-24
19:53:47.009 T:1937461264   DEBUG: CMMALRenderer::RenderUpdate - MMAL: clear:0 flags:0 alpha:255 source:0 omvb:0x59c34480 mmal:0x59cc7e48 mflags:0 skipping
2020-09-24
19:53:47.025 T:1250947968   DEBUG: CMMALRenderer::Process - debug vsync:2732491 queue:1 fps:23.98/23.98/59.94 inc:0.400000 diff:-0.200000
2020-09-24
19:53:47.027 T:1937461264   DEBUG: CMMALRenderer::Update
2020-09-24
19:53:47.037 T:1937461264   DEBUG: CMMALRenderer::RenderUpdate - MMAL: clear:0 flags:0 alpha:255 source:0 omvb:0x59c34480 mmal:0x59cc7e48 mflags:0 skipping
2020-09-24
19:53:47.042 T:1250947968   DEBUG: CMMALRenderer::Process - debug vsync:2732492 queue:1 fps:23.98/23.98/59.94 inc:0.400000 diff:0.200000
2020-09-24
19:53:47.043 T:1250947968   DEBUG: CMMALRenderer::Process - omvb:0x59c34480 mmal:0x59cc7e48 vsync:2732492 queue:0 diff:-0.800000
2020-09-24
19:53:47.043 T:1937461264   DEBUG: CMMALRenderer::RenderUpdate - MMAL: clear:0 flags:0 alpha:255 source:1 omvb:0x59c34238 mmal:0x59cc8020 mflags:0 len:1451520 data:0x151c enc:I42S
2020-09-24
19:53:47.049 T:1927279488   DEBUG: CLibInputPointer::ProcessMotionAbsolute - event.type: 3, event.motion.x: 673, event.motion.y: 528
2020-09-24
19:53:47.053 T:1927279488   DEBUG: CLibInputPointer::ProcessMotionAbsolute - event.type: 3, event.motion.x: 676, event.motion.y: 528
2020-09-24
19:53:47.059 T:1250947968   DEBUG: CMMALRenderer::Process - debug vsync:2732493 queue:1 fps:23.98/23.98/59.94 inc:0.400000 diff:-0.400000
2020-09-24
19:53:47.059 T:1937461264   DEBUG: CMMALRenderer::RenderUpdate - MMAL: clear:0 flags:0 alpha:255 source:1 omvb:0x59c34238 mmal:0x59cc8020 mflags:0 skipping
2020-09-24
19:53:47.067 T:1395348352   DEBUG: CMMALPool::Configure pool:0x496510d0 1280x720 (1344x720) pix:-1 size:0 fmt:I42S
2020-09-24
19:53:47.067 T:1395348352   DEBUG: CAddonVideoCodec: GetPicture::VC_PICTURE with pts 4796458 1280x720 (1280x720) 1.777778 0x53a17000:1452864 offset:0,967680,968352, stride:1344,1344,1344
2020-09-24
19:53:47.074 T:1395348352   DEBUG: CMMALPool::Configure pool:0x496510d0 1280x720 (1344x720) pix:-1 size:0 fmt:I42S
2020-09-24
19:53:47.074 T:1395348352   DEBUG: CAddonVideoCodec: GetPicture::VC_PICTURE with pts 4838166 1280x720 (1280x720) 1.777778 0x4bf96000:1452864 offset:0,967680,968352, stride:1344,1344,1344
2020-09-24
19:53:47.075 T:1250947968   DEBUG: CMMALRenderer::Process - debug vsync:2732494 queue:1 fps:23.98/23.98/59.94 inc:0.400000 diff:0.000000
2020-09-24
19:53:47.075 T:1250947968   DEBUG: CMMALRenderer::Process - omvb:0x59c34238 mmal:0x59cc8020 vsync:2732494 queue:0 diff:-1.000000
2020-09-24
19:53:47.075 T:1937461264   DEBUG: CMMALRenderer::RenderUpdate - MMAL: clear:0 flags:0 alpha:255 source:2 omvb:0x59fdd288 mmal:0x59cc81f8 mflags:0 len:1451520 data:0x151d enc:I42S
2020-09-24
19:53:47.092 T:1250947968   DEBUG: CMMALRenderer::Process - debug vsync:2732495 queue:1 fps:23.98/23.98/59.94 inc:0.400000 diff:-0.600000
2020-09-24
19:53:47.092 T:1937461264   DEBUG: CMMALRenderer::RenderUpdate - MMAL: clear:0 flags:0 alpha:255 source:2 omvb:0x59fdd288 mmal:0x59cc81f8 mflags:0 skipping
2020-09-24
19:53:47.096 T:1395348352   DEBUG: CMMALPool::Configure pool:0x496510d0 1280x720 (1344x720) pix:-1 size:0 fmt:I42S
2020-09-24
19:53:47.097 T:1395348352   DEBUG: CAddonVideoCodec: GetPicture::VC_PICTURE with pts 4879874 1280x720 (1280x720) 1.777778 0x4be33000:1452864 offset:0,967680,968352, stride:1344,1344,1344
2020-09-24
19:53:47.108 T:1250947968   DEBUG: CMMALRenderer::Process - debug vsync:2732496 queue:1 fps:23.98/23.98/59.94 inc:0.400000 diff:-0.200000
2020-09-24
19:53:47.109 T:1937461264   DEBUG: CMMALRenderer::RenderUpdate - MMAL: clear:0 flags:0 alpha:255 source:2 omvb:0x59fdd288 mmal:0x59cc81f8 mflags:0 skipping
2020-09-24
19:53:47.125 T:1250947968   DEBUG: CMMALRenderer::Process - debug vsync:2732497 queue:1 fps:23.98/23.98/59.94 inc:0.400000 diff:0.200000
2020-09-24
19:53:47.125 T:1250947968   DEBUG: CMMALRenderer::Process - omvb:0x59fdd288 mmal:0x59cc81f8 vsync:2732497 queue:0 diff:-0.800000
2020-09-24
19:53:47.125 T:1937461264   DEBUG: CMMALRenderer::RenderUpdate - MMAL: clear:0 flags:0 alpha:255 source:3 omvb:0x59f6d630 mmal:0x59cc83d0 mflags:0 len:1451520 data:0xe3a enc:I42S
2020-09-24
19:53:47.142 T:1250947968   DEBUG: CMMALRenderer::Process - debug vsync:2732498 queue:1 fps:23.98/23.98/59.94 inc:0.400000 diff:-0.400000
2020-09-24
19:53:47.144 T:1937461264   DEBUG: CMMALRenderer::Update
2020-09-24
19:53:47.147 T:1395348352   DEBUG: CMMALPool::Configure pool:0x496510d0 1280x720 (1344x720) pix:-1 size:0 fmt:I42S
2020-09-24
19:53:47.148 T:1395348352   DEBUG: CAddonVideoCodec: GetPicture::VC_PICTURE with pts 4921583 1280x720 (1280x720) 1.777778 0x4b89d000:1452864 offset:0,967680,968352, stride:1344,1344,1344
2020-09-24
19:53:47.150 T:1937461264   DEBUG: CMMALRenderer::RenderUpdate - MMAL: clear:0 flags:0 alpha:255 source:3 omvb:0x59f6d630 mmal:0x59cc83d0 mflags:0 skipping
2020-09-24
19:53:47.159 T:1250947968   DEBUG: CMMALRenderer::Process - debug vsync:2732499 queue:1 fps:23.98/23.98/59.94 inc:0.400000 diff:0.000000
2020-09-24
