19:53:41.528 T:1937461264   DEBUG: EGL set HDMI mode (2,39)=0 off
2020-09-24
19:53:41.671 T:1849684864   DEBUG: EGL tv_service_callback (8,2,39)
2020-09-24
19:53:41.671 T:1937461264   DEBUG: EGL set resolution 1360x768 -> 1360x768 @ 59.94 fps (2,39) flags:27020004 aspect:1.00
2020-09-24
19:53:41.687 T:1937461264  NOTICE: VideoPlayer: OnResetDisplay received
2020-09-24
19:53:41.688 T:1937461264 WARNING: CDVDMessageQueue(audio)::Put MSGQ_NOT_INITIALIZED
2020-09-24
19:53:41.688 T:1937461264 WARNING: CDVDMessageQueue(video)::Put MSGQ_NOT_INITIALIZED
2020-09-24
19:53:41.693 T:1937461264    INFO: GLES: Maximum texture width: 2048
2020-09-24
19:53:41.706 T:1386955648  NOTICE: Creating video codec with codec id: 27
2020-09-24
19:53:41.706 T:1386955648    INFO: AddOnLog: InputStream Adaptive: VideoCodec::Open
2020-09-24
19:53:41.716 T:1386955648   DEBUG: AddOnLog: InputStream Adaptive: WVDecoder initialization returned status 0
2020-09-24
19:53:41.717 T:1386955648   DEBUG: CVideoPlayerVideo::OpenStream - open stream with codec id: 27
2020-09-24
19:53:41.719 T:1386955648   DEBUG: CMMALPool::CMMALPool Created pool 0x496510d0 of size 26 x 0 for port vc.ril.video_decode:out:0(I420)
2020-09-24
19:53:41.719 T:1386955648   DEBUG: CMMALPool::~CMMALPool Destroying pool 0x29d1500 for port vc.ril.video_decode:out:0(I420)
2020-09-24
19:53:41.719 T:1386955648  NOTICE: Creating video thread
2020-09-24
19:53:41.720 T:1395348352   DEBUG: Thread VideoPlayerVideo start, auto delete: false
2020-09-24
19:53:41.720 T:1395348352  NOTICE: running thread: video_thread
2020-09-24
19:53:41.720 T:1395348352   DEBUG: CVideoPlayerVideo - CDVDMsg::GENERAL_PAUSE: 0
2020-09-24
19:53:41.721 T:1386955648  NOTICE: Opening stream: 1006 source: 256
2020-09-24
19:53:41.721 T:1386955648   DEBUG: AddOnLog: InputStream Adaptive: OpenStream(1006)
2020-09-24
19:53:41.721 T:1386955648   DEBUG: AddOnLog: InputStream Adaptive: Selecting stream with conditions: w: 0, h: 0, bw: 4124698
2020-09-24
19:53:41.722 T:1386955648   DEBUG: CurlFile::ParseAndCorrectUrl() adding custom header option 'Range: bytes=0-40316'
2020-09-24
19:53:41.722 T:1386955648   DEBUG: CurlFile::ParseAndCorrectUrl() adding custom header option 'connection: keep-alive'
2020-09-24
19:53:41.722 T:1386955648   DEBUG: CurlFile::Open(0x55e12a20) https://ipv4-c001-pmi001-conectabalear-isp.1.oca.nflxvideo.net/?o=AQMl7uxkT_CKXzx825KECO9vMFQMxsIu1ZjjtPOhXUsbofG-o3s0DUiTwS54yrxg0dUCzmP7duoO4hLYhhq3fwbb3V1R40D42vkKd-YMeFA5RiCtcGT0rWoosBC8o69sdW-Tu9fRJzO-yQRxvqiilF__sg8usDnG0zFE3g&v=5&e=1601010902&t=dNbMj-dXfvL9S_eDTO7hsb5lpYM
2020-09-24
19:53:41.722 T:1386955648    INFO: easy_acquire - Created session to https://ipv4-c001-pmi001-conectabalear-isp.1.oca.nflxvideo.net
2020-09-24
19:53:41.802 T:1386955648   DEBUG: AddOnLog: InputStream Adaptive: Download https://ipv4-c001-pmi001-conectabalear-isp.1.oca.nflxvideo.net/?o=AQMl7uxkT_CKXzx825KECO9vMFQMxsIu1ZjjtPOhXUsbofG-o3s0DUiTwS54yrxg0dUCzmP7duoO4hLYhhq3fwbb3V1R40D42vkKd-YMeFA5RiCtcGT0rWoosBC8o69sdW-Tu9fRJzO-yQRxvqiilF__sg8usDnG0zFE3g&v=5&e=1601010902&t=dNbMj-dXfvL9S_eDTO7hsb5lpYM finished, avg speed: 4789864.29byte/s, current speed: 516884.00byte/s
2020-09-24
19:53:41.802 T:1386955648   DEBUG: AddOnLog: InputStream Adaptive: Build segments from SIDX atom...
2020-09-24
19:53:41.805 T:1386955648   DEBUG: CurlFile::ParseAndCorrectUrl() adding custom header option 'Range: bytes=0-902'
2020-09-24
19:53:41.805 T:1386955648   DEBUG: CurlFile::ParseAndCorrectUrl() adding custom header option 'connection: keep-alive'
2020-09-24
19:53:41.805 T:1386955648   DEBUG: CurlFile::Open(0x55e12a20) https://ipv4-c001-pmi001-conectabalear-isp.1.oca.nflxvideo.net/?o=AQMl7uxkT_CKXzx825KECO9vMFQMxsIu1ZjjtPOhXUsbofG-o3s0DUiTwS54yrxg0dUCzmP7duoO4hLYhhq3fwbb3V1R40D42vkKd-YMeFA5RiCtcGT0rWoosBC8o69sdW-Tu9fRJzO-yQRxvqiilF__sg8usDnG0zFE3g&v=5&e=1601010902&t=dNbMj-dXfvL9S_eDTO7hsb5lpYM
2020-09-24
19:53:41.821 T:1386955648   DEBUG: AddOnLog: InputStream Adaptive: Download https://ipv4-c001-pmi001-conectabalear-isp.1.oca.nflxvideo.net/?o=AQMl7uxkT_CKXzx825KECO9vMFQMxsIu1ZjjtPOhXUsbofG-o3s0DUiTwS54yrxg0dUCzmP7duoO4hLYhhq3fwbb3V1R40D42vkKd-YMeFA5RiCtcGT0rWoosBC8o69sdW-Tu9fRJzO-yQRxvqiilF__sg8usDnG0zFE3g&v=5&e=1601010902&t=dNbMj-dXfvL9S_eDTO7hsb5lpYM finished, avg speed: 4785791.25byte/s, current speed: 60200.00byte/s
2020-09-24
19:53:41.822 T:1386955648   DEBUG: AddOnLog: InputStream Adaptive: UpdateSampleDescription: codec 1836069985
2020-09-24
19:53:41.822 T:1386955648   DEBUG: AddOnLog: InputStream Adaptive: GetStream(1006)
2020-09-24
19:53:41.822 T:1386955648   DEBUG: CDVDDemuxClient::RequestStream(): added/updated stream 1006 with codec_id 86018
2020-09-24
19:53:41.822 T:1386955648  NOTICE: Finding audio codec for: 86018
2020-09-24
19:53:41.824 T:1386955648  NOTICE: CDVDAudioCodecFFmpeg::Open() Successful opened audio decoder aac
2020-09-24
19:53:41.825 T:1386955648  NOTICE: Creating audio thread
2020-09-24
19:53:41.825 T:1304425344   DEBUG: Thread VideoPlayerAudio start, auto delete: false
2020-09-24
19:53:41.825 T:1304425344  NOTICE: running thread: CVideoPlayerAudio::Process()
2020-09-24
19:53:41.825 T:1304425344   DEBUG: CVideoPlayerAudio - CDVDMsg::GENERAL_PAUSE: 0
2020-09-24
19:53:41.826 T:1386955648  NOTICE: Opening stream: 1011 source: 256
2020-09-24
19:53:41.826 T:1386955648   DEBUG: AddOnLog: InputStream Adaptive: OpenStream(1011)
2020-09-24
19:53:41.827 T:1386955648   DEBUG: AddOnLog: InputStream Adaptive: Selecting stream with conditions: w: 0, h: 0, bw: 4124698
2020-09-24
19:53:41.827 T:1386955648   DEBUG: CFileCache::Open - opening <> using cache
2020-09-24
19:53:41.828 T:1386955648   DEBUG: CurlFile::Open(0x5a662500) https://ipv4-c071-mad001-ix.1.oca.nflxvideo.net/?o=AQMl7uxkT_CKXzx_0JGEDuxkMFMM2cU3i8S97OX0FRgTo_-2om12VBaRxCd81qQrh5gJ1iffbtJXhTjEqwneFizZ7H5lhyDSk74SKOBZahVpZB2hNDDqgA4t8zLbvMcPNnjctsCKIkPkojsaj-echUTpohQn6yiH3w&v=5&e=1601010902&t=9p4Fmm9gYT14qBUUfR2CvacXS2s
2020-09-24
19:53:41.828 T:1386955648    INFO: easy_acquire - Created session to https://ipv4-c071-mad001-ix.1.oca.nflxvideo.net
2020-09-24
19:53:41.983 T:1287639936   DEBUG: Thread FileCache start, auto delete: false
2020-09-24
19:53:42.007 T:1287639936    INFO: CFileCache::Process - Source read didn't return any data! Hit eof(?)
2020-09-24
19:53:42.057 T:1287639936   DEBUG: Thread FileCache 1287639936 terminating
2020-09-24
19:53:42.075 T:1386955648   DEBUG: AddOnLog: InputStream Adaptive: GetStream(1011)
2020-09-24
19:53:42.076 T:1386955648   DEBUG: CVideoPlayer::SetCaching - caching state 2
2020-09-24
19:53:42.076 T:1386955648   DEBUG: CDVDClock::SetSpeedAdjust - adjusted:0.000000
2020-09-24
19:53:42.076 T:1386955648   DEBUG: CVideoPlayer::HandleMessages - player 2 reported state: 0
2020-09-24
19:53:42.076 T:1386955648   DEBUG: CVideoPlayer::HandleMessages - player 1 reported state: 0
2020-09-24
19:53:42.077 T:1435480960   DEBUG: OnAVChange: CApplication::OnAVChange
2020-09-24
19:53:42.079 T:1304425344   DEBUG: CDVDAudio::Pause - pausing audio stream
2020-09-24
19:53:42.081 T:1370170240   DEBUG: CurlFile::ParseAndCorrectUrl() adding custom header option 'Range: bytes=38198-102144'
2020-09-24
19:53:42.081 T:1370170240   DEBUG: CurlFile::ParseAndCorrectUrl() adding custom header option 'connection: keep-alive'
2020-09-24
19:53:42.081 T:1370170240   DEBUG: CurlFile::Open(0x6fe8e038) https://ipv4-c042-mad001-ix.1.oca.nflxvideo.net/?o=AQMl7uxkT_CKXzx43ZGGDu5uOlYQgdgw2dG_6qu3CANIqfOwq3oiTxHNwytxzqB4moNPxXu_UvI2u3XymjekFm_x32xy1ySY8LBNb7kKLUJ8FgKQfCCgs0dMtVOexLAEFiyE9NvSKCXu0jt_vvKsmiH-4lQo62_ZyH9B2Eh0&v=5&e=1601010902&t=X3jJFFfmDhGb04Kq-9LQiH3_3O8
2020-09-24
19:53:42.099 T:1319814016   DEBUG: CurlFile::ParseAndCorrectUrl() adding custom header option 'Range: bytes=73799-106847'
2020-09-24
19:53:42.099 T:1319814016   DEBUG: CurlFile::ParseAndCorrectUrl() adding custom header option 'connection: keep-alive'
2020-09-24
19:53:42.099 T:1319814016   DEBUG: CurlFile::Open(0x49628640) https://ipv4-c001-pmi001-conectabalear-isp.1.oca.nflxvideo.net/?o=AQMl7uxkT_CKXzx825KECO9vMFQMxsIu1ZjjtPOhXUsbofG-o3s0DUiTwS54yrxg0dUCzmP7duoO4hLYhhq3fwbb3V1R40D42vkKd-YMeFA5RiCtcGT0rWoosBC8o69sdW-Tu9fRJzO-yQRxvqiilF__sg8usDnG0zFE3g&v=5&e=1601010902&t=dNbMj-dXfvL9S_eDTO7hsb5lpYM
2020-09-24
19:53:42.108 T:1370170240   DEBUG: AddOnLog: InputStream Adaptive: Download https://ipv4-c042-mad001-ix.1.oca.nflxvideo.net/?o=AQMl7uxkT_CKXzx43ZGGDu5uOlYQgdgw2dG_6qu3CANIqfOwq3oiTxHNwytxzqB4moNPxXu_UvI2u3XymjekFm_x32xy1ySY8LBNb7kKLUJ8FgKQfCCgs0dMtVOexLAEFiyE9NvSKCXu0jt_vvKsmiH-4lQo62_ZyH9B2Eh0&v=5&e=1601010902&t=X3jJFFfmDhGb04Kq-9LQiH3_3O8 finished, avg speed: 4643923.28byte/s, current speed: 2459500.00byte/s
2020-09-24
19:53:42.124 T:1319814016   DEBUG: AddOnLog: InputStream Adaptive: Download https://ipv4-c001-pmi001-conectabalear-isp.1.oca.nflxvideo.net/?o=AQMl7uxkT_CKXzx825KECO9vMFQMxsIu1ZjjtPOhXUsbofG-o3s0DUiTwS54yrxg0dUCzmP7duoO4hLYhhq3fwbb3V1R40D42vkKd-YMeFA5RiCtcGT0rWoosBC8o69sdW-Tu9fRJzO-yQRxvqiilF__sg8usDnG0zFE3g&v=5&e=1601010902&t=dNbMj-dXfvL9S_eDTO7hsb5lpYM finished, avg speed: 4540957.75byte/s, current speed: 1377041.00byte/s
2020-09-24
19:53:42.126 T:1386955648   DEBUG: CVideoPlayer::SetCaching - caching state 1
2020-09-24
19:53:42.126 T:1395348352    INFO: CVideoPlayerVideo - Stillframe left, switching to normal playback
2020-09-24
19:53:42.126 T:1386955648   DEBUG: CDVDClock::SetSpeedAdjust - adjusted:0.000000
2020-09-24
19:53:42.126 T:1395348352   DEBUG: CVideoPlayerVideo::CalcDropRequirement - hurry: 0
2020-09-24
19:53:42.128 T:1395348352   DEBUG: AddOnLog: InputStream Adaptive: Sessionkey:0000000005636B360000000000000000 status: 0 syscode: 0
2020-09-24
19:53:42.128 T:1395348352   DEBUG: AddOnLog: InputStream Adaptive: CDMMessage: 3 arrived!
2020-09-24
19:53:42.128 T:1395348352   DEBUG: AddOnLog: InputStream Adaptive: Sessionkey:0000000005636B380000000000000000 status: 0 syscode: 0
2020-09-24
19:53:42.128 T:1395348352   DEBUG: AddOnLog: InputStream Adaptive: CDMMessage: 3 arrived!
2020-09-24
19:53:42.128 T:1395348352   DEBUG: AddOnLog: InputStream Adaptive: Sessionkey:0000000005636B3A0000000000000000 status: 0 syscode: 0
2020-09-24
19:53:42.128 T:1395348352   DEBUG: AddOnLog: InputStream Adaptive: CDMMessage: 3 arrived!
2020-09-24
19:53:42.129 T:1395348352   DEBUG: AddOnLog: InputStream Adaptive: Sessionkey:0000000005636B3B0000000000000000 status: 0 syscode: 0
2020-09-24
19:53:42.129 T:1395348352   DEBUG: AddOnLog: InputStream Adaptive: CDMMessage: 3 arrived!
2020-09-24
19:53:42.129 T:1304425344   DEBUG: CDVDAudio::Pause - pausing audio stream
2020-09-24
19:53:42.129 T:1395348352   DEBUG: CVideoPlayerVideo::CalcDropRequirement - hurry: 0
2020-09-24
19:53:42.130 T:1319814016   DEBUG: CurlFile::ParseAndCorrectUrl() adding custom header option 'Range: bytes=106848-139630'
2020-09-24
19:53:42.130 T:1319814016   DEBUG: CurlFile::ParseAndCorrectUrl() adding custom header option 'connection: keep-alive'
2020-09-24
19:53:42.130 T:1319814016   DEBUG: CurlFile::Open(0x49628640) https://ipv4-c001-pmi001-conectabalear-isp.1.oca.nflxvideo.net/?o=AQMl7uxkT_CKXzx825KECO9vMFQMxsIu1ZjjtPOhXUsbofG-o3s0DUiTwS54yrxg0dUCzmP7duoO4hLYhhq3fwbb3V1R40D42vkKd-YMeFA5RiCtcGT0rWoosBC8o69sdW-Tu9fRJzO-yQRxvqiilF__sg8usDnG0zFE3g&v=5&e=1601010902&t=dNbMj-dXfvL9S_eDTO7hsb5lpYM
2020-09-24
19:53:42.131 T:1304425344   DEBUG: CVideoPlayerAudio: stream props changed, checking for passthrough
2020-09-24
19:53:42.136 T:1304425344  NOTICE: CDVDAudioCodecFFmpeg::Open() Successful opened audio decoder aac
2020-09-24
19:53:42.137 T:1395348352   DEBUG: CVideoPlayerVideo::CalcDropRequirement - hurry: 0
2020-09-24
19:53:42.137 T:1304425344  NOTICE: Creating audio stream (codec id: 86018, channels: 2, sample rate: 48000, no pass-through)
2020-09-24
19:53:42.137 T:1304425344   DEBUG: CVideoPlayerAudio:: synctype set to 0: clock feedback
2020-09-24
19:53:42.147 T:1395348352   DEBUG: CVideoPlayerVideo::CalcDropRequirement - hurry: 0
2020-09-24
19:53:42.150 T:1319814016   DEBUG: AddOnLog: InputStream Adaptive: Download https://ipv4-c001-pmi001-conectabalear-isp.1.oca.nflxvideo.net/?o=AQMl7uxkT_CKXzx825KECO9vMFQMxsIu1ZjjtPOhXUsbofG-o3s0DUiTwS54yrxg0dUCzmP7duoO4hLYhhq3fwbb3V1R40D42vkKd-YMeFA5RiCtcGT0rWoosBC8o69sdW-Tu9fRJzO-yQRxvqiilF__sg8usDnG0zFE3g&v=5&e=1601010902&t=dNbMj-dXfvL9S_eDTO7hsb5lpYM finished, avg speed: 4455928.82byte/s, current speed: 1821277.00byte/s
2020-09-24
19:53:42.153 T:1395348352   DEBUG: CVideoPlayerVideo::CalcDropRequirement - hurry: 0
2020-09-24
19:53:42.159 T:1906307968   DEBUG: Previous line repeats 1 times.
2020-09-24
19:53:42.159 T:1906307968    INFO: CActiveAESink::OpenSink - initialize sink
2020-09-24
19:53:42.160 T:1395348352   DEBUG: CVideoPlayerVideo::CalcDropRequirement - hurry: 0
2020-09-24
19:53:42.162 T:1395348352   DEBUG: CMMALPool::Configure pool:0x496510d0 0x0 (0x0) pix:0 size:1452864 fmt:I420
2020-09-24
19:53:42.165 T:1370170240   DEBUG: CurlFile::ParseAndCorrectUrl() adding custom header option 'Range: bytes=102145-305543'
2020-09-24
19:53:42.165 T:1370170240   DEBUG: CurlFile::ParseAndCorrectUrl() adding custom header option 'connection: keep-alive'
2020-09-24
19:53:42.165 T:1370170240   DEBUG: CurlFile::Open(0x6fe8e038) https://ipv4-c042-mad001-ix.1.oca.nflxvideo.net/?o=AQMl7uxkT_CKXzx43ZGGDu5uOlYQgdgw2dG_6qu3CANIqfOwq3oiTxHNwytxzqB4moNPxXu_UvI2u3XymjekFm_x32xy1ySY8LBNb7kKLUJ8FgKQfCCgs0dMtVOexLAEFiyE9NvSKCXu0jt_vvKsmiH-4lQo62_ZyH9B2Eh0&v=5&e=1601010902&t=X3jJFFfmDhGb04Kq-9LQiH3_3O8
2020-09-24
19:53:42.171 T:1395348352   DEBUG: CVideoPlayerVideo::CalcDropRequirement - hurry: 0
2020-09-24
19:53:42.198 T:1319814016   DEBUG: Previous line repeats 2 times.
2020-09-24
19:53:42.198 T:1319814016   DEBUG: CurlFile::ParseAndCorrectUrl() adding custom header option 'Range: bytes=139631-172222'
2020-09-24
19:53:42.198 T:1319814016   DEBUG: CurlFile::ParseAndCorrectUrl() adding custom header option 'connection: keep-alive'
2020-09-24
19:53:42.198 T:1319814016   DEBUG: CurlFile::Open(0x49628640) https://ipv4-c001-pmi001-conectabalear-isp.1.oca.nflxvideo.net/?o=AQMl7uxkT_CKXzx825KECO9vMFQMxsIu1ZjjtPOhXUsbofG-o3s0DUiTwS54yrxg0dUCzmP7duoO4hLYhhq3fwbb3V1R40D42vkKd-YMeFA5RiCtcGT0rWoosBC8o69sdW-Tu9fRJzO-yQRxvqiilF__sg8usDnG0zFE3g&v=5&e=1601010902&t=dNbMj-dXfvL9S_eDTO7hsb5lpYM
2020-09-24
19:53:42.201 T:1370170240   DEBUG: AddOnLog: InputStream Adaptive: Download https://ipv4-c042-mad001-ix.1.oca.nflxvideo.net/?o=AQMl7uxkT_CKXzx43ZGGDu5uOlYQgdgw2dG_6qu3CANIqfOwq3oiTxHNwytxzqB4moNPxXu_UvI2u3XymjekFm_x32xy1ySY8LBNb7kKLUJ8FgKQfCCgs0dMtVOexLAEFiyE9NvSKCXu0jt_vvKsmiH-4lQo62_ZyH9B2Eh0&v=5&e=1601010902&t=X3jJFFfmDhGb04Kq-9LQiH3_3O8 finished, avg speed: 4752013.27byte/s, current speed: 5982323.00byte/s
2020-09-24
19:53:42.205 T:1319814016   DEBUG: AddOnLog: InputStream Adaptive: Download https://ipv4-c001-pmi001-conectabalear-isp.1.oca.nflxvideo.net/?o=AQMl7uxkT_CKXzx825KECO9vMFQMxsIu1ZjjtPOhXUsbofG-o3s0DUiTwS54yrxg0dUCzmP7duoO4hLYhhq3fwbb3V1R40D42vkKd-YMeFA5RiCtcGT0rWoosBC8o69sdW-Tu9fRJzO-yQRxvqiilF__sg8usDnG0zFE3g&v=5&e=1601010902&t=dNbMj-dXfvL9S_eDTO7hsb5lpYM finished, avg speed: 4773148.72byte/s, current speed: 5432000.00byte/s
2020-09-24
19:53:42.218 T:1395348352   DEBUG: CVideoPlayerVideo::CalcDropRequirement - hurry: 0
2020-09-24
19:53:42.222 T:1319814016   DEBUG: CurlFile::ParseAndCorrectUrl() adding custom header option 'Range: bytes=172223-205031'
2020-09-24
19:53:42.222 T:1319814016   DEBUG: CurlFile::ParseAndCorrectUrl() adding custom header option 'connection: keep-alive'
2020-09-24
19:53:42.223 T:1319814016   DEBUG: CurlFile::Open(0x49628640) https://ipv4-c001-pmi001-conectabalear-isp.1.oca.nflxvideo.net/?o=AQMl7uxkT_CKXzx825KECO9vMFQMxsIu1ZjjtPOhXUsbofG-o3s0DUiTwS54yrxg0dUCzmP7duoO4hLYhhq3fwbb3V1R40D42vkKd-YMeFA5RiCtcGT0rWoosBC8o69sdW-Tu9fRJzO-yQRxvqiilF__sg8usDnG0zFE3g&v=5&e=1601010902&t=dNbMj-dXfvL9S_eDTO7hsb5lpYM
2020-09-24
19:53:42.233 T:1319814016   DEBUG: AddOnLog: InputStream Adaptive: Download https://ipv4-c001-pmi001-conectabalear-isp.1.oca.nflxvideo.net/?o=AQMl7uxkT_CKXzx825KECO9vMFQMxsIu1ZjjtPOhXUsbofG-o3s0DUiTwS54yrxg0dUCzmP7duoO4hLYhhq3fwbb3V1R40D42vkKd-YMeFA5RiCtcGT0rWoosBC8o69sdW-Tu9fRJzO-yQRxvqiilF__sg8usDnG0zFE3g&v=5&e=1601010902&t=dNbMj-dXfvL9S_eDTO7hsb5lpYM finished, avg speed: 4752121.70byte/s, current speed: 4101125.00byte/s
2020-09-24
19:53:42.234 T:1395348352   DEBUG: CVideoPlayerVideo::CalcDropRequirement - hurry: 0
2020-09-24
19:53:42.250 T:1319814016   DEBUG: Previous line repeats 1 times.
2020-09-24
19:53:42.250 T:1319814016   DEBUG: CurlFile::ParseAndCorrectUrl() adding custom header option 'Range: bytes=205032-237839'
2020-09-24
19:53:42.250 T:1319814016   DEBUG: CurlFile::ParseAndCorrectUrl() adding custom header option 'connection: keep-alive'
2020-09-24
19:53:42.250 T:1319814016   DEBUG: CurlFile::Open(0x49628640) https://ipv4-c001-pmi001-conectabalear-isp.1.oca.nflxvideo.net/?o=AQMl7uxkT_CKXzx825KECO9vMFQMxsIu1ZjjtPOhXUsbofG-o3s0DUiTwS54yrxg0dUCzmP7duoO4hLYhhq3fwbb3V1R40D42vkKd-YMeFA5RiCtcGT0rWoosBC8o69sdW-Tu9fRJzO-yQRxvqiilF__sg8usDnG0zFE3g&v=5&e=1601010902&t=dNbMj-dXfvL9S_eDTO7hsb5lpYM
2020-09-24
19:53:42.259 T:1386955648   DEBUG: CVideoPlayer::SetCaching - caching state 2
2020-09-24
19:53:42.259 T:1906307968   DEBUG: CAESinkPi:Drain delay:99ms now:0ms
2020-09-24
19:53:42.259 T:1386955648   DEBUG: CDVDClock::SetSpeedAdjust - adjusted:0.000000
2020-09-24
19:53:42.259 T:1906307968   DEBUG: CAESinkPi:Deinitialize
2020-09-24
19:53:42.259 T:1319814016   DEBUG: AddOnLog: InputStream Adaptive: Download https://ipv4-c001-pmi001-conectabalear-isp.1.oca.nflxvideo.net/?o=AQMl7uxkT_CKXzx825KECO9vMFQMxsIu1ZjjtPOhXUsbofG-o3s0DUiTwS54yrxg0dUCzmP7duoO4hLYhhq3fwbb3V1R40D42vkKd-YMeFA5RiCtcGT0rWoosBC8o69sdW-Tu9fRJzO-yQRxvqiilF__sg8usDnG0zFE3g&v=5&e=1601010902&t=dNbMj-dXfvL9S_eDTO7hsb5lpYM finished, avg speed: 4750079.69byte/s, current speed: 4686857.00byte/s
2020-09-24
19:53:42.260 T:1906307968   DEBUG: CAESinkPi:SetAudioProps hdmi_stream_channels 0 hdmi_channel_map 00000000
2020-09-24
19:53:42.274 T:1906307968   DEBUG: COMXCoreComponent::Deinitialize : OMX.broadcom.audio_splitter handle 0x6fe0d038
2020-09-24
19:53:42.276 T:1906307968   DEBUG: COMXCoreComponent::Deinitialize : OMX.broadcom.audio_render handle 0x6fe01ca8
2020-09-24
19:53:42.289 T:1906307968   DEBUG: COMXCoreComponent::Deinitialize : OMX.broadcom.audio_render handle 0x6fe030c0
2020-09-24
19:53:42.290 T:1906307968   DEBUG: CActiveAESink::OpenSink - trying to open device PI:Both
2020-09-24
19:53:42.291 T:1906307968   DEBUG: CAESinkPi:Initialize Format:24 Channels:2 Samplerate:48000 framesize:8 bufsize:19200 bytes/s=384000.00 dest=PI:Both
2020-09-24
19:53:42.291 T:1906307968   DEBUG: CAESinkPi:SetAudioProps hdmi_stream_channels 0 hdmi_channel_map 00000008
2020-09-24
19:53:42.293 T:1906307968   DEBUG: COMXCoreComponent::Initialize OMX.broadcom.audio_render input port 100 output port 100 m_handle 0x6ef1e910
2020-09-24
19:53:42.295 T:1906307968   DEBUG: COMXCoreComponent::Initialize OMX.broadcom.audio_splitter input port 261 output port 262 m_handle 0x60228988
2020-09-24
19:53:42.297 T:1906307968   DEBUG: COMXCoreComponent::Initialize OMX.broadcom.audio_render input port 100 output port 100 m_handle 0x6efcb810
2020-09-24
19:53:42.298 T:1906307968   DEBUG: COMXCoreComponent::AllocInputBuffers component(OMX.broadcom.audio_splitter) - port(261), nBufferCountMin(2), nBufferCountActual(2), nBufferSize(19200), nBufferAlignment(32)
2020-09-24
19:53:42.305 T:1906307968   DEBUG: CActiveAESink::OpenSink - SinkPi Initialized:
2020-09-24
19:53:42.305 T:1906307968   DEBUG:   Output Device : HDMI and Analogue
2020-09-24
19:53:42.306 T:1906307968   DEBUG:   Sample Rate   : 48000
2020-09-24
19:53:42.306 T:1906307968   DEBUG:   Sample Format : AE_FMT_FLOATP
2020-09-24
19:53:42.306 T:1906307968   DEBUG:   Channel Count : 2
2020-09-24
19:53:42.306 T:1906307968   DEBUG:   Channel Layout: FL, FR
2020-09-24
19:53:42.306 T:1906307968   DEBUG:   Frames        : 2400
2020-09-24
19:53:42.306 T:1906307968   DEBUG:   Frame Size    : 8
2020-09-24
19:53:42.316 T:1914700672   DEBUG: CActiveAE::ClearDiscardedBuffers - buffer pool deleted
2020-09-24
19:53:42.316 T:1304425344   DEBUG: Previous line repeats 1 times.
2020-09-24
19:53:42.317 T:1304425344   DEBUG: CDVDAudio::Pause - pausing audio stream
2020-09-24
19:53:42.317 T:1395348352   DEBUG: CMMALPool::Configure pool:0x496510d0 1280x720 (1344x720) pix:-1 size:0 fmt:I420
2020-09-24
19:53:42.317 T:1395348352   DEBUG: CAddonVideoCodec: GetPicture::VC_PICTURE with pts 83416 1280x720 (1280x720) 1.777778 0x53a17000:1452864 offset:0,967680,968352, stride:1344,1344,1344
2020-09-24
19:53:42.317 T:1395348352   DEBUG: CRenderManager::Configure - change configuration. 1280x720. display: 1280x720. framerate: 23.98.
2020-09-24
19:53:42.331 T:1386955648   DEBUG: CVideoPlayer::HandleMessages - player started 1
2020-09-24
19:53:42.332 T:1353384832   DEBUG: OnAVChange: CApplication::OnAVChange
2020-09-24
19:53:42.378 T:1937461264   DEBUG: DeleteRenderer - deleting renderer
2020-09-24
19:53:42.378 T:1937461264   DEBUG: CMMALRenderer::~CMMALRenderer
2020-09-24
19:53:42.378 T:1937461264   DEBUG: CMMALRenderer::DestroyDeinterlace
2020-09-24
19:53:42.378 T:1937461264   DEBUG: CMMALRenderer::UnInitMMAL
2020-09-24
19:53:42.379 T:1427088256   DEBUG: CMMALRenderer::Run - stopping
2020-09-24
19:53:42.379 T:1427088256   DEBUG: Thread MMALProcess 1427088256 terminating
2020-09-24
19:53:42.379 T:1937461264   DEBUG: CMMALRenderer::CMMALRenderer
2020-09-24
19:53:42.379 T:1937461264   DEBUG: CMMALRenderer::Configure - 1280x720->1280x720@23.98 flags:0 format:-1 orient:0
2020-09-24
19:53:42.379 T:1937461264   DEBUG: CMMALRenderer::GetRenderInfo opaque:0x2c14dd0
2020-09-24
19:53:42.379 T:1937461264   DEBUG: CMMALRenderer::Update
2020-09-24
19:53:42.379 T:1937461264   DEBUG: CRenderManager::Configure - 6
2020-09-24
19:53:42.380 T:1287639936   DEBUG: Thread MMALProcess start, auto delete: false
2020-09-24
19:53:42.380 T:1287639936   DEBUG: CMMALRenderer::Run - starting
2020-09-24
19:53:42.388 T:1386955648   DEBUG: CVideoPlayer::HandleMessages - player started 2
2020-09-24
19:53:42.388 T:1690223488   DEBUG: OnAVChange: CApplication::OnAVChange
2020-09-24
19:53:42.388 T:1386955648   DEBUG: CVideoPlayer::SetCaching - caching state 3
2020-09-24
19:53:42.388 T:1386955648   DEBUG: CDVDClock::SetSpeedAdjust - adjusted:0.000000
2020-09-24
19:53:42.388 T:1386955648   DEBUG: CVideoPlayer::SetCaching - caching state 0
2020-09-24
19:53:42.388 T:1386955648   DEBUG: CDVDClock::SetSpeedAdjust - adjusted:0.000000
2020-09-24
19:53:42.388 T:1386955648   DEBUG: VideoPlayer::Sync - Audio - pts: 298666.000000, cache: 387101.879282, totalcache: 699999.988079
2020-09-24
19:53:42.388 T:1386955648   DEBUG: VideoPlayer::Sync - Video - pts: 83416.000000, cache: 50000.000000, totalcache: 100000.000000
2020-09-24
19:53:42.388 T:1395348352   DEBUG: CVideoPlayerVideo - CDVDMsg::GENERAL_RESYNC(-88435.879282)
2020-09-24
19:53:42.388 T:1304425344   DEBUG: CVideoPlayerAudio - CDVDMsg::GENERAL_RESYNC(-88435.879282), level: 100, cache: 416989.743616
2020-09-24
19:53:42.388 T:1395348352   DEBUG: CVideoPlayerVideo::CalcDropRequirement - hurry: 0
2020-09-24
19:53:42.389 T:1304425344   DEBUG: CDVDAudio::Resume - resume audio stream
2020-09-24
19:53:42.389 T:1353384832   DEBUG: OnAVStarted: CApplication::OnAVStarted
2020-09-24
19:53:42.389 T:1914700672   DEBUG: CRBP::AdjustHDMIClock(1.00000) = 1.00000
2020-09-24
19:53:42.389 T:1914700672   DEBUG: ActiveAE - start sync of audio stream
2020-09-24
19:53:42.394 T:1395348352   DEBUG: CMMALPool::Configure pool:0x496510d0 1280x720 (1344x720) pix:-1 size:0 fmt:I42S
2020-09-24
19:53:42.394 T:1395348352   DEBUG: CAddonVideoCodec: GetPicture::VC_PICTURE with pts 125125 1280x720 (1280x720) 1.777778 0x4bf96000:1452864 offset:0,967680,968352, stride:1344,1344,1344
2020-09-24
19:53:42.394 T:1937461264   DEBUG: CMMALRenderer::RenderUpdate - MMAL: clear:0 flags:0 alpha:255 source:1 omvb:0x5a750630 mmal:0x59cc78c0 mflags:0 len:1452864 data:0xd07 enc:I42S
2020-09-24
19:53:42.394 T:1287639936   DEBUG: CMMALRenderer::CheckConfigurationVout CreateRenderer
2020-09-24
19:53:42.395 T:1395348352   DEBUG: CVideoPlayerVideo::CalcDropRequirement - hurry: 1
2020-09-24
19:53:42.396 T:1287639936   DEBUG: CMMALRenderer::CheckConfigurationVout Changing Vout dimensions from 0x0 (0x0) to 1280x720 (1344x720) I42S
2020-09-24
19:53:42.399 T:1395348352   DEBUG: CMMALPool::Configure pool:0x496510d0 1280x720 (1344x720) pix:-1 size:0 fmt:I42S
2020-09-24
19:53:42.400 T:1395348352   DEBUG: CAddonVideoCodec: GetPicture::VC_PICTURE with pts 166833 1280x720 (1280x720) 1.777778 0x4be33000:1452864 offset:0,967680,968352, stride:1344,1344,1344
2020-09-24
19:53:42.401 T:1287639936   DEBUG: CMMALRenderer::SetVideoRect 0,0,1280,720 -> 0,0,1360,768 (o:0 v:0 d:0 i:0)
2020-09-24
19:53:42.401 T:1250947968   DEBUG: Thread MMALRenderer start, auto delete: false
2020-09-24
19:53:42.401 T:1250947968   DEBUG: CMMALRenderer::Process - starting
2020-09-24
19:53:42.404 T:1287639936   DEBUG: CMMALRenderer::SetVideoRect 0,0,1280,720 -> 0,0,1360,768 t:100000
2020-09-24
19:53:42.405 T:1937461264   DEBUG: CMMALRenderer::RenderUpdate - vsync -1 (+2732215)
2020-09-24
19:53:42.411 T:1250947968   DEBUG: CMMALRenderer::Process - debug vsync:2732214 queue:0 fps:0.00/23.98/59.94 inc:1.000000 diff:1.000000
2020-09-24
19:53:42.411 T:1250947968   DEBUG: CMMALRenderer::Process - omvb:(nil) mmal:(nil) vsync:2732214 queue:0 diff:0.000000
2020-09-24
19:53:42.420 T:1395348352   DEBUG: CMMALPool::Configure pool:0x496510d0 1280x720 (1344x720) pix:-1 size:0 fmt:I42S
2020-09-24
19:53:42.421 T:1395348352   DEBUG: CAddonVideoCodec: GetPicture::VC_PICTURE with pts 208541 1280x720 (1280x720) 1.777778 0x4b89d000:1452864 offset:0,967680,968352, stride:1344,1344,1344
2020-09-24
19:53:42.422 T:1250947968   DEBUG: CMMALRenderer::Process - debug vsync:2732215 queue:0 fps:0.00/23.98/59.94 inc:1.000000 diff:1.000000
2020-09-24
19:53:42.422 T:1250947968   DEBUG: CMMALRenderer::Process - omvb:(nil) mmal:(nil) vsync:2732215 queue:0 diff:0.000000
2020-09-24
19:53:42.434 T:1395348352   DEBUG: CMMALPool::Configure pool:0x496510d0 1280x720 (1344x720) pix:-1 size:0 fmt:I42S
2020-09-24
19:53:42.434 T:1395348352   DEBUG: CAddonVideoCodec: GetPicture::VC_PICTURE with pts 250250 1280x720 (1280x720) 1.777778 0x4b73a000:1452864 offset:0,967680,968352, stride:1344,1344,1344
2020-09-24
19:53:42.438 T:1250947968   DEBUG: CMMALRenderer::Process - debug vsync:2732216 queue:0 fps:0.00/23.98/59.94 inc:1.000000 diff:1.000000
2020-09-24
19:53:42.439 T:1250947968   DEBUG: CMMALRenderer::Process - omvb:(nil) mmal:(nil) vsync:2732216 queue:0 diff:0.000000
2020-09-24
19:53:42.441 T:1395348352   DEBUG: CMMALPool::Configure pool:0x496510d0 1280x720 (1344x720) pix:-1 size:0 fmt:I42S
2020-09-24
19:53:42.441 T:1395348352   DEBUG: CAddonVideoCodec: GetPicture::VC_PICTURE with pts 291958 1280x720 (1280x720) 1.777778 0x4b5d7000:1452864 offset:0,967680,968352, stride:1344,1344,1344
2020-09-24
19:53:42.450 T:1395348352   DEBUG: CMMALPool::Configure pool:0x496510d0 1280x720 (1344x720) pix:-1 size:0 fmt:I42S
2020-09-24
19:53:42.450 T:1395348352   DEBUG: CAddonVideoCodec: GetPicture::VC_PICTURE with pts 333666 1280x720 (1280x720) 1.777778 0x4b474000:1452864 offset:0,967680,968352, stride:1344,1344,1344
2020-09-24
19:53:42.455 T:1250947968   DEBUG: CMMALRenderer::Process - debug vsync:2732217 queue:0 fps:0.00/23.98/59.94 inc:1.000000 diff:1.000000
2020-09-24
19:53:42.455 T:1250947968   DEBUG: CMMALRenderer::Process - omvb:(nil) mmal:(nil) vsync:2732217 queue:0 diff:0.000000
2020-09-24
19:53:42.472 T:1250947968   DEBUG: CMMALRenderer::Process - debug vsync:2732218 queue:0 fps:0.00/23.98/59.94 inc:1.000000 diff:1.000000
2020-09-24
19:53:42.472 T:1250947968   DEBUG: CMMALRenderer::Process - omvb:(nil) mmal:(nil) vsync:2732218 queue:0 diff:0.000000
2020-09-24
19:53:42.488 T:1250947968   DEBUG: CMMALRenderer::Process - debug vsync:2732219 queue:0 fps:0.00/23.98/59.94 inc:1.000000 diff:1.000000
2020-09-24
19:53:42.489 T:1250947968   DEBUG: CMMALRenderer::Process - omvb:(nil) mmal:(nil) vsync:2732219 queue:0 diff:0.000000
2020-09-24
19:53:42.505 T:1250947968   DEBUG: CMMALRenderer::Process - debug vsync:2732220 queue:0 fps:0.00/23.98/59.94 inc:1.000000 diff:1.000000
2020-09-24
19:53:42.505 T:1250947968   DEBUG: CMMALRenderer::Process - omvb:(nil) mmal:(nil) vsync:2732220 queue:0 diff:0.000000
2020-09-24
19:53:42.506 T:1937461264   DEBUG: Activating window ID: 12005
2020-09-24
19:53:42.506 T:1937461264   DEBUG: ------ Window Deinit (MyVideoNav.xml) ------
2020-09-24
19:53:42.506 T:1937461264   DEBUG: FreeVisualisation() done
2020-09-24
19:53:42.508 T:1937461264   DEBUG: ------ Window Init (VideoFullScreen.xml) ------
2020-09-24
19:53:42.511 T:1937461264  NOTICE: Whitelist search for: width: 1280, height: 720, fps: 23.976, 3D: false
2020-09-24
19:53:42.511 T:1937461264   DEBUG: Whitelist is empty using default one
2020-09-24
19:53:42.511 T:1937461264   DEBUG: Trying to find exact refresh rate
2020-09-24
19:53:42.512 T:1937461264   DEBUG: No exact whitelisted resolution matched, trying double refresh rate
2020-09-24
19:53:42.512 T:1937461264   DEBUG: No double whitelisted resolution matched, trying 3:2 pullback
2020-09-24
19:53:42.512 T:1937461264   DEBUG: No 3:2 pullback refresh rate whitelisted resolution matched, trying current resolution
2020-09-24
19:53:42.512 T:1937461264   DEBUG: Current resolution doesn't match, trying default resolution
2020-09-24
19:53:42.513 T:1937461264   DEBUG: Default resolution doesn't provide reqired refreshrate, trying default resolution with double refreshrate
2020-09-24
19:53:42.513 T:1937461264   DEBUG: Default resolution doesn't provide reqired refreshrate, trying default resolution with 3:2 pullback
2020-09-24
19:53:42.513 T:1937461264   DEBUG: Matched fuzzy whitelisted Resolution 1360x768 (1360x768) @ 59.94 - Full Screen (23)
2020-09-24
19:53:42.513 T:1937461264  NOTICE: Display resolution ADJUST : 1360x768 (1360x768) @ 59.94 - Full Screen (23) (weight: 0.000)
2020-09-24
19:53:42.513 T:1937461264   DEBUG: CMMALRenderer::Update
2020-09-24
19:53:42.514 T:1914700672   DEBUG: Previous line repeats 1 times.
2020-09-24
19:53:42.514 T:1914700672   DEBUG: ActiveAE::SyncStream - average error of -7.251652, start adjusting
2020-09-24
19:53:42.514 T:1914700672   DEBUG: ActiveAE::SyncStream - average error -0.001652 below threshold of 30.000000
2020-09-24
19:53:42.522 T:1250947968   DEBUG: CMMALRenderer::Process - debug vsync:2732221 queue:0 fps:0.00/23.98/59.94 inc:1.000000 diff:1.000000
2020-09-24
19:53:42.522 T:1250947968   DEBUG: CMMALRenderer::Process - omvb:(nil) mmal:(nil) vsync:2732221 queue:0 diff:0.000000
2020-09-24
19:53:42.523 T:1353384832   DEBUG: OnAVChange: CApplication::OnAVChange
2020-09-24
19:53:42.529 T:1937461264   DEBUG: CMMALRenderer::RenderUpdate - MMAL: clear:0 flags:0 alpha:255 source:1 omvb:0x5a750630 mmal:0x59cc78c0 mflags:0 skipping
2020-09-24
19:53:42.529 T:1937461264   DEBUG: CMMALRenderer::SetVideoRect 0,0,1280,720 -> 0,0,1360,768 (o:0 v:0 d:0 i:0)
2020-09-24
19:53:42.529 T:1937461264   DEBUG: CMMALRenderer::SetVideoRect 0,0,1280,720 -> 0,0,1360,768 t:100000
2020-09-24
19:53:42.530 T:1937461264   DEBUG: CMMALRenderer::RenderUpdate - vsync 2732215 (+6)
2020-09-24
19:53:42.530 T:1937461264   DEBUG: ------ Window Deinit (DialogBusy.xml) ------
2020-09-24
19:53:42.531 T:1937461264   DEBUG: CMMALRenderer::RenderUpdate - MMAL: clear:0 flags:0 alpha:255 source:1 omvb:0x5a750630 mmal:0x59cc78c0 mflags:0 skipping
2020-09-24
19:53:42.538 T:1250947968   DEBUG: CMMALRenderer::Process - debug vsync:2732222 queue:0 fps:0.00/23.98/59.94 inc:1.000000 diff:1.000000
2020-09-24
19:53:42.539 T:1250947968   DEBUG: CMMALRenderer::Process - omvb:(nil) mmal:(nil) vsync:2732222 queue:0 diff:0.000000
2020-09-24
19:53:42.539 T:1937461264   DEBUG: CMMALRenderer::RenderUpdate - MMAL: clear:0 flags:0 alpha:255 source:2 omvb:0x59f77f10 mmal:0x59cc7a98 mflags:0 len:1452864 data:0x10ed enc:I42S
2020-09-24
19:53:42.555 T:1250947968   DEBUG: CMMALRenderer::Process - debug vsync:2732223 queue:1 fps:0.00/23.98/59.94 inc:1.000000 diff:1.000000
2020-09-24
19:53:42.555 T:1250947968   DEBUG: CMMALRenderer::Process - omvb:0x59f77f10 mmal:0x59cc7a98 vsync:2732223 queue:0 diff:0.000000
2020-09-24
19:53:42.555 T:1937461264   DEBUG: CMMALRenderer::RenderUpdate - MMAL: clear:0 flags:0 alpha:255 source:2 omvb:0x59f77f10 mmal:0x59cc7a98 mflags:0 skipping
2020-09-24
19:53:42.562 T:1395348352   DEBUG: CMMALPool::Configure pool:0x496510d0 1280x720 (1344x720) pix:-1 size:0 fmt:I42S
2020-09-24
19:53:42.562 T:1395348352   DEBUG: CAddonVideoCodec: GetPicture::VC_PICTURE with pts 375375 1280x720 (1280x720) 1.777778 0x4b311000:1452864 offset:0,967680,968352, stride:1344,1344,1344
2020-09-24
19:53:42.572 T:1250947968   DEBUG: CMMALRenderer::Process - debug vsync:2732224 queue:0 fps:0.00/23.98/59.94 inc:1.000000 diff:1.000000
2020-09-24
19:53:42.572 T:1250947968   DEBUG: CMMALRenderer::Process - omvb:(nil) mmal:(nil) vsync:2732224 queue:0 diff:0.000000
2020-09-24
19:53:42.572 T:1937461264   DEBUG: CMMALRenderer::RenderUpdate - MMAL: clear:0 flags:0 alpha:255 source:2 omvb:0x59f77f10 mmal:0x59cc7a98 mflags:0 skipping
2020-09-24
19:53:42.588 T:1250947968   DEBUG: CMMALRenderer::Process - debug vsync:2732225 queue:0 fps:0.00/23.98/59.94 inc:1.000000 diff:1.000000
2020-09-24
19:53:42.588 T:1250947968   DEBUG: CMMALRenderer::Process - omvb:(nil) mmal:(nil) vsync:2732225 queue:0 diff:0.000000
2020-09-24
19:53:42.589 T:1937461264   DEBUG: CMMALRenderer::RenderUpdate - MMAL: clear:0 flags:0 alpha:255 source:3 omvb:0x59f137a0 mmal:0x59cc7c70 mflags:0 len:1452864 data:0xd3a enc:I42S
2020-09-24
19:53:42.605 T:1250947968   DEBUG: CMMALRenderer::Process - debug vsync:2732226 queue:1 fps:0.00/23.98/59.94 inc:1.000000 diff:1.000000
2020-09-24
19:53:42.605 T:1250947968   DEBUG: CMMALRenderer::Process - omvb:0x59f137a0 mmal:0x59cc7c70 vsync:2732226 queue:0 diff:0.000000
2020-09-24
19:53:42.606 T:1937461264   DEBUG: CMMALRenderer::RenderUpdate - MMAL: clear:0 flags:0 alpha:255 source:3 omvb:0x59f137a0 mmal:0x59cc7c70 mflags:0 skipping
2020-09-24
19:53:42.610 T:1395348352   DEBUG: CMMALPool::Configure pool:0x496510d0 1280x720 (1344x720) pix:-1 size:0 fmt:I42S
2020-09-24
19:53:42.611 T:1395348352   DEBUG: CAddonVideoCodec: GetPicture::VC_PICTURE with pts 417083 1280x720 (1280x720) 1.777778 0x4b1ae000:1452864 offset:0,967680,968352, stride:1344,1344,1344
2020-09-24
19:53:42.622 T:1250947968   DEBUG: CMMALRenderer::Process - debug vsync:2732227 queue:0 fps:0.00/23.98/59.94 inc:1.000000 diff:1.000000
2020-09-24
19:53:42.622 T:1250947968   DEBUG: CMMALRenderer::Process - omvb:(nil) mmal:(nil) vsync:2732227 queue:0 diff:0.000000
2020-09-24
19:53:42.622 T:1937461264   DEBUG: CMMALRenderer::RenderUpdate - MMAL: clear:0 flags:0 alpha:255 source:4 omvb:0x4964de50 mmal:0x59cc7e48 mflags:0 len:1452864 data:0x10e6 enc:I42S
2020-09-24
19:53:42.638 T:1250947968   DEBUG: CMMALRenderer::Process - debug vsync:2732228 queue:1 fps:0.00/23.98/59.94 inc:1.000000 diff:1.000000
2020-09-24
19:53:42.639 T:1250947968   DEBUG: CMMALRenderer::Process - omvb:0x4964de50 mmal:0x59cc7e48 vsync:2732228 queue:0 diff:0.000000
2020-09-24
19:53:42.640 T:1937461264   DEBUG: CMMALRenderer::Update
2020-09-24
19:53:42.642 T:1937461264   DEBUG: CMMALRenderer::RenderUpdate - MMAL: clear:0 flags:0 alpha:255 source:4 omvb:0x4964de50 mmal:0x59cc7e48 mflags:0 skipping
2020-09-24
19:53:42.644 T:1395348352   DEBUG: CMMALPool::Configure pool:0x496510d0 1280x720 (1344x720) pix:-1 size:0 fmt:I42S
2020-09-24
19:53:42.644 T:1395348352   DEBUG: CAddonVideoCodec: GetPicture::VC_PICTURE with pts 458791 1280x720 (1280x720) 1.777778 0x4b04b000:1452864 offset:0,967680,968352, stride:1344,1344,1344
2020-09-24
19:53:42.655 T:1250947968   DEBUG: CMMALRenderer::Process - debug vsync:2732229 queue:0 fps:0.00/23.98/59.94 inc:1.000000 diff:1.000000
2020-09-24
19:53:42.655 T:1250947968   DEBUG: CMMALRenderer::Process - omvb:(nil) mmal:(nil) vsync:2732229 queue:0 diff:0.000000
2020-09-24
19:53:42.655 T:1937461264   DEBUG: CMMALRenderer::RenderUpdate - MMAL: clear:0 flags:0 alpha:255 source:4 omvb:0x4964de50 mmal:0x59cc7e48 mflags:0 skipping
2020-09-24
19:53:42.672 T:1250947968   DEBUG: CMMALRenderer::Process - debug vsync:2732230 queue:0 fps:0.00/23.98/59.94 inc:1.000000 diff:1.000000
2020-09-24
19:53:42.672 T:1250947968   DEBUG: CMMALRenderer::Process - omvb:(nil) mmal:(nil) vsync:2732230 queue:0 diff:0.000000
2020-09-24
19:53:42.672 T:1937461264   DEBUG: CMMALRenderer::RenderUpdate - MMAL: clear:0 flags:0 alpha:255 source:5 omvb:0x55e5e280 mmal:0x59cc8020 mflags:0 len:1452864 data:0xc34 enc:I42S
2020-09-24
19:53:42.688 T:1250947968   DEBUG: CMMALRenderer::Process - debug vsync:2732231 queue:1 fps:0.00/23.98/59.94 inc:1.000000 diff:1.000000
2020-09-24
19:53:42.689 T:1250947968   DEBUG: CMMALRenderer::Process - omvb:0x55e5e280 mmal:0x59cc8020 vsync:2732231 queue:0 diff:0.000000
2020-09-24
19:53:42.689 T:1937461264   DEBUG: CMMALRenderer::RenderUpdate - MMAL: clear:0 flags:0 alpha:255 source:5 omvb:0x55e5e280 mmal:0x59cc8020 mflags:0 skipping
2020-09-24
19:53:42.692 T:1395348352   DEBUG: CMMALPool::Configure pool:0x496510d0 1280x720 (1344x720) pix:-1 size:0 fmt:I42S
2020-09-24
19:53:42.693 T:1395348352   DEBUG: CAddonVideoCodec: GetPicture::VC_PICTURE with pts 500500 1280x720 (1280x720) 1.777778 0x4ad9d000:1452864 offset:0,967680,968352, stride:1344,1344,1344
2020-09-24
19:53:42.705 T:1250947968   DEBUG: CMMALRenderer::Process - debug vsync:2732232 queue:0 fps:0.00/23.98/59.94 inc:1.000000 diff:1.000000
2020-09-24
19:53:42.705 T:1250947968   DEBUG: CMMALRenderer::Process - omvb:(nil) mmal:(nil) vsync:2732232 queue:0 diff:0.000000
2020-09-24
19:53:42.705 T:1937461264   DEBUG: CMMALRenderer::RenderUpdate - MMAL: clear:0 flags:0 alpha:255 source:0 omvb:0x710ba120 mmal:0x59cc81f8 mflags:0 len:1451520 data:0x1515 enc:I42S
2020-09-24
19:53:42.722 T:1250947968   DEBUG: CMMALRenderer::Process - debug vsync:2732233 queue:1 fps:0.00/23.98/59.94 inc:1.000000 diff:1.000000
2020-09-24
19:53:42.722 T:1250947968   DEBUG: CMMALRenderer::Process - omvb:0x710ba120 mmal:0x59cc81f8 vsync:2732233 queue:0 diff:0.000000
2020-09-24
19:53:42.722 T:1937461264   DEBUG: CMMALRenderer::RenderUpdate - MMAL: clear:0 flags:0 alpha:255 source:0 omvb:0x710ba120 mmal:0x59cc81f8 mflags:0 skipping
2020-09-24
19:53:42.726 T:1395348352   DEBUG: CMMALPool::Configure pool:0x496510d0 1280x720 (1344x720) pix:-1 size:0 fmt:I42S
2020-09-24
19:53:42.726 T:1395348352   DEBUG: CAddonVideoCodec: GetPicture::VC_PICTURE with pts 542208 1280x720 (1280x720) 1.777778 0x4ac3a000:1452864 offset:0,967680,968352, stride:1344,1344,1344
2020-09-24
19:53:42.739 T:1937461264   DEBUG: CMMALRenderer::RenderUpdate - MMAL: clear:0 flags:0 alpha:255 source:0 omvb:0x710ba120 mmal:0x59cc81f8 mflags:0 skipping
2020-09-24
19:53:42.740 T:1250947968   DEBUG: CMMALRenderer::Process - debug vsync:2732234 queue:0 fps:0.00/23.98/59.94 inc:1.000000 diff:1.000000
2020-09-24
19:53:42.740 T:1250947968   DEBUG: CMMALRenderer::Process - omvb:(nil) mmal:(nil) vsync:2732234 queue:0 diff:0.000000
2020-09-24
19:53:42.755 T:1250947968   DEBUG: CMMALRenderer::Process - debug vsync:2732235 queue:0 fps:0.00/23.98/59.94 inc:1.000000 diff:1.000000
2020-09-24
19:53:42.755 T:1250947968   DEBUG: CMMALRenderer::Process - omvb:(nil) mmal:(nil) vsync:2732235 queue:0 diff:0.000000
2020-09-24
19:53:42.757 T:1937461264   DEBUG: CMMALRenderer::Update
2020-09-24
19:53:42.762 T:1937461264   DEBUG: CMMALRenderer::RenderUpdate - MMAL: clear:0 flags:0 alpha:255 source:1 omvb:0x59f00b20 mmal:0x59cc83d0 mflags:0 len:1451520 data:0xd16 enc:I42S
2020-09-24
19:53:42.772 T:1250947968   DEBUG: CMMALRenderer::Process - debug vsync:2732236 queue:1 fps:0.00/23.98/59.94 inc:1.000000 diff:1.000000
2020-09-24
19:53:42.772 T:1250947968   DEBUG: CMMALRenderer::Process - omvb:0x59f00b20 mmal:0x59cc83d0 vsync:2732236 queue:0 diff:0.000000
2020-09-24
19:53:42.772 T:1937461264   DEBUG: CMMALRenderer::RenderUpdate - MMAL: clear:0 flags:0 alpha:255 source:1 omvb:0x59f00b20 mmal:0x59cc83d0 mflags:0 skipping
2020-09-24
19:53:42.777 T:1395348352   DEBUG: CMMALPool::Configure pool:0x496510d0 1280x720 (1344x720) pix:-1 size:0 fmt:I42S
2020-09-24
19:53:42.778 T:1395348352   DEBUG: CAddonVideoCodec: GetPicture::VC_PICTURE with pts 583916 1280x720 (1280x720) 1.777778 0x53a17000:1452864 offset:0,967680,968352, stride:1344,1344,1344
2020-09-24
19:53:42.780 T:1536807808   DEBUG: [plugin.video.netflix (0)] Executing JSON-RPC: {"params": {}, "jsonrpc": "2.0", "method": "Player.GetActivePlayers", "id": 1}
2020-09-24
19:53:42.781 T:1536807808   DEBUG: [plugin.video.netflix (0)] Executing JSON-RPC: {"params": {"playerid": 1, "properties": ["audiostreams", "currentaudiostream", "currentvideostream", "subtitles", "currentsubtitle", "subtitleenabled", "percentage", "time"]}, "jsonrpc": "2.0", "method": "Player.GetProperties", "id": 1}
2020-09-24
19:53:42.784 T:1536807808   DEBUG: [plugin.video.netflix (0)] Notifying all action managers of call_on_playback_started (data={u'currentaudiostream': {u'index': 4, u'name': u'AAC ', u'language': u'es-Spain', u'channels': 2, u'codec': u'aac', u'bitrate': 131072}, u'currentvideostream': {u'index': 0, u'name': u'', u'language': u'unk', u'height': 720, u'width': 1280, u'codec': u'h264'}, u'elapsed_seconds': 0, u'time': {u'hours': 0, u'seconds': 0, u'minutes': 0, u'milliseconds': 70}, u'subtitleenabled': True, u'percentage': 0.0020673361141234636, u'currentsubtitle': {u'index': 2, u'name': u'', u'language': u'eng'}, u'audiostreams': [{u'index': 0, u'name': u'AAC ', u'language': u'ger', u'channels': 2, u'codec': u'aac', u'bitrate': 131072}, {u'index': 1, u'name': u'AAC ', u'language': u'eng', u'channels': 2, u'codec': u'aac', u'bitrate': 131072}, {u'index': 2, u'name': u'AAC ', u'language': u'eng', u'channels': 2, u'codec': u'aac', u'bitrate': 131072}, {u'index': 3, u'name': u'AAC ', u'language': u'spa', u'channels': 2, u'codec': u'aac', u'bitrate': 131072}, {u'index': 4, u'name': u'AAC ', u'language': u'es-Spain', u'channels': 2, u'codec': u'aac', u'bitrate': 131072}, {u'index': 5, u'name': u'AAC ', u'language': u'fre', u'channels': 2, u'codec': u'aac', u'bitrate': 131072}, {u'index': 6, u'name': u'AAC ', u'language': u'ita', u'channels': 2, u'codec': u'aac', u'bitrate': 131072}], u'subtitles': [{u'index': 0, u'name': u'', u'language': u'ara'}, {u'index': 1, u'name': u'', u'language': u'ger'}, {u'index': 2, u'name': u'', u'language': u'eng'}, {u'index': 3, u'name': u'', u'language': u'eng'}, {u'index': 4, u'name': u'', u'language': u'spa'}, {u'index': 5, u'name': u'', u'language': u'es-Spain'}, {u'index': 6, u'name': u'', u'language': u'es-Spain'}, {u'index': 7, u'name': u'', u'language': u'es-Spain'}, {u'index': 8, u'name': u'', u'language': u'fre'}, {u'index': 9, u'name': u'', u'language': u'fre'}, {u'index': 10, u'name': u'', u'language': u'ita'}, {u'index': 11, u'name': u'', u'language': u'rum'}]})
2020-09-24
19:53:42.789 T:1250947968   DEBUG: CMMALRenderer::Process - debug vsync:2732237 queue:0 fps:0.00/23.98/59.94 inc:1.000000 diff:1.000000
2020-09-24
19:53:42.789 T:1250947968   DEBUG: CMMALRenderer::Process - omvb:(nil) mmal:(nil) vsync:2732237 queue:0 diff:0.000000
2020-09-24
19:53:42.789 T:1937461264   DEBUG: CMMALRenderer::RenderUpdate - MMAL: clear:0 flags:0 alpha:255 source:2 omvb:0x59c34480 mmal:0x59cc85a8 mflags:0 len:1451520 data:0xcf2 enc:I42S
2020-09-24
19:53:42.805 T:1250947968   DEBUG: CMMALRenderer::Process - debug vsync:2732238 queue:1 fps:0.00/23.98/59.94 inc:1.000000 diff:1.000000
2020-09-24
19:53:42.806 T:1250947968   DEBUG: CMMALRenderer::Process - omvb:0x59c34480 mmal:0x59cc85a8 vsync:2732238 queue:0 diff:0.000000
2020-09-24
19:53:42.806 T:1937461264   DEBUG: CMMALRenderer::RenderUpdate - MMAL: clear:0 flags:0 alpha:255 source:2 omvb:0x59c34480 mmal:0x59cc85a8 mflags:0 skipping
2020-09-24
19:53:42.811 T:1395348352   DEBUG: CMMALPool::Configure pool:0x496510d0 1280x720 (1344x720) pix:-1 size:0 fmt:I42S
2020-09-24
19:53:42.812 T:1395348352   DEBUG: CAddonVideoCodec: GetPicture::VC_PICTURE with pts 625625 1280x720 (1280x720) 1.777778 0x4bf96000:1452864 offset:0,967680,968352, stride:1344,1344,1344
2020-09-24
19:53:42.822 T:1250947968   DEBUG: CMMALRenderer::Process - debug vsync:2732239 queue:0 fps:0.00/23.98/59.94 inc:1.000000 diff:1.000000
2020-09-24
19:53:42.822 T:1250947968   DEBUG: CMMALRenderer::Process - omvb:(nil) mmal:(nil) vsync:2732239 queue:0 diff:0.000000
2020-09-24
19:53:42.822 T:1937461264   DEBUG: CMMALRenderer::RenderUpdate - MMAL: clear:0 flags:0 alpha:255 source:2 omvb:0x59c34480 mmal:0x59cc85a8 mflags:0 skipping
2020-09-24
19:53:42.838 T:1250947968   DEBUG: CMMALRenderer::Process - debug vsync:2732240 queue:0 fps:0.00/23.98/59.94 inc:1.000000 diff:1.000000
2020-09-24
19:53:42.839 T:1250947968   DEBUG: CMMALRenderer::Process - omvb:(nil) mmal:(nil) vsync:2732240 queue:0 diff:0.000000
2020-09-24
19:53:42.839 T:1937461264   DEBUG: CMMALRenderer::RenderUpdate - MMAL: clear:0 flags:0 alpha:255 source:3 omvb:0x59c34238 mmal:0x59cc8780 mflags:0 len:1451520 data:0x151c enc:I42S
2020-09-24
19:53:42.855 T:1250947968   DEBUG: CMMALRenderer::Process - debug vsync:2732241 queue:1 fps:0.00/23.98/59.94 inc:1.000000 diff:1.000000
2020-09-24
19:53:42.855 T:1250947968   DEBUG: CMMALRenderer::Process - omvb:0x59c34238 mmal:0x59cc8780 vsync:2732241 queue:0 diff:0.000000
2020-09-24
19:53:42.856 T:1937461264   DEBUG: CMMALRenderer::RenderUpdate - MMAL: clear:0 flags:0 alpha:255 source:3 omvb:0x59c34238 mmal:0x59cc8780 mflags:0 skipping
2020-09-24
19:53:42.861 T:1395348352   DEBUG: CMMALPool::Configure pool:0x496510d0 1280x720 (1344x720) pix:-1 size:0 fmt:I42S
2020-09-24
19:53:42.861 T:1395348352   DEBUG: CAddonVideoCodec: GetPicture::VC_PICTURE with pts 667333 1280x720 (1280x720) 1.777778 0x4be33000:1452864 offset:0,967680,968352, stride:1344,1344,1344
2020-09-24
19:53:42.872 T:1250947968   DEBUG: CMMALRenderer::Process - debug vsync:2732242 queue:0 fps:0.00/23.98/59.94 inc:1.000000 diff:1.000000
2020-09-24
19:53:42.872 T:1250947968   DEBUG: CMMALRenderer::Process - omvb:(nil) mmal:(nil) vsync:2732242 queue:0 diff:0.000000
2020-09-24
19:53:42.874 T:1937461264   DEBUG: CMMALRenderer::Update
2020-09-24
19:53:42.876 T:1937461264   DEBUG: CMMALRenderer::RenderUpdate - MMAL: clear:0 flags:0 alpha:255 source:4 omvb:0x59fdd288 mmal:0x59cc8958 mflags:0 len:1451520 data:0x151d enc:I42S
2020-09-24
19:53:42.888 T:1250947968   DEBUG: CMMALRenderer::Process - debug vsync:2732243 queue:1 fps:0.00/23.98/59.94 inc:1.000000 diff:1.000000
2020-09-24
19:53:42.889 T:1250947968   DEBUG: CMMALRenderer::Process - omvb:0x59fdd288 mmal:0x59cc8958 vsync:2732243 queue:0 diff:0.000000
2020-09-24
19:53:42.889 T:1937461264   DEBUG: CMMALRenderer::RenderUpdate - MMAL: clear:0 flags:0 alpha:255 source:4 omvb:0x59fdd288 mmal:0x59cc8958 mflags:0 skipping
2020-09-24
19:53:42.894 T:1395348352   DEBUG: CMMALPool::Configure pool:0x496510d0 1280x720 (1344x720) pix:-1 size:0 fmt:I42S
2020-09-24
19:53:42.894 T:1395348352   DEBUG: CAddonVideoCodec: GetPicture::VC_PICTURE with pts 709041 1280x720 (1280x720) 1.777778 0x4b89d000:1452864 offset:0,967680,968352, stride:1344,1344,1344
2020-09-24
19:53:42.906 T:1937461264   DEBUG: CMMALRenderer::RenderUpdate - MMAL: clear:0 flags:0 alpha:255 source:4 omvb:0x59fdd288 mmal:0x59cc8958 mflags:0 skipping
2020-09-24
19:53:42.906 T:1250947968   DEBUG: CMMALRenderer::Process - debug vsync:2732244 queue:0 fps:0.00/23.98/59.94 inc:1.000000 diff:1.000000
2020-09-24
19:53:42.906 T:1250947968   DEBUG: CMMALRenderer::Process - omvb:(nil) mmal:(nil) vsync:2732244 queue:0 diff:0.000000
2020-09-24
19:53:42.922 T:1250947968   DEBUG: CMMALRenderer::Process - debug vsync:2732245 queue:0 fps:0.00/23.98/59.94 inc:1.000000 diff:1.000000
2020-09-24
19:53:42.922 T:1250947968   DEBUG: CMMALRenderer::Process - omvb:(nil) mmal:(nil) vsync:2732245 queue:0 diff:0.000000
2020-09-24
19:53:42.922 T:1937461264   DEBUG: CMMALRenderer::RenderUpdate - MMAL: clear:0 flags:0 alpha:255 source:5 omvb:0x496fd0e8 mmal:0x59cc8b30 mflags:0 len:1451520 data:0x11a9 enc:I42S
2020-09-24
19:53:42.939 T:1250947968   DEBUG: CMMALRenderer::Process - debug vsync:2732246 queue:1 fps:0.00/23.98/59.94 inc:1.000000 diff:1.000000
2020-09-24
19:53:42.939 T:1250947968   DEBUG: CMMALRenderer::Process - omvb:0x496fd0e8 mmal:0x59cc8b30 vsync:2732246 queue:0 diff:0.000000
2020-09-24
19:53:42.939 T:1937461264   DEBUG: CMMALRenderer::RenderUpdate - MMAL: clear:0 flags:0 alpha:255 source:5 omvb:0x496fd0e8 mmal:0x59cc8b30 mflags:0 skipping
2020-09-24
19:53:42.944 T:1395348352   DEBUG: CMMALPool::Configure pool:0x496510d0 1280x720 (1344x720) pix:-1 size:0 fmt:I42S
2020-09-24
19:53:42.944 T:1395348352   DEBUG: CAddonVideoCodec: GetPicture::VC_PICTURE with pts 750750 1280x720 (1280x720) 1.777778 0x4b73a000:1452864 offset:0,967680,968352, stride:1344,1344,1344
2020-09-24
19:53:42.955 T:1250947968   DEBUG: CMMALRenderer::Process - debug vsync:2732247 queue:0 fps:0.00/23.98/59.94 inc:1.000000 diff:1.000000
2020-09-24
19:53:42.955 T:1250947968   DEBUG: CMMALRenderer::Process - omvb:(nil) mmal:(nil) vsync:2732247 queue:0 diff:0.000000
2020-09-24
19:53:42.956 T:1937461264   DEBUG: CMMALRenderer::RenderUpdate - MMAL: clear:0 flags:0 alpha:255 source:0 omvb:0x4965d7e8 mmal:0x59cc8d08 mflags:0 len:1451520 data:0x6e1 enc:I42S
2020-09-24
19:53:42.972 T:1250947968   DEBUG: CMMALRenderer::Process - debug vsync:2732248 queue:1 fps:0.00/23.98/59.94 inc:1.000000 diff:1.000000
2020-09-24
19:53:42.972 T:1250947968   DEBUG: CMMALRenderer::Process - omvb:0x4965d7e8 mmal:0x59cc8d08 vsync:2732248 queue:0 diff:0.000000
2020-09-24
19:53:42.972 T:1937461264   DEBUG: CMMALRenderer::RenderUpdate - MMAL: clear:0 flags:0 alpha:255 source:0 omvb:0x4965d7e8 mmal:0x59cc8d08 mflags:0 skipping
2020-09-24
19:53:42.977 T:1395348352   DEBUG: CMMALPool::Configure pool:0x496510d0 1280x720 (1344x720) pix:-1 size:0 fmt:I42S
2020-09-24
