2020-09-24
20:03:47.364 T:1282691968   DEBUG: CMMALRenderer::Process - debug vsync:2768444 queue:0 fps:23.98/23.98/59.94 inc:0.400000 diff:0.000000
2020-09-24
20:03:47.364 T:1282691968   DEBUG: CMMALRenderer::Process - omvb:(nil) mmal:(nil) vsync:2768444 queue:0 diff:-1.000000
2020-09-24
20:03:47.364 T:1937461264   DEBUG: CMMALRenderer::RenderUpdate - MMAL: clear:0 flags:0 alpha:255 source:4 omvb:0x498df1c8 mmal:0x579a9048 mflags:0 len:1451520 data:0x1196 enc:I42S
2020-09-24
20:03:47.380 T:1282691968   DEBUG: CMMALRenderer::Process - debug vsync:2768445 queue:2 fps:23.98/23.98/59.94 inc:0.400000 diff:-0.600000
2020-09-24
20:03:47.381 T:1937461264   DEBUG: CMMALRenderer::RenderUpdate - MMAL: clear:0 flags:0 alpha:255 source:4 omvb:0x498df1c8 mmal:0x579a9048 mflags:0 skipping
2020-09-24
20:03:47.386 T:1370170240   DEBUG: CMMALPool::Configure pool:0x547da3e0 1280x720 (1344x720) pix:-1 size:0 fmt:I42S
2020-09-24
20:03:47.387 T:1370170240   DEBUG: CAddonVideoCodec: GetPicture::VC_PICTURE with pts 2210541 1280x720 (1280x720) 1.777778 0x4cb6f000:1452864 offset:0,967680,968352, stride:1344,1344,1344
2020-09-24
20:03:47.397 T:1282691968   DEBUG: CMMALRenderer::Process - debug vsync:2768446 queue:2 fps:23.98/23.98/59.94 inc:0.400000 diff:-0.200000
2020-09-24
20:03:47.397 T:1937461264   DEBUG: CMMALRenderer::RenderUpdate - MMAL: clear:0 flags:0 alpha:255 source:4 omvb:0x498df1c8 mmal:0x579a9048 mflags:0 skipping
2020-09-24
20:03:47.414 T:1282691968   DEBUG: CMMALRenderer::Process - debug vsync:2768447 queue:2 fps:23.98/23.98/59.94 inc:0.400000 diff:0.200000
2020-09-24
20:03:47.414 T:1282691968   DEBUG: CMMALRenderer::Process - omvb:0x5799fa00 mmal:0x579a8e70 vsync:2768447 queue:1 diff:-0.800000
2020-09-24
20:03:47.414 T:1937461264   DEBUG: CMMALRenderer::RenderUpdate - MMAL: clear:0 flags:0 alpha:255 source:5 omvb:0x540d79c8 mmal:0x579a9220 mflags:0 len:1451520 data:0x1197 enc:I42S
2020-09-24
20:03:47.431 T:1282691968   DEBUG: CMMALRenderer::Process - debug vsync:2768448 queue:2 fps:23.98/23.98/59.94 inc:0.400000 diff:-0.400000
2020-09-24
20:03:47.431 T:1937461264   DEBUG: CMMALRenderer::RenderUpdate - MMAL: clear:0 flags:0 alpha:255 source:5 omvb:0x540d79c8 mmal:0x579a9220 mflags:0 skipping
2020-09-24
20:03:47.444 T:1536807808   DEBUG: [plugin.video.netflix (0)] EVENT [start] - Added to queue
2020-09-24
20:03:47.447 T:1282691968   DEBUG: CMMALRenderer::Process - debug vsync:2768449 queue:2 fps:23.98/23.98/59.94 inc:0.400000 diff:0.000000
2020-09-24
20:03:47.447 T:1282691968   DEBUG: CMMALRenderer::Process - omvb:0x498df1c8 mmal:0x579a9048 vsync:2768449 queue:1 diff:-1.000000
2020-09-24
20:03:47.447 T:1937461264   DEBUG: CMMALRenderer::RenderUpdate - MMAL: clear:0 flags:0 alpha:255 source:0 omvb:0x59c6ca20 mmal:0x579a93f8 mflags:0 len:1451520 data:0x1150 enc:I42S
2020-09-24
20:03:47.451 T:1370170240   DEBUG: CMMALPool::Configure pool:0x547da3e0 1280x720 (1344x720) pix:-1 size:0 fmt:I42S
2020-09-24
20:03:47.451 T:1370170240   DEBUG: CAddonVideoCodec: GetPicture::VC_PICTURE with pts 2252250 1280x720 (1280x720) 1.777778 0x4ca0c000:1452864 offset:0,967680,968352, stride:1344,1344,1344
2020-09-24
20:03:47.464 T:1282691968   DEBUG: CMMALRenderer::Process - debug vsync:2768450 queue:2 fps:23.98/23.98/59.94 inc:0.400000 diff:-0.600000
2020-09-24
20:03:47.464 T:1937461264   DEBUG: ------ Window Init (Custom_1109_TopBarOverlay.xml) ------
2020-09-24
20:03:47.467 T:1937461264   DEBUG: CMMALRenderer::Update
2020-09-24
20:03:47.481 T:1282691968   DEBUG: CMMALRenderer::Process - debug vsync:2768451 queue:2 fps:23.98/23.98/59.94 inc:0.400000 diff:-0.200000
2020-09-24
20:03:47.487 T:1370170240   DEBUG: CMMALPool::Configure pool:0x547da3e0 1280x720 (1344x720) pix:-1 size:0 fmt:I42S
2020-09-24
20:03:47.488 T:1370170240   DEBUG: CAddonVideoCodec: GetPicture::VC_PICTURE with pts 2293958 1280x720 (1280x720) 1.777778 0x4c8a9000:1452864 offset:0,967680,968352, stride:1344,1344,1344
2020-09-24
20:03:47.490 T:1937461264   DEBUG: CMMALRenderer::RenderUpdate - MMAL: clear:0 flags:0 alpha:255 source:0 omvb:0x59c6ca20 mmal:0x579a93f8 mflags:0 skipping
2020-09-24
20:03:47.492 T:1937461264   DEBUG: CMMALRenderer::RenderUpdate - MMAL: clear:0 flags:0 alpha:255 source:1 omvb:0x57930c48 mmal:0x579a95d0 mflags:0 len:1451520 data:0x4ed enc:I42S
2020-09-24
20:03:47.498 T:1282691968   DEBUG: CMMALRenderer::Process - debug vsync:2768452 queue:3 fps:23.98/23.98/59.94 inc:0.400000 diff:0.200000
2020-09-24
20:03:47.498 T:1282691968   DEBUG: CMMALRenderer::Process - discard omvb:0x540d79c8 mmal:0x579a9220 vsync:2768452 queue:2 diff:0.200000
2020-09-24
20:03:47.498 T:1282691968   DEBUG: CMMALRenderer::Process - omvb:0x59c6ca20 mmal:0x579a93f8 vsync:2768452 queue:1 diff:-0.800000
2020-09-24
20:03:47.498 T:1937461264   DEBUG: CMMALRenderer::RenderUpdate - MMAL: clear:0 flags:0 alpha:255 source:1 omvb:0x57930c48 mmal:0x579a95d0 mflags:0 skipping
2020-09-24
20:03:47.514 T:1282691968   DEBUG: CMMALRenderer::Process - debug vsync:2768453 queue:1 fps:23.98/23.98/59.94 inc:0.400000 diff:-0.400000
2020-09-24
20:03:47.515 T:1937461264   DEBUG: CMMALRenderer::RenderUpdate - MMAL: clear:0 flags:0 alpha:255 source:1 omvb:0x57930c48 mmal:0x579a95d0 mflags:0 skipping
2020-09-24
20:03:47.521 T:1370170240   DEBUG: CMMALPool::Configure pool:0x547da3e0 1280x720 (1344x720) pix:-1 size:0 fmt:I42S
2020-09-24
20:03:47.521 T:1370170240   DEBUG: CAddonVideoCodec: GetPicture::VC_PICTURE with pts 2335666 1280x720 (1280x720) 1.777778 0x4b311000:1452864 offset:0,967680,968352, stride:1344,1344,1344
2020-09-24
20:03:47.531 T:1282691968   DEBUG: CMMALRenderer::Process - debug vsync:2768454 queue:1 fps:23.98/23.98/59.94 inc:0.400000 diff:0.000000
2020-09-24
20:03:47.531 T:1282691968   DEBUG: CMMALRenderer::Process - omvb:0x57930c48 mmal:0x579a95d0 vsync:2768454 queue:0 diff:-1.000000
2020-09-24
20:03:47.531 T:1937461264   DEBUG: CMMALRenderer::RenderUpdate - MMAL: clear:0 flags:0 alpha:255 source:2 omvb:0x5478f478 mmal:0x579a97a8 mflags:0 len:1451520 data:0x1019 enc:I42S
2020-09-24
20:03:47.547 T:1282691968   DEBUG: CMMALRenderer::Process - debug vsync:2768455 queue:1 fps:23.98/23.98/59.94 inc:0.400000 diff:-0.600000
2020-09-24
20:03:47.548 T:1937461264   DEBUG: CMMALRenderer::RenderUpdate - MMAL: clear:0 flags:0 alpha:255 source:2 omvb:0x5478f478 mmal:0x579a97a8 mflags:0 skipping
2020-09-24
20:03:47.564 T:1282691968   DEBUG: CMMALRenderer::Process - debug vsync:2768456 queue:1 fps:23.98/23.98/59.94 inc:0.400000 diff:-0.200000
2020-09-24
20:03:47.564 T:1937461264   DEBUG: CMMALRenderer::RenderUpdate - MMAL: clear:0 flags:0 alpha:255 source:2 omvb:0x5478f478 mmal:0x579a97a8 mflags:0 skipping
2020-09-24
20:03:47.572 T:1370170240   DEBUG: CMMALPool::Configure pool:0x547da3e0 1280x720 (1344x720) pix:-1 size:0 fmt:I42S
2020-09-24
20:03:47.572 T:1370170240   DEBUG: CAddonVideoCodec: GetPicture::VC_PICTURE with pts 2377375 1280x720 (1280x720) 1.777778 0x4c746000:1452864 offset:0,967680,968352, stride:1344,1344,1344
2020-09-24
20:03:47.581 T:1282691968   DEBUG: CMMALRenderer::Process - debug vsync:2768457 queue:1 fps:23.98/23.98/59.94 inc:0.400000 diff:0.200000
2020-09-24
20:03:47.581 T:1282691968   DEBUG: CMMALRenderer::Process - omvb:0x5478f478 mmal:0x579a97a8 vsync:2768457 queue:0 diff:-0.800000
2020-09-24
20:03:47.581 T:1937461264   DEBUG: CMMALRenderer::RenderUpdate - MMAL: clear:0 flags:0 alpha:255 source:3 omvb:0x710bd050 mmal:0x579a9980 mflags:0 len:1451520 data:0x10e0 enc:I42S
2020-09-24
20:03:47.597 T:1282691968   DEBUG: CMMALRenderer::Process - debug vsync:2768458 queue:1 fps:23.98/23.98/59.94 inc:0.400000 diff:-0.400000
2020-09-24
20:03:47.600 T:1937461264   DEBUG: CMMALRenderer::Update
2020-09-24
20:03:47.607 T:1370170240   DEBUG: CMMALPool::Configure pool:0x547da3e0 1280x720 (1344x720) pix:-1 size:0 fmt:I42S
2020-09-24
20:03:47.607 T:1370170240   DEBUG: CAddonVideoCodec: GetPicture::VC_PICTURE with pts 2419083 1280x720 (1280x720) 1.777778 0x4bde2000:1452864 offset:0,967680,968352, stride:1344,1344,1344
2020-09-24
20:03:47.614 T:1282691968   DEBUG: CMMALRenderer::Process - debug vsync:2768459 queue:1 fps:23.98/23.98/59.94 inc:0.400000 diff:0.000000
2020-09-24
20:03:47.614 T:1282691968   DEBUG: CMMALRenderer::Process - omvb:0x710bd050 mmal:0x579a9980 vsync:2768459 queue:0 diff:-1.000000
2020-09-24
20:03:47.626 T:1937461264   DEBUG: CMMALRenderer::RenderUpdate - MMAL: clear:0 flags:0 alpha:255 source:3 omvb:0x710bd050 mmal:0x579a9980 mflags:0 skipping
2020-09-24
20:03:47.627 T:1937461264   DEBUG: CMMALRenderer::RenderUpdate - MMAL: clear:0 flags:0 alpha:255 source:4 omvb:0x547793e0 mmal:0x579a9b58 mflags:0 len:1451520 data:0x10d8 enc:I42S
2020-09-24
20:03:47.631 T:1282691968   DEBUG: CMMALRenderer::Process - debug vsync:2768460 queue:1 fps:23.98/23.98/59.94 inc:0.400000 diff:-0.600000
2020-09-24
20:03:47.633 T:1937461264   DEBUG: CMMALRenderer::RenderUpdate - MMAL: clear:0 flags:0 alpha:255 source:4 omvb:0x547793e0 mmal:0x579a9b58 mflags:0 skipping
2020-09-24
20:03:47.647 T:1282691968   DEBUG: CMMALRenderer::Process - debug vsync:2768461 queue:1 fps:23.98/23.98/59.94 inc:0.400000 diff:-0.200000
2020-09-24
20:03:47.648 T:1937461264   DEBUG: CMMALRenderer::RenderUpdate - MMAL: clear:0 flags:0 alpha:255 source:4 omvb:0x547793e0 mmal:0x579a9b58 mflags:0 skipping
2020-09-24
20:03:47.653 T:1370170240   DEBUG: CMMALPool::Configure pool:0x547da3e0 1280x720 (1344x720) pix:-1 size:0 fmt:I42S
2020-09-24
20:03:47.653 T:1370170240   DEBUG: CAddonVideoCodec: GetPicture::VC_PICTURE with pts 2460791 1280x720 (1280x720) 1.777778 0x4b89d000:1452864 offset:0,967680,968352, stride:1344,1344,1344
2020-09-24
20:03:47.664 T:1282691968   DEBUG: CMMALRenderer::Process - debug vsync:2768462 queue:1 fps:23.98/23.98/59.94 inc:0.400000 diff:0.200000
2020-09-24
20:03:47.664 T:1282691968   DEBUG: CMMALRenderer::Process - omvb:0x547793e0 mmal:0x579a9b58 vsync:2768462 queue:0 diff:-0.800000
2020-09-24
20:03:47.664 T:1937461264   DEBUG: CMMALRenderer::RenderUpdate - MMAL: clear:0 flags:0 alpha:255 source:5 omvb:0x5ffa4fc0 mmal:0x579a6d40 mflags:0 len:1451520 data:0x6b6 enc:I42S
2020-09-24
20:03:47.681 T:1282691968   DEBUG: CMMALRenderer::Process - debug vsync:2768463 queue:1 fps:23.98/23.98/59.94 inc:0.400000 diff:-0.400000
2020-09-24
20:03:47.681 T:1937461264   DEBUG: CMMALRenderer::RenderUpdate - MMAL: clear:0 flags:0 alpha:255 source:5 omvb:0x5ffa4fc0 mmal:0x579a6d40 mflags:0 skipping
2020-09-24
20:03:47.698 T:1282691968   DEBUG: CMMALRenderer::Process - debug vsync:2768464 queue:1 fps:23.98/23.98/59.94 inc:0.400000 diff:0.000000
2020-09-24
20:03:47.698 T:1282691968   DEBUG: CMMALRenderer::Process - omvb:0x5ffa4fc0 mmal:0x579a6d40 vsync:2768464 queue:0 diff:-1.000000
2020-09-24
20:03:47.699 T:1937461264   DEBUG: CMMALRenderer::RenderUpdate - MMAL: clear:0 flags:0 alpha:255 source:0 omvb:0x4bcc85b0 mmal:0x579a6f18 mflags:0 len:1451520 data:0x9b1 enc:I42S
2020-09-24
20:03:47.704 T:1370170240   DEBUG: CMMALPool::Configure pool:0x547da3e0 1280x720 (1344x720) pix:-1 size:0 fmt:I42S
2020-09-24
20:03:47.704 T:1370170240   DEBUG: CAddonVideoCodec: GetPicture::VC_PICTURE with pts 2502500 1280x720 (1280x720) 1.777778 0x4b5d7000:1452864 offset:0,967680,968352, stride:1344,1344,1344
2020-09-24
20:03:47.714 T:1282691968   DEBUG: CMMALRenderer::Process - debug vsync:2768465 queue:1 fps:23.98/23.98/59.94 inc:0.400000 diff:-0.600000
2020-09-24
20:03:47.714 T:1937461264   DEBUG: CMMALRenderer::RenderUpdate - MMAL: clear:0 flags:0 alpha:255 source:0 omvb:0x4bcc85b0 mmal:0x579a6f18 mflags:0 skipping
2020-09-24
20:03:47.731 T:1282691968   DEBUG: CMMALRenderer::Process - debug vsync:2768466 queue:1 fps:23.98/23.98/59.94 inc:0.400000 diff:-0.200000
2020-09-24
20:03:47.733 T:1937461264   DEBUG: CMMALRenderer::Update
2020-09-24
20:03:47.739 T:1370170240   DEBUG: CMMALPool::Configure pool:0x547da3e0 1280x720 (1344x720) pix:-1 size:0 fmt:I42S
2020-09-24
20:03:47.739 T:1370170240   DEBUG: CAddonVideoCodec: GetPicture::VC_PICTURE with pts 2544208 1280x720 (1280x720) 1.777778 0x4b73a000:1452864 offset:0,967680,968352, stride:1344,1344,1344
2020-09-24
20:03:47.742 T:1937461264   DEBUG: CMMALRenderer::RenderUpdate - MMAL: clear:0 flags:0 alpha:255 source:0 omvb:0x4bcc85b0 mmal:0x579a6f18 mflags:0 skipping
2020-09-24
20:03:47.747 T:1282691968   DEBUG: CMMALRenderer::Process - debug vsync:2768467 queue:1 fps:23.98/23.98/59.94 inc:0.400000 diff:0.200000
2020-09-24
20:03:47.748 T:1282691968   DEBUG: CMMALRenderer::Process - omvb:0x4bcc85b0 mmal:0x579a6f18 vsync:2768467 queue:0 diff:-0.800000
2020-09-24
20:03:47.748 T:1937461264   DEBUG: CMMALRenderer::RenderUpdate - MMAL: clear:0 flags:0 alpha:255 source:1 omvb:0x6ad76b88 mmal:0x579a70f0 mflags:0 len:1451520 data:0x9db enc:I42S
2020-09-24
20:03:47.764 T:1282691968   DEBUG: CMMALRenderer::Process - debug vsync:2768468 queue:1 fps:23.98/23.98/59.94 inc:0.400000 diff:-0.400000
2020-09-24
20:03:47.765 T:1937461264   DEBUG: CMMALRenderer::RenderUpdate - MMAL: clear:0 flags:0 alpha:255 source:1 omvb:0x6ad76b88 mmal:0x579a70f0 mflags:0 skipping
2020-09-24
20:03:47.781 T:1282691968   DEBUG: CMMALRenderer::Process - debug vsync:2768469 queue:1 fps:23.98/23.98/59.94 inc:0.400000 diff:0.000000
2020-09-24
20:03:47.781 T:1282691968   DEBUG: CMMALRenderer::Process - omvb:0x6ad76b88 mmal:0x579a70f0 vsync:2768469 queue:0 diff:-1.000000
2020-09-24
20:03:47.781 T:1937461264   DEBUG: CMMALRenderer::RenderUpdate - MMAL: clear:0 flags:0 alpha:255 source:2 omvb:0x5a85ec80 mmal:0x579a72c8 mflags:0 len:1451520 data:0xc81 enc:I42S
2020-09-24
20:03:47.787 T:1370170240   DEBUG: CMMALPool::Configure pool:0x547da3e0 1280x720 (1344x720) pix:-1 size:0 fmt:I42S
2020-09-24
20:03:47.787 T:1370170240   DEBUG: CAddonVideoCodec: GetPicture::VC_PICTURE with pts 2585916 1280x720 (1280x720) 1.777778 0x4d29c000:1452864 offset:0,967680,968352, stride:1344,1344,1344
2020-09-24
20:03:47.798 T:1282691968   DEBUG: CMMALRenderer::Process - debug vsync:2768470 queue:1 fps:23.98/23.98/59.94 inc:0.400000 diff:-0.600000
2020-09-24
20:03:47.798 T:1937461264   DEBUG: CMMALRenderer::RenderUpdate - MMAL: clear:0 flags:0 alpha:255 source:2 omvb:0x5a85ec80 mmal:0x579a72c8 mflags:0 skipping
2020-09-24
20:03:47.805 T:1370170240   DEBUG: CMMALPool::Configure pool:0x547da3e0 1280x720 (1344x720) pix:-1 size:0 fmt:I42S
2020-09-24
20:03:47.805 T:1370170240   DEBUG: CAddonVideoCodec: GetPicture::VC_PICTURE with pts 2627625 1280x720 (1280x720) 1.777778 0x4b474000:1452864 offset:0,967680,968352, stride:1344,1344,1344
2020-09-24
20:03:47.814 T:1282691968   DEBUG: CMMALRenderer::Process - debug vsync:2768471 queue:1 fps:23.98/23.98/59.94 inc:0.400000 diff:-0.200000
2020-09-24
20:03:47.815 T:1937461264   DEBUG: CMMALRenderer::RenderUpdate - MMAL: clear:0 flags:0 alpha:255 source:2 omvb:0x5a85ec80 mmal:0x579a72c8 mflags:0 skipping
2020-09-24
20:03:47.831 T:1282691968   DEBUG: CMMALRenderer::Process - debug vsync:2768472 queue:1 fps:23.98/23.98/59.94 inc:0.400000 diff:0.200000
2020-09-24
20:03:47.831 T:1282691968   DEBUG: CMMALRenderer::Process - omvb:0x5a85ec80 mmal:0x579a72c8 vsync:2768472 queue:0 diff:-0.800000
2020-09-24
20:03:47.831 T:1937461264   DEBUG: CMMALRenderer::RenderUpdate - MMAL: clear:0 flags:0 alpha:255 source:3 omvb:0x54797440 mmal:0x579a74a0 mflags:0 len:1451520 data:0xd9a enc:I42S
2020-09-24
20:03:47.848 T:1282691968   DEBUG: CMMALRenderer::Process - debug vsync:2768473 queue:1 fps:23.98/23.98/59.94 inc:0.400000 diff:-0.400000
2020-09-24
20:03:47.850 T:1937461264   DEBUG: CMMALRenderer::Update
2020-09-24
20:03:47.856 T:1370170240   DEBUG: CMMALPool::Configure pool:0x547da3e0 1280x720 (1344x720) pix:-1 size:0 fmt:I42S
2020-09-24
20:03:47.856 T:1370170240   DEBUG: CAddonVideoCodec: GetPicture::VC_PICTURE with pts 2669333 1280x720 (1280x720) 1.777778 0x4ce35000:1452864 offset:0,967680,968352, stride:1344,1344,1344
2020-09-24
20:03:47.860 T:1937461264   DEBUG: CMMALRenderer::RenderUpdate - MMAL: clear:0 flags:0 alpha:255 source:3 omvb:0x54797440 mmal:0x579a74a0 mflags:0 skipping
2020-09-24
20:03:47.864 T:1282691968   DEBUG: CMMALRenderer::Process - debug vsync:2768474 queue:1 fps:23.98/23.98/59.94 inc:0.400000 diff:0.000000
2020-09-24
20:03:47.864 T:1282691968   DEBUG: CMMALRenderer::Process - omvb:0x54797440 mmal:0x579a74a0 vsync:2768474 queue:0 diff:-1.000000
2020-09-24
20:03:47.865 T:1937461264   DEBUG: CMMALRenderer::RenderUpdate - MMAL: clear:0 flags:0 alpha:255 source:4 omvb:0x5799fa00 mmal:0x579a7678 mflags:0 len:1451520 data:0xd9b enc:I42S
2020-09-24
20:03:47.881 T:1282691968   DEBUG: CMMALRenderer::Process - debug vsync:2768475 queue:1 fps:23.98/23.98/59.94 inc:0.400000 diff:-0.600000
2020-09-24
20:03:47.881 T:1937461264   DEBUG: CMMALRenderer::RenderUpdate - MMAL: clear:0 flags:0 alpha:255 source:4 omvb:0x5799fa00 mmal:0x579a7678 mflags:0 skipping
2020-09-24
20:03:47.896 T:1370170240   DEBUG: CMMALPool::Configure pool:0x547da3e0 1280x720 (1344x720) pix:-1 size:0 fmt:I42S
2020-09-24
20:03:47.896 T:1370170240   DEBUG: CAddonVideoCodec: GetPicture::VC_PICTURE with pts 2711041 1280x720 (1280x720) 1.777778 0x4ccd2000:1452864 offset:0,967680,968352, stride:1344,1344,1344
2020-09-24
20:03:47.898 T:1282691968   DEBUG: CMMALRenderer::Process - debug vsync:2768476 queue:1 fps:23.98/23.98/59.94 inc:0.400000 diff:-0.200000
2020-09-24
20:03:47.898 T:1937461264   DEBUG: CMMALRenderer::RenderUpdate - MMAL: clear:0 flags:0 alpha:255 source:4 omvb:0x5799fa00 mmal:0x579a7678 mflags:0 skipping
2020-09-24
20:03:47.914 T:1282691968   DEBUG: CMMALRenderer::Process - debug vsync:2768477 queue:1 fps:23.98/23.98/59.94 inc:0.400000 diff:0.200000
2020-09-24
20:03:47.914 T:1282691968   DEBUG: CMMALRenderer::Process - omvb:0x5799fa00 mmal:0x579a7678 vsync:2768477 queue:0 diff:-0.800000
2020-09-24
20:03:47.915 T:1937461264   DEBUG: CMMALRenderer::RenderUpdate - MMAL: clear:0 flags:0 alpha:255 source:5 omvb:0x540d79c8 mmal:0x579a7850 mflags:0 len:1451520 data:0x1197 enc:I42S
2020-09-24
20:03:47.931 T:1282691968   DEBUG: CMMALRenderer::Process - debug vsync:2768478 queue:1 fps:23.98/23.98/59.94 inc:0.400000 diff:-0.400000
2020-09-24
20:03:47.931 T:1937461264   DEBUG: CMMALRenderer::RenderUpdate - MMAL: clear:0 flags:0 alpha:255 source:5 omvb:0x540d79c8 mmal:0x579a7850 mflags:0 skipping
2020-09-24
20:03:47.937 T:1370170240   DEBUG: CMMALPool::Configure pool:0x547da3e0 1280x720 (1344x720) pix:-1 size:0 fmt:I42S
2020-09-24
20:03:47.937 T:1370170240   DEBUG: CAddonVideoCodec: GetPicture::VC_PICTURE with pts 2752750 1280x720 (1280x720) 1.777778 0x4cb6f000:1452864 offset:0,967680,968352, stride:1344,1344,1344
2020-09-24
20:03:47.948 T:1282691968   DEBUG: CMMALRenderer::Process - debug vsync:2768479 queue:1 fps:23.98/23.98/59.94 inc:0.400000 diff:0.000000
2020-09-24
20:03:47.948 T:1282691968   DEBUG: CMMALRenderer::Process - omvb:0x540d79c8 mmal:0x579a7850 vsync:2768479 queue:0 diff:-1.000000
2020-09-24
20:03:47.948 T:1937461264   DEBUG: CMMALRenderer::RenderUpdate - MMAL: clear:0 flags:0 alpha:255 source:0 omvb:0x498df1c8 mmal:0x579a7a28 mflags:0 len:1451520 data:0x1196 enc:I42S
2020-09-24
20:03:47.965 T:1282691968   DEBUG: CMMALRenderer::Process - debug vsync:2768480 queue:1 fps:23.98/23.98/59.94 inc:0.400000 diff:-0.600000
2020-09-24
20:03:47.967 T:1937461264   DEBUG: CMMALRenderer::Update
2020-09-24
20:03:47.972 T:1479009152    INFO: [plugin.video.netflix (0)] EVENT [start] - Executing request (attempt 1)
2020-09-24
20:03:47.977 T:1370170240   DEBUG: CMMALPool::Configure pool:0x547da3e0 1280x720 (1344x720) pix:-1 size:0 fmt:I42S
2020-09-24
20:03:47.977 T:1370170240   DEBUG: CAddonVideoCodec: GetPicture::VC_PICTURE with pts 2794458 1280x720 (1280x720) 1.777778 0x4ca0c000:1452864 offset:0,967680,968352, stride:1344,1344,1344
2020-09-24
20:03:47.978 T:1937461264   DEBUG: CMMALRenderer::RenderUpdate - MMAL: clear:0 flags:0 alpha:255 source:0 omvb:0x498df1c8 mmal:0x579a7a28 mflags:0 skipping
2020-09-24
20:03:47.981 T:1282691968   DEBUG: CMMALRenderer::Process - debug vsync:2768481 queue:1 fps:23.98/23.98/59.94 inc:0.400000 diff:-0.200000
2020-09-24
20:03:47.982 T:1937461264   DEBUG: CMMALRenderer::RenderUpdate - MMAL: clear:0 flags:0 alpha:255 source:0 omvb:0x498df1c8 mmal:0x579a7a28 mflags:0 skipping
2020-09-24
20:03:47.995 T:1479009152   DEBUG: [plugin.video.netflix (0)] Chunked request will be executed with auth data: {u'use_switch_profile': False, u'user_id_token': {u'tokendata': u'eyJ1c2VyZGF0YSI6IkJRQ0FBQUVCRUtwV1F5bTdyaDdPb1VHWHRDQXRENnFCQUVOQVNIa0FHZFZNNE1OakJoTkkxL2JwM0ZqK2NmdEZZWmd5R1MzdWlWdFBnOWJVYlptd2w4Qi8wVWdDenE0UktJeFVhaS9LNGFrOGFidU5pRjBnWGx4ZXA0YklTMHJtSHNWbjBnc3VHd0hKNHM0K0NhZTh3K1NHenN0Q3RpeGRCeXEyT3prdFBRSDd1NHk4QXgwNFVuT2owcDQxeHRPY1lrZCtEb0VtQ3cycHdHTG9ERUFVa0tZQU1nR1lJRGU3ZnN3bnowQ3hZYWwyK0tlM2R4Z0ZUQ2RmdWhLOFhRMXVwTUg1VUhTU1M1NjV0QjhibDZZT2VyVXlVSG8yMmdzQ05kS2MvZnA4dzlKWC83bDZsbnZTOW0zSGVQeG1HT3RySEVVNnBKS2o2MkdQVGs2c0NIWXpUL3hZSTlrRWV3RWV5M3E4Mk9RTmtieWVocTBtOWVCTXFvST0iLCJtdHNlcmlhbG51bWJlciI6NzM0MTA4ODk1NDUzNTQ3NywicmVuZXdhbHdpbmRvdyI6MTYwMDk5NjUwMiwic2VyaWFsbnVtYmVyIjo3NDg2NDU0NDkyMzQ0ODksImV4cGlyYXRpb24iOjE2MDIxNzczMDJ9', u'signature': u'AQEAgQABASA7Ws4sdtcG9IoNQzpysEjf3Q/pnOILe1kR21fldCWYXFHnrSE='}}
2020-09-24
20:03:47.998 T:1282691968   DEBUG: CMMALRenderer::Process - debug vsync:2768482 queue:1 fps:23.98/23.98/59.94 inc:0.400000 diff:0.200000
2020-09-24
20:03:47.998 T:1282691968   DEBUG: CMMALRenderer::Process - omvb:0x498df1c8 mmal:0x579a7a28 vsync:2768482 queue:0 diff:-0.800000
2020-09-24
20:03:47.999 T:1937461264   DEBUG: CMMALRenderer::RenderUpdate - MMAL: clear:0 flags:0 alpha:255 source:1 omvb:0x59c6ca20 mmal:0x579a7c00 mflags:0 len:1451520 data:0x1150 enc:I42S
2020-09-24
20:03:48.004 T:1479009152   DEBUG: [plugin.video.netflix (0)] Call to msl_request took 16ms
2020-09-24
20:03:48.005 T:1479009152   DEBUG: [plugin.video.netflix (0)] Executing POST request to https://www.netflix.com/nq/msl_v1/cadmium/pbo_events/%5E1.0.0/router?reqAttempt=1&reqPriority=20&reqName=events/start
2020-09-24
20:03:48.014 T:1282691968   DEBUG: CMMALRenderer::Process - debug vsync:2768483 queue:1 fps:23.98/23.98/59.94 inc:0.400000 diff:-0.400000
2020-09-24
20:03:48.015 T:1937461264   DEBUG: CMMALRenderer::RenderUpdate - MMAL: clear:0 flags:0 alpha:255 source:1 omvb:0x59c6ca20 mmal:0x579a7c00 mflags:0 skipping
2020-09-24
20:03:48.031 T:1282691968   DEBUG: CMMALRenderer::Process - debug vsync:2768484 queue:1 fps:23.98/23.98/59.94 inc:0.400000 diff:0.000000
2020-09-24
20:03:48.031 T:1282691968   DEBUG: CMMALRenderer::Process - omvb:0x59c6ca20 mmal:0x579a7c00 vsync:2768484 queue:0 diff:-1.000000
2020-09-24
20:03:48.032 T:1937461264   DEBUG: CMMALRenderer::RenderUpdate - MMAL: clear:0 flags:0 alpha:255 source:2 omvb:0x57930c48 mmal:0x579a7dd8 mflags:0 len:1451520 data:0x4ed enc:I42S
2020-09-24
20:03:48.040 T:1370170240   DEBUG: CMMALPool::Configure pool:0x547da3e0 1280x720 (1344x720) pix:-1 size:0 fmt:I42S
2020-09-24
20:03:48.040 T:1370170240   DEBUG: CAddonVideoCodec: GetPicture::VC_PICTURE with pts 2836166 1280x720 (1280x720) 1.777778 0x4c8a9000:1452864 offset:0,967680,968352, stride:1344,1344,1344
2020-09-24
20:03:48.048 T:1282691968   DEBUG: CMMALRenderer::Process - debug vsync:2768485 queue:1 fps:23.98/23.98/59.94 inc:0.400000 diff:-0.600000
2020-09-24
20:03:48.048 T:1937461264   DEBUG: CMMALRenderer::RenderUpdate - MMAL: clear:0 flags:0 alpha:255 source:2 omvb:0x57930c48 mmal:0x579a7dd8 mflags:0 skipping
2020-09-24
20:03:48.054 T:1370170240   DEBUG: CMMALPool::Configure pool:0x547da3e0 1280x720 (1344x720) pix:-1 size:0 fmt:I42S
2020-09-24
20:03:48.054 T:1370170240   DEBUG: CAddonVideoCodec: GetPicture::VC_PICTURE with pts 2877875 1280x720 (1280x720) 1.777778 0x4b311000:1452864 offset:0,967680,968352, stride:1344,1344,1344
2020-09-24
20:03:48.064 T:1282691968   DEBUG: CMMALRenderer::Process - debug vsync:2768486 queue:1 fps:23.98/23.98/59.94 inc:0.400000 diff:-0.200000
2020-09-24
20:03:48.065 T:1937461264   DEBUG: CMMALRenderer::RenderUpdate - MMAL: clear:0 flags:0 alpha:255 source:2 omvb:0x57930c48 mmal:0x579a7dd8 mflags:0 skipping
2020-09-24
20:03:48.081 T:1282691968   DEBUG: CMMALRenderer::Process - debug vsync:2768487 queue:1 fps:23.98/23.98/59.94 inc:0.400000 diff:0.200000
2020-09-24
20:03:48.081 T:1282691968   DEBUG: CMMALRenderer::Process - omvb:0x57930c48 mmal:0x579a7dd8 vsync:2768487 queue:0 diff:-0.800000
2020-09-24
20:03:48.084 T:1937461264   DEBUG: CMMALRenderer::Update
2020-09-24
20:03:48.090 T:1937461264   DEBUG: CMMALRenderer::RenderUpdate - MMAL: clear:0 flags:0 alpha:255 source:3 omvb:0x5478f478 mmal:0x579a7fb0 mflags:0 len:1451520 data:0x1019 enc:I42S
2020-09-24
20:03:48.090 T:1479009152   DEBUG: [plugin.video.netflix (0)] Request took 0.112488s
2020-09-24
20:03:48.091 T:1479009152   DEBUG: [plugin.video.netflix (0)] Request returned response with status 200
2020-09-24
20:03:48.093 T:1479009152   DEBUG: [plugin.video.netflix (0)] Received encrypted chunked response
2020-09-24
20:03:48.095 T:1479009152   DEBUG: [plugin.video.netflix (0)] Call to _parse_chunks took 0ms
2020-09-24
20:03:48.098 T:1282691968   DEBUG: CMMALRenderer::Process - debug vsync:2768488 queue:1 fps:23.98/23.98/59.94 inc:0.400000 diff:-0.400000
2020-09-24
20:03:48.101 T:1937461264   DEBUG: CMMALRenderer::RenderUpdate - MMAL: clear:0 flags:0 alpha:255 source:3 omvb:0x5478f478 mmal:0x579a7fb0 mflags:0 skipping
2020-09-24
20:03:48.102 T:1479009152   DEBUG: [plugin.video.netflix (0)] Call to _decrypt_chunks took 2ms
2020-09-24
20:03:48.103 T:1479009152   DEBUG: [plugin.video.netflix (0)] Call to _process_chunked_response took 13ms
2020-09-24
20:03:48.104 T:1479009152   DEBUG: [plugin.video.netflix (0)] Call to chunked_request took 162ms
2020-09-24
20:03:48.104 T:1479009152   DEBUG: [plugin.video.netflix (0)] EVENT [start] - Request response: {}
2020-09-24
20:03:48.108 T:1370170240   DEBUG: CMMALPool::Configure pool:0x547da3e0 1280x720 (1344x720) pix:-1 size:0 fmt:I42S
2020-09-24
20:03:48.108 T:1370170240   DEBUG: CAddonVideoCodec: GetPicture::VC_PICTURE with pts 2919583 1280x720 (1280x720) 1.777778 0x4c746000:1452864 offset:0,967680,968352, stride:1344,1344,1344
2020-09-24
20:03:48.114 T:1282691968   DEBUG: CMMALRenderer::Process - debug vsync:2768489 queue:1 fps:23.98/23.98/59.94 inc:0.400000 diff:0.000000
2020-09-24
20:03:48.115 T:1282691968   DEBUG: CMMALRenderer::Process - omvb:0x5478f478 mmal:0x579a7fb0 vsync:2768489 queue:0 diff:-1.000000
2020-09-24
20:03:48.115 T:1937461264   DEBUG: CMMALRenderer::RenderUpdate - MMAL: clear:0 flags:0 alpha:255 source:4 omvb:0x710bd050 mmal:0x579a8188 mflags:0 len:1451520 data:0x10e0 enc:I42S
2020-09-24
20:03:48.131 T:1282691968   DEBUG: CMMALRenderer::Process - debug vsync:2768490 queue:1 fps:23.98/23.98/59.94 inc:0.400000 diff:-0.600000
2020-09-24
20:03:48.132 T:1937461264   DEBUG: CMMALRenderer::RenderUpdate - MMAL: clear:0 flags:0 alpha:255 source:4 omvb:0x710bd050 mmal:0x579a8188 mflags:0 skipping
2020-09-24
20:03:48.140 T:1370170240   DEBUG: CMMALPool::Configure pool:0x547da3e0 1280x720 (1344x720) pix:-1 size:0 fmt:I42S
2020-09-24
20:03:48.140 T:1370170240   DEBUG: CAddonVideoCodec: GetPicture::VC_PICTURE with pts 2961291 1280x720 (1280x720) 1.777778 0x4bde2000:1452864 offset:0,967680,968352, stride:1344,1344,1344
2020-09-24
20:03:48.148 T:1282691968   DEBUG: CMMALRenderer::Process - debug vsync:2768491 queue:1 fps:23.98/23.98/59.94 inc:0.400000 diff:-0.200000
2020-09-24
20:03:48.148 T:1937461264   DEBUG: CMMALRenderer::RenderUpdate - MMAL: clear:0 flags:0 alpha:255 source:4 omvb:0x710bd050 mmal:0x579a8188 mflags:0 skipping
2020-09-24
20:03:48.165 T:1282691968   DEBUG: CMMALRenderer::Process - debug vsync:2768492 queue:1 fps:23.98/23.98/59.94 inc:0.400000 diff:0.200000
2020-09-24
20:03:48.165 T:1282691968   DEBUG: CMMALRenderer::Process - omvb:0x710bd050 mmal:0x579a8188 vsync:2768492 queue:0 diff:-0.800000
2020-09-24
20:03:48.165 T:1937461264   DEBUG: CMMALRenderer::RenderUpdate - MMAL: clear:0 flags:0 alpha:255 source:5 omvb:0x547793e0 mmal:0x579a8360 mflags:0 len:1451520 data:0x10d8 enc:I42S
2020-09-24
20:03:48.181 T:1282691968   DEBUG: CMMALRenderer::Process - debug vsync:2768493 queue:1 fps:23.98/23.98/59.94 inc:0.400000 diff:-0.400000
2020-09-24
20:03:48.181 T:1937461264   DEBUG: CMMALRenderer::RenderUpdate - MMAL: clear:0 flags:0 alpha:255 source:5 omvb:0x547793e0 mmal:0x579a8360 mflags:0 skipping
2020-09-24
20:03:48.198 T:1282691968   DEBUG: CMMALRenderer::Process - debug vsync:2768494 queue:1 fps:23.98/23.98/59.94 inc:0.400000 diff:0.000000
2020-09-24
20:03:48.198 T:1282691968   DEBUG: CMMALRenderer::Process - omvb:0x547793e0 mmal:0x579a8360 vsync:2768494 queue:0 diff:-1.000000
2020-09-24
20:03:48.200 T:1937461264   DEBUG: CMMALRenderer::Update
2020-09-24
20:03:48.204 T:1937461264   DEBUG: CMMALRenderer::RenderUpdate - MMAL: clear:0 flags:0 alpha:255 source:0 omvb:0x5ffa4fc0 mmal:0x579a8538 mflags:0 len:1451520 data:0x6b6 enc:I42S
2020-09-24
20:03:48.214 T:1282691968   DEBUG: CMMALRenderer::Process - debug vsync:2768495 queue:1 fps:23.98/23.98/59.94 inc:0.400000 diff:-0.600000
2020-09-24
20:03:48.215 T:1937461264   DEBUG: CMMALRenderer::RenderUpdate - MMAL: clear:0 flags:0 alpha:255 source:0 omvb:0x5ffa4fc0 mmal:0x579a8538 mflags:0 skipping
2020-09-24
20:03:48.232 T:1370170240   DEBUG: CMMALPool::Configure pool:0x547da3e0 1280x720 (1344x720) pix:-1 size:0 fmt:I42S
2020-09-24
20:03:48.235 T:1282691968   DEBUG: CMMALRenderer::Process - debug vsync:2768496 queue:1 fps:23.98/23.98/59.94 inc:0.400000 diff:-0.200000
2020-09-24
20:03:48.235 T:1370170240   DEBUG: CAddonVideoCodec: GetPicture::VC_PICTURE with pts 3003000 1280x720 (1280x720) 1.777778 0x4b89d000:1452864 offset:0,967680,968352, stride:1344,1344,1344
2020-09-24
20:03:48.236 T:1937461264   DEBUG: CMMALRenderer::RenderUpdate - MMAL: clear:0 flags:0 alpha:255 source:0 omvb:0x5ffa4fc0 mmal:0x579a8538 mflags:0 skipping
2020-09-24
20:03:48.241 T:1370170240   DEBUG: CMMALPool::Configure pool:0x547da3e0 1280x720 (1344x720) pix:-1 size:0 fmt:I42S
2020-09-24
20:03:48.241 T:1370170240   DEBUG: CAddonVideoCodec: GetPicture::VC_PICTURE with pts 3044708 1280x720 (1280x720) 1.777778 0x4b5d7000:1452864 offset:0,967680,968352, stride:1344,1344,1344
2020-09-24
20:03:48.248 T:1282691968   DEBUG: CMMALRenderer::Process - debug vsync:2768497 queue:1 fps:23.98/23.98/59.94 inc:0.400000 diff:0.200000
2020-09-24
20:03:48.248 T:1282691968   DEBUG: CMMALRenderer::Process - omvb:0x5ffa4fc0 mmal:0x579a8538 vsync:2768497 queue:0 diff:-0.800000
2020-09-24
20:03:48.248 T:1937461264   DEBUG: CMMALRenderer::RenderUpdate - MMAL: clear:0 flags:0 alpha:255 source:1 omvb:0x4bcc85b0 mmal:0x579a8710 mflags:0 len:1451520 data:0x9b1 enc:I42S
2020-09-24
20:03:48.265 T:1282691968   DEBUG: CMMALRenderer::Process - debug vsync:2768498 queue:1 fps:23.98/23.98/59.94 inc:0.400000 diff:-0.400000
2020-09-24
20:03:48.265 T:1937461264   DEBUG: CMMALRenderer::RenderUpdate - MMAL: clear:0 flags:0 alpha:255 source:1 omvb:0x4bcc85b0 mmal:0x579a8710 mflags:0 skipping
2020-09-24
20:03:48.281 T:1282691968   DEBUG: CMMALRenderer::Process - debug vsync:2768499 queue:1 fps:23.98/23.98/59.94 inc:0.400000 diff:0.000000
2020-09-24
20:03:48.281 T:1282691968   DEBUG: CMMALRenderer::Process - omvb:0x4bcc85b0 mmal:0x579a8710 vsync:2768499 queue:0 diff:-1.000000
2020-09-24
20:03:48.281 T:1937461264   DEBUG: CMMALRenderer::RenderUpdate - MMAL: clear:0 flags:0 alpha:255 source:2 omvb:0x6ad76b88 mmal:0x579a88e8 mflags:0 len:1451520 data:0x9db enc:I42S
2020-09-24
20:03:48.289 T:1370170240   DEBUG: CMMALPool::Configure pool:0x547da3e0 1280x720 (1344x720) pix:-1 size:0 fmt:I42S
2020-09-24
20:03:48.289 T:1370170240   DEBUG: CAddonVideoCodec: GetPicture::VC_PICTURE with pts 3086416 1280x720 (1280x720) 1.777778 0x4b73a000:1452864 offset:0,967680,968352, stride:1344,1344,1344
2020-09-24
20:03:48.298 T:1282691968   DEBUG: CMMALRenderer::Process - debug vsync:2768500 queue:1 fps:23.98/23.98/59.94 inc:0.400000 diff:-0.600000
2020-09-24
20:03:48.298 T:1937461264   DEBUG: CMMALRenderer::RenderUpdate - MMAL: clear:0 flags:0 alpha:255 source:2 omvb:0x6ad76b88 mmal:0x579a88e8 mflags:0 skipping
2020-09-24
20:03:48.315 T:1282691968   DEBUG: CMMALRenderer::Process - debug vsync:2768501 queue:1 fps:23.98/23.98/59.94 inc:0.400000 diff:-0.200000
2020-09-24
20:03:48.317 T:1937461264   DEBUG: CMMALRenderer::Update
2020-09-24
20:03:48.321 T:1536807808   DEBUG: [plugin.video.netflix (0)] Executing JSON-RPC: {"params": {"playerid": 1, "properties": ["audiostreams", "currentaudiostream", "currentvideostream", "subtitles", "currentsubtitle", "subtitleenabled", "percentage", "time"]}, "jsonrpc": "2.0", "method": "Player.GetProperties", "id": 1}
2020-09-24
20:03:48.321 T:1370170240   DEBUG: CMMALPool::Configure pool:0x547da3e0 1280x720 (1344x720) pix:-1 size:0 fmt:I42S
2020-09-24
20:03:48.321 T:1370170240   DEBUG: CAddonVideoCodec: GetPicture::VC_PICTURE with pts 3128125 1280x720 (1280x720) 1.777778 0x4d29c000:1452864 offset:0,967680,968352, stride:1344,1344,1344
2020-09-24
20:03:48.325 T:1536807808   DEBUG: [plugin.video.netflix (0)] Notifying all action managers of call_on_tick (data={u'currentaudiostream': {u'index': 2, u'name': u'AAC ', u'language': u'eng', u'channels': 2, u'codec': u'aac', u'bitrate': 131072}, u'currentvideostream': {u'index': 0, u'name': u'', u'language': u'unk', u'height': 720, u'width': 1280, u'codec': u'h264'}, u'elapsed_seconds': 2, u'time': {u'hours': 0, u'seconds': 2, u'minutes': 0, u'milliseconds': 675}, u'subtitleenabled': True, u'percentage': 0.08538142591714859, u'currentsubtitle': {u'index': 2, u'name': u'', u'language': u'eng'}, u'audiostreams': [{u'index': 0, u'name': u'AAC ', u'language': u'ger', u'channels': 2, u'codec': u'aac', u'bitrate': 131072}, {u'index': 1, u'name': u'AAC ', u'language': u'eng', u'channels': 2, u'codec': u'aac', u'bitrate': 131072}, {u'index': 2, u'name': u'AAC ', u'language': u'eng', u'channels': 2, u'codec': u'aac', u'bitrate': 131072}, {u'index': 3, u'name': u'AAC ', u'language': u'spa', u'channels': 2, u'codec': u'aac', u'bitrate': 131072}, {u'index': 4, u'name': u'AAC ', u'language': u'es-Spain', u'channels': 2, u'codec': u'aac', u'bitrate': 131072}, {u'index': 5, u'name': u'AAC ', u'language': u'fre', u'channels': 2, u'codec': u'aac', u'bitrate': 131072}, {u'index': 6, u'name': u'AAC ', u'language': u'ita', u'channels': 2, u'codec': u'aac', u'bitrate': 131072}], u'subtitles': [{u'index': 0, u'name': u'', u'language': u'ara'}, {u'index': 1, u'name': u'', u'language': u'ger'}, {u'index': 2, u'name': u'', u'language': u'eng'}, {u'index': 3, u'name': u'', u'language': u'eng'}, {u'index': 4, u'name': u'', u'language': u'spa'}, {u'index': 5, u'name': u'', u'language': u'es-Spain'}, {u'index': 6, u'name': u'', u'language': u'es-Spain'}, {u'index': 7, u'name': u'', u'language': u'es-Spain'}, {u'index': 8, u'name': u'', u'language': u'fre'}, {u'index': 9, u'name': u'', u'language': u'fre'}, {u'index': 10, u'name': u'', u'language': u'ita'}, {u'index': 11, u'name': u'', u'language': u'rum'}]})
2020-09-24
20:03:48.329 T:1937461264   DEBUG: CMMALRenderer::RenderUpdate - MMAL: clear:0 flags:0 alpha:255 source:2 omvb:0x6ad76b88 mmal:0x579a88e8 mflags:0 skipping
2020-09-24
20:03:48.331 T:1282691968   DEBUG: CMMALRenderer::Process - debug vsync:2768502 queue:1 fps:23.98/23.98/59.94 inc:0.400000 diff:0.200000
2020-09-24
20:03:48.331 T:1282691968   DEBUG: CMMALRenderer::Process - omvb:0x6ad76b88 mmal:0x579a88e8 vsync:2768502 queue:0 diff:-0.800000
2020-09-24
20:03:48.332 T:1937461264   DEBUG: CMMALRenderer::RenderUpdate - MMAL: clear:0 flags:0 alpha:255 source:3 omvb:0x5a85ec80 mmal:0x579a8ac0 mflags:0 len:1451520 data:0xc81 enc:I42S
2020-09-24
20:03:48.348 T:1282691968   DEBUG: CMMALRenderer::Process - debug vsync:2768503 queue:1 fps:23.98/23.98/59.94 inc:0.400000 diff:-0.400000
2020-09-24
20:03:48.348 T:1937461264   DEBUG: CMMALRenderer::RenderUpdate - MMAL: clear:0 flags:0 alpha:255 source:3 omvb:0x5a85ec80 mmal:0x579a8ac0 mflags:0 skipping
2020-09-24
20:03:48.365 T:1282691968   DEBUG: CMMALRenderer::Process - debug vsync:2768504 queue:1 fps:23.98/23.98/59.94 inc:0.400000 diff:0.000000
2020-09-24
20:03:48.365 T:1282691968   DEBUG: CMMALRenderer::Process - omvb:0x5a85ec80 mmal:0x579a8ac0 vsync:2768504 queue:0 diff:-1.000000
2020-09-24
20:03:48.365 T:1937461264   DEBUG: CMMALRenderer::RenderUpdate - MMAL: clear:0 flags:0 alpha:255 source:4 omvb:0x54797440 mmal:0x579a8c98 mflags:0 len:1451520 data:0xd9a enc:I42S
2020-09-24
20:03:48.372 T:1370170240   DEBUG: CMMALPool::Configure pool:0x547da3e0 1280x720 (1344x720) pix:-1 size:0 fmt:I42S
2020-09-24
20:03:48.372 T:1370170240   DEBUG: CAddonVideoCodec: GetPicture::VC_PICTURE with pts 3169833 1280x720 (1280x720) 1.777778 0x4b474000:1452864 offset:0,967680,968352, stride:1344,1344,1344
2020-09-24
20:03:48.381 T:1282691968   DEBUG: CMMALRenderer::Process - debug vsync:2768505 queue:1 fps:23.98/23.98/59.94 inc:0.400000 diff:-0.600000
2020-09-24
20:03:48.382 T:1937461264   DEBUG: CMMALRenderer::RenderUpdate - MMAL: clear:0 flags:0 alpha:255 source:4 omvb:0x54797440 mmal:0x579a8c98 mflags:0 skipping
2020-09-24
20:03:48.398 T:1282691968   DEBUG: CMMALRenderer::Process - debug vsync:2768506 queue:1 fps:23.98/23.98/59.94 inc:0.400000 diff:-0.200000
2020-09-24
20:03:48.398 T:1937461264   DEBUG: CMMALRenderer::RenderUpdate - MMAL: clear:0 flags:0 alpha:255 source:4 omvb:0x54797440 mmal:0x579a8c98 mflags:0 skipping
2020-09-24
20:03:48.404 T:1370170240   DEBUG: CMMALPool::Configure pool:0x547da3e0 1280x720 (1344x720) pix:-1 size:0 fmt:I42S
2020-09-24
20:03:48.404 T:1370170240   DEBUG: CAddonVideoCodec: GetPicture::VC_PICTURE with pts 3211541 1280x720 (1280x720) 1.777778 0x4ce35000:1452864 offset:0,967680,968352, stride:1344,1344,1344
2020-09-24
20:03:48.415 T:1282691968   DEBUG: CMMALRenderer::Process - debug vsync:2768507 queue:1 fps:23.98/23.98/59.94 inc:0.400000 diff:0.200000
2020-09-24
20:03:48.415 T:1282691968   DEBUG: CMMALRenderer::Process - omvb:0x54797440 mmal:0x579a8c98 vsync:2768507 queue:0 diff:-0.800000
2020-09-24
20:03:48.415 T:1937461264   DEBUG: CMMALRenderer::RenderUpdate - MMAL: clear:0 flags:0 alpha:255 source:5 omvb:0x5799fa00 mmal:0x579a8e70 mflags:0 len:1451520 data:0xd9b enc:I42S
2020-09-24
20:03:48.432 T:1282691968   DEBUG: CMMALRenderer::Process - debug vsync:2768508 queue:1 fps:23.98/23.98/59.94 inc:0.400000 diff:-0.400000
2020-09-24
20:03:48.434 T:1937461264   DEBUG: CMMALRenderer::Update
2020-09-24
20:03:48.439 T:1937461264   DEBUG: CMMALRenderer::RenderUpdate - MMAL: clear:0 flags:0 alpha:255 source:5 omvb:0x5799fa00 mmal:0x579a8e70 mflags:0 skipping
2020-09-24
20:03:48.441 T:1370170240   DEBUG: CMMALPool::Configure pool:0x547da3e0 1280x720 (1344x720) pix:-1 size:0 fmt:I42S
2020-09-24
20:03:48.442 T:1370170240   DEBUG: CAddonVideoCodec: GetPicture::VC_PICTURE with pts 3253250 1280x720 (1280x720) 1.777778 0x4ccd2000:1452864 offset:0,967680,968352, stride:1344,1344,1344
2020-09-24
20:03:48.448 T:1282691968   DEBUG: CMMALRenderer::Process - debug vsync:2768509 queue:1 fps:23.98/23.98/59.94 inc:0.400000 diff:0.000000
2020-09-24
20:03:48.448 T:1282691968   DEBUG: CMMALRenderer::Process - omvb:0x5799fa00 mmal:0x579a8e70 vsync:2768509 queue:0 diff:-1.000000
2020-09-24
20:03:48.449 T:1937461264   DEBUG: CMMALRenderer::RenderUpdate - MMAL: clear:0 flags:0 alpha:255 source:0 omvb:0x540d79c8 mmal:0x579a9220 mflags:0 len:1451520 data:0x1197 enc:I42S
2020-09-24
20:03:48.465 T:1282691968   DEBUG: CMMALRenderer::Process - debug vsync:2768510 queue:1 fps:23.98/23.98/59.94 inc:0.400000 diff:-0.600000
2020-09-24
20:03:48.465 T:1937461264   DEBUG: CMMALRenderer::RenderUpdate - MMAL: clear:0 flags:0 alpha:255 source:0 omvb:0x540d79c8 mmal:0x579a9220 mflags:0 skipping
2020-09-24
20:03:48.481 T:1282691968   DEBUG: CMMALRenderer::Process - debug vsync:2768511 queue:1 fps:23.98/23.98/59.94 inc:0.400000 diff:-0.200000
2020-09-24
20:03:48.482 T:1937461264   DEBUG: CMMALRenderer::RenderUpdate - MMAL: clear:0 flags:0 alpha:255 source:0 omvb:0x540d79c8 mmal:0x579a9220 mflags:0 skipping
2020-09-24
20:03:48.492 T:1370170240   DEBUG: CMMALPool::Configure pool:0x547da3e0 1280x720 (1344x720) pix:-1 size:0 fmt:I42S
2020-09-24
20:03:48.492 T:1370170240   DEBUG: CAddonVideoCodec: GetPicture::VC_PICTURE with pts 3294958 1280x720 (1280x720) 1.777778 0x4cb6f000:1452864 offset:0,967680,968352, stride:1344,1344,1344
2020-09-24
20:03:48.498 T:1282691968   DEBUG: CMMALRenderer::Process - debug vsync:2768512 queue:1 fps:23.98/23.98/59.94 inc:0.400000 diff:0.200000
2020-09-24
20:03:48.498 T:1282691968   DEBUG: CMMALRenderer::Process - omvb:0x540d79c8 mmal:0x579a9220 vsync:2768512 queue:0 diff:-0.800000
2020-09-24
20:03:48.498 T:1937461264   DEBUG: CMMALRenderer::RenderUpdate - MMAL: clear:0 flags:0 alpha:255 source:1 omvb:0x498df1c8 mmal:0x579a9048 mflags:0 len:1451520 data:0x1196 enc:I42S
2020-09-24
20:03:48.515 T:1282691968   DEBUG: CMMALRenderer::Process - debug vsync:2768513 queue:1 fps:23.98/23.98/59.94 inc:0.400000 diff:-0.400000
2020-09-24
20:03:48.515 T:1937461264   DEBUG: CMMALRenderer::RenderUpdate - MMAL: clear:0 flags:0 alpha:255 source:1 omvb:0x498df1c8 mmal:0x579a9048 mflags:0 skipping
2020-09-24
20:03:48.531 T:1282691968   DEBUG: CMMALRenderer::Process - debug vsync:2768514 queue:1 fps:23.98/23.98/59.94 inc:0.400000 diff:0.000000
2020-09-24
20:03:48.532 T:1282691968   DEBUG: CMMALRenderer::Process - omvb:0x498df1c8 mmal:0x579a9048 vsync:2768514 queue:0 diff:-1.000000
2020-09-24
20:03:48.532 T:1937461264   DEBUG: CMMALRenderer::RenderUpdate - MMAL: clear:0 flags:0 alpha:255 source:2 omvb:0x59c6ca20 mmal:0x579a93f8 mflags:0 len:1451520 data:0x1150 enc:I42S
2020-09-24
20:03:48.543 T:1370170240   DEBUG: CMMALPool::Configure pool:0x547da3e0 1280x720 (1344x720) pix:-1 size:0 fmt:I42S
2020-09-24
20:03:48.543 T:1370170240   DEBUG: CAddonVideoCodec: GetPicture::VC_PICTURE with pts 3336666 1280x720 (1280x720) 1.777778 0x4ca0c000:1452864 offset:0,967680,968352, stride:1344,1344,1344
2020-09-24
20:03:48.548 T:1282691968   DEBUG: CMMALRenderer::Process - debug vsync:2768515 queue:1 fps:23.98/23.98/59.94 inc:0.400000 diff:-0.600000
2020-09-24
20:03:48.552 T:1937461264   DEBUG: CMMALRenderer::Update
2020-09-24
20:03:48.564 T:1937461264   DEBUG: CMMALRenderer::RenderUpdate - MMAL: clear:0 flags:0 alpha:255 source:2 omvb:0x59c6ca20 mmal:0x579a93f8 mflags:0 skipping
2020-09-24
20:03:48.565 T:1282691968   DEBUG: CMMALRenderer::Process - debug vsync:2768516 queue:1 fps:23.98/23.98/59.94 inc:0.400000 diff:-0.200000
2020-09-24
20:03:48.565 T:1937461264   DEBUG: CMMALRenderer::RenderUpdate - MMAL: clear:0 flags:0 alpha:255 source:2 omvb:0x59c6ca20 mmal:0x579a93f8 mflags:0 skipping
2020-09-24
20:03:48.581 T:1282691968   DEBUG: CMMALRenderer::Process - debug vsync:2768517 queue:1 fps:23.98/23.98/59.94 inc:0.400000 diff:0.200000
2020-09-24
20:03:48.582 T:1282691968   DEBUG: CMMALRenderer::Process - omvb:0x59c6ca20 mmal:0x579a93f8 vsync:2768517 queue:0 diff:-0.800000
2020-09-24
20:03:48.582 T:1937461264   DEBUG: CMMALRenderer::RenderUpdate - MMAL: clear:0 flags:0 alpha:255 source:3 omvb:0x57930c48 mmal:0x579a95d0 mflags:0 len:1451520 data:0x4ed enc:I42S
2020-09-24
20:03:48.598 T:1282691968   DEBUG: CMMALRenderer::Process - debug vsync:2768518 queue:1 fps:23.98/23.98/59.94 inc:0.400000 diff:-0.400000
2020-09-24
20:03:48.598 T:1937461264   DEBUG: CMMALRenderer::RenderUpdate - MMAL: clear:0 flags:0 alpha:255 source:3 omvb:0x57930c48 mmal:0x579a95d0 mflags:0 skipping
2020-09-24
20:03:48.602 T:1370170240   DEBUG: CMMALPool::Configure pool:0x547da3e0 1280x720 (1344x720) pix:-1 size:0 fmt:I42S
2020-09-24
20:03:48.602 T:1370170240   DEBUG: CAddonVideoCodec: GetPicture::VC_PICTURE with pts 3378375 1280x720 (1280x720) 1.777778 0x4c8a9000:1452864 offset:0,967680,968352, stride:1344,1344,1344
2020-09-24
20:03:48.614 T:1370170240   DEBUG: CMMALPool::Configure pool:0x547da3e0 1280x720 (1344x720) pix:-1 size:0 fmt:I42S
2020-09-24
20:03:48.614 T:1370170240   DEBUG: CAddonVideoCodec: GetPicture::VC_PICTURE with pts 3420083 1280x720 (1280x720) 1.777778 0x4b311000:1452864 offset:0,967680,968352, stride:1344,1344,1344
2020-09-24
20:03:48.615 T:1282691968   DEBUG: CMMALRenderer::Process - debug vsync:2768519 queue:1 fps:23.98/23.98/59.94 inc:0.400000 diff:0.000000
2020-09-24
20:03:48.615 T:1282691968   DEBUG: CMMALRenderer::Process - omvb:0x57930c48 mmal:0x579a95d0 vsync:2768519 queue:0 diff:-1.000000
2020-09-24
20:03:48.615 T:1937461264   DEBUG: CMMALRenderer::RenderUpdate - MMAL: clear:0 flags:0 alpha:255 source:4 omvb:0x5478f478 mmal:0x579a97a8 mflags:0 len:1451520 data:0x1019 enc:I42S
2020-09-24
20:03:48.632 T:1282691968   DEBUG: CMMALRenderer::Process - debug vsync:2768520 queue:1 fps:23.98/23.98/59.94 inc:0.400000 diff:-0.600000
2020-09-24
20:03:48.632 T:1937461264   DEBUG: CMMALRenderer::RenderUpdate - MMAL: clear:0 flags:0 alpha:255 source:4 omvb:0x5478f478 mmal:0x579a97a8 mflags:0 skipping
2020-09-24
20:03:48.646 T:1370170240   DEBUG: CMMALPool::Configure pool:0x547da3e0 1280x720 (1344x720) pix:-1 size:0 fmt:I42S
2020-09-24
20:03:48.647 T:1370170240   DEBUG: CAddonVideoCodec: GetPicture::VC_PICTURE with pts 3461791 1280x720 (1280x720) 1.777778 0x4c746000:1452864 offset:0,967680,968352, stride:1344,1344,1344
2020-09-24
20:03:48.648 T:1282691968   DEBUG: CMMALRenderer::Process - debug vsync:2768521 queue:1 fps:23.98/23.98/59.94 inc:0.400000 diff:-0.200000
2020-09-24
20:03:48.648 T:1937461264   DEBUG: CMMALRenderer::RenderUpdate - MMAL: clear:0 flags:0 alpha:255 source:4 omvb:0x5478f478 mmal:0x579a97a8 mflags:0 skipping
2020-09-24
20:03:48.665 T:1282691968   DEBUG: CMMALRenderer::Process - debug vsync:2768522 queue:1 fps:23.98/23.98/59.94 inc:0.400000 diff:0.200000
2020-09-24
20:03:48.665 T:1282691968   DEBUG: CMMALRenderer::Process - omvb:0x5478f478 mmal:0x579a97a8 vsync:2768522 queue:0 diff:-0.800000
2020-09-24
20:03:48.667 T:1937461264   DEBUG: CMMALRenderer::Update
2020-09-24
20:03:48.675 T:1937461264   DEBUG: CMMALRenderer::RenderUpdate - MMAL: clear:0 flags:0 alpha:255 source:5 omvb:0x710bd050 mmal:0x579a9980 mflags:0 len:1451520 data:0x10e0 enc:I42S
2020-09-24
20:03:48.682 T:1282691968   DEBUG: CMMALRenderer::Process - debug vsync:2768523 queue:1 fps:23.98/23.98/59.94 inc:0.400000 diff:-0.400000
2020-09-24
20:03:48.682 T:1937461264   DEBUG: CMMALRenderer::RenderUpdate - MMAL: clear:0 flags:0 alpha:255 source:5 omvb:0x710bd050 mmal:0x579a9980 mflags:0 skipping
2020-09-24
20:03:48.697 T:1370170240   DEBUG: CMMALPool::Configure pool:0x547da3e0 1280x720 (1344x720) pix:-1 size:0 fmt:I42S
2020-09-24
20:03:48.697 T:1370170240   DEBUG: CAddonVideoCodec: GetPicture::VC_PICTURE with pts 3503500 1280x720 (1280x720) 1.777778 0x4bde2000:1452864 offset:0,967680,968352, stride:1344,1344,1344
2020-09-24
20:03:48.698 T:1282691968   DEBUG: CMMALRenderer::Process - debug vsync:2768524 queue:1 fps:23.98/23.98/59.94 inc:0.400000 diff:0.000000
2020-09-24
20:03:48.698 T:1282691968   DEBUG: CMMALRenderer::Process - omvb:0x710bd050 mmal:0x579a9980 vsync:2768524 queue:0 diff:-1.000000
2020-09-24
20:03:48.699 T:1937461264   DEBUG: CMMALRenderer::RenderUpdate - MMAL: clear:0 flags:0 alpha:255 source:0 omvb:0x547793e0 mmal:0x579a9b58 mflags:0 len:1451520 data:0x10d8 enc:I42S
2020-09-24
20:03:48.715 T:1282691968   DEBUG: CMMALRenderer::Process - debug vsync:2768525 queue:1 fps:23.98/23.98/59.94 inc:0.400000 diff:-0.600000
2020-09-24
20:03:48.715 T:1937461264   DEBUG: CMMALRenderer::RenderUpdate - MMAL: clear:0 flags:0 alpha:255 source:0 omvb:0x547793e0 mmal:0x579a9b58 mflags:0 skipping
2020-09-24
20:03:48.732 T:1282691968   DEBUG: CMMALRenderer::Process - debug vsync:2768526 queue:1 fps:23.98/23.98/59.94 inc:0.400000 diff:-0.200000
2020-09-24
20:03:48.732 T:1937461264   DEBUG: CMMALRenderer::RenderUpdate - MMAL: clear:0 flags:0 alpha:255 source:0 omvb:0x547793e0 mmal:0x579a9b58 mflags:0 skipping
2020-09-24
20:03:48.743 T:1370170240   DEBUG: CMMALPool::Configure pool:0x547da3e0 1280x720 (1344x720) pix:-1 size:0 fmt:I42S
2020-09-24
20:03:48.743 T:1370170240   DEBUG: CAddonVideoCodec: GetPicture::VC_PICTURE with pts 3545208 1280x720 (1280x720) 1.777778 0x4b89d000:1452864 offset:0,967680,968352, stride:1344,1344,1344
2020-09-24
20:03:48.748 T:1282691968   DEBUG: CMMALRenderer::Process - debug vsync:2768527 queue:1 fps:23.98/23.98/59.94 inc:0.400000 diff:0.200000
2020-09-24
20:03:48.749 T:1282691968   DEBUG: CMMALRenderer::Process - omvb:0x547793e0 mmal:0x579a9b58 vsync:2768527 queue:0 diff:-0.800000
2020-09-24
20:03:48.749 T:1937461264   DEBUG: CMMALRenderer::RenderUpdate - MMAL: clear:0 flags:0 alpha:255 source:1 omvb:0x5ffa4fc0 mmal:0x579a6d40 mflags:0 len:1451520 data:0x6b6 enc:I42S
2020-09-24
20:03:48.765 T:1282691968   DEBUG: CMMALRenderer::Process - debug vsync:2768528 queue:1 fps:23.98/23.98/59.94 inc:0.400000 diff:-0.400000
2020-09-24
20:03:48.765 T:1937461264   DEBUG: CMMALRenderer::RenderUpdate - MMAL: clear:0 flags:0 alpha:255 source:1 omvb:0x5ffa4fc0 mmal:0x579a6d40 mflags:0 skipping
2020-09-24
20:03:48.780 T:1370170240   DEBUG: CMMALPool::Configure pool:0x547da3e0 1280x720 (1344x720) pix:-1 size:0 fmt:I42S
2020-09-24
20:03:48.780 T:1370170240   DEBUG: CAddonVideoCodec: GetPicture::VC_PICTURE with pts 3586916 1280x720 (1280x720) 1.777778 0x4b5d7000:1452864 offset:0,967680,968352, stride:1344,1344,1344
2020-09-24
20:03:48.781 T:1282691968   DEBUG: CMMALRenderer::Process - debug vsync:2768529 queue:1 fps:23.98/23.98/59.94 inc:0.400000 diff:0.000000
2020-09-24
20:03:48.782 T:1282691968   DEBUG: CMMALRenderer::Process - omvb:0x5ffa4fc0 mmal:0x579a6d40 vsync:2768529 queue:0 diff:-1.000000
2020-09-24
20:03:48.784 T:1937461264   DEBUG: CMMALRenderer::Update
2020-09-24
20:03:48.790 T:1937461264   DEBUG: CMMALRenderer::RenderUpdate - MMAL: clear:0 flags:0 alpha:255 source:2 omvb:0x4bcc85b0 mmal:0x579a6f18 mflags:0 len:1451520 data:0x9b1 enc:I42S
2020-09-24
20:03:48.798 T:1282691968   DEBUG: CMMALRenderer::Process - debug vsync:2768530 queue:1 fps:23.98/23.98/59.94 inc:0.400000 diff:-0.600000
2020-09-24
20:03:48.799 T:1937461264   DEBUG: CMMALRenderer::RenderUpdate - MMAL: clear:0 flags:0 alpha:255 source:2 omvb:0x4bcc85b0 mmal:0x579a6f18 mflags:0 skipping
2020-09-24
