20:03:52.485 T:1927279488   DEBUG: CLibInputPointer::ProcessMotionAbsolute - event.type: 3, event.motion.x: 202, event.motion.y: 706
2020-09-24
20:03:52.494 T:1370170240   DEBUG: CMMALPool::Configure pool:0x547da3e0 1280x720 (1344x720) pix:-1 size:0 fmt:I42S
2020-09-24
20:03:52.494 T:1370170240   DEBUG: CAddonVideoCodec: GetPicture::VC_PICTURE with pts 7298958 1280x720 (1280x720) 1.777778 0x4bde2000:1452864 offset:0,967680,968352, stride:1344,1344,1344
2020-09-24
20:03:52.501 T:1282691968   DEBUG: CMMALRenderer::Process - debug vsync:2768752 queue:1 fps:23.98/23.98/59.94 inc:0.400000 diff:0.200000
2020-09-24
20:03:52.501 T:1937461264   DEBUG: ------ Window Init (VideoOSD.xml) ------
2020-09-24
20:03:52.501 T:1282691968   DEBUG: CMMALRenderer::Process - omvb:0x710bd050 mmal:0x579a8188 vsync:2768752 queue:0 diff:-0.800000
2020-09-24
20:03:52.503 T:1937461264   DEBUG: CMMALRenderer::RenderUpdate - MMAL: clear:0 flags:0 alpha:255 source:1 omvb:0x547793e0 mmal:0x579a8360 mflags:0 len:1451520 data:0x10d8 enc:I42S
2020-09-24
20:03:52.506 T:1927279488   DEBUG: CLibInputPointer::ProcessMotionAbsolute - event.type: 3, event.motion.x: 201, event.motion.y: 708
2020-09-24
20:03:52.518 T:1282691968   DEBUG: CMMALRenderer::Process - debug vsync:2768753 queue:1 fps:23.98/23.98/59.94 inc:0.400000 diff:-0.400000
2020-09-24
20:03:52.518 T:1937461264   DEBUG: CMMALRenderer::RenderUpdate - MMAL: clear:0 flags:0 alpha:255 source:1 omvb:0x547793e0 mmal:0x579a8360 mflags:0 skipping
2020-09-24
20:03:52.524 T:1370170240   DEBUG: CMMALPool::Configure pool:0x547da3e0 1280x720 (1344x720) pix:-1 size:0 fmt:I42S
2020-09-24
20:03:52.524 T:1370170240   DEBUG: CAddonVideoCodec: GetPicture::VC_PICTURE with pts 7340666 1280x720 (1280x720) 1.777778 0x4b89d000:1452864 offset:0,967680,968352, stride:1344,1344,1344
2020-09-24
20:03:52.528 T:1927279488   DEBUG: CLibInputPointer::ProcessMotionAbsolute - event.type: 3, event.motion.x: 199, event.motion.y: 708
2020-09-24
20:03:52.534 T:1282691968   DEBUG: CMMALRenderer::Process - debug vsync:2768754 queue:1 fps:23.98/23.98/59.94 inc:0.400000 diff:0.000000
2020-09-24
20:03:52.535 T:1282691968   DEBUG: CMMALRenderer::Process - omvb:0x547793e0 mmal:0x579a8360 vsync:2768754 queue:0 diff:-1.000000
2020-09-24
20:03:52.535 T:1937461264   DEBUG: CMMALRenderer::RenderUpdate - MMAL: clear:0 flags:0 alpha:255 source:2 omvb:0x5ffa4fc0 mmal:0x579a8538 mflags:0 len:1451520 data:0x6b6 enc:I42S
2020-09-24
20:03:52.539 T:1927279488   DEBUG: CLibInputPointer::ProcessMotionAbsolute - event.type: 3, event.motion.x: 198, event.motion.y: 709
2020-09-24
20:03:52.551 T:1282691968   DEBUG: CMMALRenderer::Process - debug vsync:2768755 queue:1 fps:23.98/23.98/59.94 inc:0.400000 diff:-0.600000
2020-09-24
20:03:52.551 T:1937461264   DEBUG: CMMALRenderer::RenderUpdate - MMAL: clear:0 flags:0 alpha:255 source:2 omvb:0x5ffa4fc0 mmal:0x579a8538 mflags:0 skipping
2020-09-24
20:03:52.562 T:1927279488   DEBUG: CLibInputPointer::ProcessMotionAbsolute - event.type: 3, event.motion.x: 196, event.motion.y: 711
2020-09-24
20:03:52.568 T:1282691968   DEBUG: CMMALRenderer::Process - debug vsync:2768756 queue:1 fps:23.98/23.98/59.94 inc:0.400000 diff:-0.200000
2020-09-24
20:03:52.568 T:1937461264   DEBUG: CMMALRenderer::RenderUpdate - MMAL: clear:0 flags:0 alpha:255 source:2 omvb:0x5ffa4fc0 mmal:0x579a8538 mflags:0 skipping
2020-09-24
20:03:52.572 T:1370170240   DEBUG: CMMALPool::Configure pool:0x547da3e0 1280x720 (1344x720) pix:-1 size:0 fmt:I42S
2020-09-24
20:03:52.573 T:1370170240   DEBUG: CAddonVideoCodec: GetPicture::VC_PICTURE with pts 7382375 1280x720 (1280x720) 1.777778 0x4b5d7000:1452864 offset:0,967680,968352, stride:1344,1344,1344
2020-09-24
20:03:52.573 T:1927279488   DEBUG: CLibInputPointer::ProcessMotionAbsolute - event.type: 3, event.motion.x: 196, event.motion.y: 712
2020-09-24
20:03:52.584 T:1927279488   DEBUG: CLibInputPointer::ProcessMotionAbsolute - event.type: 3, event.motion.x: 195, event.motion.y: 712
2020-09-24
20:03:52.585 T:1282691968   DEBUG: CMMALRenderer::Process - debug vsync:2768757 queue:1 fps:23.98/23.98/59.94 inc:0.400000 diff:0.200000
2020-09-24
20:03:52.585 T:1282691968   DEBUG: CMMALRenderer::Process - omvb:0x5ffa4fc0 mmal:0x579a8538 vsync:2768757 queue:0 diff:-0.800000
2020-09-24
20:03:52.587 T:1937461264   DEBUG: ------ Window Init (DialogSeekBar.xml) ------
2020-09-24
20:03:52.590 T:1937461264   DEBUG: CMMALRenderer::Update
2020-09-24
20:03:52.596 T:1927279488   DEBUG: CLibInputPointer::ProcessMotionAbsolute - event.type: 3, event.motion.x: 193, event.motion.y: 715
2020-09-24
20:03:52.598 T:1937461264   DEBUG: ------ Window Deinit (Custom_1109_TopBarOverlay.xml) ------
2020-09-24
20:03:52.598 T:1937461264   DEBUG: CMMALRenderer::RenderUpdate - MMAL: clear:0 flags:0 alpha:255 source:3 omvb:0x4bcc85b0 mmal:0x579a8710 mflags:0 len:1451520 data:0x9b1 enc:I42S
2020-09-24
20:03:52.601 T:1282691968   DEBUG: CMMALRenderer::Process - debug vsync:2768758 queue:1 fps:23.98/23.98/59.94 inc:0.400000 diff:-0.400000
2020-09-24
20:03:52.602 T:1937461264   DEBUG: CMMALRenderer::RenderUpdate - MMAL: clear:0 flags:0 alpha:255 source:3 omvb:0x4bcc85b0 mmal:0x579a8710 mflags:0 skipping
2020-09-24
20:03:52.607 T:1927279488   DEBUG: CLibInputPointer::ProcessMotionAbsolute - event.type: 3, event.motion.x: 190, event.motion.y: 716
2020-09-24
20:03:52.618 T:1282691968   DEBUG: CMMALRenderer::Process - debug vsync:2768759 queue:1 fps:23.98/23.98/59.94 inc:0.400000 diff:0.000000
2020-09-24
20:03:52.618 T:1282691968   DEBUG: CMMALRenderer::Process - omvb:0x4bcc85b0 mmal:0x579a8710 vsync:2768759 queue:0 diff:-1.000000
2020-09-24
20:03:52.618 T:1937461264   DEBUG: CMMALRenderer::RenderUpdate - MMAL: clear:0 flags:0 alpha:255 source:4 omvb:0x6ad76b88 mmal:0x579a88e8 mflags:0 len:1451520 data:0x9db enc:I42S
2020-09-24
20:03:52.618 T:1927279488   DEBUG: CLibInputPointer::ProcessMotionAbsolute - event.type: 3, event.motion.x: 190, event.motion.y: 718
2020-09-24
20:03:52.625 T:1370170240   DEBUG: CMMALPool::Configure pool:0x547da3e0 1280x720 (1344x720) pix:-1 size:0 fmt:I42S
2020-09-24
20:03:52.625 T:1370170240   DEBUG: CAddonVideoCodec: GetPicture::VC_PICTURE with pts 7424083 1280x720 (1280x720) 1.777778 0x4b73a000:1452864 offset:0,967680,968352, stride:1344,1344,1344
2020-09-24
20:03:52.629 T:1927279488   DEBUG: CLibInputPointer::ProcessMotionAbsolute - event.type: 3, event.motion.x: 187, event.motion.y: 718
2020-09-24
20:03:52.634 T:1282691968   DEBUG: CMMALRenderer::Process - debug vsync:2768760 queue:1 fps:23.98/23.98/59.94 inc:0.400000 diff:-0.600000
2020-09-24
20:03:52.635 T:1937461264   DEBUG: CMMALRenderer::RenderUpdate - MMAL: clear:0 flags:0 alpha:255 source:4 omvb:0x6ad76b88 mmal:0x579a88e8 mflags:0 skipping
2020-09-24
20:03:52.640 T:1927279488   DEBUG: CLibInputPointer::ProcessMotionAbsolute - event.type: 3, event.motion.x: 187, event.motion.y: 719
2020-09-24
20:03:52.651 T:1282691968   DEBUG: CMMALRenderer::Process - debug vsync:2768761 queue:1 fps:23.98/23.98/59.94 inc:0.400000 diff:-0.200000
2020-09-24
20:03:52.652 T:1937461264   DEBUG: CMMALRenderer::RenderUpdate - MMAL: clear:0 flags:0 alpha:255 source:4 omvb:0x6ad76b88 mmal:0x579a88e8 mflags:0 skipping
2020-09-24
20:03:52.652 T:1927279488   DEBUG: CLibInputPointer::ProcessMotionAbsolute - event.type: 3, event.motion.x: 186, event.motion.y: 719
2020-09-24
20:03:52.664 T:1370170240   DEBUG: CMMALPool::Configure pool:0x547da3e0 1280x720 (1344x720) pix:-1 size:0 fmt:I42S
2020-09-24
20:03:52.665 T:1370170240   DEBUG: CAddonVideoCodec: GetPicture::VC_PICTURE with pts 7465791 1280x720 (1280x720) 1.777778 0x4d29c000:1452864 offset:0,967680,968352, stride:1344,1344,1344
2020-09-24
20:03:52.665 T:1927279488   DEBUG: CLibInputPointer::ProcessMotionAbsolute - event.type: 3, event.motion.x: 186, event.motion.y: 721
2020-09-24
20:03:52.668 T:1282691968   DEBUG: CMMALRenderer::Process - debug vsync:2768762 queue:1 fps:23.98/23.98/59.94 inc:0.400000 diff:0.200000
2020-09-24
20:03:52.668 T:1282691968   DEBUG: CMMALRenderer::Process - omvb:0x6ad76b88 mmal:0x579a88e8 vsync:2768762 queue:0 diff:-0.800000
2020-09-24
20:03:52.668 T:1937461264   DEBUG: CMMALRenderer::RenderUpdate - MMAL: clear:0 flags:0 alpha:255 source:5 omvb:0x5a85ec80 mmal:0x579a8ac0 mflags:0 len:1451520 data:0xc81 enc:I42S
2020-09-24
20:03:52.685 T:1282691968   DEBUG: CMMALRenderer::Process - debug vsync:2768763 queue:1 fps:23.98/23.98/59.94 inc:0.400000 diff:-0.400000
2020-09-24
20:03:52.685 T:1937461264   DEBUG: CMMALRenderer::RenderUpdate - MMAL: clear:0 flags:0 alpha:255 source:5 omvb:0x5a85ec80 mmal:0x579a8ac0 mflags:0 skipping
2020-09-24
20:03:52.688 T:1370170240   DEBUG: CMMALPool::Configure pool:0x547da3e0 1280x720 (1344x720) pix:-1 size:0 fmt:I42S
2020-09-24
20:03:52.688 T:1370170240   DEBUG: CAddonVideoCodec: GetPicture::VC_PICTURE with pts 7507499 1280x720 (1280x720) 1.777778 0x4b474000:1452864 offset:0,967680,968352, stride:1344,1344,1344
2020-09-24
20:03:52.701 T:1282691968   DEBUG: CMMALRenderer::Process - debug vsync:2768764 queue:1 fps:23.98/23.98/59.94 inc:0.400000 diff:0.000000
2020-09-24
20:03:52.701 T:1282691968   DEBUG: CMMALRenderer::Process - omvb:0x5a85ec80 mmal:0x579a8ac0 vsync:2768764 queue:0 diff:-1.000000
2020-09-24
20:03:52.702 T:1937461264   DEBUG: ------ Window Init (Custom_1109_TopBarOverlay.xml) ------
2020-09-24
20:03:52.704 T:1937461264   DEBUG: CMMALRenderer::Update
2020-09-24
20:03:52.709 T:1937461264   DEBUG: CMMALRenderer::RenderUpdate - MMAL: clear:0 flags:0 alpha:255 source:0 omvb:0x54797440 mmal:0x579a8c98 mflags:0 len:1451520 data:0xd9a enc:I42S
2020-09-24
20:03:52.709 T:1927279488   DEBUG: CLibInputPointer::ProcessMotionAbsolute - event.type: 3, event.motion.x: 186, event.motion.y: 722
2020-09-24
20:03:52.718 T:1282691968   DEBUG: CMMALRenderer::Process - debug vsync:2768765 queue:1 fps:23.98/23.98/59.94 inc:0.400000 diff:-0.600000
2020-09-24
20:03:52.722 T:1937461264   DEBUG: CMMALRenderer::RenderUpdate - MMAL: clear:0 flags:0 alpha:255 source:0 omvb:0x54797440 mmal:0x579a8c98 mflags:0 skipping
2020-09-24
20:03:52.735 T:1282691968   DEBUG: CMMALRenderer::Process - debug vsync:2768766 queue:1 fps:23.98/23.98/59.94 inc:0.400000 diff:-0.200000
2020-09-24
20:03:52.735 T:1937461264   DEBUG: CMMALRenderer::RenderUpdate - MMAL: clear:0 flags:0 alpha:255 source:0 omvb:0x54797440 mmal:0x579a8c98 mflags:0 skipping
2020-09-24
20:03:52.740 T:1370170240   DEBUG: CMMALPool::Configure pool:0x547da3e0 1280x720 (1344x720) pix:-1 size:0 fmt:I42S
2020-09-24
20:03:52.740 T:1370170240   DEBUG: CAddonVideoCodec: GetPicture::VC_PICTURE with pts 7549208 1280x720 (1280x720) 1.777778 0x4ce35000:1452864 offset:0,967680,968352, stride:1344,1344,1344
2020-09-24
20:03:52.751 T:1282691968   DEBUG: CMMALRenderer::Process - debug vsync:2768767 queue:1 fps:23.98/23.98/59.94 inc:0.400000 diff:0.200000
2020-09-24
20:03:52.751 T:1282691968   DEBUG: CMMALRenderer::Process - omvb:0x54797440 mmal:0x579a8c98 vsync:2768767 queue:0 diff:-0.800000
2020-09-24
20:03:52.751 T:1937461264   DEBUG: CMMALRenderer::RenderUpdate - MMAL: clear:0 flags:0 alpha:255 source:1 omvb:0x5799fa00 mmal:0x579a8e70 mflags:0 len:1451520 data:0xd9b enc:I42S
2020-09-24
20:03:52.768 T:1282691968   DEBUG: CMMALRenderer::Process - debug vsync:2768768 queue:1 fps:23.98/23.98/59.94 inc:0.400000 diff:-0.400000
2020-09-24
20:03:52.768 T:1937461264   DEBUG: CMMALRenderer::RenderUpdate - MMAL: clear:0 flags:0 alpha:255 source:1 omvb:0x5799fa00 mmal:0x579a8e70 mflags:0 skipping
2020-09-24
20:03:52.785 T:1282691968   DEBUG: CMMALRenderer::Process - debug vsync:2768769 queue:1 fps:23.98/23.98/59.94 inc:0.400000 diff:0.000000
2020-09-24
20:03:52.785 T:1282691968   DEBUG: CMMALRenderer::Process - omvb:0x5799fa00 mmal:0x579a8e70 vsync:2768769 queue:0 diff:-1.000000
2020-09-24
20:03:52.785 T:1937461264   DEBUG: CMMALRenderer::RenderUpdate - MMAL: clear:0 flags:0 alpha:255 source:2 omvb:0x540d79c8 mmal:0x579a9220 mflags:0 len:1451520 data:0x1197 enc:I42S
2020-09-24
20:03:52.790 T:1370170240   DEBUG: CMMALPool::Configure pool:0x547da3e0 1280x720 (1344x720) pix:-1 size:0 fmt:I42S
2020-09-24
20:03:52.790 T:1370170240   DEBUG: CAddonVideoCodec: GetPicture::VC_PICTURE with pts 7590916 1280x720 (1280x720) 1.777778 0x4ccd2000:1452864 offset:0,967680,968352, stride:1344,1344,1344
2020-09-24
20:03:52.801 T:1282691968   DEBUG: CMMALRenderer::Process - debug vsync:2768770 queue:1 fps:23.98/23.98/59.94 inc:0.400000 diff:-0.600000
2020-09-24
20:03:52.801 T:1937461264   DEBUG: CMMALRenderer::RenderUpdate - MMAL: clear:0 flags:0 alpha:255 source:2 omvb:0x540d79c8 mmal:0x579a9220 mflags:0 skipping
2020-09-24
20:03:52.818 T:1282691968   DEBUG: CMMALRenderer::Process - debug vsync:2768771 queue:1 fps:23.98/23.98/59.94 inc:0.400000 diff:-0.200000
2020-09-24
20:03:52.823 T:1370170240   DEBUG: CMMALPool::Configure pool:0x547da3e0 1280x720 (1344x720) pix:-1 size:0 fmt:I42S
2020-09-24
20:03:52.823 T:1370170240   DEBUG: CAddonVideoCodec: GetPicture::VC_PICTURE with pts 7632624 1280x720 (1280x720) 1.777778 0x4cb6f000:1452864 offset:0,967680,968352, stride:1344,1344,1344
2020-09-24
20:03:52.823 T:1937461264   DEBUG: CMMALRenderer::Update
2020-09-24
20:03:52.831 T:1937461264   DEBUG: CMMALRenderer::RenderUpdate - MMAL: clear:0 flags:0 alpha:255 source:2 omvb:0x540d79c8 mmal:0x579a9220 mflags:0 skipping
2020-09-24
20:03:52.835 T:1282691968   DEBUG: CMMALRenderer::Process - debug vsync:2768772 queue:1 fps:23.98/23.98/59.94 inc:0.400000 diff:0.200000
2020-09-24
20:03:52.835 T:1282691968   DEBUG: CMMALRenderer::Process - omvb:0x540d79c8 mmal:0x579a9220 vsync:2768772 queue:0 diff:-0.800000
2020-09-24
20:03:52.835 T:1937461264   DEBUG: CMMALRenderer::RenderUpdate - MMAL: clear:0 flags:0 alpha:255 source:3 omvb:0x498df1c8 mmal:0x579a9048 mflags:0 len:1451520 data:0x1196 enc:I42S
2020-09-24
20:03:52.851 T:1282691968   DEBUG: CMMALRenderer::Process - debug vsync:2768773 queue:1 fps:23.98/23.98/59.94 inc:0.400000 diff:-0.400000
2020-09-24
20:03:52.852 T:1937461264   DEBUG: CMMALRenderer::RenderUpdate - MMAL: clear:0 flags:0 alpha:255 source:3 omvb:0x498df1c8 mmal:0x579a9048 mflags:0 skipping
2020-09-24
20:03:52.868 T:1282691968   DEBUG: CMMALRenderer::Process - debug vsync:2768774 queue:1 fps:23.98/23.98/59.94 inc:0.400000 diff:0.000000
2020-09-24
20:03:52.868 T:1282691968   DEBUG: CMMALRenderer::Process - omvb:0x498df1c8 mmal:0x579a9048 vsync:2768774 queue:0 diff:-1.000000
2020-09-24
20:03:52.868 T:1937461264   DEBUG: CMMALRenderer::RenderUpdate - MMAL: clear:0 flags:0 alpha:255 source:4 omvb:0x59c6ca20 mmal:0x579a93f8 mflags:0 len:1451520 data:0x1150 enc:I42S
2020-09-24
20:03:52.872 T:1370170240   DEBUG: CMMALPool::Configure pool:0x547da3e0 1280x720 (1344x720) pix:-1 size:0 fmt:I42S
2020-09-24
20:03:52.873 T:1370170240   DEBUG: CAddonVideoCodec: GetPicture::VC_PICTURE with pts 7674333 1280x720 (1280x720) 1.777778 0x4ca0c000:1452864 offset:0,967680,968352, stride:1344,1344,1344
2020-09-24
20:03:52.875 T:1927279488   DEBUG: CLibInputPointer::ProcessMotionAbsolute - event.type: 3, event.motion.x: 198, event.motion.y: 695
2020-09-24
20:03:52.877 T:1927279488   DEBUG: CLibInputPointer::ProcessMotionAbsolute - event.type: 3, event.motion.x: 203, event.motion.y: 678
2020-09-24
20:03:52.885 T:1282691968   DEBUG: CMMALRenderer::Process - debug vsync:2768775 queue:1 fps:23.98/23.98/59.94 inc:0.400000 diff:-0.600000
2020-09-24
20:03:52.885 T:1937461264   DEBUG: CMMALRenderer::RenderUpdate - MMAL: clear:0 flags:0 alpha:255 source:4 omvb:0x59c6ca20 mmal:0x579a93f8 mflags:0 skipping
2020-09-24
20:03:52.888 T:1927279488   DEBUG: CLibInputPointer::ProcessMotionAbsolute - event.type: 3, event.motion.x: 208, event.motion.y: 668
2020-09-24
20:03:52.899 T:1927279488   DEBUG: CLibInputPointer::ProcessMotionAbsolute - event.type: 3, event.motion.x: 211, event.motion.y: 659
2020-09-24
20:03:52.901 T:1282691968   DEBUG: CMMALRenderer::Process - debug vsync:2768776 queue:1 fps:23.98/23.98/59.94 inc:0.400000 diff:-0.200000
2020-09-24
20:03:52.902 T:1937461264   DEBUG: CMMALRenderer::RenderUpdate - MMAL: clear:0 flags:0 alpha:255 source:4 omvb:0x59c6ca20 mmal:0x579a93f8 mflags:0 skipping
2020-09-24
20:03:52.905 T:1370170240   DEBUG: CMMALPool::Configure pool:0x547da3e0 1280x720 (1344x720) pix:-1 size:0 fmt:I42S
2020-09-24
20:03:52.905 T:1370170240   DEBUG: CAddonVideoCodec: GetPicture::VC_PICTURE with pts 7716041 1280x720 (1280x720) 1.777778 0x4c8a9000:1452864 offset:0,967680,968352, stride:1344,1344,1344
2020-09-24
20:03:52.918 T:1282691968   DEBUG: CMMALRenderer::Process - debug vsync:2768777 queue:1 fps:23.98/23.98/59.94 inc:0.400000 diff:0.200000
2020-09-24
20:03:52.919 T:1282691968   DEBUG: CMMALRenderer::Process - omvb:0x59c6ca20 mmal:0x579a93f8 vsync:2768777 queue:0 diff:-0.800000
2020-09-24
20:03:52.919 T:1937461264   DEBUG: CMMALRenderer::RenderUpdate - MMAL: clear:0 flags:0 alpha:255 source:5 omvb:0x57930c48 mmal:0x579a95d0 mflags:0 len:1451520 data:0x4ed enc:I42S
2020-09-24
20:03:52.935 T:1282691968   DEBUG: CMMALRenderer::Process - debug vsync:2768778 queue:1 fps:23.98/23.98/59.94 inc:0.400000 diff:-0.400000
2020-09-24
20:03:52.937 T:1937461264   DEBUG: CMMALRenderer::Update
2020-09-24
20:03:52.938 T:1937461264   DEBUG: CMMALRenderer::RenderUpdate - MMAL: clear:0 flags:0 alpha:255 source:5 omvb:0x57930c48 mmal:0x579a95d0 mflags:0 skipping
2020-09-24
20:03:52.943 T:1370170240   DEBUG: CMMALPool::Configure pool:0x547da3e0 1280x720 (1344x720) pix:-1 size:0 fmt:I42S
2020-09-24
20:03:52.943 T:1370170240   DEBUG: CAddonVideoCodec: GetPicture::VC_PICTURE with pts 7757749 1280x720 (1280x720) 1.777778 0x4b311000:1452864 offset:0,967680,968352, stride:1344,1344,1344
2020-09-24
20:03:52.951 T:1282691968   DEBUG: CMMALRenderer::Process - debug vsync:2768779 queue:1 fps:23.98/23.98/59.94 inc:0.400000 diff:0.000000
2020-09-24
20:03:52.952 T:1282691968   DEBUG: CMMALRenderer::Process - omvb:0x57930c48 mmal:0x579a95d0 vsync:2768779 queue:0 diff:-1.000000
2020-09-24
20:03:52.952 T:1937461264   DEBUG: CMMALRenderer::RenderUpdate - MMAL: clear:0 flags:0 alpha:255 source:0 omvb:0x5478f478 mmal:0x579a97a8 mflags:0 len:1451520 data:0x1019 enc:I42S
2020-09-24
20:03:52.962 T:1927279488   DEBUG: CLibInputPointer::ProcessMotionAbsolute - event.type: 3, event.motion.x: 213, event.motion.y: 616
2020-09-24
20:03:52.968 T:1282691968   DEBUG: CMMALRenderer::Process - debug vsync:2768780 queue:1 fps:23.98/23.98/59.94 inc:0.400000 diff:-0.600000
2020-09-24
20:03:52.970 T:1937461264   DEBUG: CMMALRenderer::RenderUpdate - MMAL: clear:0 flags:0 alpha:255 source:0 omvb:0x5478f478 mmal:0x579a97a8 mflags:0 skipping
2020-09-24
20:03:52.977 T:1336599424   DEBUG: CurlFile::ParseAndCorrectUrl() adding custom header option 'Range: bytes=330151-363166'
2020-09-24
20:03:52.978 T:1336599424   DEBUG: CurlFile::ParseAndCorrectUrl() adding custom header option 'connection: keep-alive'
2020-09-24
20:03:52.978 T:1336599424   DEBUG: CurlFile::Open(0x6fccd510) https://ipv4-c001-pmi001-conectabalear-isp.1.oca.nflxvideo.net/?o=AQPqSE4OmtHPFvlbApn9rVo-Biu7wI6RMEdr2LOWNwz9NSURHADYDESE-6gQrBnz16wQx_pclTOw4sFQ9HctcMCHCM3Lq6gC2M152IpW1S4VxFJCHRocNNfv6BdLIZEDiguJ_0ytPsAEws1zan0i2LGshUVz5yCVINKmFg&v=5&e=1601013521&t=g8OMe0o5V0sn00r7X0jbR6zLxRY
2020-09-24
20:03:52.985 T:1282691968   DEBUG: CMMALRenderer::Process - debug vsync:2768781 queue:1 fps:23.98/23.98/59.94 inc:0.400000 diff:-0.200000
2020-09-24
20:03:52.985 T:1336599424   DEBUG: AddOnLog: InputStream Adaptive: Download https://ipv4-c001-pmi001-conectabalear-isp.1.oca.nflxvideo.net/?o=AQPqSE4OmtHPFvlbApn9rVo-Biu7wI6RMEdr2LOWNwz9NSURHADYDESE-6gQrBnz16wQx_pclTOw4sFQ9HctcMCHCM3Lq6gC2M152IpW1S4VxFJCHRocNNfv6BdLIZEDiguJ_0ytPsAEws1zan0i2LGshUVz5yCVINKmFg&v=5&e=1601013521&t=g8OMe0o5V0sn00r7X0jbR6zLxRY finished, avg speed: 5788406.68byte/s, current speed: 5502666.00byte/s
2020-09-24
20:03:52.986 T:1937461264   DEBUG: CMMALRenderer::RenderUpdate - MMAL: clear:0 flags:0 alpha:255 source:0 omvb:0x5478f478 mmal:0x579a97a8 mflags:0 skipping
2020-09-24
20:03:52.989 T:1370170240   DEBUG: CMMALPool::Configure pool:0x547da3e0 1280x720 (1344x720) pix:-1 size:0 fmt:I42S
2020-09-24
20:03:52.989 T:1370170240   DEBUG: CAddonVideoCodec: GetPicture::VC_PICTURE with pts 7799458 1280x720 (1280x720) 1.777778 0x4c746000:1452864 offset:0,967680,968352, stride:1344,1344,1344
2020-09-24
20:03:53.001 T:1282691968   DEBUG: CMMALRenderer::Process - debug vsync:2768782 queue:1 fps:23.98/23.98/59.94 inc:0.400000 diff:0.200000
2020-09-24
20:03:53.001 T:1282691968   DEBUG: CMMALRenderer::Process - omvb:0x5478f478 mmal:0x579a97a8 vsync:2768782 queue:0 diff:-0.800000
2020-09-24
20:03:53.002 T:1937461264   DEBUG: CMMALRenderer::RenderUpdate - MMAL: clear:0 flags:0 alpha:255 source:1 omvb:0x710bd050 mmal:0x579a9980 mflags:0 len:1451520 data:0x10e0 enc:I42S
2020-09-24
20:03:53.018 T:1282691968   DEBUG: CMMALRenderer::Process - debug vsync:2768783 queue:1 fps:23.98/23.98/59.94 inc:0.400000 diff:-0.400000
2020-09-24
20:03:53.018 T:1937461264   DEBUG: CMMALRenderer::RenderUpdate - MMAL: clear:0 flags:0 alpha:255 source:1 omvb:0x710bd050 mmal:0x579a9980 mflags:0 skipping
2020-09-24
20:03:53.035 T:1282691968   DEBUG: CMMALRenderer::Process - debug vsync:2768784 queue:1 fps:23.98/23.98/59.94 inc:0.400000 diff:0.000000
2020-09-24
20:03:53.035 T:1282691968   DEBUG: CMMALRenderer::Process - omvb:0x710bd050 mmal:0x579a9980 vsync:2768784 queue:0 diff:-1.000000
2020-09-24
20:03:53.035 T:1937461264   DEBUG: CMMALRenderer::RenderUpdate - MMAL: clear:0 flags:0 alpha:255 source:2 omvb:0x547793e0 mmal:0x579a9b58 mflags:0 len:1451520 data:0x10d8 enc:I42S
2020-09-24
20:03:53.038 T:1370170240   DEBUG: CMMALPool::Configure pool:0x547da3e0 1280x720 (1344x720) pix:-1 size:0 fmt:I42S
2020-09-24
20:03:53.038 T:1370170240   DEBUG: CAddonVideoCodec: GetPicture::VC_PICTURE with pts 7841166 1280x720 (1280x720) 1.777778 0x4bde2000:1452864 offset:0,967680,968352, stride:1344,1344,1344
2020-09-24
20:03:53.052 T:1282691968   DEBUG: CMMALRenderer::Process - debug vsync:2768785 queue:1 fps:23.98/23.98/59.94 inc:0.400000 diff:-0.600000
2020-09-24
20:03:53.054 T:1937461264   DEBUG: CMMALRenderer::Update
2020-09-24
20:03:53.056 T:1937461264   DEBUG: CMMALRenderer::RenderUpdate - MMAL: clear:0 flags:0 alpha:255 source:2 omvb:0x547793e0 mmal:0x579a9b58 mflags:0 skipping
2020-09-24
20:03:53.058 T:1370170240   DEBUG: CMMALPool::Configure pool:0x547da3e0 1280x720 (1344x720) pix:-1 size:0 fmt:I42S
2020-09-24
20:03:53.058 T:1370170240   DEBUG: CAddonVideoCodec: GetPicture::VC_PICTURE with pts 7882875 1280x720 (1280x720) 1.777778 0x4b89d000:1452864 offset:0,967680,968352, stride:1344,1344,1344
2020-09-24
20:03:53.068 T:1282691968   DEBUG: CMMALRenderer::Process - debug vsync:2768786 queue:1 fps:23.98/23.98/59.94 inc:0.400000 diff:-0.200000
2020-09-24
20:03:53.069 T:1937461264   DEBUG: CMMALRenderer::RenderUpdate - MMAL: clear:0 flags:0 alpha:255 source:2 omvb:0x547793e0 mmal:0x579a9b58 mflags:0 skipping
2020-09-24
20:03:53.085 T:1282691968   DEBUG: CMMALRenderer::Process - debug vsync:2768787 queue:1 fps:23.98/23.98/59.94 inc:0.400000 diff:0.200000
2020-09-24
20:03:53.085 T:1282691968   DEBUG: CMMALRenderer::Process - omvb:0x547793e0 mmal:0x579a9b58 vsync:2768787 queue:0 diff:-0.800000
2020-09-24
20:03:53.085 T:1937461264   DEBUG: CMMALRenderer::RenderUpdate - MMAL: clear:0 flags:0 alpha:255 source:3 omvb:0x5ffa4fc0 mmal:0x579a6d40 mflags:0 len:1451520 data:0x6b6 enc:I42S
2020-09-24
20:03:53.088 T:1927279488   DEBUG: CLibInputPointer::ProcessMotionAbsolute - event.type: 3, event.motion.x: 212, event.motion.y: 616
2020-09-24
20:03:53.089 T:1927279488   DEBUG: libinput: event0  - debounce state: DEBOUNCE_STATE_IS_UP  DEBOUNCE_EVENT_PRESS  DEBOUNCE_STATE_DOWN_WAITING
2020-09-24
20:03:53.089 T:1927279488   DEBUG: CLibInputPointer::ProcessButton - event.type: 4, event.button.button: 3, event.button.x: 212, event.button.y: 616
2020-09-24
20:03:53.101 T:1282691968   DEBUG: CMMALRenderer::Process - debug vsync:2768788 queue:1 fps:23.98/23.98/59.94 inc:0.400000 diff:-0.400000
2020-09-24
20:03:53.102 T:1937461264   DEBUG: CMMALRenderer::RenderUpdate - MMAL: clear:0 flags:0 alpha:255 source:3 omvb:0x5ffa4fc0 mmal:0x579a6d40 mflags:0 skipping
2020-09-24
20:03:53.114 T:1927279488   DEBUG: libinput: event0  - debounce state: DEBOUNCE_STATE_DOWN_WAITING  DEBOUNCE_EVENT_TIMEOUT  DEBOUNCE_STATE_IS_DOWN
2020-09-24
20:03:53.118 T:1282691968   DEBUG: CMMALRenderer::Process - debug vsync:2768789 queue:1 fps:23.98/23.98/59.94 inc:0.400000 diff:0.000000
2020-09-24
20:03:53.118 T:1282691968   DEBUG: CMMALRenderer::Process - omvb:0x5ffa4fc0 mmal:0x579a6d40 vsync:2768789 queue:0 diff:-1.000000
2020-09-24
20:03:53.118 T:1937461264   DEBUG: CMMALRenderer::RenderUpdate - MMAL: clear:0 flags:0 alpha:255 source:4 omvb:0x4bcc85b0 mmal:0x579a6f18 mflags:0 len:1451520 data:0x9b1 enc:I42S
2020-09-24
20:03:53.123 T:1370170240   DEBUG: CMMALPool::Configure pool:0x547da3e0 1280x720 (1344x720) pix:-1 size:0 fmt:I42S
2020-09-24
20:03:53.123 T:1370170240   DEBUG: CAddonVideoCodec: GetPicture::VC_PICTURE with pts 7924583 1280x720 (1280x720) 1.777778 0x4b5d7000:1452864 offset:0,967680,968352, stride:1344,1344,1344
2020-09-24
20:03:53.124 T:1927279488   DEBUG: libinput: event0  - debounce state: DEBOUNCE_STATE_IS_DOWN  DEBOUNCE_EVENT_RELEASE  DEBOUNCE_STATE_RELEASE_WAITING
2020-09-24
20:03:53.125 T:1927279488   DEBUG: CLibInputPointer::ProcessButton - event.type: 5, event.button.button: 3, event.button.x: 212, event.button.y: 616
2020-09-24
20:03:53.135 T:1282691968   DEBUG: CMMALRenderer::Process - debug vsync:2768790 queue:1 fps:23.98/23.98/59.94 inc:0.400000 diff:-0.600000
2020-09-24
20:03:53.135 T:1937461264   DEBUG: ProcessMouse: trying mouse action rightclick
2020-09-24
20:03:53.135 T:1937461264   DEBUG: CMMALRenderer::RenderUpdate - MMAL: clear:0 flags:0 alpha:255 source:4 omvb:0x4bcc85b0 mmal:0x579a6f18 mflags:0 skipping
2020-09-24
20:03:53.136 T:1927279488   DEBUG: libinput: event0  - debounce state: DEBOUNCE_STATE_RELEASE_WAITING  DEBOUNCE_EVENT_TIMEOUT_SHORT  DEBOUNCE_STATE_RELEASED
2020-09-24
20:03:53.149 T:1927279488   DEBUG: libinput: event0  - debounce state: DEBOUNCE_STATE_RELEASED  DEBOUNCE_EVENT_TIMEOUT  DEBOUNCE_STATE_IS_UP
2020-09-24
20:03:53.151 T:1282691968   DEBUG: CMMALRenderer::Process - debug vsync:2768791 queue:1 fps:23.98/23.98/59.94 inc:0.400000 diff:-0.200000
2020-09-24
20:03:53.152 T:1937461264   DEBUG: CMMALRenderer::RenderUpdate - MMAL: clear:0 flags:0 alpha:255 source:4 omvb:0x4bcc85b0 mmal:0x579a6f18 mflags:0 skipping
2020-09-24
20:03:53.155 T:1370170240   DEBUG: CMMALPool::Configure pool:0x547da3e0 1280x720 (1344x720) pix:-1 size:0 fmt:I42S
2020-09-24
20:03:53.155 T:1370170240   DEBUG: CAddonVideoCodec: GetPicture::VC_PICTURE with pts 7966291 1280x720 (1280x720) 1.777778 0x4b73a000:1452864 offset:0,967680,968352, stride:1344,1344,1344
2020-09-24
20:03:53.158 T:1927279488   DEBUG: CLibInputPointer::ProcessMotionAbsolute - event.type: 3, event.motion.x: 215, event.motion.y: 616
2020-09-24
20:03:53.168 T:1282691968   DEBUG: CMMALRenderer::Process - debug vsync:2768792 queue:1 fps:23.98/23.98/59.94 inc:0.400000 diff:0.200000
2020-09-24
20:03:53.168 T:1937461264 WARNING: CGUIWindowManager - HandleAction - ignoring action 107, because topmost modal dialog closing animation is running
2020-09-24
20:03:53.168 T:1282691968   DEBUG: CMMALRenderer::Process - omvb:0x4bcc85b0 mmal:0x579a6f18 vsync:2768792 queue:0 diff:-0.800000
2020-09-24
20:03:53.173 T:1937461264   DEBUG: CMMALRenderer::Update
2020-09-24
20:03:53.179 T:1937461264   DEBUG: CMMALRenderer::RenderUpdate - MMAL: clear:0 flags:0 alpha:255 source:5 omvb:0x6ad76b88 mmal:0x579a70f0 mflags:0 len:1451520 data:0x9db enc:I42S
2020-09-24
20:03:53.185 T:1282691968   DEBUG: CMMALRenderer::Process - debug vsync:2768793 queue:1 fps:23.98/23.98/59.94 inc:0.400000 diff:-0.400000
2020-09-24
20:03:53.186 T:1937461264   DEBUG: CMMALRenderer::RenderUpdate - MMAL: clear:0 flags:0 alpha:255 source:5 omvb:0x6ad76b88 mmal:0x579a70f0 mflags:0 skipping
2020-09-24
20:03:53.201 T:1282691968   DEBUG: CMMALRenderer::Process - debug vsync:2768794 queue:1 fps:23.98/23.98/59.94 inc:0.400000 diff:0.000000
2020-09-24
20:03:53.202 T:1282691968   DEBUG: CMMALRenderer::Process - omvb:0x6ad76b88 mmal:0x579a70f0 vsync:2768794 queue:0 diff:-1.000000
2020-09-24
20:03:53.202 T:1937461264   DEBUG: CMMALRenderer::RenderUpdate - MMAL: clear:0 flags:0 alpha:255 source:0 omvb:0x5a85ec80 mmal:0x579a72c8 mflags:0 len:1451520 data:0xc81 enc:I42S
2020-09-24
20:03:53.205 T:1370170240   DEBUG: CMMALPool::Configure pool:0x547da3e0 1280x720 (1344x720) pix:-1 size:0 fmt:I42S
2020-09-24
20:03:53.205 T:1370170240   DEBUG: CAddonVideoCodec: GetPicture::VC_PICTURE with pts 8008000 1280x720 (1280x720) 1.777778 0x4d29c000:1452864 offset:0,967680,968352, stride:1344,1344,1344
2020-09-24
20:03:53.212 T:1927279488   DEBUG: CLibInputPointer::ProcessMotionAbsolute - event.type: 3, event.motion.x: 219, event.motion.y: 616
2020-09-24
20:03:53.215 T:1927279488   DEBUG: CLibInputPointer::ProcessMotionAbsolute - event.type: 3, event.motion.x: 219, event.motion.y: 619
2020-09-24
20:03:53.218 T:1282691968   DEBUG: CMMALRenderer::Process - debug vsync:2768795 queue:1 fps:23.98/23.98/59.94 inc:0.400000 diff:-0.600000
2020-09-24
20:03:53.219 T:1937461264 WARNING: CGUIWindowManager - HandleAction - ignoring action 107, because topmost modal dialog closing animation is running
2020-09-24
20:03:53.219 T:1937461264 WARNING: Previous line repeats 1 times.
2020-09-24
20:03:53.219 T:1937461264   DEBUG: CMMALRenderer::RenderUpdate - MMAL: clear:0 flags:0 alpha:255 source:0 omvb:0x5a85ec80 mmal:0x579a72c8 mflags:0 skipping
2020-09-24
20:03:53.234 T:1927279488   DEBUG: CLibInputPointer::ProcessMotionAbsolute - event.type: 3, event.motion.x: 221, event.motion.y: 622
2020-09-24
20:03:53.235 T:1282691968   DEBUG: CMMALRenderer::Process - debug vsync:2768796 queue:1 fps:23.98/23.98/59.94 inc:0.400000 diff:-0.200000
2020-09-24
20:03:53.235 T:1937461264 WARNING: CGUIWindowManager - HandleAction - ignoring action 107, because topmost modal dialog closing animation is running
2020-09-24
20:03:53.235 T:1937461264   DEBUG: CMMALRenderer::RenderUpdate - MMAL: clear:0 flags:0 alpha:255 source:0 omvb:0x5a85ec80 mmal:0x579a72c8 mflags:0 skipping
2020-09-24
20:03:53.237 T:1927279488   DEBUG: CLibInputPointer::ProcessMotionAbsolute - event.type: 3, event.motion.x: 222, event.motion.y: 624
2020-09-24
20:03:53.239 T:1370170240   DEBUG: CMMALPool::Configure pool:0x547da3e0 1280x720 (1344x720) pix:-1 size:0 fmt:I42S
2020-09-24
20:03:53.239 T:1370170240   DEBUG: CAddonVideoCodec: GetPicture::VC_PICTURE with pts 8049708 1280x720 (1280x720) 1.777778 0x4b474000:1452864 offset:0,967680,968352, stride:1344,1344,1344
2020-09-24
20:03:53.248 T:1927279488   DEBUG: CLibInputPointer::ProcessMotionAbsolute - event.type: 3, event.motion.x: 222, event.motion.y: 627
2020-09-24
20:03:53.252 T:1282691968   DEBUG: CMMALRenderer::Process - debug vsync:2768797 queue:1 fps:23.98/23.98/59.94 inc:0.400000 diff:0.200000
2020-09-24
20:03:53.252 T:1937461264 WARNING: CGUIWindowManager - HandleAction - ignoring action 107, because topmost modal dialog closing animation is running
2020-09-24
20:03:53.252 T:1282691968   DEBUG: CMMALRenderer::Process - omvb:0x5a85ec80 mmal:0x579a72c8 vsync:2768797 queue:0 diff:-0.800000
2020-09-24
20:03:53.252 T:1937461264 WARNING: CGUIWindowManager - HandleAction - ignoring action 107, because topmost modal dialog closing animation is running
2020-09-24
20:03:53.252 T:1937461264   DEBUG: CMMALRenderer::RenderUpdate - MMAL: clear:0 flags:0 alpha:255 source:1 omvb:0x54797440 mmal:0x579a74a0 mflags:0 len:1451520 data:0xd9a enc:I42S
2020-09-24
20:03:53.262 T:1927279488   DEBUG: CLibInputPointer::ProcessMotionAbsolute - event.type: 3, event.motion.x: 222, event.motion.y: 629
2020-09-24
20:03:53.268 T:1937461264 WARNING: CGUIWindowManager - HandleAction - ignoring action 107, because topmost modal dialog closing animation is running
2020-09-24
20:03:53.270 T:1282691968   DEBUG: CMMALRenderer::Process - debug vsync:2768798 queue:1 fps:23.98/23.98/59.94 inc:0.400000 diff:-0.400000
2020-09-24
20:03:53.270 T:1937461264   DEBUG: CMMALRenderer::RenderUpdate - MMAL: clear:0 flags:0 alpha:255 source:1 omvb:0x54797440 mmal:0x579a74a0 mflags:0 skipping
2020-09-24
20:03:53.271 T:1927279488   DEBUG: CLibInputPointer::ProcessMotionAbsolute - event.type: 3, event.motion.x: 222, event.motion.y: 632
2020-09-24
20:03:53.285 T:1282691968   DEBUG: CMMALRenderer::Process - debug vsync:2768799 queue:1 fps:23.98/23.98/59.94 inc:0.400000 diff:0.000000
2020-09-24
20:03:53.285 T:1937461264 WARNING: CGUIWindowManager - HandleAction - ignoring action 107, because topmost modal dialog closing animation is running
2020-09-24
20:03:53.285 T:1282691968   DEBUG: CMMALRenderer::Process - omvb:0x54797440 mmal:0x579a74a0 vsync:2768799 queue:0 diff:-1.000000
2020-09-24
20:03:53.287 T:1937461264   DEBUG: CMMALRenderer::Update
2020-09-24
20:03:53.290 T:1370170240   DEBUG: CMMALPool::Configure pool:0x547da3e0 1280x720 (1344x720) pix:-1 size:0 fmt:I42S
2020-09-24
20:03:53.290 T:1370170240   DEBUG: CAddonVideoCodec: GetPicture::VC_PICTURE with pts 8091416 1280x720 (1280x720) 1.777778 0x4ce35000:1452864 offset:0,967680,968352, stride:1344,1344,1344
2020-09-24
20:03:53.293 T:1937461264   DEBUG: CMMALRenderer::RenderUpdate - MMAL: clear:0 flags:0 alpha:255 source:2 omvb:0x5799fa00 mmal:0x579a7678 mflags:0 len:1451520 data:0xd9b enc:I42S
2020-09-24
20:03:53.302 T:1282691968   DEBUG: CMMALRenderer::Process - debug vsync:2768800 queue:1 fps:23.98/23.98/59.94 inc:0.400000 diff:-0.600000
2020-09-24
20:03:53.302 T:1937461264   DEBUG: CMMALRenderer::RenderUpdate - MMAL: clear:0 flags:0 alpha:255 source:2 omvb:0x5799fa00 mmal:0x579a7678 mflags:0 skipping
2020-09-24
20:03:53.302 T:1927279488   DEBUG: CLibInputPointer::ProcessMotionAbsolute - event.type: 3, event.motion.x: 222, event.motion.y: 640
2020-09-24
20:03:53.304 T:1927279488   DEBUG: CLibInputPointer::ProcessMotionAbsolute - event.type: 3, event.motion.x: 221, event.motion.y: 641
2020-09-24
20:03:53.316 T:1927279488   DEBUG: CLibInputPointer::ProcessMotionAbsolute - event.type: 3, event.motion.x: 221, event.motion.y: 644
2020-09-24
20:03:53.318 T:1282691968   DEBUG: CMMALRenderer::Process - debug vsync:2768801 queue:1 fps:23.98/23.98/59.94 inc:0.400000 diff:-0.200000
2020-09-24
20:03:53.318 T:1937461264 WARNING: CGUIWindowManager - HandleAction - ignoring action 107, because topmost modal dialog closing animation is running
2020-09-24
20:03:53.319 T:1937461264 WARNING: Previous line repeats 2 times.
2020-09-24
20:03:53.319 T:1937461264   DEBUG: CMMALRenderer::RenderUpdate - MMAL: clear:0 flags:0 alpha:255 source:2 omvb:0x5799fa00 mmal:0x579a7678 mflags:0 skipping
2020-09-24
20:03:53.324 T:1370170240   DEBUG: CMMALPool::Configure pool:0x547da3e0 1280x720 (1344x720) pix:-1 size:0 fmt:I42S
2020-09-24
20:03:53.325 T:1370170240   DEBUG: CAddonVideoCodec: GetPicture::VC_PICTURE with pts 8133125 1280x720 (1280x720) 1.777778 0x4ccd2000:1452864 offset:0,967680,968352, stride:1344,1344,1344
2020-09-24
20:03:53.327 T:1927279488   DEBUG: CLibInputPointer::ProcessMotionAbsolute - event.type: 3, event.motion.x: 219, event.motion.y: 647
2020-09-24
20:03:53.335 T:1282691968   DEBUG: CMMALRenderer::Process - debug vsync:2768802 queue:1 fps:23.98/23.98/59.94 inc:0.400000 diff:0.200000
2020-09-24
20:03:53.335 T:1937461264 WARNING: CGUIWindowManager - HandleAction - ignoring action 107, because topmost modal dialog closing animation is running
2020-09-24
20:03:53.335 T:1282691968   DEBUG: CMMALRenderer::Process - omvb:0x5799fa00 mmal:0x579a7678 vsync:2768802 queue:0 diff:-0.800000
2020-09-24
20:03:53.336 T:1937461264   DEBUG: CMMALRenderer::RenderUpdate - MMAL: clear:0 flags:0 alpha:255 source:3 omvb:0x540d79c8 mmal:0x579a7850 mflags:0 len:1451520 data:0x1197 enc:I42S
2020-09-24
20:03:53.338 T:1927279488   DEBUG: CLibInputPointer::ProcessMotionAbsolute - event.type: 3, event.motion.x: 218, event.motion.y: 650
2020-09-24
20:03:53.348 T:1536807808   DEBUG: [plugin.video.netflix (0)] Executing JSON-RPC: {"params": {"playerid": 1, "properties": ["audiostreams", "currentaudiostream", "currentvideostream", "subtitles", "currentsubtitle", "subtitleenabled", "percentage", "time"]}, "jsonrpc": "2.0", "method": "Player.GetProperties", "id": 1}
2020-09-24
20:03:53.352 T:1927279488   DEBUG: CLibInputPointer::ProcessMotionAbsolute - event.type: 3, event.motion.x: 216, event.motion.y: 653
2020-09-24
20:03:53.352 T:1937461264 WARNING: CGUIWindowManager - HandleAction - ignoring action 107, because topmost modal dialog closing animation is running
2020-09-24
20:03:53.352 T:1282691968   DEBUG: CMMALRenderer::Process - debug vsync:2768803 queue:1 fps:23.98/23.98/59.94 inc:0.400000 diff:-0.400000
2020-09-24
20:03:53.353 T:1937461264 WARNING: CGUIWindowManager - HandleAction - ignoring action 107, because topmost modal dialog closing animation is running
2020-09-24
20:03:53.353 T:1937461264   DEBUG: CMMALRenderer::RenderUpdate - MMAL: clear:0 flags:0 alpha:255 source:3 omvb:0x540d79c8 mmal:0x579a7850 mflags:0 skipping
2020-09-24
20:03:53.355 T:1536807808   DEBUG: [plugin.video.netflix (0)] Notifying all action managers of call_on_tick (data={u'currentaudiostream': {u'index': 2, u'name': u'AAC ', u'language': u'eng', u'channels': 2, u'codec': u'aac', u'bitrate': 131072}, u'currentvideostream': {u'index': 0, u'name': u'', u'language': u'unk', u'height': 720, u'width': 1280, u'codec': u'h264'}, u'elapsed_seconds': 7, u'time': {u'hours': 0, u'seconds': 7, u'minutes': 0, u'milliseconds': 785}, u'subtitleenabled': True, u'percentage': 0.24848388135433197, u'currentsubtitle': {u'index': 2, u'name': u'', u'language': u'eng'}, u'audiostreams': [{u'index': 0, u'name': u'AAC ', u'language': u'ger', u'channels': 2, u'codec': u'aac', u'bitrate': 131072}, {u'index': 1, u'name': u'AAC ', u'language': u'eng', u'channels': 2, u'codec': u'aac', u'bitrate': 131072}, {u'index': 2, u'name': u'AAC ', u'language': u'eng', u'channels': 2, u'codec': u'aac', u'bitrate': 131072}, {u'index': 3, u'name': u'AAC ', u'language': u'spa', u'channels': 2, u'codec': u'aac', u'bitrate': 131072}, {u'index': 4, u'name': u'AAC ', u'language': u'es-Spain', u'channels': 2, u'codec': u'aac', u'bitrate': 131072}, {u'index': 5, u'name': u'AAC ', u'language': u'fre', u'channels': 2, u'codec': u'aac', u'bitrate': 131072}, {u'index': 6, u'name': u'AAC ', u'language': u'ita', u'channels': 2, u'codec': u'aac', u'bitrate': 131072}], u'subtitles': [{u'index': 0, u'name': u'', u'language': u'ara'}, {u'index': 1, u'name': u'', u'language': u'ger'}, {u'index': 2, u'name': u'', u'language': u'eng'}, {u'index': 3, u'name': u'', u'language': u'eng'}, {u'index': 4, u'name': u'', u'language': u'spa'}, {u'index': 5, u'name': u'', u'language': u'es-Spain'}, {u'index': 6, u'name': u'', u'language': u'es-Spain'}, {u'index': 7, u'name': u'', u'language': u'es-Spain'}, {u'index': 8, u'name': u'', u'language': u'fre'}, {u'index': 9, u'name': u'', u'language': u'fre'}, {u'index': 10, u'name': u'', u'language': u'ita'}, {u'index': 11, u'name': u'', u'language': u'rum'}]})
2020-09-24
20:03:53.368 T:1282691968   DEBUG: CMMALRenderer::Process - debug vsync:2768804 queue:1 fps:23.98/23.98/59.94 inc:0.400000 diff:0.000000
2020-09-24
20:03:53.369 T:1282691968   DEBUG: CMMALRenderer::Process - omvb:0x540d79c8 mmal:0x579a7850 vsync:2768804 queue:0 diff:-1.000000
2020-09-24
20:03:53.373 T:1370170240   DEBUG: CMMALPool::Configure pool:0x547da3e0 1280x720 (1344x720) pix:-1 size:0 fmt:I42S
2020-09-24
20:03:53.374 T:1370170240   DEBUG: CAddonVideoCodec: GetPicture::VC_PICTURE with pts 8174833 1280x720 (1280x720) 1.777778 0x4cb6f000:1452864 offset:0,967680,968352, stride:1344,1344,1344
2020-09-24
20:03:53.374 T:1937461264   DEBUG: CMMALRenderer::RenderUpdate - MMAL: clear:0 flags:0 alpha:255 source:4 omvb:0x498df1c8 mmal:0x579a7a28 mflags:0 len:1451520 data:0x1196 enc:I42S
2020-09-24
20:03:53.385 T:1282691968   DEBUG: CMMALRenderer::Process - debug vsync:2768805 queue:1 fps:23.98/23.98/59.94 inc:0.400000 diff:-0.600000
2020-09-24
20:03:53.386 T:1937461264   DEBUG: CMMALRenderer::RenderUpdate - MMAL: clear:0 flags:0 alpha:255 source:4 omvb:0x498df1c8 mmal:0x579a7a28 mflags:0 skipping
2020-09-24
20:03:53.390 T:1370170240   DEBUG: CMMALPool::Configure pool:0x547da3e0 1280x720 (1344x720) pix:-1 size:0 fmt:I42S
2020-09-24
20:03:53.391 T:1370170240   DEBUG: CAddonVideoCodec: GetPicture::VC_PICTURE with pts 8216541 1280x720 (1280x720) 1.777778 0x4ca0c000:1452864 offset:0,967680,968352, stride:1344,1344,1344
2020-09-24
20:03:53.403 T:1282691968   DEBUG: CMMALRenderer::Process - debug vsync:2768806 queue:1 fps:23.98/23.98/59.94 inc:0.400000 diff:-0.200000
2020-09-24
20:03:53.407 T:1937461264   DEBUG: CMMALRenderer::Update
2020-09-24
20:03:53.417 T:1927279488   DEBUG: CLibInputPointer::ProcessMotionAbsolute - event.type: 3, event.motion.x: 203, event.motion.y: 674
2020-09-24
20:03:53.417 T:1927279488   DEBUG: CLibInputPointer::ProcessMotionAbsolute - event.type: 3, event.motion.x: 201, event.motion.y: 679
2020-09-24
20:03:53.419 T:1282691968   DEBUG: CMMALRenderer::Process - debug vsync:2768807 queue:1 fps:23.98/23.98/59.94 inc:0.400000 diff:0.200000
2020-09-24
20:03:53.419 T:1282691968   DEBUG: CMMALRenderer::Process - omvb:0x498df1c8 mmal:0x579a7a28 vsync:2768807 queue:0 diff:-0.800000
2020-09-24
20:03:53.425 T:1937461264   DEBUG: CMMALRenderer::RenderUpdate - MMAL: clear:0 flags:0 alpha:255 source:4 omvb:0x498df1c8 mmal:0x579a7a28 mflags:0 skipping
2020-09-24
20:03:53.426 T:1937461264 WARNING: CGUIWindowManager - HandleAction - ignoring action 107, because topmost modal dialog closing animation is running
2020-09-24
20:03:53.426 T:1937461264 WARNING: Previous line repeats 1 times.
2020-09-24
20:03:53.426 T:1937461264   DEBUG: CMMALRenderer::RenderUpdate - MMAL: clear:0 flags:0 alpha:255 source:5 omvb:0x59c6ca20 mmal:0x579a7c00 mflags:0 len:1451520 data:0x1150 enc:I42S
2020-09-24
20:03:53.429 T:1927279488   DEBUG: CLibInputPointer::ProcessMotionAbsolute - event.type: 3, event.motion.x: 201, event.motion.y: 680
2020-09-24
20:03:53.435 T:1282691968   DEBUG: CMMALRenderer::Process - debug vsync:2768808 queue:1 fps:23.98/23.98/59.94 inc:0.400000 diff:-0.400000
2020-09-24
20:03:53.435 T:1937461264 WARNING: CGUIWindowManager - HandleAction - ignoring action 107, because topmost modal dialog closing animation is running
2020-09-24
20:03:53.436 T:1937461264   DEBUG: CMMALRenderer::RenderUpdate - MMAL: clear:0 flags:0 alpha:255 source:5 omvb:0x59c6ca20 mmal:0x579a7c00 mflags:0 skipping
2020-09-24
20:03:53.439 T:1927279488   DEBUG: CLibInputPointer::ProcessMotionAbsolute - event.type: 3, event.motion.x: 201, event.motion.y: 682
2020-09-24
20:03:53.452 T:1282691968   DEBUG: CMMALRenderer::Process - debug vsync:2768809 queue:1 fps:23.98/23.98/59.94 inc:0.400000 diff:0.000000
2020-09-24
20:03:53.452 T:1937461264 WARNING: CGUIWindowManager - HandleAction - ignoring action 107, because topmost modal dialog closing animation is running
2020-09-24
20:03:53.452 T:1282691968   DEBUG: CMMALRenderer::Process - omvb:0x59c6ca20 mmal:0x579a7c00 vsync:2768809 queue:0 diff:-1.000000
2020-09-24
20:03:53.452 T:1937461264   DEBUG: CMMALRenderer::RenderUpdate - MMAL: clear:0 flags:0 alpha:255 source:0 omvb:0x57930c48 mmal:0x579a7dd8 mflags:0 len:1451520 data:0x4ed enc:I42S
2020-09-24
20:03:53.456 T:1370170240   DEBUG: CMMALPool::Configure pool:0x547da3e0 1280x720 (1344x720) pix:-1 size:0 fmt:I42S
2020-09-24
20:03:53.456 T:1370170240   DEBUG: CAddonVideoCodec: GetPicture::VC_PICTURE with pts 8258249 1280x720 (1280x720) 1.777778 0x4c8a9000:1452864 offset:0,967680,968352, stride:1344,1344,1344
2020-09-24
20:03:53.462 T:1927279488   DEBUG: CLibInputPointer::ProcessMotionAbsolute - event.type: 3, event.motion.x: 200, event.motion.y: 683
2020-09-24
20:03:53.468 T:1282691968   DEBUG: CMMALRenderer::Process - debug vsync:2768810 queue:1 fps:23.98/23.98/59.94 inc:0.400000 diff:-0.600000
2020-09-24
20:03:53.469 T:1937461264 WARNING: CGUIWindowManager - HandleAction - ignoring action 107, because topmost modal dialog closing animation is running
2020-09-24
20:03:53.469 T:1937461264   DEBUG: CMMALRenderer::RenderUpdate - MMAL: clear:0 flags:0 alpha:255 source:0 omvb:0x57930c48 mmal:0x579a7dd8 mflags:0 skipping
2020-09-24
20:03:53.473 T:1927279488   DEBUG: CLibInputPointer::ProcessMotionAbsolute - event.type: 3, event.motion.x: 200, event.motion.y: 685
2020-09-24
20:03:53.485 T:1282691968   DEBUG: CMMALRenderer::Process - debug vsync:2768811 queue:1 fps:23.98/23.98/59.94 inc:0.400000 diff:-0.200000
2020-09-24
20:03:53.485 T:1937461264 WARNING: CGUIWindowManager - HandleAction - ignoring action 107, because topmost modal dialog closing animation is running
2020-09-24
20:03:53.485 T:1937461264   DEBUG: CMMALRenderer::RenderUpdate - MMAL: clear:0 flags:0 alpha:255 source:0 omvb:0x57930c48 mmal:0x579a7dd8 mflags:0 skipping
2020-09-24
20:03:53.489 T:1370170240   DEBUG: CMMALPool::Configure pool:0x547da3e0 1280x720 (1344x720) pix:-1 size:0 fmt:I42S
2020-09-24
20:03:53.489 T:1370170240   DEBUG: CAddonVideoCodec: GetPicture::VC_PICTURE with pts 8299958 1280x720 (1280x720) 1.777778 0x4b311000:1452864 offset:0,967680,968352, stride:1344,1344,1344
2020-09-24
20:03:53.502 T:1282691968   DEBUG: CMMALRenderer::Process - debug vsync:2768812 queue:1 fps:23.98/23.98/59.94 inc:0.400000 diff:0.200000
2020-09-24
20:03:53.502 T:1282691968   DEBUG: CMMALRenderer::Process - omvb:0x57930c48 mmal:0x579a7dd8 vsync:2768812 queue:0 diff:-0.800000
2020-09-24
20:03:53.502 T:1937461264   DEBUG: CMMALRenderer::RenderUpdate - MMAL: clear:0 flags:0 alpha:255 source:1 omvb:0x5478f478 mmal:0x579a7fb0 mflags:0 len:1451520 data:0x1019 enc:I42S
2020-09-24
20:03:53.518 T:1282691968   DEBUG: CMMALRenderer::Process - debug vsync:2768813 queue:1 fps:23.98/23.98/59.94 inc:0.400000 diff:-0.400000
2020-09-24
20:03:53.519 T:1937461264   DEBUG: CMMALRenderer::RenderUpdate - MMAL: clear:0 flags:0 alpha:255 source:1 omvb:0x5478f478 mmal:0x579a7fb0 mflags:0 skipping
2020-09-24
20:03:53.535 T:1282691968   DEBUG: CMMALRenderer::Process - debug vsync:2768814 queue:1 fps:23.98/23.98/59.94 inc:0.400000 diff:0.000000
2020-09-24
20:03:53.535 T:1282691968   DEBUG: CMMALRenderer::Process - omvb:0x5478f478 mmal:0x579a7fb0 vsync:2768814 queue:0 diff:-1.000000
2020-09-24
20:03:53.536 T:1927279488   DEBUG: CLibInputPointer::ProcessMotionAbsolute - event.type: 3, event.motion.x: 197, event.motion.y: 688
2020-09-24
20:03:53.538 T:1937461264   DEBUG: CMMALRenderer::Update
2020-09-24
20:03:53.539 T:1370170240   DEBUG: CMMALPool::Configure pool:0x547da3e0 1280x720 (1344x720) pix:-1 size:0 fmt:I42S
2020-09-24
20:03:53.539 T:1370170240   DEBUG: CAddonVideoCodec: GetPicture::VC_PICTURE with pts 8341666 1280x720 (1280x720) 1.777778 0x4c746000:1452864 offset:0,967680,968352, stride:1344,1344,1344
2020-09-24
20:03:53.544 T:1937461264   DEBUG: ------ Window Deinit (VideoOSD.xml) ------
2020-09-24
20:03:53.545 T:1937461264   DEBUG: ------ Window Deinit (DialogSeekBar.xml) ------
2020-09-24
20:03:53.545 T:1937461264   DEBUG: CMMALRenderer::RenderUpdate - MMAL: clear:0 flags:0 alpha:255 source:2 omvb:0x710bd050 mmal:0x579a8188 mflags:0 len:1451520 data:0x10e0 enc:I42S
2020-09-24
20:03:53.552 T:1927279488   DEBUG: CLibInputPointer::ProcessMotionAbsolute - event.type: 3, event.motion.x: 197, event.motion.y: 689
2020-09-24
20:03:53.552 T:1282691968   DEBUG: CMMALRenderer::Process - debug vsync:2768815 queue:1 fps:23.98/23.98/59.94 inc:0.400000 diff:-0.600000
2020-09-24
20:03:53.552 T:1937461264   DEBUG: ------ Window Init (VideoOSD.xml) ------
2020-09-24
20:03:53.555 T:1937461264   DEBUG: CMMALRenderer::RenderUpdate - MMAL: clear:0 flags:0 alpha:255 source:2 omvb:0x710bd050 mmal:0x579a8188 mflags:0 skipping
2020-09-24
20:03:53.569 T:1282691968   DEBUG: CMMALRenderer::Process - debug vsync:2768816 queue:1 fps:23.98/23.98/59.94 inc:0.400000 diff:-0.200000
2020-09-24
20:03:53.572 T:1937461264   DEBUG: CMMALRenderer::RenderUpdate - MMAL: clear:0 flags:0 alpha:255 source:2 omvb:0x710bd050 mmal:0x579a8188 mflags:0 skipping
2020-09-24
20:03:53.573 T:1370170240   DEBUG: CMMALPool::Configure pool:0x547da3e0 1280x720 (1344x720) pix:-1 size:0 fmt:I42S
2020-09-24
20:03:53.573 T:1370170240   DEBUG: CAddonVideoCodec: GetPicture::VC_PICTURE with pts 8383374 1280x720 (1280x720) 1.777778 0x4bde2000:1452864 offset:0,967680,968352, stride:1344,1344,1344
2020-09-24
20:03:53.585 T:1282691968   DEBUG: CMMALRenderer::Process - debug vsync:2768817 queue:1 fps:23.98/23.98/59.94 inc:0.400000 diff:0.200000
2020-09-24
20:03:53.586 T:1282691968   DEBUG: CMMALRenderer::Process - omvb:0x710bd050 mmal:0x579a8188 vsync:2768817 queue:0 diff:-0.800000
2020-09-24
20:03:53.586 T:1937461264   DEBUG: CMMALRenderer::RenderUpdate - MMAL: clear:0 flags:0 alpha:255 source:3 omvb:0x547793e0 mmal:0x579a8360 mflags:0 len:1451520 data:0x10d8 enc:I42S
2020-09-24
20:03:53.586 T:1927279488   DEBUG: CLibInputPointer::ProcessMotionAbsolute - event.type: 3, event.motion.x: 197, event.motion.y: 691
2020-09-24
20:03:53.597 T:1927279488   DEBUG: CLibInputPointer::ProcessMotionAbsolute - event.type: 3, event.motion.x: 197, event.motion.y: 694
2020-09-24
20:03:53.602 T:1282691968   DEBUG: CMMALRenderer::Process - debug vsync:2768818 queue:1 fps:23.98/23.98/59.94 inc:0.400000 diff:-0.400000
2020-09-24
20:03:53.602 T:1937461264   DEBUG: CMMALRenderer::RenderUpdate - MMAL: clear:0 flags:0 alpha:255 source:3 omvb:0x547793e0 mmal:0x579a8360 mflags:0 skipping
2020-09-24
20:03:53.612 T:1927279488   DEBUG: CLibInputPointer::ProcessMotionAbsolute - event.type: 3, event.motion.x: 197, event.motion.y: 695
2020-09-24
20:03:53.618 T:1282691968   DEBUG: CMMALRenderer::Process - debug vsync:2768819 queue:1 fps:23.98/23.98/59.94 inc:0.400000 diff:0.000000
2020-09-24
20:03:53.619 T:1282691968   DEBUG: CMMALRenderer::Process - omvb:0x547793e0 mmal:0x579a8360 vsync:2768819 queue:0 diff:-1.000000
2020-09-24
